interactions:
- request:
    body: null
    headers:
      Content-Type: [application/json]
    method: GET
    uri: https://api.fastly.com/service/search?name=Jimdo%20Fastly%20Ansible%20Module%20Test
  response:
    body: {string: !!python/unicode '{"name":"Jimdo Fastly Ansible Module Test","deleted_at":null,"versions":[{"testing":false,"locked":false,"number":1,"active":false,"service_id":"503d4v4xWXnU8JuSOnqbHw","staging":false,"created_at":"2017-07-26T12:12:06+00:00","deleted_at":null,"comment":"","updated_at":"2017-07-26T12:12:06+00:00","deployed":false},{"testing":false,"locked":false,"number":2,"active":false,"service_id":"503d4v4xWXnU8JuSOnqbHw","staging":false,"created_at":"2017-07-26T12:12:07+00:00","deleted_at":null,"comment":"","updated_at":"2017-07-26T12:12:09+00:00","deployed":false},{"testing":false,"number":3,"service_id":"503d4v4xWXnU8JuSOnqbHw","staging":false,"deployed":false,"locked":true,"active":true,"comment":""}],"created_at":"2017-07-26T12:12:06+00:00","customer_id":"31RPDMBpiruA1yfGA2djLm","comment":"","updated_at":"2017-07-26T12:12:06+00:00","id":"503d4v4xWXnU8JuSOnqbHw"}'}
    headers:
      accept-ranges: [bytes]
      age: ['0']
      cache-control: [no-cache]
      connection: [keep-alive]
      content-length: ['865']
      content-type: [application/json]
      date: ['Wed, 26 Jul 2017 12:14:13 GMT']
      status: [200 OK]
      vary: [Accept-Encoding]
      via: [1.1 varnish, 1.1 varnish]
      x-cache: ['MISS, MISS']
      x-cache-hits: ['0, 0']
      x-served-by: ['app-slwdc9051-SL, cache-fra1229-FRA']
      x-timer: ['S1501071254.806431,VS0,VE155']
    status: {code: 200, message: OK}
- request:
    body: null
    headers:
      Content-Type: [application/json]
    method: GET
    uri: https://api.fastly.com/service/503d4v4xWXnU8JuSOnqbHw/details
  response:
    body: {string: !!python/unicode '{"name":"Jimdo Fastly Ansible Module Test","deleted_at":null,"versions":[{"testing":false,"locked":false,"number":1,"active":false,"service_id":"503d4v4xWXnU8JuSOnqbHw","staging":false,"created_at":"2017-07-26T12:12:06+00:00","deleted_at":null,"comment":"","updated_at":"2017-07-26T12:12:06+00:00","deployed":false},{"testing":false,"locked":false,"number":2,"active":false,"service_id":"503d4v4xWXnU8JuSOnqbHw","staging":false,"created_at":"2017-07-26T12:12:07+00:00","deleted_at":null,"comment":"","updated_at":"2017-07-26T12:12:09+00:00","deployed":false},{"testing":false,"locked":true,"number":3,"active":true,"service_id":"503d4v4xWXnU8JuSOnqbHw","staging":false,"created_at":"2017-07-26T12:14:10+00:00","deleted_at":null,"comment":"","updated_at":"2017-07-26T12:14:12+00:00","deployed":false}],"created_at":"2017-07-26T12:12:06+00:00","customer_id":"31RPDMBpiruA1yfGA2djLm","comment":"","updated_at":"2017-07-26T12:12:06+00:00","id":"503d4v4xWXnU8JuSOnqbHw","version":{"testing":false,"number":3,"service_id":"503d4v4xWXnU8JuSOnqbHw","staging":false,"updated_at":"2017-07-26T12:14:12+00:00","deployed":false,"locked":true,"active":true,"deleted_at":null,"created_at":"2017-07-26T12:14:10+00:00","comment":"","acls":[],"backends":[{"max_tls_version":null,"ssl_ca_cert":null,"auto_loadbalance":false,"ssl_check_cert":true,"shield":null,"hostname":"my-backend.example.net","ssl_client_cert":null,"error_threshold":0,"request_condition":"","first_byte_timeout":15000,"ssl_cert_hostname":null,"weight":100,"client_cert":null,"address":"my-backend.example.net","ssl_hostname":"my-backend.example.net","ssl_sni_hostname":null,"min_tls_version":null,"ipv6":null,"ipv4":null,"connect_timeout":1000,"ssl_ciphers":null,"name":"my-backend.example.net","healthcheck":null,"port":443,"max_conn":200,"use_ssl":true,"comment":"","between_bytes_timeout":10000,"ssl_client_key":null}],"cache_settings":[],"conditions":[],"dictionaries":[],"directors":[],"domains":[{"comment":"","name":"cdn.example7000.com"}],"gzips":[],"headers":[],"healthchecks":[],"request_settings":[],"response_objects":[],"snippets":[],"vcls":[],"wordpress":[],"settings":{"general.default_ttl":3600,"general.default_host":"","general.default_pci":0}},"active_version":{"testing":false,"number":3,"service_id":"503d4v4xWXnU8JuSOnqbHw","staging":false,"updated_at":"2017-07-26T12:14:12+00:00","deployed":false,"locked":true,"active":true,"deleted_at":null,"created_at":"2017-07-26T12:14:10+00:00","comment":"","acls":[],"backends":[{"max_tls_version":null,"ssl_ca_cert":null,"auto_loadbalance":false,"ssl_check_cert":true,"shield":null,"hostname":"my-backend.example.net","ssl_client_cert":null,"error_threshold":0,"request_condition":"","first_byte_timeout":15000,"ssl_cert_hostname":null,"weight":100,"client_cert":null,"address":"my-backend.example.net","ssl_hostname":"my-backend.example.net","ssl_sni_hostname":null,"min_tls_version":null,"ipv6":null,"ipv4":null,"connect_timeout":1000,"ssl_ciphers":null,"name":"my-backend.example.net","healthcheck":null,"port":443,"max_conn":200,"use_ssl":true,"comment":"","between_bytes_timeout":10000,"ssl_client_key":null}],"cache_settings":[],"conditions":[],"dictionaries":[],"directors":[],"domains":[{"comment":"","name":"cdn.example7000.com"}],"gzips":[],"headers":[],"healthchecks":[],"request_settings":[],"response_objects":[],"snippets":[],"vcls":[],"wordpress":[],"settings":{"general.default_ttl":3600,"general.default_host":"","general.default_pci":0}}}'}
    headers:
      accept-ranges: [bytes]
      age: ['0']
      cache-control: [no-cache]
      connection: [keep-alive]
      content-length: ['3472']
      content-type: [application/json]
      date: ['Wed, 26 Jul 2017 12:14:14 GMT']
      status: [200 OK]
      vary: [Accept-Encoding]
      via: [1.1 varnish, 1.1 varnish]
      x-cache: ['MISS, MISS']
      x-cache-hits: ['0, 0']
      x-served-by: ['app-slwdc9051-SL, cache-fra1232-FRA']
      x-timer: ['S1501071254.033603,VS0,VE132']
    status: {code: 200, message: OK}
- request:
    body: null
    headers:
      Content-Type: [application/json]
    method: PUT
    uri: https://api.fastly.com/service/503d4v4xWXnU8JuSOnqbHw/version/3/deactivate
  response:
    body: {string: !!python/unicode '{"testing":false,"locked":true,"number":3,"active":false,"service_id":"503d4v4xWXnU8JuSOnqbHw","staging":false,"created_at":"2017-07-26T12:14:10+00:00","deleted_at":null,"comment":"","updated_at":"2017-07-26T12:14:12+00:00","deployed":false}'}
    headers:
      accept-ranges: [bytes]
      cache-control: [no-cache]
      connection: [keep-alive]
      content-length: ['241']
      content-type: [application/json]
      date: ['Wed, 26 Jul 2017 12:14:14 GMT']
      fastly-ratelimit-remaining: ['897']
      fastly-ratelimit-reset: ['1501074000']
      status: [200 OK]
      vary: [Accept-Encoding]
      via: [1.1 varnish, 1.1 varnish]
      x-cache: ['MISS, MISS']
      x-cache-hits: ['0, 0']
      x-served-by: ['app-slwdc9051-SL, cache-fra1230-FRA']
      x-timer: ['S1501071254.244141,VS0,VE529']
    status: {code: 200, message: OK}
- request:
    body: null
    headers:
      Content-Type: [application/json]
    method: DELETE
    uri: https://api.fastly.com/service/503d4v4xWXnU8JuSOnqbHw
  response:
    body: {string: !!python/unicode '{"status":"ok"}'}
    headers:
      accept-ranges: [bytes]
      cache-control: [no-cache]
      connection: [keep-alive]
      content-length: ['15']
      content-type: [application/json]
      date: ['Wed, 26 Jul 2017 12:14:15 GMT']
      fastly-ratelimit-remaining: ['896']
      fastly-ratelimit-reset: ['1501074000']
      status: [200 OK]
      vary: [Accept-Encoding]
      via: [1.1 varnish, 1.1 varnish]
      x-cache: ['MISS, MISS']
      x-cache-hits: ['0, 0']
      x-served-by: ['app-slwdc9051-SL, cache-fra1228-FRA']
      x-timer: ['S1501071255.901519,VS0,VE497']
    status: {code: 200, message: OK}
version: 1
