interactions:
- request:
    body: null
    headers:
      Content-Type: [application/json]
    method: GET
    uri: https://api.fastly.com/service/search?name=Jimdo%20Fastly%20Ansible%20Module%20Test
  response:
    body: {string: !!python/unicode '{"name":"Jimdo Fastly Ansible Module Test","deleted_at":null,"versions":[{"testing":false,"locked":false,"number":1,"active":false,"service_id":"5EM5Gtj0aWVLOVk3xshHJM","staging":false,"created_at":"2017-10-10T10:35:01Z","deleted_at":null,"comment":"","updated_at":"2017-10-10T10:35:01Z","deployed":false},{"testing":false,"number":2,"service_id":"5EM5Gtj0aWVLOVk3xshHJM","staging":false,"deployed":false,"locked":true,"active":true,"comment":""}],"created_at":"2017-10-10T10:35:01Z","customer_id":"1z3ENiEMpKOrsGqTBLhkF2","comment":"","updated_at":"2017-10-10T10:35:01Z","id":"5EM5Gtj0aWVLOVk3xshHJM"}'}
    headers:
      accept-ranges: [bytes]
      cache-control: [no-cache]
      connection: [keep-alive]
      content-length: ['602']
      content-type: [application/json]
      date: ['Tue, 10 Oct 2017 10:35:11 GMT']
      status: [200 OK]
      vary: [Accept-Encoding]
      via: [1.1 varnish, 1.1 varnish]
      x-cache: ['MISS, MISS']
      x-cache-hits: ['0, 0']
      x-served-by: ['app-slwdc9051-SL, cache-ams4136-AMS']
      x-timer: ['S1507631711.847150,VS0,VE458']
    status: {code: 200, message: OK}
- request:
    body: null
    headers:
      Content-Type: [application/json]
    method: GET
    uri: https://api.fastly.com/service/5EM5Gtj0aWVLOVk3xshHJM/details
  response:
    body: {string: !!python/unicode '{"name":"Jimdo Fastly Ansible Module Test","deleted_at":null,"versions":[{"testing":false,"locked":false,"number":1,"active":false,"service_id":"5EM5Gtj0aWVLOVk3xshHJM","staging":false,"created_at":"2017-10-10T10:35:01Z","deleted_at":null,"comment":"","updated_at":"2017-10-10T10:35:01Z","deployed":false},{"testing":false,"locked":true,"number":2,"active":true,"service_id":"5EM5Gtj0aWVLOVk3xshHJM","staging":false,"created_at":"2017-10-10T10:35:02Z","deleted_at":null,"comment":"","updated_at":"2017-10-10T10:35:10Z","deployed":false}],"created_at":"2017-10-10T10:35:01Z","customer_id":"1z3ENiEMpKOrsGqTBLhkF2","comment":"","updated_at":"2017-10-10T10:35:01Z","id":"5EM5Gtj0aWVLOVk3xshHJM","version":{"testing":false,"number":2,"service_id":"5EM5Gtj0aWVLOVk3xshHJM","staging":false,"updated_at":"2017-10-10T10:35:10Z","deployed":false,"locked":true,"active":true,"deleted_at":null,"created_at":"2017-10-10T10:35:02Z","comment":"","acls":[],"backends":[{"max_tls_version":null,"ssl_ca_cert":null,"auto_loadbalance":false,"ssl_check_cert":true,"shield":null,"hostname":null,"ssl_client_cert":null,"error_threshold":0,"request_condition":"","first_byte_timeout":15000,"ssl_cert_hostname":null,"weight":100,"client_cert":null,"address":"127.0.0.1","ssl_hostname":null,"ssl_sni_hostname":null,"min_tls_version":null,"ipv6":null,"ipv4":"127.0.0.1","connect_timeout":1000,"ssl_ciphers":null,"name":"localhost","healthcheck":null,"port":80,"max_conn":200,"use_ssl":false,"comment":"","between_bytes_timeout":10000,"ssl_client_key":null}],"cache_settings":[],"conditions":[],"dictionaries":[],"directors":[],"domains":[{"comment":"","name":"cdn.example8000.com"}],"gzips":[],"headers":[{"priority":"10","src":"\"https://u.jimcdn.com\"
        req.url.path","name":"Set Location header","substitution":"","ignore_if_set":"0","cache_condition":null,"request_condition":null,"regex":"","response_condition":null,"action":"set","type":"response","dst":"http.Location"}],"healthchecks":[],"request_settings":[],"response_objects":[{"request_condition":"","content_type":"","status":"302","response":"Ok","name":"Set
        302 status code","content":"","cache_condition":""}],"snippets":[],"vcls":[],"wordpress":[],"settings":{"general.default_ttl":3600,"general.default_host":"","general.default_pci":0}},"active_version":{"testing":false,"number":2,"service_id":"5EM5Gtj0aWVLOVk3xshHJM","staging":false,"updated_at":"2017-10-10T10:35:10Z","deployed":false,"locked":true,"active":true,"deleted_at":null,"created_at":"2017-10-10T10:35:02Z","comment":"","acls":[],"backends":[{"max_tls_version":null,"ssl_ca_cert":null,"auto_loadbalance":false,"ssl_check_cert":true,"shield":null,"hostname":null,"ssl_client_cert":null,"error_threshold":0,"request_condition":"","first_byte_timeout":15000,"ssl_cert_hostname":null,"weight":100,"client_cert":null,"address":"127.0.0.1","ssl_hostname":null,"ssl_sni_hostname":null,"min_tls_version":null,"ipv6":null,"ipv4":"127.0.0.1","connect_timeout":1000,"ssl_ciphers":null,"name":"localhost","healthcheck":null,"port":80,"max_conn":200,"use_ssl":false,"comment":"","between_bytes_timeout":10000,"ssl_client_key":null}],"cache_settings":[],"conditions":[],"dictionaries":[],"directors":[],"domains":[{"comment":"","name":"cdn.example8000.com"}],"gzips":[],"headers":[{"priority":"10","src":"\"https://u.jimcdn.com\"
        req.url.path","name":"Set Location header","substitution":"","ignore_if_set":"0","cache_condition":null,"request_condition":null,"regex":"","response_condition":null,"action":"set","type":"response","dst":"http.Location"}],"healthchecks":[],"request_settings":[],"response_objects":[{"request_condition":"","content_type":"","status":"302","response":"Ok","name":"Set
        302 status code","content":"","cache_condition":""}],"snippets":[],"vcls":[],"wordpress":[],"settings":{"general.default_ttl":3600,"general.default_host":"","general.default_pci":0}}}'}
    headers:
      accept-ranges: [bytes]
      age: ['0']
      cache-control: [no-cache]
      connection: [keep-alive]
      content-length: ['3873']
      content-type: [application/json]
      date: ['Tue, 10 Oct 2017 10:35:11 GMT']
      status: [200 OK]
      vary: [Accept-Encoding]
      via: [1.1 varnish, 1.1 varnish]
      x-cache: ['MISS, MISS']
      x-cache-hits: ['0, 0']
      x-served-by: ['app-slwdc9051-SL, cache-ams4434-AMS']
      x-timer: ['S1507631711.471447,VS0,VE112']
    status: {code: 200, message: OK}
- request:
    body: null
    headers:
      Content-Type: [application/json]
    method: POST
    uri: https://api.fastly.com/service/5EM5Gtj0aWVLOVk3xshHJM/version
  response:
    body: {string: !!python/unicode '{"service_id":"5EM5Gtj0aWVLOVk3xshHJM","number":3}'}
    headers:
      accept-ranges: [bytes]
      cache-control: [no-cache]
      connection: [keep-alive]
      content-length: ['50']
      content-type: [application/json]
      date: ['Tue, 10 Oct 2017 10:35:11 GMT']
      fastly-ratelimit-remaining: ['869']
      fastly-ratelimit-reset: ['1507633200']
      status: [200 OK]
      vary: [Accept-Encoding]
      via: [1.1 varnish, 1.1 varnish]
      x-cache: ['MISS, MISS']
      x-cache-hits: ['0, 0']
      x-served-by: ['app-slwdc9051-SL, cache-ams4136-AMS']
      x-timer: ['S1507631712.722541,VS0,VE148']
    status: {code: 200, message: OK}
- request:
    body: !!python/unicode '{"comment": "", "name": "cdn.example8000.com"}'
    headers:
      Content-Type: [application/json]
    method: POST
    uri: https://api.fastly.com/service/5EM5Gtj0aWVLOVk3xshHJM/version/3/domain
  response:
    body: {string: !!python/unicode '{"comment":"","name":"cdn.example8000.com","service_id":"5EM5Gtj0aWVLOVk3xshHJM","version":3,"deleted_at":null,"created_at":"2017-10-10T10:35:12Z","updated_at":"2017-10-10T10:35:12Z"}'}
    headers:
      accept-ranges: [bytes]
      cache-control: [no-cache]
      connection: [keep-alive]
      content-length: ['183']
      content-type: [application/json]
      date: ['Tue, 10 Oct 2017 10:35:12 GMT']
      fastly-ratelimit-remaining: ['868']
      fastly-ratelimit-reset: ['1507633200']
      status: [200 OK]
      vary: [Accept-Encoding]
      via: [1.1 varnish, 1.1 varnish]
      x-cache: ['MISS, MISS']
      x-cache-hits: ['0, 0']
      x-served-by: ['app-slwdc9051-SL, cache-ams4145-AMS']
      x-timer: ['S1507631712.007058,VS0,VE530']
    status: {code: 200, message: OK}
- request:
    body: !!python/unicode '{"ssl_ca_cert": null, "request_condition": "", "name":
      "my-backend1.example.net", "weight": 50, "healthcheck": null, "first_byte_timeout":
      15000, "connect_timeout": 1000, "error_threshold": 0, "ssl_cert_hostname": null,
      "address": "my-backend1.example.net", "between_bytes_timeout": 10000, "max_conn":
      200, "port": 80, "ssl_hostname": null, "shield": null}'
    headers:
      Content-Type: [application/json]
    method: POST
    uri: https://api.fastly.com/service/5EM5Gtj0aWVLOVk3xshHJM/version/3/backend
  response:
    body: {string: !!python/unicode '{"ssl_ca_cert":null,"request_condition":"","name":"my-backend1.example.net","weight":50,"healthcheck":null,"first_byte_timeout":15000,"connect_timeout":1000,"error_threshold":0,"ssl_cert_hostname":null,"address":"my-backend1.example.net","between_bytes_timeout":10000,"max_conn":200,"port":80,"ssl_hostname":null,"shield":null,"service_id":"5EM5Gtj0aWVLOVk3xshHJM","version":3,"max_tls_version":null,"ssl_client_cert":null,"hostname":"my-backend1.example.net","client_cert":null,"updated_at":"2017-10-10T10:35:13Z","ipv4":null,"ssl_ciphers":null,"ssl_client_key":null,"auto_loadbalance":false,"ssl_check_cert":true,"ssl_sni_hostname":null,"min_tls_version":null,"ipv6":null,"deleted_at":null,"use_ssl":false,"created_at":"2017-10-10T10:35:13Z","comment":""}'}
    headers:
      accept-ranges: [bytes]
      cache-control: [no-cache]
      connection: [keep-alive]
      content-length: ['757']
      content-type: [application/json]
      date: ['Tue, 10 Oct 2017 10:35:13 GMT']
      fastly-ratelimit-remaining: ['867']
      fastly-ratelimit-reset: ['1507633200']
      status: [200 OK]
      vary: [Accept-Encoding]
      via: [1.1 varnish, 1.1 varnish]
      x-cache: ['MISS, MISS']
      x-cache-hits: ['0, 0']
      x-served-by: ['app-slwdc9051-SL, cache-ams4445-AMS']
      x-timer: ['S1507631713.678652,VS0,VE530']
    status: {code: 200, message: OK}
- request:
    body: !!python/unicode '{"ssl_ca_cert": null, "request_condition": "", "name":
      "my-backend2.example.net", "weight": 50, "healthcheck": null, "first_byte_timeout":
      15000, "connect_timeout": 1000, "error_threshold": 0, "ssl_cert_hostname": null,
      "address": "my-backend2.example.net", "between_bytes_timeout": 10000, "max_conn":
      200, "port": 80, "ssl_hostname": null, "shield": null}'
    headers:
      Content-Type: [application/json]
    method: POST
    uri: https://api.fastly.com/service/5EM5Gtj0aWVLOVk3xshHJM/version/3/backend
  response:
    body: {string: !!python/unicode '{"ssl_ca_cert":null,"request_condition":"","name":"my-backend2.example.net","weight":50,"healthcheck":null,"first_byte_timeout":15000,"connect_timeout":1000,"error_threshold":0,"ssl_cert_hostname":null,"address":"my-backend2.example.net","between_bytes_timeout":10000,"max_conn":200,"port":80,"ssl_hostname":null,"shield":null,"service_id":"5EM5Gtj0aWVLOVk3xshHJM","version":3,"max_tls_version":null,"ssl_client_cert":null,"hostname":"my-backend2.example.net","client_cert":null,"updated_at":"2017-10-10T10:35:13Z","ipv4":null,"ssl_ciphers":null,"ssl_client_key":null,"auto_loadbalance":false,"ssl_check_cert":true,"ssl_sni_hostname":null,"min_tls_version":null,"ipv6":null,"deleted_at":null,"use_ssl":false,"created_at":"2017-10-10T10:35:13Z","comment":""}'}
    headers:
      accept-ranges: [bytes]
      cache-control: [no-cache]
      connection: [keep-alive]
      content-length: ['757']
      content-type: [application/json]
      date: ['Tue, 10 Oct 2017 10:35:13 GMT']
      fastly-ratelimit-remaining: ['866']
      fastly-ratelimit-reset: ['1507633200']
      status: [200 OK]
      vary: [Accept-Encoding]
      via: [1.1 varnish, 1.1 varnish]
      x-cache: ['MISS, MISS']
      x-cache-hits: ['0, 0']
      x-served-by: ['app-slwdc9051-SL, cache-ams4121-AMS']
      x-timer: ['S1507631713.354614,VS0,VE507']
    status: {code: 200, message: OK}
- request:
    body: !!python/unicode '{"general.default_ttl": 3600}'
    headers:
      Content-Type: [application/json]
    method: PUT
    uri: https://api.fastly.com/service/5EM5Gtj0aWVLOVk3xshHJM/version/3/settings
  response:
    body: {string: !!python/unicode '{"general.default_ttl":3600,"version":3,"general.default_host":"","general.default_pci":0,"service_id":"5EM5Gtj0aWVLOVk3xshHJM"}'}
    headers:
      accept-ranges: [bytes]
      cache-control: [no-cache]
      connection: [keep-alive]
      content-length: ['128']
      content-type: [application/json]
      date: ['Tue, 10 Oct 2017 10:35:14 GMT']
      fastly-ratelimit-remaining: ['865']
      fastly-ratelimit-reset: ['1507633200']
      status: [200 OK]
      vary: [Accept-Encoding]
      via: [1.1 varnish, 1.1 varnish]
      x-cache: ['MISS, MISS']
      x-cache-hits: ['0, 0']
      x-served-by: ['app-slwdc9051-SL, cache-ams4121-AMS']
      x-timer: ['S1507631714.038281,VS0,VE160']
    status: {code: 200, message: OK}
- request:
    body: null
    headers:
      Content-Type: [application/json]
    method: PUT
    uri: https://api.fastly.com/service/5EM5Gtj0aWVLOVk3xshHJM/version/3/activate
  response:
    body: {string: !!python/unicode '{"testing":false,"locked":true,"number":3,"active":true,"service_id":"5EM5Gtj0aWVLOVk3xshHJM","staging":false,"created_at":"2017-10-10T10:35:11Z","deleted_at":null,"comment":"","updated_at":"2017-10-10T10:35:13Z","deployed":false,"msg":"Warning:
        Backend host `\"my-backend1.example.net\"` could not be resolved to an IP
        address: Name or service not known\nWarning: Backend host `\"my-backend2.example.net\"`
        could not be resolved to an IP address: Name or service not known\nWarning:
        Unused backend `F_my_backend2_example_net`"}'}
    headers:
      accept-ranges: [bytes]
      cache-control: [no-cache]
      connection: [keep-alive]
      content-length: ['528']
      content-type: [application/json]
      date: ['Tue, 10 Oct 2017 10:35:15 GMT']
      fastly-ratelimit-remaining: ['864']
      fastly-ratelimit-reset: ['1507633200']
      status: [200 OK]
      vary: [Accept-Encoding]
      via: [1.1 varnish, 1.1 varnish]
      x-cache: ['MISS, MISS']
      x-cache-hits: ['0, 0']
      x-served-by: ['app-slwdc9051-SL, cache-ams4428-AMS']
      x-timer: ['S1507631714.343348,VS0,VE1239']
    status: {code: 200, message: OK}
- request:
    body: null
    headers:
      Content-Type: [application/json]
    method: GET
    uri: https://api.fastly.com/service/5EM5Gtj0aWVLOVk3xshHJM/details
  response:
    body: {string: !!python/unicode '{"name":"Jimdo Fastly Ansible Module Test","deleted_at":null,"versions":[{"testing":false,"locked":false,"number":1,"active":false,"service_id":"5EM5Gtj0aWVLOVk3xshHJM","staging":false,"created_at":"2017-10-10T10:35:01Z","deleted_at":null,"comment":"","updated_at":"2017-10-10T10:35:01Z","deployed":false},{"testing":false,"locked":true,"number":2,"active":false,"service_id":"5EM5Gtj0aWVLOVk3xshHJM","staging":false,"created_at":"2017-10-10T10:35:02Z","deleted_at":null,"comment":"","updated_at":"2017-10-10T10:35:15Z","deployed":false},{"testing":false,"locked":true,"number":3,"active":true,"service_id":"5EM5Gtj0aWVLOVk3xshHJM","staging":false,"created_at":"2017-10-10T10:35:11Z","deleted_at":null,"comment":"","updated_at":"2017-10-10T10:35:15Z","deployed":false}],"created_at":"2017-10-10T10:35:01Z","customer_id":"1z3ENiEMpKOrsGqTBLhkF2","comment":"","updated_at":"2017-10-10T10:35:01Z","id":"5EM5Gtj0aWVLOVk3xshHJM","version":{"testing":false,"number":3,"service_id":"5EM5Gtj0aWVLOVk3xshHJM","staging":false,"updated_at":"2017-10-10T10:35:15Z","deployed":false,"locked":true,"active":true,"deleted_at":null,"created_at":"2017-10-10T10:35:11Z","comment":"","acls":[],"backends":[{"max_tls_version":null,"ssl_ca_cert":null,"auto_loadbalance":false,"ssl_check_cert":true,"shield":null,"hostname":"my-backend1.example.net","ssl_client_cert":null,"error_threshold":0,"request_condition":"","first_byte_timeout":15000,"ssl_cert_hostname":null,"weight":50,"client_cert":null,"address":"my-backend1.example.net","ssl_hostname":null,"ssl_sni_hostname":null,"min_tls_version":null,"ipv6":null,"ipv4":null,"connect_timeout":1000,"ssl_ciphers":null,"name":"my-backend1.example.net","healthcheck":null,"port":80,"max_conn":200,"use_ssl":false,"comment":"","between_bytes_timeout":10000,"ssl_client_key":null},{"max_tls_version":null,"ssl_ca_cert":null,"auto_loadbalance":false,"ssl_check_cert":true,"shield":null,"hostname":"my-backend2.example.net","ssl_client_cert":null,"error_threshold":0,"request_condition":"","first_byte_timeout":15000,"ssl_cert_hostname":null,"weight":50,"client_cert":null,"address":"my-backend2.example.net","ssl_hostname":null,"ssl_sni_hostname":null,"min_tls_version":null,"ipv6":null,"ipv4":null,"connect_timeout":1000,"ssl_ciphers":null,"name":"my-backend2.example.net","healthcheck":null,"port":80,"max_conn":200,"use_ssl":false,"comment":"","between_bytes_timeout":10000,"ssl_client_key":null}],"cache_settings":[],"conditions":[],"dictionaries":[],"directors":[],"domains":[{"comment":"","name":"cdn.example8000.com"}],"gzips":[],"headers":[],"healthchecks":[],"request_settings":[],"response_objects":[],"snippets":[],"vcls":[],"wordpress":[],"settings":{"general.default_ttl":3600,"general.default_host":"","general.default_pci":0}},"active_version":{"testing":false,"number":3,"service_id":"5EM5Gtj0aWVLOVk3xshHJM","staging":false,"updated_at":"2017-10-10T10:35:15Z","deployed":false,"locked":true,"active":true,"deleted_at":null,"created_at":"2017-10-10T10:35:11Z","comment":"","acls":[],"backends":[{"max_tls_version":null,"ssl_ca_cert":null,"auto_loadbalance":false,"ssl_check_cert":true,"shield":null,"hostname":"my-backend1.example.net","ssl_client_cert":null,"error_threshold":0,"request_condition":"","first_byte_timeout":15000,"ssl_cert_hostname":null,"weight":50,"client_cert":null,"address":"my-backend1.example.net","ssl_hostname":null,"ssl_sni_hostname":null,"min_tls_version":null,"ipv6":null,"ipv4":null,"connect_timeout":1000,"ssl_ciphers":null,"name":"my-backend1.example.net","healthcheck":null,"port":80,"max_conn":200,"use_ssl":false,"comment":"","between_bytes_timeout":10000,"ssl_client_key":null},{"max_tls_version":null,"ssl_ca_cert":null,"auto_loadbalance":false,"ssl_check_cert":true,"shield":null,"hostname":"my-backend2.example.net","ssl_client_cert":null,"error_threshold":0,"request_condition":"","first_byte_timeout":15000,"ssl_cert_hostname":null,"weight":50,"client_cert":null,"address":"my-backend2.example.net","ssl_hostname":null,"ssl_sni_hostname":null,"min_tls_version":null,"ipv6":null,"ipv4":null,"connect_timeout":1000,"ssl_ciphers":null,"name":"my-backend2.example.net","healthcheck":null,"port":80,"max_conn":200,"use_ssl":false,"comment":"","between_bytes_timeout":10000,"ssl_client_key":null}],"cache_settings":[],"conditions":[],"dictionaries":[],"directors":[],"domains":[{"comment":"","name":"cdn.example8000.com"}],"gzips":[],"headers":[],"healthchecks":[],"request_settings":[],"response_objects":[],"snippets":[],"vcls":[],"wordpress":[],"settings":{"general.default_ttl":3600,"general.default_host":"","general.default_pci":0}}}'}
    headers:
      accept-ranges: [bytes]
      age: ['0']
      cache-control: [no-cache]
      connection: [keep-alive]
      content-length: ['4611']
      content-type: [application/json]
      date: ['Tue, 10 Oct 2017 10:35:15 GMT']
      status: [200 OK]
      vary: [Accept-Encoding]
      via: [1.1 varnish, 1.1 varnish]
      x-cache: ['MISS, MISS']
      x-cache-hits: ['0, 0']
      x-served-by: ['app-slwdc9051-SL, cache-ams4142-AMS']
      x-timer: ['S1507631716.710819,VS0,VE193']
    status: {code: 200, message: OK}
version: 1
