interactions:
- request:
    body: null
    headers:
      Content-Type:
      - application/json
    method: GET
    uri: https://api.fastly.com/service/search?name=Jimdo%20Fastly%20Ansible%20Module%20Test
  response:
    body:
      string: !!python/unicode '{"name":"Jimdo Fastly Ansible Module Test","deleted_at":null,"versions":[{"testing":false,"locked":false,"number":1,"active":false,"service_id":"7hessp2jFvpG3vKHOQ1tTj","staging":false,"created_at":"2019-04-24T14:09:39Z","deleted_at":null,"comment":"","updated_at":"2019-04-24T14:09:39Z","deployed":false},{"testing":false,"locked":true,"number":2,"active":false,"service_id":"7hessp2jFvpG3vKHOQ1tTj","staging":false,"created_at":"2019-04-24T14:09:40Z","deleted_at":null,"comment":"","updated_at":"2019-04-24T14:10:13Z","deployed":false},{"testing":false,"locked":true,"number":3,"active":false,"service_id":"7hessp2jFvpG3vKHOQ1tTj","staging":false,"created_at":"2019-04-24T14:09:57Z","deleted_at":null,"comment":"","updated_at":"2019-04-24T14:10:31Z","deployed":false},{"testing":false,"locked":true,"number":4,"active":false,"service_id":"7hessp2jFvpG3vKHOQ1tTj","staging":false,"created_at":"2019-04-24T14:10:16Z","deleted_at":null,"comment":"","updated_at":"2019-04-24T14:10:53Z","deployed":false},{"testing":false,"locked":true,"number":5,"active":false,"service_id":"7hessp2jFvpG3vKHOQ1tTj","staging":false,"created_at":"2019-04-24T14:10:34Z","deleted_at":null,"comment":"","updated_at":"2019-04-24T14:11:15Z","deployed":false},{"testing":false,"locked":true,"number":6,"active":false,"service_id":"7hessp2jFvpG3vKHOQ1tTj","staging":false,"created_at":"2019-04-24T14:10:59Z","deleted_at":null,"comment":"","updated_at":"2019-04-24T14:11:35Z","deployed":false},{"testing":false,"staging":false,"updated_at":"2019-04-24T14:11:35Z","active":true,"number":7,"service_id":"7hessp2jFvpG3vKHOQ1tTj","deployed":false,"locked":true,"deleted_at":null,"created_at":"2019-04-24T14:11:18Z","comment":""}],"created_at":"2019-04-24T14:09:39Z","customer_id":"4NTmXUwFuuC5U0iJUrdEHr","comment":"","updated_at":"2019-04-24T14:09:39Z","id":"7hessp2jFvpG3vKHOQ1tTj"}'
    headers:
      accept-ranges:
      - bytes
      - bytes
      - bytes
      age:
      - '0'
      - '0'
      cache-control:
      - no-cache
      connection:
      - keep-alive
      content-length:
      - '1852'
      content-type:
      - application/json
      date:
      - Wed, 24 Apr 2019 14:11:37 GMT
      status:
      - 200 OK
      strict-transport-security:
      - max-age=31536000
      vary:
      - Accept-Encoding
      via:
      - 1.1 varnish
      - 1.1 varnish
      x-cache:
      - MISS, MISS
      x-cache-hits:
      - 0, 0
      x-served-by:
      - cache-control-slwdc9035-CONTROL-SLWDC, cache-fra19177-FRA
      x-timer:
      - S1556115097.543421,VS0,VE591
    status:
      code: 200
      message: OK
- request:
    body: null
    headers:
      Content-Type:
      - application/json
    method: GET
    uri: https://api.fastly.com/service/7hessp2jFvpG3vKHOQ1tTj/details
  response:
    body:
      string: !!python/unicode '{"updated_at":"2019-04-24T14:09:39Z","name":"Jimdo
        Fastly Ansible Module Test","id":"7hessp2jFvpG3vKHOQ1tTj","created_at":"2019-04-24T14:09:39Z","deleted_at":null,"comment":"","customer_id":"4NTmXUwFuuC5U0iJUrdEHr","versions":[{"testing":false,"locked":false,"number":1,"active":false,"service_id":"7hessp2jFvpG3vKHOQ1tTj","staging":false,"created_at":"2019-04-24T14:09:39Z","deleted_at":null,"comment":"","updated_at":"2019-04-24T14:09:39Z","deployed":false},{"testing":false,"locked":true,"number":2,"active":false,"service_id":"7hessp2jFvpG3vKHOQ1tTj","staging":false,"created_at":"2019-04-24T14:09:40Z","deleted_at":null,"comment":"","updated_at":"2019-04-24T14:10:13Z","deployed":false},{"testing":false,"locked":true,"number":3,"active":false,"service_id":"7hessp2jFvpG3vKHOQ1tTj","staging":false,"created_at":"2019-04-24T14:09:57Z","deleted_at":null,"comment":"","updated_at":"2019-04-24T14:10:31Z","deployed":false},{"testing":false,"locked":true,"number":4,"active":false,"service_id":"7hessp2jFvpG3vKHOQ1tTj","staging":false,"created_at":"2019-04-24T14:10:16Z","deleted_at":null,"comment":"","updated_at":"2019-04-24T14:10:53Z","deployed":false},{"testing":false,"locked":true,"number":5,"active":false,"service_id":"7hessp2jFvpG3vKHOQ1tTj","staging":false,"created_at":"2019-04-24T14:10:34Z","deleted_at":null,"comment":"","updated_at":"2019-04-24T14:11:15Z","deployed":false},{"testing":false,"locked":true,"number":6,"active":false,"service_id":"7hessp2jFvpG3vKHOQ1tTj","staging":false,"created_at":"2019-04-24T14:10:59Z","deleted_at":null,"comment":"","updated_at":"2019-04-24T14:11:35Z","deployed":false},{"testing":false,"locked":true,"number":7,"active":true,"service_id":"7hessp2jFvpG3vKHOQ1tTj","staging":false,"created_at":"2019-04-24T14:11:18Z","deleted_at":null,"comment":"","updated_at":"2019-04-24T14:11:35Z","deployed":false}],"version":{"active":true,"locked":true,"deployed":false,"number":7,"updated_at":"2019-04-24T14:11:35Z","testing":false,"deleted_at":null,"created_at":"2019-04-24T14:11:18Z","service_id":"7hessp2jFvpG3vKHOQ1tTj","staging":false,"comment":"","acls":[],"backends":[{"address":"127.0.0.1","ssl_ca_cert":null,"ssl_cert_hostname":null,"override_host":null,"ssl_check_cert":true,"request_condition":"","port":80,"error_threshold":0,"ipv4":"127.0.0.1","comment":"","first_byte_timeout":15000,"shield":null,"auto_loadbalance":false,"healthcheck":null,"ssl_sni_hostname":null,"hostname":null,"ssl_client_key":null,"max_conn":200,"use_ssl":false,"name":"localhost","ipv6":null,"ssl_ciphers":null,"ssl_client_cert":null,"client_cert":null,"between_bytes_timeout":10000,"ssl_hostname":null,"max_tls_version":null,"min_tls_version":null,"weight":100,"connect_timeout":1000}],"cache_settings":[],"conditions":[],"dictionaries":[],"directors":[],"domains":[{"name":"cdn.example8000.com","comment":"test1"}],"gzips":[],"headers":[{"priority":"10","src":"\"https://u.jimcdn.com\"
        req.url.path","ignore_if_set":"0","cache_condition":null,"action":"set","regex":"","response_condition":null,"name":"Set
        Location header","dst":"http.Location","substitution":"","request_condition":null,"type":"response"}],"healthchecks":[],"request_settings":[],"response_objects":[{"name":"Set
        301 status code","status":"301","request_condition":"","content":"","content_type":"","cache_condition":"","response":"Ok"}],"snippets":[],"vcls":[],"wordpress":[],"settings":{"general.stale_if_error_ttl":43200,"general.stale_if_error":false,"general.default_pci":0,"general.default_ttl":3600,"general.default_host":""}},"active_version":{"active":true,"locked":true,"deployed":false,"number":7,"updated_at":"2019-04-24T14:11:35Z","testing":false,"deleted_at":null,"created_at":"2019-04-24T14:11:18Z","service_id":"7hessp2jFvpG3vKHOQ1tTj","staging":false,"comment":"","acls":[],"backends":[{"address":"127.0.0.1","ssl_ca_cert":null,"ssl_cert_hostname":null,"override_host":null,"ssl_check_cert":true,"request_condition":"","port":80,"error_threshold":0,"ipv4":"127.0.0.1","comment":"","first_byte_timeout":15000,"shield":null,"auto_loadbalance":false,"healthcheck":null,"ssl_sni_hostname":null,"hostname":null,"ssl_client_key":null,"max_conn":200,"use_ssl":false,"name":"localhost","ipv6":null,"ssl_ciphers":null,"ssl_client_cert":null,"client_cert":null,"between_bytes_timeout":10000,"ssl_hostname":null,"max_tls_version":null,"min_tls_version":null,"weight":100,"connect_timeout":1000}],"cache_settings":[],"conditions":[],"dictionaries":[],"directors":[],"domains":[{"name":"cdn.example8000.com","comment":"test1"}],"gzips":[],"headers":[{"priority":"10","src":"\"https://u.jimcdn.com\"
        req.url.path","ignore_if_set":"0","cache_condition":null,"action":"set","regex":"","response_condition":null,"name":"Set
        Location header","dst":"http.Location","substitution":"","request_condition":null,"type":"response"}],"healthchecks":[],"request_settings":[],"response_objects":[{"name":"Set
        301 status code","status":"301","request_condition":"","content":"","content_type":"","cache_condition":"","response":"Ok"}],"snippets":[],"vcls":[],"wordpress":[],"settings":{"general.stale_if_error_ttl":43200,"general.stale_if_error":false,"general.default_pci":0,"general.default_ttl":3600,"general.default_host":""}}}'
    headers:
      accept-ranges:
      - bytes
      - bytes
      - bytes
      age:
      - '0'
      cache-control:
      - no-cache
      connection:
      - keep-alive
      content-length:
      - '5197'
      content-type:
      - application/json
      date:
      - Wed, 24 Apr 2019 14:11:37 GMT
      status:
      - 200 OK
      strict-transport-security:
      - max-age=31536000
      vary:
      - Accept-Encoding
      via:
      - 1.1 varnish
      - 1.1 varnish
      x-cache:
      - MISS, MISS
      x-cache-hits:
      - 0, 0
      x-served-by:
      - cache-control-slwdc9035-CONTROL-SLWDC, cache-fra19138-FRA
      x-timer:
      - S1556115097.302712,VS0,VE526
    status:
      code: 200
      message: OK
- request:
    body: null
    headers:
      Content-Type:
      - application/json
    method: PUT
    uri: https://api.fastly.com/service/7hessp2jFvpG3vKHOQ1tTj/version/7/clone
  response:
    body:
      string: !!python/unicode '{"staging":false,"testing":false,"deployed":false,"number":8,"comment":"","deleted_at":null,"service_id":"7hessp2jFvpG3vKHOQ1tTj","active":false,"locked":false,"updated_at":"2019-04-24T14:11:35Z","created_at":"2019-04-24T14:11:18Z"}'
    headers:
      accept-ranges:
      - bytes
      - bytes
      cache-control:
      - no-cache
      connection:
      - keep-alive
      content-length:
      - '232'
      content-type:
      - application/json
      date:
      - Wed, 24 Apr 2019 14:11:38 GMT
      fastly-ratelimit-remaining:
      - '921'
      fastly-ratelimit-reset:
      - '1556118000'
      status:
      - 200 OK
      strict-transport-security:
      - max-age=31536000
      vary:
      - Accept-Encoding
      via:
      - 1.1 varnish
      - 1.1 varnish
      x-cache:
      - MISS, MISS
      x-cache-hits:
      - 0, 0
      x-served-by:
      - cache-control-slwdc9037-CONTROL-SLWDC, cache-fra19164-FRA
      x-timer:
      - S1556115098.018497,VS0,VE659
    status:
      code: 200
      message: OK
- request:
    body: null
    headers:
      Content-Type:
      - application/json
    method: GET
    uri: https://api.fastly.com/service/7hessp2jFvpG3vKHOQ1tTj/version/8/domain
  response:
    body:
      string: !!python/unicode '[{"name":"cdn.example8000.com","updated_at":"2019-04-24T14:11:38Z","deleted_at":null,"created_at":"2019-04-24T14:11:31Z","service_id":"7hessp2jFvpG3vKHOQ1tTj","comment":"test1","version":8}]'
    headers:
      accept-ranges:
      - bytes
      - bytes
      - bytes
      age:
      - '0'
      - '0'
      cache-control:
      - no-cache
      connection:
      - keep-alive
      content-length:
      - '180'
      content-type:
      - application/json
      date:
      - Wed, 24 Apr 2019 14:11:39 GMT
      status:
      - 200 OK
      strict-transport-security:
      - max-age=31536000
      vary:
      - Accept-Encoding
      via:
      - 1.1 varnish
      - 1.1 varnish
      x-cache:
      - MISS, MISS
      x-cache-hits:
      - 0, 0
      x-served-by:
      - cache-control-slwdc9035-CONTROL-SLWDC, cache-fra19143-FRA
      x-timer:
      - S1556115099.834965,VS0,VE541
    status:
      code: 200
      message: OK
- request:
    body: null
    headers:
      Content-Type:
      - application/json
    method: GET
    uri: https://api.fastly.com/service/7hessp2jFvpG3vKHOQ1tTj/version/8/healthcheck
  response:
    body:
      string: !!python/unicode '[]'
    headers:
      accept-ranges:
      - bytes
      - bytes
      - bytes
      age:
      - '0'
      - '0'
      cache-control:
      - no-cache
      connection:
      - keep-alive
      content-length:
      - '2'
      content-type:
      - application/json
      date:
      - Wed, 24 Apr 2019 14:11:40 GMT
      status:
      - 200 OK
      strict-transport-security:
      - max-age=31536000
      vary:
      - Accept-Encoding
      via:
      - 1.1 varnish
      - 1.1 varnish
      x-cache:
      - MISS, MISS
      x-cache-hits:
      - 0, 0
      x-served-by:
      - cache-control-slwdc9037-CONTROL-SLWDC, cache-fra19181-FRA
      x-timer:
      - S1556115099.493033,VS0,VE529
    status:
      code: 200
      message: OK
- request:
    body: null
    headers:
      Content-Type:
      - application/json
    method: GET
    uri: https://api.fastly.com/service/7hessp2jFvpG3vKHOQ1tTj/version/8/condition
  response:
    body:
      string: !!python/unicode '[]'
    headers:
      accept-ranges:
      - bytes
      - bytes
      - bytes
      age:
      - '0'
      - '0'
      cache-control:
      - no-cache
      connection:
      - keep-alive
      content-length:
      - '2'
      content-type:
      - application/json
      date:
      - Wed, 24 Apr 2019 14:11:40 GMT
      status:
      - 200 OK
      strict-transport-security:
      - max-age=31536000
      vary:
      - Accept-Encoding
      via:
      - 1.1 varnish
      - 1.1 varnish
      x-cache:
      - MISS, MISS
      x-cache-hits:
      - 0, 0
      x-served-by:
      - cache-control-slwdc9035-CONTROL-SLWDC, cache-fra19174-FRA
      x-timer:
      - S1556115100.165983,VS0,VE538
    status:
      code: 200
      message: OK
- request:
    body: null
    headers:
      Content-Type:
      - application/json
    method: GET
    uri: https://api.fastly.com/service/7hessp2jFvpG3vKHOQ1tTj/version/8/backend
  response:
    body:
      string: !!python/unicode '[{"max_tls_version":null,"ssl_client_cert":null,"hostname":null,"error_threshold":0,"first_byte_timeout":15000,"weight":100,"client_cert":null,"address":"127.0.0.1","updated_at":"2019-04-24T14:11:38Z","ipv4":"127.0.0.1","connect_timeout":1000,"ssl_ciphers":null,"name":"localhost","port":80,"between_bytes_timeout":10000,"ssl_client_key":null,"ssl_ca_cert":null,"auto_loadbalance":false,"ssl_check_cert":true,"shield":null,"override_host":null,"service_id":"7hessp2jFvpG3vKHOQ1tTj","request_condition":"","ssl_cert_hostname":null,"ssl_hostname":null,"ssl_sni_hostname":null,"min_tls_version":null,"ipv6":null,"version":8,"deleted_at":null,"healthcheck":null,"max_conn":200,"use_ssl":false,"created_at":"2019-04-24T14:11:32Z","comment":""}]'
    headers:
      accept-ranges:
      - bytes
      - bytes
      - bytes
      age:
      - '0'
      - '0'
      cache-control:
      - no-cache
      connection:
      - keep-alive
      content-length:
      - '739'
      content-type:
      - application/json
      date:
      - Wed, 24 Apr 2019 14:11:41 GMT
      status:
      - 200 OK
      strict-transport-security:
      - max-age=31536000
      vary:
      - Accept-Encoding
      via:
      - 1.1 varnish
      - 1.1 varnish
      x-cache:
      - MISS, MISS
      x-cache-hits:
      - 0, 0
      x-served-by:
      - cache-control-slwdc9037-CONTROL-SLWDC, cache-hhn1526-HHN
      x-timer:
      - S1556115101.880128,VS0,VE492
    status:
      code: 200
      message: OK
- request:
    body: null
    headers:
      Content-Type:
      - application/json
    method: GET
    uri: https://api.fastly.com/service/7hessp2jFvpG3vKHOQ1tTj/version/8/director
  response:
    body:
      string: !!python/unicode '[]'
    headers:
      accept-ranges:
      - bytes
      - bytes
      - bytes
      age:
      - '0'
      - '0'
      cache-control:
      - no-cache
      connection:
      - keep-alive
      content-length:
      - '2'
      content-type:
      - application/json
      date:
      - Wed, 24 Apr 2019 14:11:41 GMT
      status:
      - 200 OK
      strict-transport-security:
      - max-age=31536000
      vary:
      - Accept-Encoding
      via:
      - 1.1 varnish
      - 1.1 varnish
      x-cache:
      - MISS, MISS
      x-cache-hits:
      - 0, 0
      x-served-by:
      - cache-control-slwdc9037-CONTROL-SLWDC, cache-hhn1547-HHN
      x-timer:
      - S1556115101.493282,VS0,VE480
    status:
      code: 200
      message: OK
- request:
    body: null
    headers:
      Content-Type:
      - application/json
    method: GET
    uri: https://api.fastly.com/service/7hessp2jFvpG3vKHOQ1tTj/version/8/cache_settings
  response:
    body:
      string: !!python/unicode '[]'
    headers:
      accept-ranges:
      - bytes
      - bytes
      - bytes
      age:
      - '0'
      - '0'
      cache-control:
      - no-cache
      connection:
      - keep-alive
      content-length:
      - '2'
      content-type:
      - application/json
      date:
      - Wed, 24 Apr 2019 14:11:42 GMT
      status:
      - 200 OK
      strict-transport-security:
      - max-age=31536000
      vary:
      - Accept-Encoding
      via:
      - 1.1 varnish
      - 1.1 varnish
      x-cache:
      - MISS, MISS
      x-cache-hits:
      - 0, 0
      x-served-by:
      - cache-control-slwdc9036-CONTROL-SLWDC, cache-hhn1534-HHN
      x-timer:
      - S1556115102.081029,VS0,VE501
    status:
      code: 200
      message: OK
- request:
    body: null
    headers:
      Content-Type:
      - application/json
    method: GET
    uri: https://api.fastly.com/service/7hessp2jFvpG3vKHOQ1tTj/version/8/gzip
  response:
    body:
      string: !!python/unicode '[]'
    headers:
      accept-ranges:
      - bytes
      - bytes
      - bytes
      age:
      - '0'
      - '0'
      cache-control:
      - no-cache
      connection:
      - keep-alive
      content-length:
      - '2'
      content-type:
      - application/json
      date:
      - Wed, 24 Apr 2019 14:11:43 GMT
      status:
      - 200 OK
      strict-transport-security:
      - max-age=31536000
      vary:
      - Accept-Encoding
      via:
      - 1.1 varnish
      - 1.1 varnish
      x-cache:
      - MISS, MISS
      x-cache-hits:
      - 0, 0
      x-served-by:
      - cache-control-slwdc9035-CONTROL-SLWDC, cache-hhn1539-HHN
      x-timer:
      - S1556115103.720852,VS0,VE490
    status:
      code: 200
      message: OK
- request:
    body: null
    headers:
      Content-Type:
      - application/json
    method: GET
    uri: https://api.fastly.com/service/7hessp2jFvpG3vKHOQ1tTj/version/8/header
  response:
    body:
      string: !!python/unicode '[{"priority":"10","service_id":"7hessp2jFvpG3vKHOQ1tTj","ignore_if_set":"0","request_condition":null,"response_condition":null,"updated_at":"2019-04-24T14:11:38Z","src":"\"https://u.jimcdn.com\"
        req.url.path","version":"8","name":"Set Location header","deleted_at":null,"substitution":"","cache_condition":null,"created_at":"2019-04-24T14:11:32Z","regex":"","action":"set","type":"response","dst":"http.Location"}]'
    headers:
      accept-ranges:
      - bytes
      - bytes
      - bytes
      age:
      - '0'
      - '0'
      cache-control:
      - no-cache
      connection:
      - keep-alive
      content-length:
      - '414'
      content-type:
      - application/json
      date:
      - Wed, 24 Apr 2019 14:11:43 GMT
      status:
      - 200 OK
      strict-transport-security:
      - max-age=31536000
      vary:
      - Accept-Encoding
      via:
      - 1.1 varnish
      - 1.1 varnish
      x-cache:
      - MISS, MISS
      x-cache-hits:
      - 0, 0
      x-served-by:
      - cache-control-slwdc9035-CONTROL-SLWDC, cache-hhn1536-HHN
      x-timer:
      - S1556115103.349877,VS0,VE498
    status:
      code: 200
      message: OK
- request:
    body: null
    headers:
      Content-Type:
      - application/json
    method: GET
    uri: https://api.fastly.com/service/7hessp2jFvpG3vKHOQ1tTj/version/8/request_settings
  response:
    body:
      string: !!python/unicode '[]'
    headers:
      accept-ranges:
      - bytes
      - bytes
      - bytes
      age:
      - '0'
      - '0'
      cache-control:
      - no-cache
      connection:
      - keep-alive
      content-length:
      - '2'
      content-type:
      - application/json
      date:
      - Wed, 24 Apr 2019 14:11:44 GMT
      status:
      - 200 OK
      strict-transport-security:
      - max-age=31536000
      vary:
      - Accept-Encoding
      via:
      - 1.1 varnish
      - 1.1 varnish
      x-cache:
      - MISS, MISS
      x-cache-hits:
      - 0, 0
      x-served-by:
      - cache-control-slwdc9036-CONTROL-SLWDC, cache-hhn1533-HHN
      x-timer:
      - S1556115104.958268,VS0,VE479
    status:
      code: 200
      message: OK
- request:
    body: null
    headers:
      Content-Type:
      - application/json
    method: GET
    uri: https://api.fastly.com/service/7hessp2jFvpG3vKHOQ1tTj/version/8/response_object
  response:
    body:
      string: !!python/unicode '[{"response":"Ok","status":"301","version":"8","name":"Set
        301 status code","content":"","service_id":"7hessp2jFvpG3vKHOQ1tTj","deleted_at":null,"cache_condition":"","created_at":"2019-04-24T14:11:33Z","content_type":"","request_condition":"","updated_at":"2019-04-24T14:11:38Z"}]'
    headers:
      accept-ranges:
      - bytes
      - bytes
      - bytes
      age:
      - '0'
      - '0'
      cache-control:
      - no-cache
      connection:
      - keep-alive
      content-length:
      - '280'
      content-type:
      - application/json
      date:
      - Wed, 24 Apr 2019 14:11:45 GMT
      status:
      - 200 OK
      strict-transport-security:
      - max-age=31536000
      vary:
      - Accept-Encoding
      via:
      - 1.1 varnish
      - 1.1 varnish
      x-cache:
      - MISS, MISS
      x-cache-hits:
      - 0, 0
      x-served-by:
      - cache-control-slwdc9037-CONTROL-SLWDC, cache-hhn1526-HHN
      x-timer:
      - S1556115105.569733,VS0,VE492
    status:
      code: 200
      message: OK
- request:
    body: null
    headers:
      Content-Type:
      - application/json
    method: GET
    uri: https://api.fastly.com/service/7hessp2jFvpG3vKHOQ1tTj/version/8/snippet
  response:
    body:
      string: !!python/unicode '[]'
    headers:
      accept-ranges:
      - bytes
      - bytes
      - bytes
      age:
      - '0'
      - '0'
      cache-control:
      - no-cache
      connection:
      - keep-alive
      content-length:
      - '2'
      content-type:
      - application/json
      date:
      - Wed, 24 Apr 2019 14:11:45 GMT
      status:
      - 200 OK
      strict-transport-security:
      - max-age=31536000
      vary:
      - Accept-Encoding
      via:
      - 1.1 varnish
      - 1.1 varnish
      x-cache:
      - MISS, MISS
      x-cache-hits:
      - 0, 0
      x-served-by:
      - cache-control-slwdc9037-CONTROL-SLWDC, cache-hhn1544-HHN
      x-timer:
      - S1556115105.260364,VS0,VE503
    status:
      code: 200
      message: OK
- request:
    body: null
    headers:
      Content-Type:
      - application/json
    method: GET
    uri: https://api.fastly.com/service/7hessp2jFvpG3vKHOQ1tTj/version/8/logging/s3
  response:
    body:
      string: !!python/unicode '[]'
    headers:
      accept-ranges:
      - bytes
      - bytes
      - bytes
      age:
      - '0'
      - '0'
      cache-control:
      - no-cache
      connection:
      - keep-alive
      content-length:
      - '2'
      content-type:
      - application/json
      date:
      - Wed, 24 Apr 2019 14:11:46 GMT
      status:
      - 200 OK
      strict-transport-security:
      - max-age=31536000
      vary:
      - Accept-Encoding
      via:
      - 1.1 varnish
      - 1.1 varnish
      x-cache:
      - MISS, MISS
      x-cache-hits:
      - 0, 0
      x-served-by:
      - cache-control-slwdc9036-CONTROL-SLWDC, cache-hhn1530-HHN
      x-timer:
      - S1556115106.896093,VS0,VE488
    status:
      code: 200
      message: OK
- request:
    body: null
    headers:
      Content-Type:
      - application/json
    method: GET
    uri: https://api.fastly.com/service/7hessp2jFvpG3vKHOQ1tTj/version/8/logging/syslog
  response:
    body:
      string: !!python/unicode '[]'
    headers:
      accept-ranges:
      - bytes
      - bytes
      - bytes
      age:
      - '0'
      - '0'
      cache-control:
      - no-cache
      connection:
      - keep-alive
      content-length:
      - '2'
      content-type:
      - application/json
      date:
      - Wed, 24 Apr 2019 14:11:46 GMT
      status:
      - 200 OK
      strict-transport-security:
      - max-age=31536000
      vary:
      - Accept-Encoding
      via:
      - 1.1 varnish
      - 1.1 varnish
      x-cache:
      - MISS, MISS
      x-cache-hits:
      - 0, 0
      x-served-by:
      - cache-control-slwdc9037-CONTROL-SLWDC, cache-hhn1542-HHN
      x-timer:
      - S1556115107.507356,VS0,VE477
    status:
      code: 200
      message: OK
- request:
    body: null
    headers:
      Content-Type:
      - application/json
    method: GET
    uri: https://api.fastly.com/service/7hessp2jFvpG3vKHOQ1tTj/version/8/logging/cloudfiles
  response:
    body:
      string: !!python/unicode '[]'
    headers:
      accept-ranges:
      - bytes
      - bytes
      - bytes
      age:
      - '0'
      - '0'
      cache-control:
      - no-cache
      connection:
      - keep-alive
      content-length:
      - '2'
      content-type:
      - application/json
      date:
      - Wed, 24 Apr 2019 14:11:47 GMT
      status:
      - 200 OK
      strict-transport-security:
      - max-age=31536000
      vary:
      - Accept-Encoding
      via:
      - 1.1 varnish
      - 1.1 varnish
      x-cache:
      - MISS, MISS
      x-cache-hits:
      - 0, 0
      x-served-by:
      - cache-control-slwdc9036-CONTROL-SLWDC, cache-hhn1545-HHN
      x-timer:
      - S1556115107.133862,VS0,VE484
    status:
      code: 200
      message: OK
- request:
    body: null
    headers:
      Content-Type:
      - application/json
    method: DELETE
    uri: https://api.fastly.com/service/7hessp2jFvpG3vKHOQ1tTj/version/8/domain/cdn.example8000.com
  response:
    body:
      string: !!python/unicode '{"status":"ok"}'
    headers:
      accept-ranges:
      - bytes
      - bytes
      cache-control:
      - no-cache
      connection:
      - keep-alive
      content-length:
      - '15'
      content-type:
      - application/json
      date:
      - Wed, 24 Apr 2019 14:11:48 GMT
      fastly-ratelimit-remaining:
      - '920'
      fastly-ratelimit-reset:
      - '1556118000'
      status:
      - 200 OK
      strict-transport-security:
      - max-age=31536000
      vary:
      - Accept-Encoding
      via:
      - 1.1 varnish
      - 1.1 varnish
      x-cache:
      - MISS, MISS
      x-cache-hits:
      - 0, 0
      x-served-by:
      - cache-control-slwdc9035-CONTROL-SLWDC, cache-hhn1529-HHN
      x-timer:
      - S1556115108.729765,VS0,VE575
    status:
      code: 200
      message: OK
- request:
    body: null
    headers:
      Content-Type:
      - application/json
    method: DELETE
    uri: https://api.fastly.com/service/7hessp2jFvpG3vKHOQ1tTj/version/8/backend/localhost
  response:
    body:
      string: !!python/unicode '{"status":"ok"}'
    headers:
      accept-ranges:
      - bytes
      - bytes
      cache-control:
      - no-cache
      connection:
      - keep-alive
      content-length:
      - '15'
      content-type:
      - application/json
      date:
      - Wed, 24 Apr 2019 14:11:49 GMT
      fastly-ratelimit-remaining:
      - '919'
      fastly-ratelimit-reset:
      - '1556118000'
      status:
      - 200 OK
      strict-transport-security:
      - max-age=31536000
      vary:
      - Accept-Encoding
      via:
      - 1.1 varnish
      - 1.1 varnish
      x-cache:
      - MISS, MISS
      x-cache-hits:
      - 0, 0
      x-served-by:
      - cache-control-slwdc9035-CONTROL-SLWDC, cache-hhn1539-HHN
      x-timer:
      - S1556115108.457269,VS0,VE593
    status:
      code: 200
      message: OK
- request:
    body: null
    headers:
      Content-Type:
      - application/json
    method: DELETE
    uri: https://api.fastly.com/service/7hessp2jFvpG3vKHOQ1tTj/version/8/header/Set%20Location%20header
  response:
    body:
      string: !!python/unicode '{"status":"ok"}'
    headers:
      accept-ranges:
      - bytes
      - bytes
      cache-control:
      - no-cache
      connection:
      - keep-alive
      content-length:
      - '15'
      content-type:
      - application/json
      date:
      - Wed, 24 Apr 2019 14:11:49 GMT
      fastly-ratelimit-remaining:
      - '918'
      fastly-ratelimit-reset:
      - '1556118000'
      status:
      - 200 OK
      strict-transport-security:
      - max-age=31536000
      vary:
      - Accept-Encoding
      via:
      - 1.1 varnish
      - 1.1 varnish
      x-cache:
      - MISS, MISS
      x-cache-hits:
      - 0, 0
      x-served-by:
      - cache-control-slwdc9036-CONTROL-SLWDC, cache-hhn1530-HHN
      x-timer:
      - S1556115109.177462,VS0,VE635
    status:
      code: 200
      message: OK
- request:
    body: null
    headers:
      Content-Type:
      - application/json
    method: DELETE
    uri: https://api.fastly.com/service/7hessp2jFvpG3vKHOQ1tTj/version/8/response_object/Set%20301%20status%20code
  response:
    body:
      string: !!python/unicode '{"status":"ok"}'
    headers:
      accept-ranges:
      - bytes
      - bytes
      cache-control:
      - no-cache
      connection:
      - keep-alive
      content-length:
      - '15'
      content-type:
      - application/json
      date:
      - Wed, 24 Apr 2019 14:11:50 GMT
      fastly-ratelimit-remaining:
      - '917'
      fastly-ratelimit-reset:
      - '1556118000'
      status:
      - 200 OK
      strict-transport-security:
      - max-age=31536000
      vary:
      - Accept-Encoding
      via:
      - 1.1 varnish
      - 1.1 varnish
      x-cache:
      - MISS, MISS
      x-cache-hits:
      - 0, 0
      x-served-by:
      - cache-control-slwdc9035-CONTROL-SLWDC, cache-hhn1538-HHN
      x-timer:
      - S1556115110.995379,VS0,VE571
    status:
      code: 200
      message: OK
- request:
    body: !!python/unicode '{"comment": "test1", "name": "cdn.example8000.com"}'
    headers:
      Content-Type:
      - application/json
    method: POST
    uri: https://api.fastly.com/service/7hessp2jFvpG3vKHOQ1tTj/version/8/domain
  response:
    body:
      string: !!python/unicode '{"comment":"test1","name":"cdn.example8000.com","service_id":"7hessp2jFvpG3vKHOQ1tTj","version":8,"deleted_at":null,"created_at":"2019-04-24T14:11:51Z","updated_at":"2019-04-24T14:11:51Z"}'
    headers:
      accept-ranges:
      - bytes
      - bytes
      cache-control:
      - no-cache
      connection:
      - keep-alive
      content-length:
      - '178'
      content-type:
      - application/json
      date:
      - Wed, 24 Apr 2019 14:11:51 GMT
      fastly-ratelimit-remaining:
      - '916'
      fastly-ratelimit-reset:
      - '1556118000'
      status:
      - 200 OK
      strict-transport-security:
      - max-age=31536000
      vary:
      - Accept-Encoding
      via:
      - 1.1 varnish
      - 1.1 varnish
      x-cache:
      - MISS, MISS
      x-cache-hits:
      - 0, 0
      x-served-by:
      - cache-control-slwdc9037-CONTROL-SLWDC, cache-hhn1531-HHN
      x-timer:
      - S1556115111.686664,VS0,VE599
    status:
      code: 200
      message: OK
- request:
    body: !!python/unicode '{"ssl_ca_cert": null, "request_condition": "", "name":
      "localhost", "weight": 100, "healthcheck": null, "first_byte_timeout": 15000,
      "error_threshold": 0, "port": 80, "ssl_cert_hostname": null, "address": "127.0.0.1",
      "between_bytes_timeout": 10000, "max_conn": 200, "connect_timeout": 1000, "ssl_hostname":
      null, "shield": null}'
    headers:
      Content-Type:
      - application/json
    method: POST
    uri: https://api.fastly.com/service/7hessp2jFvpG3vKHOQ1tTj/version/8/backend
  response:
    body:
      string: !!python/unicode '{"ssl_ca_cert":null,"request_condition":"","name":"localhost","weight":100,"healthcheck":null,"first_byte_timeout":15000,"error_threshold":0,"port":80,"ssl_cert_hostname":null,"address":"127.0.0.1","between_bytes_timeout":10000,"max_conn":200,"connect_timeout":1000,"ssl_hostname":null,"shield":null,"service_id":"7hessp2jFvpG3vKHOQ1tTj","version":8,"max_tls_version":null,"ssl_client_cert":null,"hostname":null,"client_cert":null,"updated_at":"2019-04-24T14:11:51Z","ipv4":"127.0.0.1","ssl_ciphers":null,"ssl_client_key":null,"auto_loadbalance":false,"ssl_check_cert":true,"override_host":null,"ssl_sni_hostname":null,"min_tls_version":null,"ipv6":null,"deleted_at":null,"use_ssl":false,"created_at":"2019-04-24T14:11:51Z","comment":""}'
    headers:
      accept-ranges:
      - bytes
      - bytes
      cache-control:
      - no-cache
      connection:
      - keep-alive
      content-length:
      - '737'
      content-type:
      - application/json
      date:
      - Wed, 24 Apr 2019 14:11:51 GMT
      fastly-ratelimit-remaining:
      - '915'
      fastly-ratelimit-reset:
      - '1556118000'
      status:
      - 200 OK
      strict-transport-security:
      - max-age=31536000
      vary:
      - Accept-Encoding
      via:
      - 1.1 varnish
      - 1.1 varnish
      x-cache:
      - MISS, MISS
      x-cache-hits:
      - 0, 0
      x-served-by:
      - cache-control-slwdc9036-CONTROL-SLWDC, cache-hhn1535-HHN
      x-timer:
      - S1556115111.408359,VS0,VE585
    status:
      code: 200
      message: OK
- request:
    body: !!python/unicode '{"ignore_if_set": "0", "regex": "", "request_condition":
      null, "name": "Set Location header", "src": "\"https://u.jimcdn.com\" req.url.path",
      "dst": "http.Location", "cache_condition": null, "priority": "10", "substitution":
      "", "action": "set", "type": "response", "response_condition": null}'
    headers:
      Content-Type:
      - application/json
    method: POST
    uri: https://api.fastly.com/service/7hessp2jFvpG3vKHOQ1tTj/version/8/header
  response:
    body:
      string: !!python/unicode '{"ignore_if_set":"0","regex":"","request_condition":null,"name":"Set
        Location header","src":"\"https://u.jimcdn.com\" req.url.path","dst":"http.Location","cache_condition":null,"priority":"10","substitution":"","action":"set","type":"response","response_condition":null,"service_id":"7hessp2jFvpG3vKHOQ1tTj","version":"8","updated_at":"2019-04-24T14:11:52Z","deleted_at":null,"created_at":"2019-04-24T14:11:52Z"}'
    headers:
      accept-ranges:
      - bytes
      - bytes
      cache-control:
      - no-cache
      connection:
      - keep-alive
      content-length:
      - '412'
      content-type:
      - application/json
      date:
      - Wed, 24 Apr 2019 14:11:52 GMT
      fastly-ratelimit-remaining:
      - '914'
      fastly-ratelimit-reset:
      - '1556118000'
      status:
      - 200 OK
      strict-transport-security:
      - max-age=31536000
      vary:
      - Accept-Encoding
      via:
      - 1.1 varnish
      - 1.1 varnish
      x-cache:
      - MISS, MISS
      x-cache-hits:
      - 0, 0
      x-served-by:
      - cache-control-slwdc9035-CONTROL-SLWDC, cache-hhn1537-HHN
      x-timer:
      - S1556115112.147986,VS0,VE558
    status:
      code: 200
      message: OK
- request:
    body: !!python/unicode '{"status": "302", "request_condition": "", "name": "Set
      302 status code", "content": "", "content_type": "", "response": "Ok"}'
    headers:
      Content-Type:
      - application/json
    method: POST
    uri: https://api.fastly.com/service/7hessp2jFvpG3vKHOQ1tTj/version/8/response_object
  response:
    body:
      string: !!python/unicode '{"status":"302","request_condition":"","name":"Set
        302 status code","content":"","content_type":"","response":"Ok","service_id":"7hessp2jFvpG3vKHOQ1tTj","version":"8","deleted_at":null,"cache_condition":"","created_at":"2019-04-24T14:11:53Z","updated_at":"2019-04-24T14:11:53Z"}'
    headers:
      accept-ranges:
      - bytes
      - bytes
      cache-control:
      - no-cache
      connection:
      - keep-alive
      content-length:
      - '278'
      content-type:
      - application/json
      date:
      - Wed, 24 Apr 2019 14:11:53 GMT
      fastly-ratelimit-remaining:
      - '913'
      fastly-ratelimit-reset:
      - '1556118000'
      status:
      - 200 OK
      strict-transport-security:
      - max-age=31536000
      vary:
      - Accept-Encoding
      via:
      - 1.1 varnish
      - 1.1 varnish
      x-cache:
      - MISS, MISS
      x-cache-hits:
      - 0, 0
      x-served-by:
      - cache-control-slwdc9036-CONTROL-SLWDC, cache-hhn1544-HHN
      x-timer:
      - S1556115113.866450,VS0,VE542
    status:
      code: 200
      message: OK
- request:
    body: !!python/unicode '{"general.default_ttl": 3600}'
    headers:
      Content-Type:
      - application/json
    method: PUT
    uri: https://api.fastly.com/service/7hessp2jFvpG3vKHOQ1tTj/version/8/settings
  response:
    body:
      string: !!python/unicode '{"general.default_host":"","version":8,"general.default_ttl":3600,"general.default_pci":0,"service_id":"7hessp2jFvpG3vKHOQ1tTj","general.stale_if_error_ttl":43200,"general.stale_if_error":false}'
    headers:
      accept-ranges:
      - bytes
      - bytes
      cache-control:
      - no-cache
      connection:
      - keep-alive
      content-length:
      - '194'
      content-type:
      - application/json
      date:
      - Wed, 24 Apr 2019 14:11:54 GMT
      fastly-ratelimit-remaining:
      - '912'
      fastly-ratelimit-reset:
      - '1556118000'
      status:
      - 200 OK
      strict-transport-security:
      - max-age=31536000
      vary:
      - Accept-Encoding
      via:
      - 1.1 varnish
      - 1.1 varnish
      x-cache:
      - MISS, MISS
      x-cache-hits:
      - 0, 0
      x-served-by:
      - cache-control-slwdc9037-CONTROL-SLWDC, cache-hhn1529-HHN
      x-timer:
      - S1556115114.580417,VS0,VE528
    status:
      code: 200
      message: OK
- request:
    body: null
    headers:
      Content-Type:
      - application/json
    method: PUT
    uri: https://api.fastly.com/service/7hessp2jFvpG3vKHOQ1tTj/version/8/activate
  response:
    body:
      string: !!python/unicode '{"testing":false,"locked":true,"number":8,"active":true,"service_id":"7hessp2jFvpG3vKHOQ1tTj","staging":false,"created_at":"2019-04-24T14:11:38Z","deleted_at":null,"comment":"","updated_at":"2019-04-24T14:11:53Z","deployed":false,"msg":null}'
    headers:
      accept-ranges:
      - bytes
      - bytes
      cache-control:
      - no-cache
      connection:
      - keep-alive
      content-length:
      - '241'
      content-type:
      - application/json
      date:
      - Wed, 24 Apr 2019 14:11:55 GMT
      fastly-ratelimit-remaining:
      - '911'
      fastly-ratelimit-reset:
      - '1556118000'
      status:
      - 200 OK
      strict-transport-security:
      - max-age=31536000
      vary:
      - Accept-Encoding
      via:
      - 1.1 varnish
      - 1.1 varnish
      x-cache:
      - MISS, MISS
      x-cache-hits:
      - 0, 0
      x-served-by:
      - cache-control-slwdc9037-CONTROL-SLWDC, cache-hhn1546-HHN
      x-timer:
      - S1556115114.288857,VS0,VE1625
    status:
      code: 200
      message: OK
- request:
    body: null
    headers:
      Content-Type:
      - application/json
    method: GET
    uri: https://api.fastly.com/service/7hessp2jFvpG3vKHOQ1tTj/details
  response:
    body:
      string: !!python/unicode '{"name":"Jimdo Fastly Ansible Module Test","deleted_at":null,"versions":[{"testing":false,"locked":false,"number":1,"active":false,"service_id":"7hessp2jFvpG3vKHOQ1tTj","staging":false,"created_at":"2019-04-24T14:09:39Z","deleted_at":null,"comment":"","updated_at":"2019-04-24T14:09:39Z","deployed":false},{"testing":false,"locked":true,"number":2,"active":false,"service_id":"7hessp2jFvpG3vKHOQ1tTj","staging":false,"created_at":"2019-04-24T14:09:40Z","deleted_at":null,"comment":"","updated_at":"2019-04-24T14:10:13Z","deployed":false},{"testing":false,"locked":true,"number":3,"active":false,"service_id":"7hessp2jFvpG3vKHOQ1tTj","staging":false,"created_at":"2019-04-24T14:09:57Z","deleted_at":null,"comment":"","updated_at":"2019-04-24T14:10:31Z","deployed":false},{"testing":false,"locked":true,"number":4,"active":false,"service_id":"7hessp2jFvpG3vKHOQ1tTj","staging":false,"created_at":"2019-04-24T14:10:16Z","deleted_at":null,"comment":"","updated_at":"2019-04-24T14:10:53Z","deployed":false},{"testing":false,"locked":true,"number":5,"active":false,"service_id":"7hessp2jFvpG3vKHOQ1tTj","staging":false,"created_at":"2019-04-24T14:10:34Z","deleted_at":null,"comment":"","updated_at":"2019-04-24T14:11:15Z","deployed":false},{"testing":false,"locked":true,"number":6,"active":false,"service_id":"7hessp2jFvpG3vKHOQ1tTj","staging":false,"created_at":"2019-04-24T14:10:59Z","deleted_at":null,"comment":"","updated_at":"2019-04-24T14:11:35Z","deployed":false},{"testing":false,"locked":true,"number":7,"active":false,"service_id":"7hessp2jFvpG3vKHOQ1tTj","staging":false,"created_at":"2019-04-24T14:11:18Z","deleted_at":null,"comment":"","updated_at":"2019-04-24T14:11:55Z","deployed":false},{"testing":false,"locked":true,"number":8,"active":true,"service_id":"7hessp2jFvpG3vKHOQ1tTj","staging":false,"created_at":"2019-04-24T14:11:38Z","deleted_at":null,"comment":"","updated_at":"2019-04-24T14:11:55Z","deployed":false}],"created_at":"2019-04-24T14:09:39Z","customer_id":"4NTmXUwFuuC5U0iJUrdEHr","comment":"","updated_at":"2019-04-24T14:09:39Z","id":"7hessp2jFvpG3vKHOQ1tTj","version":{"testing":false,"staging":false,"updated_at":"2019-04-24T14:11:55Z","active":true,"number":8,"service_id":"7hessp2jFvpG3vKHOQ1tTj","deployed":false,"locked":true,"deleted_at":null,"created_at":"2019-04-24T14:11:38Z","comment":"","acls":[],"backends":[{"max_tls_version":null,"ssl_ca_cert":null,"auto_loadbalance":false,"ssl_check_cert":true,"shield":null,"override_host":null,"hostname":null,"ssl_client_cert":null,"error_threshold":0,"request_condition":"","first_byte_timeout":15000,"ssl_cert_hostname":null,"weight":100,"client_cert":null,"address":"127.0.0.1","ssl_hostname":null,"ssl_sni_hostname":null,"min_tls_version":null,"ipv6":null,"ipv4":"127.0.0.1","connect_timeout":1000,"ssl_ciphers":null,"name":"localhost","healthcheck":null,"port":80,"max_conn":200,"use_ssl":false,"comment":"","between_bytes_timeout":10000,"ssl_client_key":null}],"cache_settings":[],"conditions":[],"dictionaries":[],"directors":[],"domains":[{"comment":"test1","name":"cdn.example8000.com"}],"gzips":[],"headers":[{"priority":"10","src":"\"https://u.jimcdn.com\"
        req.url.path","name":"Set Location header","substitution":"","ignore_if_set":"0","cache_condition":null,"request_condition":null,"regex":"","response_condition":null,"action":"set","type":"response","dst":"http.Location"}],"healthchecks":[],"request_settings":[],"response_objects":[{"request_condition":"","content_type":"","status":"302","response":"Ok","name":"Set
        302 status code","content":"","cache_condition":""}],"snippets":[],"vcls":[],"wordpress":[],"settings":{"general.stale_if_error_ttl":43200,"general.stale_if_error":false,"general.default_ttl":3600,"general.default_host":"","general.default_pci":0}},"active_version":{"testing":false,"staging":false,"updated_at":"2019-04-24T14:11:55Z","active":true,"number":8,"service_id":"7hessp2jFvpG3vKHOQ1tTj","deployed":false,"locked":true,"deleted_at":null,"created_at":"2019-04-24T14:11:38Z","comment":"","acls":[],"backends":[{"max_tls_version":null,"ssl_ca_cert":null,"auto_loadbalance":false,"ssl_check_cert":true,"shield":null,"override_host":null,"hostname":null,"ssl_client_cert":null,"error_threshold":0,"request_condition":"","first_byte_timeout":15000,"ssl_cert_hostname":null,"weight":100,"client_cert":null,"address":"127.0.0.1","ssl_hostname":null,"ssl_sni_hostname":null,"min_tls_version":null,"ipv6":null,"ipv4":"127.0.0.1","connect_timeout":1000,"ssl_ciphers":null,"name":"localhost","healthcheck":null,"port":80,"max_conn":200,"use_ssl":false,"comment":"","between_bytes_timeout":10000,"ssl_client_key":null}],"cache_settings":[],"conditions":[],"dictionaries":[],"directors":[],"domains":[{"comment":"test1","name":"cdn.example8000.com"}],"gzips":[],"headers":[{"priority":"10","src":"\"https://u.jimcdn.com\"
        req.url.path","name":"Set Location header","substitution":"","ignore_if_set":"0","cache_condition":null,"request_condition":null,"regex":"","response_condition":null,"action":"set","type":"response","dst":"http.Location"}],"healthchecks":[],"request_settings":[],"response_objects":[{"request_condition":"","content_type":"","status":"302","response":"Ok","name":"Set
        302 status code","content":"","cache_condition":""}],"snippets":[],"vcls":[],"wordpress":[],"settings":{"general.stale_if_error_ttl":43200,"general.stale_if_error":false,"general.default_ttl":3600,"general.default_host":"","general.default_pci":0}}}'
    headers:
      accept-ranges:
      - bytes
      - bytes
      - bytes
      age:
      - '0'
      - '0'
      cache-control:
      - no-cache
      connection:
      - keep-alive
      content-length:
      - '5429'
      content-type:
      - application/json
      date:
      - Wed, 24 Apr 2019 14:11:56 GMT
      status:
      - 200 OK
      strict-transport-security:
      - max-age=31536000
      vary:
      - Accept-Encoding
      via:
      - 1.1 varnish
      - 1.1 varnish
      x-cache:
      - MISS, MISS
      x-cache-hits:
      - 0, 0
      x-served-by:
      - cache-control-slwdc9035-CONTROL-SLWDC, cache-hhn1524-HHN
      x-timer:
      - S1556115116.125535,VS0,VE546
    status:
      code: 200
      message: OK
- request:
    body: null
    headers:
      Content-Type:
      - application/json
    method: GET
    uri: https://api.fastly.com/service/search?name=Jimdo%20Fastly%20Ansible%20Module%20Test
  response:
    body:
      string: !!python/unicode '{"name":"Jimdo Fastly Ansible Module Test","deleted_at":null,"versions":[{"testing":false,"locked":false,"number":1,"active":false,"service_id":"7hessp2jFvpG3vKHOQ1tTj","staging":false,"created_at":"2019-04-24T14:09:39Z","deleted_at":null,"comment":"","updated_at":"2019-04-24T14:09:39Z","deployed":false},{"testing":false,"locked":true,"number":2,"active":false,"service_id":"7hessp2jFvpG3vKHOQ1tTj","staging":false,"created_at":"2019-04-24T14:09:40Z","deleted_at":null,"comment":"","updated_at":"2019-04-24T14:10:13Z","deployed":false},{"testing":false,"locked":true,"number":3,"active":false,"service_id":"7hessp2jFvpG3vKHOQ1tTj","staging":false,"created_at":"2019-04-24T14:09:57Z","deleted_at":null,"comment":"","updated_at":"2019-04-24T14:10:31Z","deployed":false},{"testing":false,"locked":true,"number":4,"active":false,"service_id":"7hessp2jFvpG3vKHOQ1tTj","staging":false,"created_at":"2019-04-24T14:10:16Z","deleted_at":null,"comment":"","updated_at":"2019-04-24T14:10:53Z","deployed":false},{"testing":false,"locked":true,"number":5,"active":false,"service_id":"7hessp2jFvpG3vKHOQ1tTj","staging":false,"created_at":"2019-04-24T14:10:34Z","deleted_at":null,"comment":"","updated_at":"2019-04-24T14:11:15Z","deployed":false},{"testing":false,"locked":true,"number":6,"active":false,"service_id":"7hessp2jFvpG3vKHOQ1tTj","staging":false,"created_at":"2019-04-24T14:10:59Z","deleted_at":null,"comment":"","updated_at":"2019-04-24T14:11:35Z","deployed":false},{"testing":false,"locked":true,"number":7,"active":false,"service_id":"7hessp2jFvpG3vKHOQ1tTj","staging":false,"created_at":"2019-04-24T14:11:18Z","deleted_at":null,"comment":"","updated_at":"2019-04-24T14:11:55Z","deployed":false},{"testing":false,"staging":false,"updated_at":"2019-04-24T14:11:55Z","active":true,"number":8,"service_id":"7hessp2jFvpG3vKHOQ1tTj","deployed":false,"locked":true,"deleted_at":null,"created_at":"2019-04-24T14:11:38Z","comment":""}],"created_at":"2019-04-24T14:09:39Z","customer_id":"4NTmXUwFuuC5U0iJUrdEHr","comment":"","updated_at":"2019-04-24T14:09:39Z","id":"7hessp2jFvpG3vKHOQ1tTj"}'
    headers:
      accept-ranges:
      - bytes
      - bytes
      - bytes
      age:
      - '0'
      - '0'
      cache-control:
      - no-cache
      connection:
      - keep-alive
      content-length:
      - '2084'
      content-type:
      - application/json
      date:
      - Wed, 24 Apr 2019 14:11:57 GMT
      status:
      - 200 OK
      strict-transport-security:
      - max-age=31536000
      vary:
      - Accept-Encoding
      via:
      - 1.1 varnish
      - 1.1 varnish
      x-cache:
      - MISS, MISS
      x-cache-hits:
      - 0, 0
      x-served-by:
      - cache-control-slwdc9037-CONTROL-SLWDC, cache-hhn1530-HHN
      x-timer:
      - S1556115117.863363,VS0,VE560
    status:
      code: 200
      message: OK
- request:
    body: null
    headers:
      Content-Type:
      - application/json
    method: GET
    uri: https://api.fastly.com/service/7hessp2jFvpG3vKHOQ1tTj/details
  response:
    body:
      string: !!python/unicode '{"name":"Jimdo Fastly Ansible Module Test","deleted_at":null,"versions":[{"testing":false,"locked":false,"number":1,"active":false,"service_id":"7hessp2jFvpG3vKHOQ1tTj","staging":false,"created_at":"2019-04-24T14:09:39Z","deleted_at":null,"comment":"","updated_at":"2019-04-24T14:09:39Z","deployed":false},{"testing":false,"locked":true,"number":2,"active":false,"service_id":"7hessp2jFvpG3vKHOQ1tTj","staging":false,"created_at":"2019-04-24T14:09:40Z","deleted_at":null,"comment":"","updated_at":"2019-04-24T14:10:13Z","deployed":false},{"testing":false,"locked":true,"number":3,"active":false,"service_id":"7hessp2jFvpG3vKHOQ1tTj","staging":false,"created_at":"2019-04-24T14:09:57Z","deleted_at":null,"comment":"","updated_at":"2019-04-24T14:10:31Z","deployed":false},{"testing":false,"locked":true,"number":4,"active":false,"service_id":"7hessp2jFvpG3vKHOQ1tTj","staging":false,"created_at":"2019-04-24T14:10:16Z","deleted_at":null,"comment":"","updated_at":"2019-04-24T14:10:53Z","deployed":false},{"testing":false,"locked":true,"number":5,"active":false,"service_id":"7hessp2jFvpG3vKHOQ1tTj","staging":false,"created_at":"2019-04-24T14:10:34Z","deleted_at":null,"comment":"","updated_at":"2019-04-24T14:11:15Z","deployed":false},{"testing":false,"locked":true,"number":6,"active":false,"service_id":"7hessp2jFvpG3vKHOQ1tTj","staging":false,"created_at":"2019-04-24T14:10:59Z","deleted_at":null,"comment":"","updated_at":"2019-04-24T14:11:35Z","deployed":false},{"testing":false,"locked":true,"number":7,"active":false,"service_id":"7hessp2jFvpG3vKHOQ1tTj","staging":false,"created_at":"2019-04-24T14:11:18Z","deleted_at":null,"comment":"","updated_at":"2019-04-24T14:11:55Z","deployed":false},{"testing":false,"locked":true,"number":8,"active":true,"service_id":"7hessp2jFvpG3vKHOQ1tTj","staging":false,"created_at":"2019-04-24T14:11:38Z","deleted_at":null,"comment":"","updated_at":"2019-04-24T14:11:55Z","deployed":false}],"created_at":"2019-04-24T14:09:39Z","customer_id":"4NTmXUwFuuC5U0iJUrdEHr","comment":"","updated_at":"2019-04-24T14:09:39Z","id":"7hessp2jFvpG3vKHOQ1tTj","version":{"testing":false,"staging":false,"updated_at":"2019-04-24T14:11:55Z","active":true,"number":8,"service_id":"7hessp2jFvpG3vKHOQ1tTj","deployed":false,"locked":true,"deleted_at":null,"created_at":"2019-04-24T14:11:38Z","comment":"","acls":[],"backends":[{"max_tls_version":null,"ssl_ca_cert":null,"auto_loadbalance":false,"ssl_check_cert":true,"shield":null,"override_host":null,"hostname":null,"ssl_client_cert":null,"error_threshold":0,"request_condition":"","first_byte_timeout":15000,"ssl_cert_hostname":null,"weight":100,"client_cert":null,"address":"127.0.0.1","ssl_hostname":null,"ssl_sni_hostname":null,"min_tls_version":null,"ipv6":null,"ipv4":"127.0.0.1","connect_timeout":1000,"ssl_ciphers":null,"name":"localhost","healthcheck":null,"port":80,"max_conn":200,"use_ssl":false,"comment":"","between_bytes_timeout":10000,"ssl_client_key":null}],"cache_settings":[],"conditions":[],"dictionaries":[],"directors":[],"domains":[{"comment":"test1","name":"cdn.example8000.com"}],"gzips":[],"headers":[{"priority":"10","src":"\"https://u.jimcdn.com\"
        req.url.path","name":"Set Location header","substitution":"","ignore_if_set":"0","cache_condition":null,"request_condition":null,"regex":"","response_condition":null,"action":"set","type":"response","dst":"http.Location"}],"healthchecks":[],"request_settings":[],"response_objects":[{"request_condition":"","content_type":"","status":"302","response":"Ok","name":"Set
        302 status code","content":"","cache_condition":""}],"snippets":[],"vcls":[],"wordpress":[],"settings":{"general.stale_if_error_ttl":43200,"general.stale_if_error":false,"general.default_ttl":3600,"general.default_host":"","general.default_pci":0}},"active_version":{"testing":false,"staging":false,"updated_at":"2019-04-24T14:11:55Z","active":true,"number":8,"service_id":"7hessp2jFvpG3vKHOQ1tTj","deployed":false,"locked":true,"deleted_at":null,"created_at":"2019-04-24T14:11:38Z","comment":"","acls":[],"backends":[{"max_tls_version":null,"ssl_ca_cert":null,"auto_loadbalance":false,"ssl_check_cert":true,"shield":null,"override_host":null,"hostname":null,"ssl_client_cert":null,"error_threshold":0,"request_condition":"","first_byte_timeout":15000,"ssl_cert_hostname":null,"weight":100,"client_cert":null,"address":"127.0.0.1","ssl_hostname":null,"ssl_sni_hostname":null,"min_tls_version":null,"ipv6":null,"ipv4":"127.0.0.1","connect_timeout":1000,"ssl_ciphers":null,"name":"localhost","healthcheck":null,"port":80,"max_conn":200,"use_ssl":false,"comment":"","between_bytes_timeout":10000,"ssl_client_key":null}],"cache_settings":[],"conditions":[],"dictionaries":[],"directors":[],"domains":[{"comment":"test1","name":"cdn.example8000.com"}],"gzips":[],"headers":[{"priority":"10","src":"\"https://u.jimcdn.com\"
        req.url.path","name":"Set Location header","substitution":"","ignore_if_set":"0","cache_condition":null,"request_condition":null,"regex":"","response_condition":null,"action":"set","type":"response","dst":"http.Location"}],"healthchecks":[],"request_settings":[],"response_objects":[{"request_condition":"","content_type":"","status":"302","response":"Ok","name":"Set
        302 status code","content":"","cache_condition":""}],"snippets":[],"vcls":[],"wordpress":[],"settings":{"general.stale_if_error_ttl":43200,"general.stale_if_error":false,"general.default_ttl":3600,"general.default_host":"","general.default_pci":0}}}'
    headers:
      accept-ranges:
      - bytes
      - bytes
      - bytes
      age:
      - '0'
      cache-control:
      - no-cache
      connection:
      - keep-alive
      content-length:
      - '5429'
      content-type:
      - application/json
      date:
      - Wed, 24 Apr 2019 14:11:58 GMT
      status:
      - 200 OK
      strict-transport-security:
      - max-age=31536000
      vary:
      - Accept-Encoding
      via:
      - 1.1 varnish
      - 1.1 varnish
      x-cache:
      - MISS, MISS
      x-cache-hits:
      - 0, 0
      x-served-by:
      - cache-control-slwdc9036-CONTROL-SLWDC, cache-hhn1538-HHN
      x-timer:
      - S1556115118.541849,VS0,VE471
    status:
      code: 200
      message: OK
- request:
    body: null
    headers:
      Content-Type:
      - application/json
    method: PUT
    uri: https://api.fastly.com/service/7hessp2jFvpG3vKHOQ1tTj/version/8/clone
  response:
    body:
      string: !!python/unicode '{"active":false,"created_at":"2019-04-24T14:11:38Z","updated_at":"2019-04-24T14:11:55Z","service_id":"7hessp2jFvpG3vKHOQ1tTj","locked":false,"staging":false,"deleted_at":null,"comment":"","number":9,"testing":false,"deployed":false}'
    headers:
      accept-ranges:
      - bytes
      - bytes
      cache-control:
      - no-cache
      connection:
      - keep-alive
      content-length:
      - '232'
      content-type:
      - application/json
      date:
      - Wed, 24 Apr 2019 14:11:58 GMT
      fastly-ratelimit-remaining:
      - '910'
      fastly-ratelimit-reset:
      - '1556118000'
      status:
      - 200 OK
      strict-transport-security:
      - max-age=31536000
      vary:
      - Accept-Encoding
      via:
      - 1.1 varnish
      - 1.1 varnish
      x-cache:
      - MISS, MISS
      x-cache-hits:
      - 0, 0
      x-served-by:
      - cache-control-slwdc9036-CONTROL-SLWDC, cache-hhn1537-HHN
      x-timer:
      - S1556115118.115095,VS0,VE603
    status:
      code: 200
      message: OK
- request:
    body: null
    headers:
      Content-Type:
      - application/json
    method: GET
    uri: https://api.fastly.com/service/7hessp2jFvpG3vKHOQ1tTj/version/9/domain
  response:
    body:
      string: !!python/unicode '[{"version":9,"name":"cdn.example8000.com","service_id":"7hessp2jFvpG3vKHOQ1tTj","deleted_at":null,"created_at":"2019-04-24T14:11:51Z","comment":"test1","updated_at":"2019-04-24T14:11:58Z"}]'
    headers:
      accept-ranges:
      - bytes
      - bytes
      - bytes
      age:
      - '0'
      - '0'
      cache-control:
      - no-cache
      connection:
      - keep-alive
      content-length:
      - '180'
      content-type:
      - application/json
      date:
      - Wed, 24 Apr 2019 14:11:59 GMT
      status:
      - 200 OK
      strict-transport-security:
      - max-age=31536000
      vary:
      - Accept-Encoding
      via:
      - 1.1 varnish
      - 1.1 varnish
      x-cache:
      - MISS, MISS
      x-cache-hits:
      - 0, 0
      x-served-by:
      - cache-control-slwdc9035-CONTROL-SLWDC, cache-hhn1536-HHN
      x-timer:
      - S1556115119.920896,VS0,VE486
    status:
      code: 200
      message: OK
- request:
    body: null
    headers:
      Content-Type:
      - application/json
    method: GET
    uri: https://api.fastly.com/service/7hessp2jFvpG3vKHOQ1tTj/version/9/healthcheck
  response:
    body:
      string: !!python/unicode '[]'
    headers:
      accept-ranges:
      - bytes
      - bytes
      - bytes
      age:
      - '0'
      - '0'
      cache-control:
      - no-cache
      connection:
      - keep-alive
      content-length:
      - '2'
      content-type:
      - application/json
      date:
      - Wed, 24 Apr 2019 14:12:00 GMT
      status:
      - 200 OK
      strict-transport-security:
      - max-age=31536000
      vary:
      - Accept-Encoding
      via:
      - 1.1 varnish
      - 1.1 varnish
      x-cache:
      - MISS, MISS
      x-cache-hits:
      - 0, 0
      x-served-by:
      - cache-control-slwdc9037-CONTROL-SLWDC, cache-hhn1551-HHN
      x-timer:
      - S1556115120.622380,VS0,VE504
    status:
      code: 200
      message: OK
- request:
    body: null
    headers:
      Content-Type:
      - application/json
    method: GET
    uri: https://api.fastly.com/service/7hessp2jFvpG3vKHOQ1tTj/version/9/condition
  response:
    body:
      string: !!python/unicode '[]'
    headers:
      accept-ranges:
      - bytes
      - bytes
      - bytes
      age:
      - '0'
      - '0'
      cache-control:
      - no-cache
      connection:
      - keep-alive
      content-length:
      - '2'
      content-type:
      - application/json
      date:
      - Wed, 24 Apr 2019 14:12:00 GMT
      status:
      - 200 OK
      strict-transport-security:
      - max-age=31536000
      vary:
      - Accept-Encoding
      via:
      - 1.1 varnish
      - 1.1 varnish
      x-cache:
      - MISS, MISS
      x-cache-hits:
      - 0, 0
      x-served-by:
      - cache-control-slwdc9035-CONTROL-SLWDC, cache-hhn1549-HHN
      x-timer:
      - S1556115120.246493,VS0,VE183
    status:
      code: 200
      message: OK
- request:
    body: null
    headers:
      Content-Type:
      - application/json
    method: GET
    uri: https://api.fastly.com/service/7hessp2jFvpG3vKHOQ1tTj/version/9/backend
  response:
    body:
      string: !!python/unicode '[{"max_tls_version":null,"ssl_client_cert":null,"hostname":null,"error_threshold":0,"first_byte_timeout":15000,"weight":100,"client_cert":null,"address":"127.0.0.1","updated_at":"2019-04-24T14:11:58Z","ipv4":"127.0.0.1","connect_timeout":1000,"ssl_ciphers":null,"name":"localhost","port":80,"between_bytes_timeout":10000,"ssl_client_key":null,"ssl_ca_cert":null,"auto_loadbalance":false,"ssl_check_cert":true,"shield":null,"override_host":null,"service_id":"7hessp2jFvpG3vKHOQ1tTj","request_condition":"","ssl_cert_hostname":null,"ssl_hostname":null,"ssl_sni_hostname":null,"min_tls_version":null,"ipv6":null,"version":9,"deleted_at":null,"healthcheck":null,"max_conn":200,"use_ssl":false,"created_at":"2019-04-24T14:11:51Z","comment":""}]'
    headers:
      accept-ranges:
      - bytes
      - bytes
      - bytes
      age:
      - '0'
      - '0'
      cache-control:
      - no-cache
      connection:
      - keep-alive
      content-length:
      - '739'
      content-type:
      - application/json
      date:
      - Wed, 24 Apr 2019 14:12:00 GMT
      status:
      - 200 OK
      strict-transport-security:
      - max-age=31536000
      vary:
      - Accept-Encoding
      via:
      - 1.1 varnish
      - 1.1 varnish
      x-cache:
      - MISS, MISS
      x-cache-hits:
      - 0, 0
      x-served-by:
      - cache-control-slwdc9036-CONTROL-SLWDC, cache-hhn1549-HHN
      x-timer:
      - S1556115121.543710,VS0,VE252
    status:
      code: 200
      message: OK
- request:
    body: null
    headers:
      Content-Type:
      - application/json
    method: GET
    uri: https://api.fastly.com/service/7hessp2jFvpG3vKHOQ1tTj/version/9/director
  response:
    body:
      string: !!python/unicode '[]'
    headers:
      accept-ranges:
      - bytes
      - bytes
      - bytes
      age:
      - '0'
      - '0'
      cache-control:
      - no-cache
      connection:
      - keep-alive
      content-length:
      - '2'
      content-type:
      - application/json
      date:
      - Wed, 24 Apr 2019 14:12:01 GMT
      status:
      - 200 OK
      strict-transport-security:
      - max-age=31536000
      vary:
      - Accept-Encoding
      via:
      - 1.1 varnish
      - 1.1 varnish
      x-cache:
      - MISS, MISS
      x-cache-hits:
      - 0, 0
      x-served-by:
      - cache-control-slwdc9036-CONTROL-SLWDC, cache-hhn1524-HHN
      x-timer:
      - S1556115121.952812,VS0,VE553
    status:
      code: 200
      message: OK
- request:
    body: null
    headers:
      Content-Type:
      - application/json
    method: GET
    uri: https://api.fastly.com/service/7hessp2jFvpG3vKHOQ1tTj/version/9/cache_settings
  response:
    body:
      string: !!python/unicode '[]'
    headers:
      accept-ranges:
      - bytes
      - bytes
      - bytes
      age:
      - '0'
      - '0'
      cache-control:
      - no-cache
      connection:
      - keep-alive
      content-length:
      - '2'
      content-type:
      - application/json
      date:
      - Wed, 24 Apr 2019 14:12:02 GMT
      status:
      - 200 OK
      strict-transport-security:
      - max-age=31536000
      vary:
      - Accept-Encoding
      via:
      - 1.1 varnish
      - 1.1 varnish
      x-cache:
      - MISS, MISS
      x-cache-hits:
      - 0, 0
      x-served-by:
      - cache-control-slwdc9036-CONTROL-SLWDC, cache-hhn1531-HHN
      x-timer:
      - S1556115122.609295,VS0,VE711
    status:
      code: 200
      message: OK
- request:
    body: null
    headers:
      Content-Type:
      - application/json
    method: GET
    uri: https://api.fastly.com/service/7hessp2jFvpG3vKHOQ1tTj/version/9/gzip
  response:
    body:
      string: !!python/unicode '[]'
    headers:
      accept-ranges:
      - bytes
      - bytes
      - bytes
      age:
      - '0'
      - '0'
      cache-control:
      - no-cache
      connection:
      - keep-alive
      content-length:
      - '2'
      content-type:
      - application/json
      date:
      - Wed, 24 Apr 2019 14:12:02 GMT
      status:
      - 200 OK
      strict-transport-security:
      - max-age=31536000
      vary:
      - Accept-Encoding
      via:
      - 1.1 varnish
      - 1.1 varnish
      x-cache:
      - MISS, MISS
      x-cache-hits:
      - 0, 0
      x-served-by:
      - cache-control-slwdc9036-CONTROL-SLWDC, cache-hhn1541-HHN
      x-timer:
      - S1556115122.477586,VS0,VE183
    status:
      code: 200
      message: OK
- request:
    body: null
    headers:
      Content-Type:
      - application/json
    method: GET
    uri: https://api.fastly.com/service/7hessp2jFvpG3vKHOQ1tTj/version/9/header
  response:
    body:
      string: !!python/unicode '[{"priority":"10","service_id":"7hessp2jFvpG3vKHOQ1tTj","ignore_if_set":"0","request_condition":null,"response_condition":null,"updated_at":"2019-04-24T14:11:58Z","version":"9","src":"\"https://u.jimcdn.com\"
        req.url.path","name":"Set Location header","deleted_at":null,"substitution":"","cache_condition":null,"created_at":"2019-04-24T14:11:52Z","regex":"","action":"set","type":"response","dst":"http.Location"}]'
    headers:
      accept-ranges:
      - bytes
      - bytes
      - bytes
      age:
      - '0'
      - '0'
      cache-control:
      - no-cache
      connection:
      - keep-alive
      content-length:
      - '414'
      content-type:
      - application/json
      date:
      - Wed, 24 Apr 2019 14:12:03 GMT
      status:
      - 200 OK
      strict-transport-security:
      - max-age=31536000
      vary:
      - Accept-Encoding
      via:
      - 1.1 varnish
      - 1.1 varnish
      x-cache:
      - MISS, MISS
      x-cache-hits:
      - 0, 0
      x-served-by:
      - cache-control-slwdc9035-CONTROL-SLWDC, cache-hhn1527-HHN
      x-timer:
      - S1556115123.809392,VS0,VE496
    status:
      code: 200
      message: OK
- request:
    body: null
    headers:
      Content-Type:
      - application/json
    method: GET
    uri: https://api.fastly.com/service/7hessp2jFvpG3vKHOQ1tTj/version/9/request_settings
  response:
    body:
      string: !!python/unicode '[]'
    headers:
      accept-ranges:
      - bytes
      - bytes
      - bytes
      age:
      - '0'
      - '0'
      cache-control:
      - no-cache
      connection:
      - keep-alive
      content-length:
      - '2'
      content-type:
      - application/json
      date:
      - Wed, 24 Apr 2019 14:12:05 GMT
      status:
      - 200 OK
      strict-transport-security:
      - max-age=31536000
      vary:
      - Accept-Encoding
      via:
      - 1.1 varnish
      - 1.1 varnish
      x-cache:
      - MISS, MISS
      x-cache-hits:
      - 0, 0
      x-served-by:
      - cache-control-slwdc9036-CONTROL-SLWDC, cache-hhn1543-HHN
      x-timer:
      - S1556115125.566466,VS0,VE478
    status:
      code: 200
      message: OK
- request:
    body: null
    headers:
      Content-Type:
      - application/json
    method: GET
    uri: https://api.fastly.com/service/7hessp2jFvpG3vKHOQ1tTj/version/9/response_object
  response:
    body:
      string: !!python/unicode '[{"response":"Ok","status":"302","version":"9","name":"Set
        302 status code","content":"","service_id":"7hessp2jFvpG3vKHOQ1tTj","deleted_at":null,"cache_condition":"","created_at":"2019-04-24T14:11:53Z","content_type":"","request_condition":"","updated_at":"2019-04-24T14:11:58Z"}]'
    headers:
      accept-ranges:
      - bytes
      - bytes
      - bytes
      age:
      - '0'
      - '0'
      cache-control:
      - no-cache
      connection:
      - keep-alive
      content-length:
      - '280'
      content-type:
      - application/json
      date:
      - Wed, 24 Apr 2019 14:12:05 GMT
      status:
      - 200 OK
      strict-transport-security:
      - max-age=31536000
      vary:
      - Accept-Encoding
      via:
      - 1.1 varnish
      - 1.1 varnish
      x-cache:
      - MISS, MISS
      x-cache-hits:
      - 0, 0
      x-served-by:
      - cache-control-slwdc9035-CONTROL-SLWDC, cache-hhn1550-HHN
      x-timer:
      - S1556115125.153731,VS0,VE208
    status:
      code: 200
      message: OK
- request:
    body: null
    headers:
      Content-Type:
      - application/json
    method: GET
    uri: https://api.fastly.com/service/7hessp2jFvpG3vKHOQ1tTj/version/9/snippet
  response:
    body:
      string: !!python/unicode '[]'
    headers:
      accept-ranges:
      - bytes
      - bytes
      - bytes
      age:
      - '0'
      - '0'
      cache-control:
      - no-cache
      connection:
      - keep-alive
      content-length:
      - '2'
      content-type:
      - application/json
      date:
      - Wed, 24 Apr 2019 14:12:05 GMT
      status:
      - 200 OK
      strict-transport-security:
      - max-age=31536000
      vary:
      - Accept-Encoding
      via:
      - 1.1 varnish
      - 1.1 varnish
      x-cache:
      - MISS, MISS
      x-cache-hits:
      - 0, 0
      x-served-by:
      - cache-control-slwdc9036-CONTROL-SLWDC, cache-hhn1520-HHN
      x-timer:
      - S1556115126.555724,VS0,VE188
    status:
      code: 200
      message: OK
- request:
    body: null
    headers:
      Content-Type:
      - application/json
    method: GET
    uri: https://api.fastly.com/service/7hessp2jFvpG3vKHOQ1tTj/version/9/logging/s3
  response:
    body:
      string: !!python/unicode '[]'
    headers:
      accept-ranges:
      - bytes
      - bytes
      - bytes
      age:
      - '0'
      - '0'
      cache-control:
      - no-cache
      connection:
      - keep-alive
      content-length:
      - '2'
      content-type:
      - application/json
      date:
      - Wed, 24 Apr 2019 14:12:06 GMT
      status:
      - 200 OK
      strict-transport-security:
      - max-age=31536000
      vary:
      - Accept-Encoding
      via:
      - 1.1 varnish
      - 1.1 varnish
      x-cache:
      - MISS, MISS
      x-cache-hits:
      - 0, 0
      x-served-by:
      - cache-control-slwdc9037-CONTROL-SLWDC, cache-hhn1524-HHN
      x-timer:
      - S1556115126.864755,VS0,VE493
    status:
      code: 200
      message: OK
- request:
    body: null
    headers:
      Content-Type:
      - application/json
    method: GET
    uri: https://api.fastly.com/service/7hessp2jFvpG3vKHOQ1tTj/version/9/logging/syslog
  response:
    body:
      string: !!python/unicode '[]'
    headers:
      accept-ranges:
      - bytes
      - bytes
      - bytes
      age:
      - '0'
      - '0'
      cache-control:
      - no-cache
      connection:
      - keep-alive
      content-length:
      - '2'
      content-type:
      - application/json
      date:
      - Wed, 24 Apr 2019 14:12:07 GMT
      status:
      - 200 OK
      strict-transport-security:
      - max-age=31536000
      vary:
      - Accept-Encoding
      via:
      - 1.1 varnish
      - 1.1 varnish
      x-cache:
      - MISS, MISS
      x-cache-hits:
      - 0, 0
      x-served-by:
      - cache-control-slwdc9036-CONTROL-SLWDC, cache-hhn1549-HHN
      x-timer:
      - S1556115127.578606,VS0,VE482
    status:
      code: 200
      message: OK
- request:
    body: null
    headers:
      Content-Type:
      - application/json
    method: GET
    uri: https://api.fastly.com/service/7hessp2jFvpG3vKHOQ1tTj/version/9/logging/cloudfiles
  response:
    body:
      string: !!python/unicode '[]'
    headers:
      accept-ranges:
      - bytes
      - bytes
      - bytes
      age:
      - '0'
      - '0'
      cache-control:
      - no-cache
      connection:
      - keep-alive
      content-length:
      - '2'
      content-type:
      - application/json
      date:
      - Wed, 24 Apr 2019 14:12:07 GMT
      status:
      - 200 OK
      strict-transport-security:
      - max-age=31536000
      vary:
      - Accept-Encoding
      via:
      - 1.1 varnish
      - 1.1 varnish
      x-cache:
      - MISS, MISS
      x-cache-hits:
      - 0, 0
      x-served-by:
      - cache-control-slwdc9036-CONTROL-SLWDC, cache-hhn1525-HHN
      x-timer:
      - S1556115127.174446,VS0,VE180
    status:
      code: 200
      message: OK
- request:
    body: null
    headers:
      Content-Type:
      - application/json
    method: DELETE
    uri: https://api.fastly.com/service/7hessp2jFvpG3vKHOQ1tTj/version/9/domain/cdn.example8000.com
  response:
    body:
      string: !!python/unicode '{"status":"ok"}'
    headers:
      accept-ranges:
      - bytes
      - bytes
      cache-control:
      - no-cache
      connection:
      - keep-alive
      content-length:
      - '15'
      content-type:
      - application/json
      date:
      - Wed, 24 Apr 2019 14:12:08 GMT
      fastly-ratelimit-remaining:
      - '909'
      fastly-ratelimit-reset:
      - '1556118000'
      status:
      - 200 OK
      strict-transport-security:
      - max-age=31536000
      vary:
      - Accept-Encoding
      via:
      - 1.1 varnish
      - 1.1 varnish
      x-cache:
      - MISS, MISS
      x-cache-hits:
      - 0, 0
      x-served-by:
      - cache-control-slwdc9035-CONTROL-SLWDC, cache-hhn1548-HHN
      x-timer:
      - S1556115127.465572,VS0,VE912
    status:
      code: 200
      message: OK
- request:
    body: null
    headers:
      Content-Type:
      - application/json
    method: DELETE
    uri: https://api.fastly.com/service/7hessp2jFvpG3vKHOQ1tTj/version/9/backend/localhost
  response:
    body:
      string: !!python/unicode '{"status":"ok"}'
    headers:
      accept-ranges:
      - bytes
      - bytes
      cache-control:
      - no-cache
      connection:
      - keep-alive
      content-length:
      - '15'
      content-type:
      - application/json
      date:
      - Wed, 24 Apr 2019 14:12:09 GMT
      fastly-ratelimit-remaining:
      - '908'
      fastly-ratelimit-reset:
      - '1556118000'
      status:
      - 200 OK
      strict-transport-security:
      - max-age=31536000
      vary:
      - Accept-Encoding
      via:
      - 1.1 varnish
      - 1.1 varnish
      x-cache:
      - MISS, MISS
      x-cache-hits:
      - 0, 0
      x-served-by:
      - cache-control-slwdc9035-CONTROL-SLWDC, cache-hhn1527-HHN
      x-timer:
      - S1556115128.495208,VS0,VE629
    status:
      code: 200
      message: OK
- request:
    body: null
    headers:
      Content-Type:
      - application/json
    method: DELETE
    uri: https://api.fastly.com/service/7hessp2jFvpG3vKHOQ1tTj/version/9/header/Set%20Location%20header
  response:
    body:
      string: !!python/unicode '{"status":"ok"}'
    headers:
      accept-ranges:
      - bytes
      - bytes
      cache-control:
      - no-cache
      connection:
      - keep-alive
      content-length:
      - '15'
      content-type:
      - application/json
      date:
      - Wed, 24 Apr 2019 14:12:09 GMT
      fastly-ratelimit-remaining:
      - '907'
      fastly-ratelimit-reset:
      - '1556118000'
      status:
      - 200 OK
      strict-transport-security:
      - max-age=31536000
      vary:
      - Accept-Encoding
      via:
      - 1.1 varnish
      - 1.1 varnish
      x-cache:
      - MISS, MISS
      x-cache-hits:
      - 0, 0
      x-served-by:
      - cache-control-slwdc9035-CONTROL-SLWDC, cache-hhn1542-HHN
      x-timer:
      - S1556115129.358772,VS0,VE617
    status:
      code: 200
      message: OK
- request:
    body: null
    headers:
      Content-Type:
      - application/json
    method: DELETE
    uri: https://api.fastly.com/service/7hessp2jFvpG3vKHOQ1tTj/version/9/response_object/Set%20302%20status%20code
  response:
    body:
      string: !!python/unicode '{"status":"ok"}'
    headers:
      accept-ranges:
      - bytes
      - bytes
      cache-control:
      - no-cache
      connection:
      - keep-alive
      content-length:
      - '15'
      content-type:
      - application/json
      date:
      - Wed, 24 Apr 2019 14:12:10 GMT
      fastly-ratelimit-remaining:
      - '906'
      fastly-ratelimit-reset:
      - '1556118000'
      status:
      - 200 OK
      strict-transport-security:
      - max-age=31536000
      vary:
      - Accept-Encoding
      via:
      - 1.1 varnish
      - 1.1 varnish
      x-cache:
      - MISS, MISS
      x-cache-hits:
      - 0, 0
      x-served-by:
      - cache-control-slwdc9036-CONTROL-SLWDC, cache-hhn1540-HHN
      x-timer:
      - S1556115130.166359,VS0,VE599
    status:
      code: 200
      message: OK
- request:
    body: !!python/unicode '{"comment": "test1", "name": "cdn.example8000.com"}'
    headers:
      Content-Type:
      - application/json
    method: POST
    uri: https://api.fastly.com/service/7hessp2jFvpG3vKHOQ1tTj/version/9/domain
  response:
    body:
      string: !!python/unicode '{"comment":"test1","name":"cdn.example8000.com","service_id":"7hessp2jFvpG3vKHOQ1tTj","version":9,"deleted_at":null,"created_at":"2019-04-24T14:12:11Z","updated_at":"2019-04-24T14:12:11Z"}'
    headers:
      accept-ranges:
      - bytes
      - bytes
      cache-control:
      - no-cache
      connection:
      - keep-alive
      content-length:
      - '178'
      content-type:
      - application/json
      date:
      - Wed, 24 Apr 2019 14:12:11 GMT
      fastly-ratelimit-remaining:
      - '905'
      fastly-ratelimit-reset:
      - '1556118000'
      status:
      - 200 OK
      strict-transport-security:
      - max-age=31536000
      vary:
      - Accept-Encoding
      via:
      - 1.1 varnish
      - 1.1 varnish
      x-cache:
      - MISS, MISS
      x-cache-hits:
      - 0, 0
      x-served-by:
      - cache-control-slwdc9037-CONTROL-SLWDC, cache-fra19135-FRA
      x-timer:
      - S1556115131.887735,VS0,VE617
    status:
      code: 200
      message: OK
- request:
    body: !!python/unicode '{"ssl_ca_cert": null, "request_condition": "", "name":
      "localhost", "weight": 100, "healthcheck": null, "first_byte_timeout": 15000,
      "error_threshold": 0, "port": 80, "ssl_cert_hostname": null, "address": "127.0.0.1",
      "between_bytes_timeout": 10000, "max_conn": 200, "connect_timeout": 1000, "ssl_hostname":
      null, "shield": null}'
    headers:
      Content-Type:
      - application/json
    method: POST
    uri: https://api.fastly.com/service/7hessp2jFvpG3vKHOQ1tTj/version/9/backend
  response:
    body:
      string: !!python/unicode '{"ssl_ca_cert":null,"request_condition":"","name":"localhost","weight":100,"healthcheck":null,"first_byte_timeout":15000,"error_threshold":0,"port":80,"ssl_cert_hostname":null,"address":"127.0.0.1","between_bytes_timeout":10000,"max_conn":200,"connect_timeout":1000,"ssl_hostname":null,"shield":null,"service_id":"7hessp2jFvpG3vKHOQ1tTj","version":9,"max_tls_version":null,"ssl_client_cert":null,"hostname":null,"client_cert":null,"updated_at":"2019-04-24T14:12:12Z","ipv4":"127.0.0.1","ssl_ciphers":null,"ssl_client_key":null,"auto_loadbalance":false,"ssl_check_cert":true,"override_host":null,"ssl_sni_hostname":null,"min_tls_version":null,"ipv6":null,"deleted_at":null,"use_ssl":false,"created_at":"2019-04-24T14:12:12Z","comment":""}'
    headers:
      accept-ranges:
      - bytes
      - bytes
      cache-control:
      - no-cache
      connection:
      - keep-alive
      content-length:
      - '737'
      content-type:
      - application/json
      date:
      - Wed, 24 Apr 2019 14:12:12 GMT
      fastly-ratelimit-remaining:
      - '904'
      fastly-ratelimit-reset:
      - '1556118000'
      status:
      - 200 OK
      strict-transport-security:
      - max-age=31536000
      vary:
      - Accept-Encoding
      via:
      - 1.1 varnish
      - 1.1 varnish
      x-cache:
      - MISS, MISS
      x-cache-hits:
      - 0, 0
      x-served-by:
      - cache-control-slwdc9035-CONTROL-SLWDC, cache-fra19168-FRA
      x-timer:
      - S1556115132.706453,VS0,VE655
    status:
      code: 200
      message: OK
- request:
    body: !!python/unicode '{"ignore_if_set": "0", "regex": "", "request_condition":
      null, "name": "Set Location header", "src": "\"https://u.jimcdn.com\" req.url.path",
      "dst": "http.Location", "cache_condition": null, "priority": "10", "substitution":
      "", "action": "set", "type": "response", "response_condition": null}'
    headers:
      Content-Type:
      - application/json
    method: POST
    uri: https://api.fastly.com/service/7hessp2jFvpG3vKHOQ1tTj/version/9/header
  response:
    body:
      string: !!python/unicode '{"ignore_if_set":"0","regex":"","request_condition":null,"name":"Set
        Location header","src":"\"https://u.jimcdn.com\" req.url.path","dst":"http.Location","cache_condition":null,"priority":"10","substitution":"","action":"set","type":"response","response_condition":null,"service_id":"7hessp2jFvpG3vKHOQ1tTj","version":"9","updated_at":"2019-04-24T14:12:12Z","deleted_at":null,"created_at":"2019-04-24T14:12:12Z"}'
    headers:
      accept-ranges:
      - bytes
      - bytes
      cache-control:
      - no-cache
      connection:
      - keep-alive
      content-length:
      - '412'
      content-type:
      - application/json
      date:
      - Wed, 24 Apr 2019 14:12:12 GMT
      fastly-ratelimit-remaining:
      - '903'
      fastly-ratelimit-reset:
      - '1556118000'
      status:
      - 200 OK
      strict-transport-security:
      - max-age=31536000
      vary:
      - Accept-Encoding
      via:
      - 1.1 varnish
      - 1.1 varnish
      x-cache:
      - MISS, MISS
      x-cache-hits:
      - 0, 0
      x-served-by:
      - cache-control-slwdc9037-CONTROL-SLWDC, cache-fra19135-FRA
      x-timer:
      - S1556115133.521836,VS0,VE332
    status:
      code: 200
      message: OK
- request:
    body: !!python/unicode '{"status": "301", "request_condition": "", "name": "Set
      301 status code", "content": "", "content_type": "", "response": "Ok"}'
    headers:
      Content-Type:
      - application/json
    method: POST
    uri: https://api.fastly.com/service/7hessp2jFvpG3vKHOQ1tTj/version/9/response_object
  response:
    body:
      string: !!python/unicode '{"status":"301","request_condition":"","name":"Set
        301 status code","content":"","content_type":"","response":"Ok","service_id":"7hessp2jFvpG3vKHOQ1tTj","version":"9","deleted_at":null,"cache_condition":"","created_at":"2019-04-24T14:12:13Z","updated_at":"2019-04-24T14:12:13Z"}'
    headers:
      accept-ranges:
      - bytes
      - bytes
      cache-control:
      - no-cache
      connection:
      - keep-alive
      content-length:
      - '278'
      content-type:
      - application/json
      date:
      - Wed, 24 Apr 2019 14:12:14 GMT
      fastly-ratelimit-remaining:
      - '902'
      fastly-ratelimit-reset:
      - '1556118000'
      status:
      - 200 OK
      strict-transport-security:
      - max-age=31536000
      vary:
      - Accept-Encoding
      via:
      - 1.1 varnish
      - 1.1 varnish
      x-cache:
      - MISS, MISS
      x-cache-hits:
      - 0, 0
      x-served-by:
      - cache-control-slwdc9035-CONTROL-SLWDC, cache-fra19168-FRA
      x-timer:
      - S1556115133.035915,VS0,VE980
    status:
      code: 200
      message: OK
- request:
    body: !!python/unicode '{"general.default_ttl": 3600}'
    headers:
      Content-Type:
      - application/json
    method: PUT
    uri: https://api.fastly.com/service/7hessp2jFvpG3vKHOQ1tTj/version/9/settings
  response:
    body:
      string: !!python/unicode '{"general.stale_if_error_ttl":43200,"general.stale_if_error":false,"general.default_ttl":3600,"version":9,"general.default_host":"","general.default_pci":0,"service_id":"7hessp2jFvpG3vKHOQ1tTj"}'
    headers:
      accept-ranges:
      - bytes
      - bytes
      cache-control:
      - no-cache
      connection:
      - keep-alive
      content-length:
      - '194'
      content-type:
      - application/json
      date:
      - Wed, 24 Apr 2019 14:12:14 GMT
      fastly-ratelimit-remaining:
      - '901'
      fastly-ratelimit-reset:
      - '1556118000'
      status:
      - 200 OK
      strict-transport-security:
      - max-age=31536000
      vary:
      - Accept-Encoding
      via:
      - 1.1 varnish
      - 1.1 varnish
      x-cache:
      - MISS, MISS
      x-cache-hits:
      - 0, 0
      x-served-by:
      - cache-control-slwdc9037-CONTROL-SLWDC, cache-fra19136-FRA
      x-timer:
      - S1556115134.129938,VS0,VE573
    status:
      code: 200
      message: OK
- request:
    body: null
    headers:
      Content-Type:
      - application/json
    method: GET
    uri: https://api.fastly.com/service/7hessp2jFvpG3vKHOQ1tTj/details
  response:
    body:
      string: !!python/unicode '{"name":"Jimdo Fastly Ansible Module Test","deleted_at":null,"versions":[{"active":false,"locked":false,"created_at":"2019-04-24T14:09:39Z","updated_at":"2019-04-24T14:09:39Z","service_id":"7hessp2jFvpG3vKHOQ1tTj","staging":false,"comment":"","deployed":false,"number":1,"testing":false,"deleted_at":null},{"locked":true,"created_at":"2019-04-24T14:09:40Z","service_id":"7hessp2jFvpG3vKHOQ1tTj","updated_at":"2019-04-24T14:10:13Z","active":false,"comment":"","deployed":false,"testing":false,"number":2,"deleted_at":null,"staging":false},{"testing":false,"deployed":false,"number":3,"comment":"","service_id":"7hessp2jFvpG3vKHOQ1tTj","deleted_at":null,"staging":false,"locked":true,"updated_at":"2019-04-24T14:10:31Z","created_at":"2019-04-24T14:09:57Z","active":false},{"staging":false,"service_id":"7hessp2jFvpG3vKHOQ1tTj","deleted_at":null,"deployed":false,"number":4,"testing":false,"comment":"","active":false,"updated_at":"2019-04-24T14:10:53Z","created_at":"2019-04-24T14:10:16Z","locked":true},{"locked":true,"updated_at":"2019-04-24T14:11:15Z","service_id":"7hessp2jFvpG3vKHOQ1tTj","created_at":"2019-04-24T14:10:34Z","active":false,"deployed":false,"testing":false,"number":5,"comment":"","deleted_at":null,"staging":false},{"number":6,"deployed":false,"testing":false,"comment":"","service_id":"7hessp2jFvpG3vKHOQ1tTj","deleted_at":null,"staging":false,"locked":true,"updated_at":"2019-04-24T14:11:35Z","created_at":"2019-04-24T14:10:59Z","active":false},{"deployed":false,"number":7,"testing":false,"comment":"","deleted_at":null,"service_id":"7hessp2jFvpG3vKHOQ1tTj","staging":false,"locked":true,"updated_at":"2019-04-24T14:11:55Z","created_at":"2019-04-24T14:11:18Z","active":false},{"service_id":"7hessp2jFvpG3vKHOQ1tTj","deleted_at":null,"comment":"","testing":false,"deployed":false,"number":8,"staging":false,"created_at":"2019-04-24T14:11:38Z","updated_at":"2019-04-24T14:11:55Z","locked":true,"active":true},{"created_at":"2019-04-24T14:11:58Z","updated_at":"2019-04-24T14:12:13Z","service_id":"7hessp2jFvpG3vKHOQ1tTj","locked":false,"active":false,"deleted_at":null,"comment":"","deployed":false,"number":9,"testing":false,"staging":false}],"created_at":"2019-04-24T14:09:39Z","customer_id":"4NTmXUwFuuC5U0iJUrdEHr","comment":"","updated_at":"2019-04-24T14:09:39Z","id":"7hessp2jFvpG3vKHOQ1tTj","version":{"testing":false,"staging":false,"updated_at":"2019-04-24T14:12:13Z","active":false,"number":9,"service_id":"7hessp2jFvpG3vKHOQ1tTj","deployed":false,"locked":false,"deleted_at":null,"created_at":"2019-04-24T14:11:58Z","comment":"","acls":[],"backends":[{"max_tls_version":null,"ssl_ca_cert":null,"auto_loadbalance":false,"ssl_check_cert":true,"shield":null,"override_host":null,"hostname":null,"ssl_client_cert":null,"error_threshold":0,"request_condition":"","first_byte_timeout":15000,"ssl_cert_hostname":null,"weight":100,"client_cert":null,"address":"127.0.0.1","ssl_hostname":null,"ssl_sni_hostname":null,"min_tls_version":null,"ipv6":null,"ipv4":"127.0.0.1","connect_timeout":1000,"ssl_ciphers":null,"name":"localhost","healthcheck":null,"port":80,"max_conn":200,"use_ssl":false,"comment":"","between_bytes_timeout":10000,"ssl_client_key":null}],"cache_settings":[],"conditions":[],"dictionaries":[],"directors":[],"domains":[{"comment":"test1","name":"cdn.example8000.com"}],"gzips":[],"headers":[{"priority":"10","src":"\"https://u.jimcdn.com\"
        req.url.path","name":"Set Location header","substitution":"","ignore_if_set":"0","cache_condition":null,"request_condition":null,"regex":"","response_condition":null,"action":"set","type":"response","dst":"http.Location"}],"healthchecks":[],"request_settings":[],"response_objects":[{"request_condition":"","content_type":"","status":"301","response":"Ok","name":"Set
        301 status code","content":"","cache_condition":""}],"snippets":[],"vcls":[],"wordpress":[],"settings":{"general.stale_if_error_ttl":43200,"general.stale_if_error":false,"general.default_ttl":3600,"general.default_host":"","general.default_pci":0}},"active_version":{"staging":false,"comment":"","service_id":"7hessp2jFvpG3vKHOQ1tTj","created_at":"2019-04-24T14:11:38Z","deleted_at":null,"testing":false,"updated_at":"2019-04-24T14:11:55Z","number":8,"deployed":false,"active":true,"locked":true,"acls":[],"backends":[{"ipv4":"127.0.0.1","error_threshold":0,"auto_loadbalance":false,"shield":null,"first_byte_timeout":15000,"comment":"","request_condition":"","port":80,"override_host":null,"ssl_check_cert":true,"ssl_ca_cert":null,"address":"127.0.0.1","ssl_cert_hostname":null,"weight":100,"max_tls_version":null,"min_tls_version":null,"connect_timeout":1000,"between_bytes_timeout":10000,"client_cert":null,"ssl_client_cert":null,"ssl_hostname":null,"name":"localhost","ipv6":null,"use_ssl":false,"ssl_ciphers":null,"ssl_sni_hostname":null,"healthcheck":null,"max_conn":200,"ssl_client_key":null,"hostname":null}],"cache_settings":[],"conditions":[],"dictionaries":[],"directors":[],"domains":[{"name":"cdn.example8000.com","comment":"test1"}],"gzips":[],"headers":[{"request_condition":null,"type":"response","name":"Set
        Location header","dst":"http.Location","response_condition":null,"substitution":"","src":"\"https://u.jimcdn.com\"
        req.url.path","priority":"10","regex":"","cache_condition":null,"action":"set","ignore_if_set":"0"}],"healthchecks":[],"request_settings":[],"response_objects":[{"content":"","request_condition":"","content_type":"","cache_condition":"","response":"Ok","name":"Set
        302 status code","status":"302"}],"snippets":[],"vcls":[],"wordpress":[],"settings":{"general.stale_if_error_ttl":43200,"general.stale_if_error":false,"general.default_pci":0,"general.default_ttl":3600,"general.default_host":""}}}'
    headers:
      accept-ranges:
      - bytes
      - bytes
      - bytes
      age:
      - '0'
      cache-control:
      - no-cache
      connection:
      - keep-alive
      content-length:
      - '5664'
      content-type:
      - application/json
      date:
      - Wed, 24 Apr 2019 14:12:15 GMT
      status:
      - 200 OK
      strict-transport-security:
      - max-age=31536000
      vary:
      - Accept-Encoding
      via:
      - 1.1 varnish
      - 1.1 varnish
      x-cache:
      - MISS, MISS
      x-cache-hits:
      - 0, 0
      x-served-by:
      - cache-control-slwdc9037-CONTROL-SLWDC, cache-fra19168-FRA
      x-timer:
      - S1556115135.870294,VS0,VE623
    status:
      code: 200
      message: OK
version: 1
