interactions:
- request:
    body: null
    headers:
      Content-Type: [application/json]
    method: GET
    uri: https://api.fastly.com/service/search?name=Fastly%20Ansible%20Module%20Test
  response:
    body: {string: !!python/unicode '{"msg":"Record not found","detail":"Cannot load
        service ''31RPDMBpiruA1yfGA2djLm''-''Fastly Ansible Module Test''"}'}
    headers:
      accept-ranges: [bytes]
      cache-control: [no-cache]
      connection: [keep-alive]
      content-length: ['111']
      content-type: [application/json]
      date: ['Fri, 06 Apr 2018 12:24:15 GMT']
      status: [404 Not Found]
      vary: [Accept-Encoding]
      via: [1.1 varnish, 1.1 varnish]
      x-cache: ['MISS, MISS']
      x-cache-hits: ['0, 0']
      x-served-by: ['app-slwdc9051-SL, cache-fra19120-FRA']
      x-timer: ['S1523017455.988261,VS0,VE111']
    status: {code: 404, message: Not Found}
- request:
    body: !!python/unicode '{"name": "Fastly Ansible Module Test"}'
    headers:
      Content-Type: [application/json]
    method: POST
    uri: https://api.fastly.com/service
  response:
    body: {string: !!python/unicode '{"customer_id":"31RPDMBpiruA1yfGA2djLm","name":"Fastly
        Ansible Module Test","publish_key":"e32cf9226a0314d9449d65fd1eaf3b1677e61427","versions":[{"testing":false,"locked":false,"number":1,"active":false,"service_id":"3HIt3z8Zgd8OYOeLP4avj6","staging":false,"created_at":"2018-04-06T12:24:15Z","deleted_at":null,"comment":"","updated_at":"2018-04-06T12:24:15Z","deployed":false}],"deleted_at":null,"created_at":"2018-04-06T12:24:15Z","comment":"","updated_at":"2018-04-06T12:24:15Z","id":"3HIt3z8Zgd8OYOeLP4avj6"}'}
    headers:
      accept-ranges: [bytes]
      cache-control: [no-cache]
      connection: [keep-alive]
      content-length: ['512']
      content-type: [application/json]
      date: ['Fri, 06 Apr 2018 12:24:15 GMT']
      fastly-ratelimit-remaining: ['798']
      fastly-ratelimit-reset: ['1523019600']
      status: [200 OK]
      vary: [Accept-Encoding]
      via: [1.1 varnish, 1.1 varnish]
      x-cache: ['MISS, MISS']
      x-cache-hits: ['0, 0']
      x-served-by: ['app-slwdc9051-SL, cache-fra19143-FRA']
      x-timer: ['S1523017455.162586,VS0,VE473']
    status: {code: 200, message: OK}
- request:
    body: null
    headers:
      Content-Type: [application/json]
    method: GET
    uri: https://api.fastly.com/service/3HIt3z8Zgd8OYOeLP4avj6/details
  response:
    body: {string: !!python/unicode '{"name":"Fastly Ansible Module Test","deleted_at":null,"versions":[{"testing":false,"locked":false,"number":1,"active":false,"service_id":"3HIt3z8Zgd8OYOeLP4avj6","staging":false,"created_at":"2018-04-06T12:24:15Z","deleted_at":null,"comment":"","updated_at":"2018-04-06T12:24:15Z","deployed":false}],"created_at":"2018-04-06T12:24:15Z","customer_id":"31RPDMBpiruA1yfGA2djLm","comment":"","updated_at":"2018-04-06T12:24:15Z","id":"3HIt3z8Zgd8OYOeLP4avj6","version":{"testing":false,"number":1,"service_id":"3HIt3z8Zgd8OYOeLP4avj6","staging":false,"updated_at":"2018-04-06T12:24:15Z","deployed":false,"locked":false,"active":false,"deleted_at":null,"created_at":"2018-04-06T12:24:15Z","comment":"","acls":[],"backends":[],"cache_settings":[],"conditions":[],"dictionaries":[],"directors":[],"domains":[],"gzips":[],"headers":[],"healthchecks":[],"request_settings":[],"response_objects":[],"snippets":[],"vcls":[],"wordpress":[],"settings":{"general.default_ttl":3600,"general.default_host":"","general.default_pci":0}},"active_version":null}'}
    headers:
      accept-ranges: [bytes]
      age: ['0']
      cache-control: [no-cache]
      connection: [keep-alive]
      content-length: ['1041']
      content-type: [application/json]
      date: ['Fri, 06 Apr 2018 12:24:16 GMT']
      status: [200 OK]
      vary: [Accept-Encoding]
      via: [1.1 varnish, 1.1 varnish]
      x-cache: ['MISS, MISS']
      x-cache-hits: ['0, 0']
      x-served-by: ['app-slwdc9051-SL, cache-fra19124-FRA']
      x-timer: ['S1523017456.699933,VS0,VE530']
    status: {code: 200, message: OK}
- request:
    body: null
    headers:
      Content-Type: [application/json]
    method: POST
    uri: https://api.fastly.com/service/3HIt3z8Zgd8OYOeLP4avj6/version
  response:
    body: {string: !!python/unicode '{"service_id":"3HIt3z8Zgd8OYOeLP4avj6","number":2}'}
    headers:
      accept-ranges: [bytes]
      cache-control: [no-cache]
      connection: [keep-alive]
      content-length: ['50']
      content-type: [application/json]
      date: ['Fri, 06 Apr 2018 12:24:16 GMT']
      fastly-ratelimit-remaining: ['797']
      fastly-ratelimit-reset: ['1523019600']
      status: [200 OK]
      vary: [Accept-Encoding]
      via: [1.1 varnish, 1.1 varnish]
      x-cache: ['MISS, MISS']
      x-cache-hits: ['0, 0']
      x-served-by: ['app-slwdc9051-SL, cache-fra19133-FRA']
      x-timer: ['S1523017456.432357,VS0,VE174']
    status: {code: 200, message: OK}
- request:
    body: !!python/unicode '{"comment": "", "name": "example8000.com"}'
    headers:
      Content-Type: [application/json]
    method: POST
    uri: https://api.fastly.com/service/3HIt3z8Zgd8OYOeLP4avj6/version/2/domain
  response:
    body: {string: !!python/unicode '{"comment":"","name":"example8000.com","service_id":"3HIt3z8Zgd8OYOeLP4avj6","version":2,"deleted_at":null,"created_at":"2018-04-06T12:24:17Z","updated_at":"2018-04-06T12:24:17Z"}'}
    headers:
      accept-ranges: [bytes]
      cache-control: [no-cache]
      connection: [keep-alive]
      content-length: ['179']
      content-type: [application/json]
      date: ['Fri, 06 Apr 2018 12:24:17 GMT']
      fastly-ratelimit-remaining: ['796']
      fastly-ratelimit-reset: ['1523019600']
      status: [200 OK]
      vary: [Accept-Encoding]
      via: [1.1 varnish, 1.1 varnish]
      x-cache: ['MISS, MISS']
      x-cache-hits: ['0, 0']
      x-served-by: ['app-slwdc9051-SL, cache-fra19150-FRA']
      x-timer: ['S1523017457.672275,VS0,VE514']
    status: {code: 200, message: OK}
- request:
    body: !!python/unicode '{"ssl_ca_cert": null, "request_condition": "", "name":
      "localhost", "weight": 100, "healthcheck": null, "first_byte_timeout": 15000,
      "connect_timeout": 1000, "error_threshold": 0, "ssl_cert_hostname": null, "address":
      "127.0.0.1", "between_bytes_timeout": 10000, "max_conn": 200, "port": 80, "ssl_hostname":
      null, "shield": null}'
    headers:
      Content-Type: [application/json]
    method: POST
    uri: https://api.fastly.com/service/3HIt3z8Zgd8OYOeLP4avj6/version/2/backend
  response:
    body: {string: !!python/unicode '{"ssl_ca_cert":null,"request_condition":"","name":"localhost","weight":100,"healthcheck":null,"first_byte_timeout":15000,"connect_timeout":1000,"error_threshold":0,"ssl_cert_hostname":null,"address":"127.0.0.1","between_bytes_timeout":10000,"max_conn":200,"port":80,"ssl_hostname":null,"shield":null,"service_id":"3HIt3z8Zgd8OYOeLP4avj6","version":2,"max_tls_version":null,"ssl_client_cert":null,"hostname":null,"client_cert":null,"updated_at":"2018-04-06T12:24:17Z","ipv4":"127.0.0.1","ssl_ciphers":null,"ssl_client_key":null,"auto_loadbalance":false,"ssl_check_cert":true,"ssl_sni_hostname":null,"min_tls_version":null,"ipv6":null,"deleted_at":null,"use_ssl":false,"created_at":"2018-04-06T12:24:17Z","comment":""}'}
    headers:
      accept-ranges: [bytes]
      cache-control: [no-cache]
      connection: [keep-alive]
      content-length: ['716']
      content-type: [application/json]
      date: ['Fri, 06 Apr 2018 12:24:17 GMT']
      fastly-ratelimit-remaining: ['795']
      fastly-ratelimit-reset: ['1523019600']
      status: [200 OK]
      vary: [Accept-Encoding]
      via: [1.1 varnish, 1.1 varnish]
      x-cache: ['MISS, MISS']
      x-cache-hits: ['0, 0']
      x-served-by: ['app-slwdc9051-SL, cache-fra19146-FRA']
      x-timer: ['S1523017457.264868,VS0,VE444']
    status: {code: 200, message: OK}
- request:
    body: !!python/unicode '{"ignore_if_set": "0", "regex": "", "request_condition":
      null, "name": "Set Location header", "src": "\"https://u.jimcdn.com\" req.url.path",
      "dst": "http.Location", "substitution": "", "priority": "100", "cache_condition":
      null, "action": "set", "type": "response", "response_condition": null}'
    headers:
      Content-Type: [application/json]
    method: POST
    uri: https://api.fastly.com/service/3HIt3z8Zgd8OYOeLP4avj6/version/2/header
  response:
    body: {string: !!python/unicode '{"ignore_if_set":"0","regex":"","request_condition":null,"name":"Set
        Location header","src":"\"https://u.jimcdn.com\" req.url.path","dst":"http.Location","substitution":"","priority":"100","cache_condition":null,"action":"set","type":"response","response_condition":null,"service_id":"3HIt3z8Zgd8OYOeLP4avj6","version":"2","updated_at":"2018-04-06T12:24:18Z","deleted_at":null,"created_at":"2018-04-06T12:24:18Z"}'}
    headers:
      accept-ranges: [bytes]
      cache-control: [no-cache]
      connection: [keep-alive]
      content-length: ['413']
      content-type: [application/json]
      date: ['Fri, 06 Apr 2018 12:24:18 GMT']
      fastly-ratelimit-remaining: ['794']
      fastly-ratelimit-reset: ['1523019600']
      status: [200 OK]
      vary: [Accept-Encoding]
      via: [1.1 varnish, 1.1 varnish]
      x-cache: ['MISS, MISS']
      x-cache-hits: ['0, 0']
      x-served-by: ['app-slwdc9051-SL, cache-fra19147-FRA']
      x-timer: ['S1523017458.846496,VS0,VE433']
    status: {code: 200, message: OK}
- request:
    body: !!python/unicode '{"status": "200", "request_condition": "", "name": "Set
      200 status code", "content": "", "content_type": "", "response": "Ok"}'
    headers:
      Content-Type: [application/json]
    method: POST
    uri: https://api.fastly.com/service/3HIt3z8Zgd8OYOeLP4avj6/version/2/response_object
  response:
    body: {string: !!python/unicode '{"status":"200","request_condition":"","name":"Set
        200 status code","content":"","content_type":"","response":"Ok","service_id":"3HIt3z8Zgd8OYOeLP4avj6","version":"2","deleted_at":null,"cache_condition":"","created_at":"2018-04-06T12:24:18Z","updated_at":"2018-04-06T12:24:18Z"}'}
    headers:
      accept-ranges: [bytes]
      cache-control: [no-cache]
      connection: [keep-alive]
      content-length: ['278']
      content-type: [application/json]
      date: ['Fri, 06 Apr 2018 12:24:18 GMT']
      fastly-ratelimit-remaining: ['793']
      fastly-ratelimit-reset: ['1523019600']
      status: [200 OK]
      vary: [Accept-Encoding]
      via: [1.1 varnish, 1.1 varnish]
      x-cache: ['MISS, MISS']
      x-cache-hits: ['0, 0']
      x-served-by: ['app-slwdc9051-SL, cache-fra19124-FRA']
      x-timer: ['S1523017459.522884,VS0,VE408']
    status: {code: 200, message: OK}
- request:
    body: !!python/unicode '{"general.default_ttl": 3600}'
    headers:
      Content-Type: [application/json]
    method: PUT
    uri: https://api.fastly.com/service/3HIt3z8Zgd8OYOeLP4avj6/version/2/settings
  response:
    body: {string: !!python/unicode '{"general.default_ttl":3600,"version":2,"general.default_host":"","general.default_pci":0,"service_id":"3HIt3z8Zgd8OYOeLP4avj6"}'}
    headers:
      accept-ranges: [bytes]
      cache-control: [no-cache]
      connection: [keep-alive]
      content-length: ['128']
      content-type: [application/json]
      date: ['Fri, 06 Apr 2018 12:24:19 GMT']
      fastly-ratelimit-remaining: ['792']
      fastly-ratelimit-reset: ['1523019600']
      status: [200 OK]
      vary: [Accept-Encoding]
      via: [1.1 varnish, 1.1 varnish]
      x-cache: ['MISS, MISS']
      x-cache-hits: ['0, 0']
      x-served-by: ['app-slwdc9051-SL, cache-fra19127-FRA']
      x-timer: ['S1523017459.995439,VS0,VE437']
    status: {code: 200, message: OK}
- request:
    body: null
    headers:
      Content-Type: [application/json]
    method: PUT
    uri: https://api.fastly.com/service/3HIt3z8Zgd8OYOeLP4avj6/version/2/activate
  response:
    body: {string: !!python/unicode '{"testing":false,"locked":true,"number":2,"active":true,"service_id":"3HIt3z8Zgd8OYOeLP4avj6","staging":false,"created_at":"2018-04-06T12:24:16Z","deleted_at":null,"comment":"","updated_at":"2018-04-06T12:24:18Z","deployed":false,"msg":null}'}
    headers:
      accept-ranges: [bytes]
      cache-control: [no-cache]
      connection: [keep-alive]
      content-length: ['241']
      content-type: [application/json]
      date: ['Fri, 06 Apr 2018 12:24:20 GMT']
      fastly-ratelimit-remaining: ['791']
      fastly-ratelimit-reset: ['1523019600']
      status: [200 OK]
      vary: [Accept-Encoding]
      via: [1.1 varnish, 1.1 varnish]
      x-cache: ['MISS, MISS']
      x-cache-hits: ['0, 0']
      x-served-by: ['app-slwdc9051-SL, cache-fra19122-FRA']
      x-timer: ['S1523017459.498169,VS0,VE637']
    status: {code: 200, message: OK}
- request:
    body: null
    headers:
      Content-Type: [application/json]
    method: GET
    uri: https://api.fastly.com/service/3HIt3z8Zgd8OYOeLP4avj6/details
  response:
    body: {string: !!python/unicode '{"name":"Fastly Ansible Module Test","deleted_at":null,"versions":[{"testing":false,"locked":false,"number":1,"active":false,"service_id":"3HIt3z8Zgd8OYOeLP4avj6","staging":false,"created_at":"2018-04-06T12:24:15Z","deleted_at":null,"comment":"","updated_at":"2018-04-06T12:24:15Z","deployed":false},{"testing":false,"locked":true,"number":2,"active":true,"service_id":"3HIt3z8Zgd8OYOeLP4avj6","staging":false,"created_at":"2018-04-06T12:24:16Z","deleted_at":null,"comment":"","updated_at":"2018-04-06T12:24:20Z","deployed":false}],"created_at":"2018-04-06T12:24:15Z","customer_id":"31RPDMBpiruA1yfGA2djLm","comment":"","updated_at":"2018-04-06T12:24:15Z","id":"3HIt3z8Zgd8OYOeLP4avj6","version":{"testing":false,"number":2,"service_id":"3HIt3z8Zgd8OYOeLP4avj6","staging":false,"updated_at":"2018-04-06T12:24:20Z","deployed":false,"locked":true,"active":true,"deleted_at":null,"created_at":"2018-04-06T12:24:16Z","comment":"","acls":[],"backends":[{"max_tls_version":null,"ssl_ca_cert":null,"auto_loadbalance":false,"ssl_check_cert":true,"shield":null,"hostname":null,"ssl_client_cert":null,"error_threshold":0,"request_condition":"","first_byte_timeout":15000,"ssl_cert_hostname":null,"weight":100,"client_cert":null,"address":"127.0.0.1","ssl_hostname":null,"ssl_sni_hostname":null,"min_tls_version":null,"ipv6":null,"ipv4":"127.0.0.1","connect_timeout":1000,"ssl_ciphers":null,"name":"localhost","healthcheck":null,"port":80,"max_conn":200,"use_ssl":false,"comment":"","between_bytes_timeout":10000,"ssl_client_key":null}],"cache_settings":[],"conditions":[],"dictionaries":[],"directors":[],"domains":[{"comment":"","name":"example8000.com"}],"gzips":[],"headers":[{"priority":"100","src":"\"https://u.jimcdn.com\"
        req.url.path","name":"Set Location header","substitution":"","ignore_if_set":"0","cache_condition":null,"request_condition":null,"regex":"","response_condition":null,"action":"set","type":"response","dst":"http.Location"}],"healthchecks":[],"request_settings":[],"response_objects":[{"request_condition":"","content_type":"","status":"200","response":"Ok","name":"Set
        200 status code","content":"","cache_condition":""}],"snippets":[],"vcls":[],"wordpress":[],"settings":{"general.default_ttl":3600,"general.default_host":"","general.default_pci":0}},"active_version":{"testing":false,"number":2,"service_id":"3HIt3z8Zgd8OYOeLP4avj6","staging":false,"updated_at":"2018-04-06T12:24:20Z","deployed":false,"locked":true,"active":true,"deleted_at":null,"created_at":"2018-04-06T12:24:16Z","comment":"","acls":[],"backends":[{"max_tls_version":null,"ssl_ca_cert":null,"auto_loadbalance":false,"ssl_check_cert":true,"shield":null,"hostname":null,"ssl_client_cert":null,"error_threshold":0,"request_condition":"","first_byte_timeout":15000,"ssl_cert_hostname":null,"weight":100,"client_cert":null,"address":"127.0.0.1","ssl_hostname":null,"ssl_sni_hostname":null,"min_tls_version":null,"ipv6":null,"ipv4":"127.0.0.1","connect_timeout":1000,"ssl_ciphers":null,"name":"localhost","healthcheck":null,"port":80,"max_conn":200,"use_ssl":false,"comment":"","between_bytes_timeout":10000,"ssl_client_key":null}],"cache_settings":[],"conditions":[],"dictionaries":[],"directors":[],"domains":[{"comment":"","name":"example8000.com"}],"gzips":[],"headers":[{"priority":"100","src":"\"https://u.jimcdn.com\"
        req.url.path","name":"Set Location header","substitution":"","ignore_if_set":"0","cache_condition":null,"request_condition":null,"regex":"","response_condition":null,"action":"set","type":"response","dst":"http.Location"}],"healthchecks":[],"request_settings":[],"response_objects":[{"request_condition":"","content_type":"","status":"200","response":"Ok","name":"Set
        200 status code","content":"","cache_condition":""}],"snippets":[],"vcls":[],"wordpress":[],"settings":{"general.default_ttl":3600,"general.default_host":"","general.default_pci":0}}}'}
    headers:
      accept-ranges: [bytes]
      age: ['0']
      cache-control: [no-cache]
      connection: [keep-alive]
      content-length: ['3861']
      content-type: [application/json]
      date: ['Fri, 06 Apr 2018 12:24:20 GMT']
      status: [200 OK]
      vary: [Accept-Encoding]
      via: [1.1 varnish, 1.1 varnish]
      x-cache: ['MISS, MISS']
      x-cache-hits: ['0, 0']
      x-served-by: ['app-slwdc9051-SL, cache-fra19139-FRA']
      x-timer: ['S1523017460.258422,VS0,VE143']
    status: {code: 200, message: OK}
- request:
    body: null
    headers:
      Content-Type: [application/json]
    method: GET
    uri: https://api.fastly.com/service/search?name=Fastly%20Ansible%20Module%20Test
  response:
    body: {string: !!python/unicode '{"name":"Fastly Ansible Module Test","deleted_at":null,"versions":[{"testing":false,"locked":false,"number":1,"active":false,"service_id":"3HIt3z8Zgd8OYOeLP4avj6","staging":false,"created_at":"2018-04-06T12:24:15Z","deleted_at":null,"comment":"","updated_at":"2018-04-06T12:24:15Z","deployed":false},{"testing":false,"number":2,"service_id":"3HIt3z8Zgd8OYOeLP4avj6","staging":false,"updated_at":"2018-04-06T12:24:20Z","deployed":false,"locked":true,"active":true,"deleted_at":null,"created_at":"2018-04-06T12:24:16Z","comment":""}],"created_at":"2018-04-06T12:24:15Z","customer_id":"31RPDMBpiruA1yfGA2djLm","comment":"","updated_at":"2018-04-06T12:24:15Z","id":"3HIt3z8Zgd8OYOeLP4avj6"}'}
    headers:
      accept-ranges: [bytes]
      age: ['0']
      cache-control: [no-cache]
      connection: [keep-alive]
      content-length: ['686']
      content-type: [application/json]
      date: ['Fri, 06 Apr 2018 12:24:20 GMT']
      status: [200 OK]
      vary: [Accept-Encoding]
      via: [1.1 varnish, 1.1 varnish]
      x-cache: ['MISS, MISS']
      x-cache-hits: ['0, 0']
      x-served-by: ['app-slwdc9051-SL, cache-fra19145-FRA']
      x-timer: ['S1523017460.464684,VS0,VE139']
    status: {code: 200, message: OK}
- request:
    body: null
    headers:
      Content-Type: [application/json]
    method: GET
    uri: https://api.fastly.com/service/3HIt3z8Zgd8OYOeLP4avj6/details
  response:
    body: {string: !!python/unicode '{"name":"Fastly Ansible Module Test","deleted_at":null,"versions":[{"testing":false,"locked":false,"number":1,"active":false,"service_id":"3HIt3z8Zgd8OYOeLP4avj6","staging":false,"created_at":"2018-04-06T12:24:15Z","deleted_at":null,"comment":"","updated_at":"2018-04-06T12:24:15Z","deployed":false},{"testing":false,"locked":true,"number":2,"active":true,"service_id":"3HIt3z8Zgd8OYOeLP4avj6","staging":false,"created_at":"2018-04-06T12:24:16Z","deleted_at":null,"comment":"","updated_at":"2018-04-06T12:24:20Z","deployed":false}],"created_at":"2018-04-06T12:24:15Z","customer_id":"31RPDMBpiruA1yfGA2djLm","comment":"","updated_at":"2018-04-06T12:24:15Z","id":"3HIt3z8Zgd8OYOeLP4avj6","version":{"testing":false,"number":2,"service_id":"3HIt3z8Zgd8OYOeLP4avj6","staging":false,"updated_at":"2018-04-06T12:24:20Z","deployed":false,"locked":true,"active":true,"deleted_at":null,"created_at":"2018-04-06T12:24:16Z","comment":"","acls":[],"backends":[{"max_tls_version":null,"ssl_ca_cert":null,"auto_loadbalance":false,"ssl_check_cert":true,"shield":null,"hostname":null,"ssl_client_cert":null,"error_threshold":0,"request_condition":"","first_byte_timeout":15000,"ssl_cert_hostname":null,"weight":100,"client_cert":null,"address":"127.0.0.1","ssl_hostname":null,"ssl_sni_hostname":null,"min_tls_version":null,"ipv6":null,"ipv4":"127.0.0.1","connect_timeout":1000,"ssl_ciphers":null,"name":"localhost","healthcheck":null,"port":80,"max_conn":200,"use_ssl":false,"comment":"","between_bytes_timeout":10000,"ssl_client_key":null}],"cache_settings":[],"conditions":[],"dictionaries":[],"directors":[],"domains":[{"comment":"","name":"example8000.com"}],"gzips":[],"headers":[{"priority":"100","src":"\"https://u.jimcdn.com\"
        req.url.path","name":"Set Location header","substitution":"","ignore_if_set":"0","cache_condition":null,"request_condition":null,"regex":"","response_condition":null,"action":"set","type":"response","dst":"http.Location"}],"healthchecks":[],"request_settings":[],"response_objects":[{"request_condition":"","content_type":"","status":"200","response":"Ok","name":"Set
        200 status code","content":"","cache_condition":""}],"snippets":[],"vcls":[],"wordpress":[],"settings":{"general.default_ttl":3600,"general.default_host":"","general.default_pci":0}},"active_version":{"testing":false,"number":2,"service_id":"3HIt3z8Zgd8OYOeLP4avj6","staging":false,"updated_at":"2018-04-06T12:24:20Z","deployed":false,"locked":true,"active":true,"deleted_at":null,"created_at":"2018-04-06T12:24:16Z","comment":"","acls":[],"backends":[{"max_tls_version":null,"ssl_ca_cert":null,"auto_loadbalance":false,"ssl_check_cert":true,"shield":null,"hostname":null,"ssl_client_cert":null,"error_threshold":0,"request_condition":"","first_byte_timeout":15000,"ssl_cert_hostname":null,"weight":100,"client_cert":null,"address":"127.0.0.1","ssl_hostname":null,"ssl_sni_hostname":null,"min_tls_version":null,"ipv6":null,"ipv4":"127.0.0.1","connect_timeout":1000,"ssl_ciphers":null,"name":"localhost","healthcheck":null,"port":80,"max_conn":200,"use_ssl":false,"comment":"","between_bytes_timeout":10000,"ssl_client_key":null}],"cache_settings":[],"conditions":[],"dictionaries":[],"directors":[],"domains":[{"comment":"","name":"example8000.com"}],"gzips":[],"headers":[{"priority":"100","src":"\"https://u.jimcdn.com\"
        req.url.path","name":"Set Location header","substitution":"","ignore_if_set":"0","cache_condition":null,"request_condition":null,"regex":"","response_condition":null,"action":"set","type":"response","dst":"http.Location"}],"healthchecks":[],"request_settings":[],"response_objects":[{"request_condition":"","content_type":"","status":"200","response":"Ok","name":"Set
        200 status code","content":"","cache_condition":""}],"snippets":[],"vcls":[],"wordpress":[],"settings":{"general.default_ttl":3600,"general.default_host":"","general.default_pci":0}}}'}
    headers:
      accept-ranges: [bytes]
      age: ['0']
      cache-control: [no-cache]
      connection: [keep-alive]
      content-length: ['3861']
      content-type: [application/json]
      date: ['Fri, 06 Apr 2018 12:24:20 GMT']
      status: [200 OK]
      vary: [Accept-Encoding]
      via: [1.1 varnish, 1.1 varnish]
      x-cache: ['MISS, MISS']
      x-cache-hits: ['0, 0']
      x-served-by: ['app-slwdc9051-SL, cache-fra19127-FRA']
      x-timer: ['S1523017461.669941,VS0,VE114']
    status: {code: 200, message: OK}
- request:
    body: null
    headers:
      Content-Type: [application/json]
    method: GET
    uri: https://api.fastly.com/service/3HIt3z8Zgd8OYOeLP4avj6/details
  response:
    body: {string: !!python/unicode '{"name":"Fastly Ansible Module Test","deleted_at":null,"versions":[{"testing":false,"locked":false,"number":1,"active":false,"service_id":"3HIt3z8Zgd8OYOeLP4avj6","staging":false,"created_at":"2018-04-06T12:24:15Z","deleted_at":null,"comment":"","updated_at":"2018-04-06T12:24:15Z","deployed":false},{"testing":false,"locked":true,"number":2,"active":true,"service_id":"3HIt3z8Zgd8OYOeLP4avj6","staging":false,"created_at":"2018-04-06T12:24:16Z","deleted_at":null,"comment":"","updated_at":"2018-04-06T12:24:20Z","deployed":false}],"created_at":"2018-04-06T12:24:15Z","customer_id":"31RPDMBpiruA1yfGA2djLm","comment":"","updated_at":"2018-04-06T12:24:15Z","id":"3HIt3z8Zgd8OYOeLP4avj6","version":{"testing":false,"number":2,"service_id":"3HIt3z8Zgd8OYOeLP4avj6","staging":false,"updated_at":"2018-04-06T12:24:20Z","deployed":false,"locked":true,"active":true,"deleted_at":null,"created_at":"2018-04-06T12:24:16Z","comment":"","acls":[],"backends":[{"max_tls_version":null,"ssl_ca_cert":null,"auto_loadbalance":false,"ssl_check_cert":true,"shield":null,"hostname":null,"ssl_client_cert":null,"error_threshold":0,"request_condition":"","first_byte_timeout":15000,"ssl_cert_hostname":null,"weight":100,"client_cert":null,"address":"127.0.0.1","ssl_hostname":null,"ssl_sni_hostname":null,"min_tls_version":null,"ipv6":null,"ipv4":"127.0.0.1","connect_timeout":1000,"ssl_ciphers":null,"name":"localhost","healthcheck":null,"port":80,"max_conn":200,"use_ssl":false,"comment":"","between_bytes_timeout":10000,"ssl_client_key":null}],"cache_settings":[],"conditions":[],"dictionaries":[],"directors":[],"domains":[{"comment":"","name":"example8000.com"}],"gzips":[],"headers":[{"priority":"100","src":"\"https://u.jimcdn.com\"
        req.url.path","name":"Set Location header","substitution":"","ignore_if_set":"0","cache_condition":null,"request_condition":null,"regex":"","response_condition":null,"action":"set","type":"response","dst":"http.Location"}],"healthchecks":[],"request_settings":[],"response_objects":[{"request_condition":"","content_type":"","status":"200","response":"Ok","name":"Set
        200 status code","content":"","cache_condition":""}],"snippets":[],"vcls":[],"wordpress":[],"settings":{"general.default_ttl":3600,"general.default_host":"","general.default_pci":0}},"active_version":{"testing":false,"number":2,"service_id":"3HIt3z8Zgd8OYOeLP4avj6","staging":false,"updated_at":"2018-04-06T12:24:20Z","deployed":false,"locked":true,"active":true,"deleted_at":null,"created_at":"2018-04-06T12:24:16Z","comment":"","acls":[],"backends":[{"max_tls_version":null,"ssl_ca_cert":null,"auto_loadbalance":false,"ssl_check_cert":true,"shield":null,"hostname":null,"ssl_client_cert":null,"error_threshold":0,"request_condition":"","first_byte_timeout":15000,"ssl_cert_hostname":null,"weight":100,"client_cert":null,"address":"127.0.0.1","ssl_hostname":null,"ssl_sni_hostname":null,"min_tls_version":null,"ipv6":null,"ipv4":"127.0.0.1","connect_timeout":1000,"ssl_ciphers":null,"name":"localhost","healthcheck":null,"port":80,"max_conn":200,"use_ssl":false,"comment":"","between_bytes_timeout":10000,"ssl_client_key":null}],"cache_settings":[],"conditions":[],"dictionaries":[],"directors":[],"domains":[{"comment":"","name":"example8000.com"}],"gzips":[],"headers":[{"priority":"100","src":"\"https://u.jimcdn.com\"
        req.url.path","name":"Set Location header","substitution":"","ignore_if_set":"0","cache_condition":null,"request_condition":null,"regex":"","response_condition":null,"action":"set","type":"response","dst":"http.Location"}],"healthchecks":[],"request_settings":[],"response_objects":[{"request_condition":"","content_type":"","status":"200","response":"Ok","name":"Set
        200 status code","content":"","cache_condition":""}],"snippets":[],"vcls":[],"wordpress":[],"settings":{"general.default_ttl":3600,"general.default_host":"","general.default_pci":0}}}'}
    headers:
      accept-ranges: [bytes]
      age: ['0']
      cache-control: [no-cache]
      connection: [keep-alive]
      content-length: ['3861']
      content-type: [application/json]
      date: ['Fri, 06 Apr 2018 12:24:20 GMT']
      status: [200 OK]
      vary: [Accept-Encoding]
      via: [1.1 varnish, 1.1 varnish]
      x-cache: ['MISS, MISS']
      x-cache-hits: ['0, 0']
      x-served-by: ['app-slwdc9051-SL, cache-fra19150-FRA']
      x-timer: ['S1523017461.846900,VS0,VE114']
    status: {code: 200, message: OK}
version: 1
