interactions:
- request:
    body: null
    headers:
      Content-Type: [application/json]
    method: GET
    uri: https://api.fastly.com/service/search?name=Fastly%20Ansible%20Module%20Test
  response:
    body: {string: !!python/unicode '{"name":"Fastly Ansible Module Test","deleted_at":null,"versions":[{"testing":false,"locked":false,"number":1,"active":false,"service_id":"4bFaco6pOwQ1VtudAhjnWf","staging":false,"created_at":"2018-04-10T14:43:53Z","deleted_at":null,"comment":"","updated_at":"2018-04-10T14:43:53Z","deployed":false},{"testing":false,"number":2,"service_id":"4bFaco6pOwQ1VtudAhjnWf","staging":false,"updated_at":"2018-04-10T14:44:01Z","deployed":false,"locked":true,"active":true,"deleted_at":null,"created_at":"2018-04-10T14:43:54Z","comment":""}],"created_at":"2018-04-10T14:43:53Z","customer_id":"31RPDMBpiruA1yfGA2djLm","comment":"","updated_at":"2018-04-10T14:43:53Z","id":"4bFaco6pOwQ1VtudAhjnWf"}'}
    headers:
      accept-ranges: [bytes]
      cache-control: [no-cache]
      connection: [keep-alive]
      content-length: ['686']
      content-type: [application/json]
      date: ['Tue, 10 Apr 2018 14:44:02 GMT']
      status: [200 OK]
      vary: [Accept-Encoding]
      via: [1.1 varnish, 1.1 varnish]
      x-cache: ['MISS, MISS']
      x-cache-hits: ['0, 0']
      x-served-by: ['app-slwdc9051-SL, cache-fra19130-FRA']
      x-timer: ['S1523371442.958391,VS0,VE169']
    status: {code: 200, message: OK}
- request:
    body: null
    headers:
      Content-Type: [application/json]
    method: GET
    uri: https://api.fastly.com/service/4bFaco6pOwQ1VtudAhjnWf/details
  response:
    body: {string: !!python/unicode '{"name":"Fastly Ansible Module Test","deleted_at":null,"versions":[{"testing":false,"locked":false,"number":1,"active":false,"service_id":"4bFaco6pOwQ1VtudAhjnWf","staging":false,"created_at":"2018-04-10T14:43:53Z","deleted_at":null,"comment":"","updated_at":"2018-04-10T14:43:53Z","deployed":false},{"testing":false,"locked":true,"number":2,"active":true,"service_id":"4bFaco6pOwQ1VtudAhjnWf","staging":false,"created_at":"2018-04-10T14:43:54Z","deleted_at":null,"comment":"","updated_at":"2018-04-10T14:44:01Z","deployed":false}],"created_at":"2018-04-10T14:43:53Z","customer_id":"31RPDMBpiruA1yfGA2djLm","comment":"","updated_at":"2018-04-10T14:43:53Z","id":"4bFaco6pOwQ1VtudAhjnWf","version":{"testing":false,"number":2,"service_id":"4bFaco6pOwQ1VtudAhjnWf","staging":false,"updated_at":"2018-04-10T14:44:01Z","deployed":false,"locked":true,"active":true,"deleted_at":null,"created_at":"2018-04-10T14:43:54Z","comment":"","acls":[],"backends":[{"max_tls_version":null,"ssl_ca_cert":null,"auto_loadbalance":false,"ssl_check_cert":true,"shield":null,"hostname":null,"ssl_client_cert":null,"error_threshold":0,"request_condition":"","first_byte_timeout":15000,"ssl_cert_hostname":null,"weight":100,"client_cert":null,"address":"127.0.0.1","ssl_hostname":null,"ssl_sni_hostname":null,"min_tls_version":null,"ipv6":null,"ipv4":"127.0.0.1","connect_timeout":1000,"ssl_ciphers":null,"name":"localhost","healthcheck":null,"port":80,"max_conn":200,"use_ssl":false,"comment":"","between_bytes_timeout":10000,"ssl_client_key":null}],"cache_settings":[],"conditions":[],"dictionaries":[],"directors":[],"domains":[{"comment":"","name":"example8000.com"}],"gzips":[{"created_at":"2018-04-10T14:43:59Z","extensions":"html
        css js","name":"gzip-config-name","deleted_at":null,"updated_at":"2018-04-10T14:43:59Z","content_types":"text/html
        text/css application/javascript","cache_condition":""}],"headers":[{"priority":"100","src":"\"https://u.jimcdn.com\"
        req.url.path","name":"Set Location header","substitution":"","ignore_if_set":"0","cache_condition":null,"request_condition":null,"regex":"","response_condition":null,"action":"set","type":"response","dst":"http.Location"}],"healthchecks":[],"request_settings":[],"response_objects":[{"request_condition":"","content_type":"","status":"200","response":"Ok","name":"Set
        200 status code","content":"","cache_condition":""}],"snippets":[],"vcls":[],"wordpress":[],"settings":{"general.default_ttl":3600,"general.default_host":"","general.default_pci":0}},"active_version":{"testing":false,"number":2,"service_id":"4bFaco6pOwQ1VtudAhjnWf","staging":false,"updated_at":"2018-04-10T14:44:01Z","deployed":false,"locked":true,"active":true,"deleted_at":null,"created_at":"2018-04-10T14:43:54Z","comment":"","acls":[],"backends":[{"max_tls_version":null,"ssl_ca_cert":null,"auto_loadbalance":false,"ssl_check_cert":true,"shield":null,"hostname":null,"ssl_client_cert":null,"error_threshold":0,"request_condition":"","first_byte_timeout":15000,"ssl_cert_hostname":null,"weight":100,"client_cert":null,"address":"127.0.0.1","ssl_hostname":null,"ssl_sni_hostname":null,"min_tls_version":null,"ipv6":null,"ipv4":"127.0.0.1","connect_timeout":1000,"ssl_ciphers":null,"name":"localhost","healthcheck":null,"port":80,"max_conn":200,"use_ssl":false,"comment":"","between_bytes_timeout":10000,"ssl_client_key":null}],"cache_settings":[],"conditions":[],"dictionaries":[],"directors":[],"domains":[{"comment":"","name":"example8000.com"}],"gzips":[{"created_at":"2018-04-10T14:43:59Z","extensions":"html
        css js","name":"gzip-config-name","deleted_at":null,"updated_at":"2018-04-10T14:43:59Z","content_types":"text/html
        text/css application/javascript","cache_condition":""}],"headers":[{"priority":"100","src":"\"https://u.jimcdn.com\"
        req.url.path","name":"Set Location header","substitution":"","ignore_if_set":"0","cache_condition":null,"request_condition":null,"regex":"","response_condition":null,"action":"set","type":"response","dst":"http.Location"}],"healthchecks":[],"request_settings":[],"response_objects":[{"request_condition":"","content_type":"","status":"200","response":"Ok","name":"Set
        200 status code","content":"","cache_condition":""}],"snippets":[],"vcls":[],"wordpress":[],"settings":{"general.default_ttl":3600,"general.default_host":"","general.default_pci":0}}}'}
    headers:
      accept-ranges: [bytes]
      age: ['0']
      cache-control: [no-cache]
      connection: [keep-alive]
      content-length: ['4311']
      content-type: [application/json]
      date: ['Tue, 10 Apr 2018 14:44:02 GMT']
      status: [200 OK]
      vary: [Accept-Encoding]
      via: [1.1 varnish, 1.1 varnish]
      x-cache: ['MISS, MISS']
      x-cache-hits: ['0, 0']
      x-served-by: ['app-slwdc9051-SL, cache-fra19128-FRA']
      x-timer: ['S1523371442.188404,VS0,VE531']
    status: {code: 200, message: OK}
- request:
    body: null
    headers:
      Content-Type: [application/json]
    method: PUT
    uri: https://api.fastly.com/service/4bFaco6pOwQ1VtudAhjnWf/version/2/deactivate
  response:
    body: {string: !!python/unicode '{"testing":false,"locked":true,"number":2,"active":false,"service_id":"4bFaco6pOwQ1VtudAhjnWf","staging":false,"created_at":"2018-04-10T14:43:54Z","deleted_at":null,"comment":"","updated_at":"2018-04-10T14:44:01Z","deployed":false}'}
    headers:
      accept-ranges: [bytes]
      cache-control: [no-cache]
      connection: [keep-alive]
      content-length: ['231']
      content-type: [application/json]
      date: ['Tue, 10 Apr 2018 14:44:03 GMT']
      fastly-ratelimit-remaining: ['730']
      fastly-ratelimit-reset: ['1523372400']
      status: [200 OK]
      vary: [Accept-Encoding]
      via: [1.1 varnish, 1.1 varnish]
      x-cache: ['MISS, MISS']
      x-cache-hits: ['0, 0']
      x-served-by: ['app-slwdc9051-SL, cache-fra19125-FRA']
      x-timer: ['S1523371443.782320,VS0,VE407']
    status: {code: 200, message: OK}
- request:
    body: null
    headers:
      Content-Type: [application/json]
    method: DELETE
    uri: https://api.fastly.com/service/4bFaco6pOwQ1VtudAhjnWf
  response:
    body: {string: !!python/unicode '{"status":"ok"}'}
    headers:
      accept-ranges: [bytes]
      cache-control: [no-cache]
      connection: [keep-alive]
      content-length: ['15']
      content-type: [application/json]
      date: ['Tue, 10 Apr 2018 14:44:03 GMT']
      fastly-ratelimit-remaining: ['729']
      fastly-ratelimit-reset: ['1523372400']
      status: [200 OK]
      vary: [Accept-Encoding]
      via: [1.1 varnish, 1.1 varnish]
      x-cache: ['MISS, MISS']
      x-cache-hits: ['0, 0']
      x-served-by: ['app-slwdc9051-SL, cache-fra19127-FRA']
      x-timer: ['S1523371443.254885,VS0,VE405']
    status: {code: 200, message: OK}
version: 1
