interactions:
- request:
    body: null
    headers:
      Content-Type:
      - application/json
    method: GET
    uri: https://api.fastly.com/service/search?name=Fastly%20Ansible%20Module%20Test
  response:
    body:
      string: !!python/unicode '{"name":"Fastly Ansible Module Test","deleted_at":null,"versions":[{"testing":false,"locked":false,"number":1,"active":false,"service_id":"6oPY6z1TgYKqsSybUUN3lp","staging":false,"created_at":"2019-04-24T14:13:24Z","deleted_at":null,"comment":"","updated_at":"2019-04-24T14:13:24Z","deployed":false},{"testing":false,"staging":false,"updated_at":"2019-04-24T14:13:39Z","active":true,"number":2,"service_id":"6oPY6z1TgYKqsSybUUN3lp","deployed":false,"locked":true,"deleted_at":null,"created_at":"2019-04-24T14:13:25Z","comment":""}],"created_at":"2019-04-24T14:13:24Z","customer_id":"4NTmXUwFuuC5U0iJUrdEHr","comment":"","updated_at":"2019-04-24T14:13:24Z","id":"6oPY6z1TgYKqsSybUUN3lp"}'
    headers:
      accept-ranges:
      - bytes
      - bytes
      - bytes
      age:
      - '0'
      cache-control:
      - no-cache
      connection:
      - keep-alive
      content-length:
      - '686'
      content-type:
      - application/json
      date:
      - Wed, 24 Apr 2019 14:13:43 GMT
      status:
      - 200 OK
      strict-transport-security:
      - max-age=31536000
      vary:
      - Accept-Encoding
      via:
      - 1.1 varnish
      - 1.1 varnish
      x-cache:
      - MISS, MISS
      x-cache-hits:
      - 0, 0
      x-served-by:
      - cache-control-slwdc9036-CONTROL-SLWDC, cache-fra19134-FRA
      x-timer:
      - S1556115223.771615,VS0,VE249
    status:
      code: 200
      message: OK
- request:
    body: null
    headers:
      Content-Type:
      - application/json
    method: GET
    uri: https://api.fastly.com/service/6oPY6z1TgYKqsSybUUN3lp/details
  response:
    body:
      string: !!python/unicode '{"name":"Fastly Ansible Module Test","deleted_at":null,"versions":[{"created_at":"2019-04-24T14:13:24Z","updated_at":"2019-04-24T14:13:24Z","service_id":"6oPY6z1TgYKqsSybUUN3lp","locked":false,"active":false,"deleted_at":null,"comment":"","testing":false,"number":1,"deployed":false,"staging":false},{"staging":false,"service_id":"6oPY6z1TgYKqsSybUUN3lp","deleted_at":null,"comment":"","deployed":false,"testing":false,"number":2,"active":true,"created_at":"2019-04-24T14:13:25Z","updated_at":"2019-04-24T14:13:39Z","locked":true}],"created_at":"2019-04-24T14:13:24Z","customer_id":"4NTmXUwFuuC5U0iJUrdEHr","comment":"","updated_at":"2019-04-24T14:13:24Z","id":"6oPY6z1TgYKqsSybUUN3lp","version":{"testing":false,"staging":false,"updated_at":"2019-04-24T14:13:39Z","active":true,"number":2,"service_id":"6oPY6z1TgYKqsSybUUN3lp","deployed":false,"locked":true,"deleted_at":null,"created_at":"2019-04-24T14:13:25Z","comment":"","acls":[],"backends":[{"max_tls_version":null,"ssl_ca_cert":null,"auto_loadbalance":false,"ssl_check_cert":true,"shield":null,"override_host":null,"hostname":null,"ssl_client_cert":null,"error_threshold":0,"request_condition":"","first_byte_timeout":15000,"ssl_cert_hostname":null,"weight":100,"client_cert":null,"address":"127.0.0.1","ssl_hostname":null,"ssl_sni_hostname":null,"min_tls_version":null,"ipv6":null,"ipv4":"127.0.0.1","connect_timeout":1000,"ssl_ciphers":null,"name":"localhost","healthcheck":null,"port":80,"max_conn":200,"use_ssl":false,"comment":"","between_bytes_timeout":10000,"ssl_client_key":null}],"cache_settings":[],"conditions":[],"dictionaries":[],"directors":[],"domains":[{"comment":"","name":"example8000.com"}],"gzips":[],"headers":[{"priority":"100","src":"\"https://u.jimcdn.com\"
        req.url.path","name":"Set Location header","substitution":"","ignore_if_set":"0","cache_condition":null,"request_condition":null,"regex":"","response_condition":null,"action":"set","type":"response","dst":"http.Location"}],"healthchecks":[],"request_settings":[],"response_objects":[{"request_condition":"","content_type":"text/plain","status":"200","response":"Ok","name":"Set
        200 status code","content":"Hello from Fastly","cache_condition":""}],"snippets":[],"vcls":[],"wordpress":[],"settings":{"general.stale_if_error_ttl":43200,"general.stale_if_error":false,"general.default_ttl":3600,"general.default_host":"","general.default_pci":0}},"active_version":{"testing":false,"staging":false,"updated_at":"2019-04-24T14:13:39Z","active":true,"number":2,"service_id":"6oPY6z1TgYKqsSybUUN3lp","deployed":false,"locked":true,"deleted_at":null,"created_at":"2019-04-24T14:13:25Z","comment":"","acls":[],"backends":[{"max_tls_version":null,"ssl_ca_cert":null,"auto_loadbalance":false,"ssl_check_cert":true,"shield":null,"override_host":null,"hostname":null,"ssl_client_cert":null,"error_threshold":0,"request_condition":"","first_byte_timeout":15000,"ssl_cert_hostname":null,"weight":100,"client_cert":null,"address":"127.0.0.1","ssl_hostname":null,"ssl_sni_hostname":null,"min_tls_version":null,"ipv6":null,"ipv4":"127.0.0.1","connect_timeout":1000,"ssl_ciphers":null,"name":"localhost","healthcheck":null,"port":80,"max_conn":200,"use_ssl":false,"comment":"","between_bytes_timeout":10000,"ssl_client_key":null}],"cache_settings":[],"conditions":[],"dictionaries":[],"directors":[],"domains":[{"comment":"","name":"example8000.com"}],"gzips":[],"headers":[{"priority":"100","src":"\"https://u.jimcdn.com\"
        req.url.path","name":"Set Location header","substitution":"","ignore_if_set":"0","cache_condition":null,"request_condition":null,"regex":"","response_condition":null,"action":"set","type":"response","dst":"http.Location"}],"healthchecks":[],"request_settings":[],"response_objects":[{"request_condition":"","content_type":"text/plain","status":"200","response":"Ok","name":"Set
        200 status code","content":"Hello from Fastly","cache_condition":""}],"snippets":[],"vcls":[],"wordpress":[],"settings":{"general.stale_if_error_ttl":43200,"general.stale_if_error":false,"general.default_ttl":3600,"general.default_host":"","general.default_pci":0}}}'
    headers:
      accept-ranges:
      - bytes
      - bytes
      - bytes
      age:
      - '0'
      cache-control:
      - no-cache
      connection:
      - keep-alive
      content-length:
      - '4069'
      content-type:
      - application/json
      date:
      - Wed, 24 Apr 2019 14:13:43 GMT
      status:
      - 200 OK
      strict-transport-security:
      - max-age=31536000
      vary:
      - Accept-Encoding
      via:
      - 1.1 varnish
      - 1.1 varnish
      x-cache:
      - MISS, MISS
      x-cache-hits:
      - 0, 0
      x-served-by:
      - cache-control-slwdc9037-CONTROL-SLWDC, cache-fra19169-FRA
      x-timer:
      - S1556115223.152926,VS0,VE180
    status:
      code: 200
      message: OK
- request:
    body: null
    headers:
      Content-Type:
      - application/json
    method: PUT
    uri: https://api.fastly.com/service/6oPY6z1TgYKqsSybUUN3lp/version/2/clone
  response:
    body:
      string: !!python/unicode '{"testing":false,"locked":false,"number":3,"active":false,"service_id":"6oPY6z1TgYKqsSybUUN3lp","staging":false,"created_at":"2019-04-24T14:13:25Z","deleted_at":null,"comment":"","updated_at":"2019-04-24T14:13:39Z","deployed":false}'
    headers:
      accept-ranges:
      - bytes
      - bytes
      cache-control:
      - no-cache
      connection:
      - keep-alive
      content-length:
      - '232'
      content-type:
      - application/json
      date:
      - Wed, 24 Apr 2019 14:13:44 GMT
      fastly-ratelimit-remaining:
      - '862'
      fastly-ratelimit-reset:
      - '1556118000'
      status:
      - 200 OK
      strict-transport-security:
      - max-age=31536000
      vary:
      - Accept-Encoding
      via:
      - 1.1 varnish
      - 1.1 varnish
      x-cache:
      - MISS, MISS
      x-cache-hits:
      - 0, 0
      x-served-by:
      - cache-control-slwdc9036-CONTROL-SLWDC, cache-fra19137-FRA
      x-timer:
      - S1556115224.564625,VS0,VE600
    status:
      code: 200
      message: OK
- request:
    body: null
    headers:
      Content-Type:
      - application/json
    method: GET
    uri: https://api.fastly.com/service/6oPY6z1TgYKqsSybUUN3lp/version/3/domain
  response:
    body:
      string: !!python/unicode '[{"version":3,"name":"example8000.com","service_id":"6oPY6z1TgYKqsSybUUN3lp","deleted_at":null,"created_at":"2019-04-24T14:13:35Z","comment":"","updated_at":"2019-04-24T14:13:44Z"}]'
    headers:
      accept-ranges:
      - bytes
      - bytes
      - bytes
      age:
      - '0'
      - '0'
      cache-control:
      - no-cache
      connection:
      - keep-alive
      content-length:
      - '171'
      content-type:
      - application/json
      date:
      - Wed, 24 Apr 2019 14:13:44 GMT
      status:
      - 200 OK
      strict-transport-security:
      - max-age=31536000
      vary:
      - Accept-Encoding
      via:
      - 1.1 varnish
      - 1.1 varnish
      x-cache:
      - MISS, MISS
      x-cache-hits:
      - 0, 0
      x-served-by:
      - cache-control-slwdc9036-CONTROL-SLWDC, cache-fra19173-FRA
      x-timer:
      - S1556115224.278215,VS0,VE531
    status:
      code: 200
      message: OK
- request:
    body: null
    headers:
      Content-Type:
      - application/json
    method: GET
    uri: https://api.fastly.com/service/6oPY6z1TgYKqsSybUUN3lp/version/3/healthcheck
  response:
    body:
      string: !!python/unicode '[]'
    headers:
      accept-ranges:
      - bytes
      - bytes
      - bytes
      age:
      - '0'
      - '0'
      cache-control:
      - no-cache
      connection:
      - keep-alive
      content-length:
      - '2'
      content-type:
      - application/json
      date:
      - Wed, 24 Apr 2019 14:13:45 GMT
      status:
      - 200 OK
      strict-transport-security:
      - max-age=31536000
      vary:
      - Accept-Encoding
      via:
      - 1.1 varnish
      - 1.1 varnish
      x-cache:
      - MISS, MISS
      x-cache-hits:
      - 0, 0
      x-served-by:
      - cache-control-slwdc9037-CONTROL-SLWDC, cache-fra19179-FRA
      x-timer:
      - S1556115225.977371,VS0,VE486
    status:
      code: 200
      message: OK
- request:
    body: null
    headers:
      Content-Type:
      - application/json
    method: GET
    uri: https://api.fastly.com/service/6oPY6z1TgYKqsSybUUN3lp/version/3/condition
  response:
    body:
      string: !!python/unicode '[]'
    headers:
      accept-ranges:
      - bytes
      - bytes
      - bytes
      age:
      - '0'
      - '0'
      cache-control:
      - no-cache
      connection:
      - keep-alive
      content-length:
      - '2'
      content-type:
      - application/json
      date:
      - Wed, 24 Apr 2019 14:13:46 GMT
      status:
      - 200 OK
      strict-transport-security:
      - max-age=31536000
      vary:
      - Accept-Encoding
      via:
      - 1.1 varnish
      - 1.1 varnish
      x-cache:
      - MISS, MISS
      x-cache-hits:
      - 0, 0
      x-served-by:
      - cache-control-slwdc9035-CONTROL-SLWDC, cache-fra19124-FRA
      x-timer:
      - S1556115226.603629,VS0,VE487
    status:
      code: 200
      message: OK
- request:
    body: null
    headers:
      Content-Type:
      - application/json
    method: GET
    uri: https://api.fastly.com/service/6oPY6z1TgYKqsSybUUN3lp/version/3/backend
  response:
    body:
      string: !!python/unicode '[{"max_tls_version":null,"ssl_client_cert":null,"hostname":null,"error_threshold":0,"first_byte_timeout":15000,"weight":100,"client_cert":null,"address":"127.0.0.1","updated_at":"2019-04-24T14:13:44Z","ipv4":"127.0.0.1","connect_timeout":1000,"ssl_ciphers":null,"name":"localhost","port":80,"between_bytes_timeout":10000,"ssl_client_key":null,"ssl_ca_cert":null,"auto_loadbalance":false,"ssl_check_cert":true,"shield":null,"override_host":null,"service_id":"6oPY6z1TgYKqsSybUUN3lp","request_condition":"","ssl_cert_hostname":null,"ssl_hostname":null,"ssl_sni_hostname":null,"min_tls_version":null,"ipv6":null,"version":3,"deleted_at":null,"healthcheck":null,"max_conn":200,"use_ssl":false,"created_at":"2019-04-24T14:13:36Z","comment":""}]'
    headers:
      accept-ranges:
      - bytes
      - bytes
      - bytes
      age:
      - '0'
      - '0'
      cache-control:
      - no-cache
      connection:
      - keep-alive
      content-length:
      - '739'
      content-type:
      - application/json
      date:
      - Wed, 24 Apr 2019 14:13:46 GMT
      status:
      - 200 OK
      strict-transport-security:
      - max-age=31536000
      vary:
      - Accept-Encoding
      via:
      - 1.1 varnish
      - 1.1 varnish
      x-cache:
      - MISS, MISS
      x-cache-hits:
      - 0, 0
      x-served-by:
      - cache-control-slwdc9036-CONTROL-SLWDC, cache-fra19131-FRA
      x-timer:
      - S1556115226.232449,VS0,VE508
    status:
      code: 200
      message: OK
- request:
    body: null
    headers:
      Content-Type:
      - application/json
    method: GET
    uri: https://api.fastly.com/service/6oPY6z1TgYKqsSybUUN3lp/version/3/director
  response:
    body:
      string: !!python/unicode '[]'
    headers:
      accept-ranges:
      - bytes
      - bytes
      - bytes
      age:
      - '0'
      - '0'
      cache-control:
      - no-cache
      connection:
      - keep-alive
      content-length:
      - '2'
      content-type:
      - application/json
      date:
      - Wed, 24 Apr 2019 14:13:47 GMT
      status:
      - 200 OK
      strict-transport-security:
      - max-age=31536000
      vary:
      - Accept-Encoding
      via:
      - 1.1 varnish
      - 1.1 varnish
      x-cache:
      - MISS, MISS
      x-cache-hits:
      - 0, 0
      x-served-by:
      - cache-control-slwdc9037-CONTROL-SLWDC, cache-fra19124-FRA
      x-timer:
      - S1556115227.849179,VS0,VE186
    status:
      code: 200
      message: OK
- request:
    body: null
    headers:
      Content-Type:
      - application/json
    method: GET
    uri: https://api.fastly.com/service/6oPY6z1TgYKqsSybUUN3lp/version/3/cache_settings
  response:
    body:
      string: !!python/unicode '[]'
    headers:
      accept-ranges:
      - bytes
      - bytes
      - bytes
      age:
      - '0'
      - '0'
      cache-control:
      - no-cache
      connection:
      - keep-alive
      content-length:
      - '2'
      content-type:
      - application/json
      date:
      - Wed, 24 Apr 2019 14:13:47 GMT
      status:
      - 200 OK
      strict-transport-security:
      - max-age=31536000
      vary:
      - Accept-Encoding
      via:
      - 1.1 varnish
      - 1.1 varnish
      x-cache:
      - MISS, MISS
      x-cache-hits:
      - 0, 0
      x-served-by:
      - cache-control-slwdc9036-CONTROL-SLWDC, cache-fra19130-FRA
      x-timer:
      - S1556115227.248886,VS0,VE182
    status:
      code: 200
      message: OK
- request:
    body: null
    headers:
      Content-Type:
      - application/json
    method: GET
    uri: https://api.fastly.com/service/6oPY6z1TgYKqsSybUUN3lp/version/3/gzip
  response:
    body:
      string: !!python/unicode '[]'
    headers:
      accept-ranges:
      - bytes
      - bytes
      - bytes
      age:
      - '0'
      - '0'
      cache-control:
      - no-cache
      connection:
      - keep-alive
      content-length:
      - '2'
      content-type:
      - application/json
      date:
      - Wed, 24 Apr 2019 14:13:48 GMT
      status:
      - 200 OK
      strict-transport-security:
      - max-age=31536000
      vary:
      - Accept-Encoding
      via:
      - 1.1 varnish
      - 1.1 varnish
      x-cache:
      - MISS, MISS
      x-cache-hits:
      - 0, 0
      x-served-by:
      - cache-control-slwdc9035-CONTROL-SLWDC, cache-fra19172-FRA
      x-timer:
      - S1556115228.603610,VS0,VE498
    status:
      code: 200
      message: OK
- request:
    body: null
    headers:
      Content-Type:
      - application/json
    method: GET
    uri: https://api.fastly.com/service/6oPY6z1TgYKqsSybUUN3lp/version/3/header
  response:
    body:
      string: !!python/unicode '[{"request_condition":null,"version":"3","cache_condition":null,"regex":"","ignore_if_set":"0","src":"\"https://u.jimcdn.com\"
        req.url.path","priority":"100","updated_at":"2019-04-24T14:13:44Z","substitution":"","dst":"http.Location","type":"response","service_id":"6oPY6z1TgYKqsSybUUN3lp","action":"set","created_at":"2019-04-24T14:13:36Z","deleted_at":null,"response_condition":null,"name":"Set
        Location header"}]'
    headers:
      accept-ranges:
      - bytes
      - bytes
      - bytes
      age:
      - '0'
      - '0'
      cache-control:
      - no-cache
      connection:
      - keep-alive
      content-length:
      - '415'
      content-type:
      - application/json
      date:
      - Wed, 24 Apr 2019 14:13:48 GMT
      status:
      - 200 OK
      strict-transport-security:
      - max-age=31536000
      vary:
      - Accept-Encoding
      via:
      - 1.1 varnish
      - 1.1 varnish
      x-cache:
      - MISS, MISS
      x-cache-hits:
      - 0, 0
      x-served-by:
      - cache-control-slwdc9035-CONTROL-SLWDC, cache-fra19179-FRA
      x-timer:
      - S1556115228.271072,VS0,VE489
    status:
      code: 200
      message: OK
- request:
    body: null
    headers:
      Content-Type:
      - application/json
    method: GET
    uri: https://api.fastly.com/service/6oPY6z1TgYKqsSybUUN3lp/version/3/request_settings
  response:
    body:
      string: !!python/unicode '[]'
    headers:
      accept-ranges:
      - bytes
      - bytes
      - bytes
      age:
      - '0'
      - '0'
      cache-control:
      - no-cache
      connection:
      - keep-alive
      content-length:
      - '2'
      content-type:
      - application/json
      date:
      - Wed, 24 Apr 2019 14:13:49 GMT
      status:
      - 200 OK
      strict-transport-security:
      - max-age=31536000
      vary:
      - Accept-Encoding
      via:
      - 1.1 varnish
      - 1.1 varnish
      x-cache:
      - MISS, MISS
      x-cache-hits:
      - 0, 0
      x-served-by:
      - cache-control-slwdc9035-CONTROL-SLWDC, cache-fra19168-FRA
      x-timer:
      - S1556115229.983513,VS0,VE537
    status:
      code: 200
      message: OK
- request:
    body: null
    headers:
      Content-Type:
      - application/json
    method: GET
    uri: https://api.fastly.com/service/6oPY6z1TgYKqsSybUUN3lp/version/3/response_object
  response:
    body:
      string: !!python/unicode '[{"response":"Ok","status":"200","version":"3","name":"Set
        200 status code","content":"Hello from Fastly","service_id":"6oPY6z1TgYKqsSybUUN3lp","deleted_at":null,"cache_condition":"","created_at":"2019-04-24T14:13:37Z","content_type":"text/plain","request_condition":"","updated_at":"2019-04-24T14:13:44Z"}]'
    headers:
      accept-ranges:
      - bytes
      - bytes
      - bytes
      age:
      - '0'
      - '0'
      cache-control:
      - no-cache
      connection:
      - keep-alive
      content-length:
      - '307'
      content-type:
      - application/json
      date:
      - Wed, 24 Apr 2019 14:13:50 GMT
      status:
      - 200 OK
      strict-transport-security:
      - max-age=31536000
      vary:
      - Accept-Encoding
      via:
      - 1.1 varnish
      - 1.1 varnish
      x-cache:
      - MISS, MISS
      x-cache-hits:
      - 0, 0
      x-served-by:
      - cache-control-slwdc9036-CONTROL-SLWDC, cache-fra19138-FRA
      x-timer:
      - S1556115230.705963,VS0,VE499
    status:
      code: 200
      message: OK
- request:
    body: null
    headers:
      Content-Type:
      - application/json
    method: GET
    uri: https://api.fastly.com/service/6oPY6z1TgYKqsSybUUN3lp/version/3/snippet
  response:
    body:
      string: !!python/unicode '[]'
    headers:
      accept-ranges:
      - bytes
      - bytes
      - bytes
      age:
      - '0'
      - '0'
      cache-control:
      - no-cache
      connection:
      - keep-alive
      content-length:
      - '2'
      content-type:
      - application/json
      date:
      - Wed, 24 Apr 2019 14:13:50 GMT
      status:
      - 200 OK
      strict-transport-security:
      - max-age=31536000
      vary:
      - Accept-Encoding
      via:
      - 1.1 varnish
      - 1.1 varnish
      x-cache:
      - MISS, MISS
      x-cache-hits:
      - 0, 0
      x-served-by:
      - cache-control-slwdc9036-CONTROL-SLWDC, cache-fra19166-FRA
      x-timer:
      - S1556115230.311852,VS0,VE540
    status:
      code: 200
      message: OK
- request:
    body: null
    headers:
      Content-Type:
      - application/json
    method: GET
    uri: https://api.fastly.com/service/6oPY6z1TgYKqsSybUUN3lp/version/3/logging/s3
  response:
    body:
      string: !!python/unicode '[]'
    headers:
      accept-ranges:
      - bytes
      - bytes
      - bytes
      age:
      - '0'
      - '0'
      cache-control:
      - no-cache
      connection:
      - keep-alive
      content-length:
      - '2'
      content-type:
      - application/json
      date:
      - Wed, 24 Apr 2019 14:13:51 GMT
      status:
      - 200 OK
      strict-transport-security:
      - max-age=31536000
      vary:
      - Accept-Encoding
      via:
      - 1.1 varnish
      - 1.1 varnish
      x-cache:
      - MISS, MISS
      x-cache-hits:
      - 0, 0
      x-served-by:
      - cache-control-slwdc9035-CONTROL-SLWDC, cache-fra19134-FRA
      x-timer:
      - S1556115231.985517,VS0,VE529
    status:
      code: 200
      message: OK
- request:
    body: null
    headers:
      Content-Type:
      - application/json
    method: GET
    uri: https://api.fastly.com/service/6oPY6z1TgYKqsSybUUN3lp/version/3/logging/syslog
  response:
    body:
      string: !!python/unicode '[]'
    headers:
      accept-ranges:
      - bytes
      - bytes
      - bytes
      age:
      - '0'
      - '0'
      cache-control:
      - no-cache
      connection:
      - keep-alive
      content-length:
      - '2'
      content-type:
      - application/json
      date:
      - Wed, 24 Apr 2019 14:13:51 GMT
      status:
      - 200 OK
      strict-transport-security:
      - max-age=31536000
      vary:
      - Accept-Encoding
      via:
      - 1.1 varnish
      - 1.1 varnish
      x-cache:
      - MISS, MISS
      x-cache-hits:
      - 0, 0
      x-served-by:
      - cache-control-slwdc9035-CONTROL-SLWDC, cache-fra19169-FRA
      x-timer:
      - S1556115232.622230,VS0,VE194
    status:
      code: 200
      message: OK
- request:
    body: null
    headers:
      Content-Type:
      - application/json
    method: GET
    uri: https://api.fastly.com/service/6oPY6z1TgYKqsSybUUN3lp/version/3/logging/cloudfiles
  response:
    body:
      string: !!python/unicode '[]'
    headers:
      accept-ranges:
      - bytes
      - bytes
      - bytes
      age:
      - '0'
      - '0'
      cache-control:
      - no-cache
      connection:
      - keep-alive
      content-length:
      - '2'
      content-type:
      - application/json
      date:
      - Wed, 24 Apr 2019 14:13:52 GMT
      status:
      - 200 OK
      strict-transport-security:
      - max-age=31536000
      vary:
      - Accept-Encoding
      via:
      - 1.1 varnish
      - 1.1 varnish
      x-cache:
      - MISS, MISS
      x-cache-hits:
      - 0, 0
      x-served-by:
      - cache-control-slwdc9036-CONTROL-SLWDC, cache-fra19137-FRA
      x-timer:
      - S1556115232.958006,VS0,VE495
    status:
      code: 200
      message: OK
- request:
    body: null
    headers:
      Content-Type:
      - application/json
    method: DELETE
    uri: https://api.fastly.com/service/6oPY6z1TgYKqsSybUUN3lp/version/3/domain/example8000.com
  response:
    body:
      string: !!python/unicode '{"status":"ok"}'
    headers:
      accept-ranges:
      - bytes
      - bytes
      cache-control:
      - no-cache
      connection:
      - keep-alive
      content-length:
      - '15'
      content-type:
      - application/json
      date:
      - Wed, 24 Apr 2019 14:13:53 GMT
      fastly-ratelimit-remaining:
      - '861'
      fastly-ratelimit-reset:
      - '1556118000'
      status:
      - 200 OK
      strict-transport-security:
      - max-age=31536000
      vary:
      - Accept-Encoding
      via:
      - 1.1 varnish
      - 1.1 varnish
      x-cache:
      - MISS, MISS
      x-cache-hits:
      - 0, 0
      x-served-by:
      - cache-control-slwdc9035-CONTROL-SLWDC, cache-fra19165-FRA
      x-timer:
      - S1556115233.577923,VS0,VE584
    status:
      code: 200
      message: OK
- request:
    body: null
    headers:
      Content-Type:
      - application/json
    method: DELETE
    uri: https://api.fastly.com/service/6oPY6z1TgYKqsSybUUN3lp/version/3/backend/localhost
  response:
    body:
      string: !!python/unicode '{"status":"ok"}'
    headers:
      accept-ranges:
      - bytes
      - bytes
      cache-control:
      - no-cache
      connection:
      - keep-alive
      content-length:
      - '15'
      content-type:
      - application/json
      date:
      - Wed, 24 Apr 2019 14:13:53 GMT
      fastly-ratelimit-remaining:
      - '860'
      fastly-ratelimit-reset:
      - '1556118000'
      status:
      - 200 OK
      strict-transport-security:
      - max-age=31536000
      vary:
      - Accept-Encoding
      via:
      - 1.1 varnish
      - 1.1 varnish
      x-cache:
      - MISS, MISS
      x-cache-hits:
      - 0, 0
      x-served-by:
      - cache-control-slwdc9036-CONTROL-SLWDC, cache-fra19135-FRA
      x-timer:
      - S1556115233.366248,VS0,VE590
    status:
      code: 200
      message: OK
- request:
    body: null
    headers:
      Content-Type:
      - application/json
    method: DELETE
    uri: https://api.fastly.com/service/6oPY6z1TgYKqsSybUUN3lp/version/3/header/Set%20Location%20header
  response:
    body:
      string: !!python/unicode '{"status":"ok"}'
    headers:
      accept-ranges:
      - bytes
      - bytes
      cache-control:
      - no-cache
      connection:
      - keep-alive
      content-length:
      - '15'
      content-type:
      - application/json
      date:
      - Wed, 24 Apr 2019 14:13:54 GMT
      fastly-ratelimit-remaining:
      - '859'
      fastly-ratelimit-reset:
      - '1556118000'
      status:
      - 200 OK
      strict-transport-security:
      - max-age=31536000
      vary:
      - Accept-Encoding
      via:
      - 1.1 varnish
      - 1.1 varnish
      x-cache:
      - MISS, MISS
      x-cache-hits:
      - 0, 0
      x-served-by:
      - cache-control-slwdc9036-CONTROL-SLWDC, cache-fra19123-FRA
      x-timer:
      - S1556115234.103403,VS0,VE578
    status:
      code: 200
      message: OK
- request:
    body: null
    headers:
      Content-Type:
      - application/json
    method: DELETE
    uri: https://api.fastly.com/service/6oPY6z1TgYKqsSybUUN3lp/version/3/response_object/Set%20200%20status%20code
  response:
    body:
      string: !!python/unicode '{"status":"ok"}'
    headers:
      accept-ranges:
      - bytes
      - bytes
      cache-control:
      - no-cache
      connection:
      - keep-alive
      content-length:
      - '15'
      content-type:
      - application/json
      date:
      - Wed, 24 Apr 2019 14:13:55 GMT
      fastly-ratelimit-remaining:
      - '858'
      fastly-ratelimit-reset:
      - '1556118000'
      status:
      - 200 OK
      strict-transport-security:
      - max-age=31536000
      vary:
      - Accept-Encoding
      via:
      - 1.1 varnish
      - 1.1 varnish
      x-cache:
      - MISS, MISS
      x-cache-hits:
      - 0, 0
      x-served-by:
      - cache-control-slwdc9037-CONTROL-SLWDC, cache-fra19131-FRA
      x-timer:
      - S1556115235.797811,VS0,VE665
    status:
      code: 200
      message: OK
- request:
    body: !!python/unicode '{"comment": "", "name": "example8000.com"}'
    headers:
      Content-Type:
      - application/json
    method: POST
    uri: https://api.fastly.com/service/6oPY6z1TgYKqsSybUUN3lp/version/3/domain
  response:
    body:
      string: !!python/unicode '{"comment":"","name":"example8000.com","service_id":"6oPY6z1TgYKqsSybUUN3lp","version":3,"updated_at":"2019-04-24T14:13:56Z","created_at":"2019-04-24T14:13:56Z","deleted_at":null}'
    headers:
      accept-ranges:
      - bytes
      - bytes
      cache-control:
      - no-cache
      connection:
      - keep-alive
      content-length:
      - '169'
      content-type:
      - application/json
      date:
      - Wed, 24 Apr 2019 14:13:56 GMT
      fastly-ratelimit-remaining:
      - '857'
      fastly-ratelimit-reset:
      - '1556118000'
      status:
      - 200 OK
      strict-transport-security:
      - max-age=31536000
      vary:
      - Accept-Encoding
      via:
      - 1.1 varnish
      - 1.1 varnish
      x-cache:
      - MISS, MISS
      x-cache-hits:
      - 0, 0
      x-served-by:
      - cache-control-slwdc9037-CONTROL-SLWDC, cache-fra19172-FRA
      x-timer:
      - S1556115236.643629,VS0,VE592
    status:
      code: 200
      message: OK
- request:
    body: !!python/unicode '{"ssl_ca_cert": null, "request_condition": "", "name":
      "localhost", "weight": 100, "healthcheck": null, "first_byte_timeout": 15000,
      "error_threshold": 0, "port": 80, "ssl_cert_hostname": null, "address": "127.0.0.1",
      "between_bytes_timeout": 10000, "max_conn": 200, "connect_timeout": 1000, "ssl_hostname":
      null, "shield": null}'
    headers:
      Content-Type:
      - application/json
    method: POST
    uri: https://api.fastly.com/service/6oPY6z1TgYKqsSybUUN3lp/version/3/backend
  response:
    body:
      string: !!python/unicode '{"ssl_ca_cert":null,"request_condition":"","name":"localhost","weight":100,"healthcheck":null,"first_byte_timeout":15000,"error_threshold":0,"port":80,"ssl_cert_hostname":null,"address":"127.0.0.1","between_bytes_timeout":10000,"max_conn":200,"connect_timeout":1000,"ssl_hostname":null,"shield":null,"service_id":"6oPY6z1TgYKqsSybUUN3lp","version":3,"max_tls_version":null,"ssl_client_cert":null,"hostname":null,"client_cert":null,"updated_at":"2019-04-24T14:13:56Z","ipv4":"127.0.0.1","ssl_ciphers":null,"ssl_client_key":null,"auto_loadbalance":false,"ssl_check_cert":true,"override_host":null,"ssl_sni_hostname":null,"min_tls_version":null,"ipv6":null,"deleted_at":null,"use_ssl":false,"created_at":"2019-04-24T14:13:56Z","comment":""}'
    headers:
      accept-ranges:
      - bytes
      - bytes
      cache-control:
      - no-cache
      connection:
      - keep-alive
      content-length:
      - '737'
      content-type:
      - application/json
      date:
      - Wed, 24 Apr 2019 14:13:56 GMT
      fastly-ratelimit-remaining:
      - '856'
      fastly-ratelimit-reset:
      - '1556118000'
      status:
      - 200 OK
      strict-transport-security:
      - max-age=31536000
      vary:
      - Accept-Encoding
      via:
      - 1.1 varnish
      - 1.1 varnish
      x-cache:
      - MISS, MISS
      x-cache-hits:
      - 0, 0
      x-served-by:
      - cache-control-slwdc9036-CONTROL-SLWDC, cache-fra19179-FRA
      x-timer:
      - S1556115236.353521,VS0,VE585
    status:
      code: 200
      message: OK
- request:
    body: !!python/unicode '{"content_types": "text/html text/css application/javascript",
      "extensions": "html css js", "name": "gzip-config-name", "cache_condition":
      ""}'
    headers:
      Content-Type:
      - application/json
    method: POST
    uri: https://api.fastly.com/service/6oPY6z1TgYKqsSybUUN3lp/version/3/gzip
  response:
    body:
      string: !!python/unicode '{"content_types":"text/html text/css application/javascript","extensions":"html
        css js","name":"gzip-config-name","cache_condition":"","service_id":"6oPY6z1TgYKqsSybUUN3lp","version":"3","deleted_at":null,"created_at":"2019-04-24T14:13:57Z","updated_at":"2019-04-24T14:13:57Z"}'
    headers:
      accept-ranges:
      - bytes
      - bytes
      cache-control:
      - no-cache
      connection:
      - keep-alive
      content-length:
      - '277'
      content-type:
      - application/json
      date:
      - Wed, 24 Apr 2019 14:13:57 GMT
      fastly-ratelimit-remaining:
      - '855'
      fastly-ratelimit-reset:
      - '1556118000'
      status:
      - 200 OK
      strict-transport-security:
      - max-age=31536000
      vary:
      - Accept-Encoding
      via:
      - 1.1 varnish
      - 1.1 varnish
      x-cache:
      - MISS, MISS
      x-cache-hits:
      - 0, 0
      x-served-by:
      - cache-control-slwdc9037-CONTROL-SLWDC, cache-fra19172-FRA
      x-timer:
      - S1556115237.082101,VS0,VE250
    status:
      code: 200
      message: OK
- request:
    body: !!python/unicode '{"ignore_if_set": "0", "regex": "", "request_condition":
      null, "name": "Set Location header", "src": "\"https://u.jimcdn.com\" req.url.path",
      "dst": "http.Location", "cache_condition": null, "priority": "100", "substitution":
      "", "action": "set", "type": "response", "response_condition": null}'
    headers:
      Content-Type:
      - application/json
    method: POST
    uri: https://api.fastly.com/service/6oPY6z1TgYKqsSybUUN3lp/version/3/header
  response:
    body:
      string: !!python/unicode '{"ignore_if_set":"0","regex":"","request_condition":null,"name":"Set
        Location header","src":"\"https://u.jimcdn.com\" req.url.path","dst":"http.Location","cache_condition":null,"priority":"100","substitution":"","action":"set","type":"response","response_condition":null,"service_id":"6oPY6z1TgYKqsSybUUN3lp","version":"3","updated_at":"2019-04-24T14:13:57Z","deleted_at":null,"created_at":"2019-04-24T14:13:57Z"}'
    headers:
      accept-ranges:
      - bytes
      - bytes
      cache-control:
      - no-cache
      connection:
      - keep-alive
      content-length:
      - '413'
      content-type:
      - application/json
      date:
      - Wed, 24 Apr 2019 14:13:57 GMT
      fastly-ratelimit-remaining:
      - '854'
      fastly-ratelimit-reset:
      - '1556118000'
      status:
      - 200 OK
      strict-transport-security:
      - max-age=31536000
      vary:
      - Accept-Encoding
      via:
      - 1.1 varnish
      - 1.1 varnish
      x-cache:
      - MISS, MISS
      x-cache-hits:
      - 0, 0
      x-served-by:
      - cache-control-slwdc9035-CONTROL-SLWDC, cache-fra19180-FRA
      x-timer:
      - S1556115237.432551,VS0,VE546
    status:
      code: 200
      message: OK
- request:
    body: !!python/unicode '{"status": "200", "request_condition": "", "name": "Set
      200 status code", "content": "", "content_type": "", "response": "Ok"}'
    headers:
      Content-Type:
      - application/json
    method: POST
    uri: https://api.fastly.com/service/6oPY6z1TgYKqsSybUUN3lp/version/3/response_object
  response:
    body:
      string: !!python/unicode '{"status":"200","request_condition":"","name":"Set
        200 status code","content":"","content_type":"","response":"Ok","service_id":"6oPY6z1TgYKqsSybUUN3lp","version":"3","deleted_at":null,"cache_condition":"","created_at":"2019-04-24T14:13:58Z","updated_at":"2019-04-24T14:13:58Z"}'
    headers:
      accept-ranges:
      - bytes
      - bytes
      cache-control:
      - no-cache
      connection:
      - keep-alive
      content-length:
      - '278'
      content-type:
      - application/json
      date:
      - Wed, 24 Apr 2019 14:13:58 GMT
      fastly-ratelimit-remaining:
      - '853'
      fastly-ratelimit-reset:
      - '1556118000'
      status:
      - 200 OK
      strict-transport-security:
      - max-age=31536000
      vary:
      - Accept-Encoding
      via:
      - 1.1 varnish
      - 1.1 varnish
      x-cache:
      - MISS, MISS
      x-cache-hits:
      - 0, 0
      x-served-by:
      - cache-control-slwdc9035-CONTROL-SLWDC, cache-fra19124-FRA
      x-timer:
      - S1556115238.093906,VS0,VE599
    status:
      code: 200
      message: OK
- request:
    body: !!python/unicode '{"general.default_ttl": 3600}'
    headers:
      Content-Type:
      - application/json
    method: PUT
    uri: https://api.fastly.com/service/6oPY6z1TgYKqsSybUUN3lp/version/3/settings
  response:
    body:
      string: !!python/unicode '{"general.stale_if_error_ttl":43200,"general.stale_if_error":false,"general.default_ttl":3600,"version":3,"general.default_host":"","general.default_pci":0,"service_id":"6oPY6z1TgYKqsSybUUN3lp"}'
    headers:
      accept-ranges:
      - bytes
      - bytes
      cache-control:
      - no-cache
      connection:
      - keep-alive
      content-length:
      - '194'
      content-type:
      - application/json
      date:
      - Wed, 24 Apr 2019 14:13:59 GMT
      fastly-ratelimit-remaining:
      - '852'
      fastly-ratelimit-reset:
      - '1556118000'
      status:
      - 200 OK
      strict-transport-security:
      - max-age=31536000
      vary:
      - Accept-Encoding
      via:
      - 1.1 varnish
      - 1.1 varnish
      x-cache:
      - MISS, MISS
      x-cache-hits:
      - 0, 0
      x-served-by:
      - cache-control-slwdc9036-CONTROL-SLWDC, cache-hhn1533-HHN
      x-timer:
      - S1556115239.917933,VS0,VE542
    status:
      code: 200
      message: OK
- request:
    body: null
    headers:
      Content-Type:
      - application/json
    method: PUT
    uri: https://api.fastly.com/service/6oPY6z1TgYKqsSybUUN3lp/version/3/activate
  response:
    body:
      string: !!python/unicode '{"testing":false,"locked":true,"number":3,"active":true,"service_id":"6oPY6z1TgYKqsSybUUN3lp","staging":false,"created_at":"2019-04-24T14:13:44Z","deleted_at":null,"comment":"","updated_at":"2019-04-24T14:13:58Z","deployed":false,"msg":null}'
    headers:
      accept-ranges:
      - bytes
      - bytes
      cache-control:
      - no-cache
      connection:
      - keep-alive
      content-length:
      - '241'
      content-type:
      - application/json
      date:
      - Wed, 24 Apr 2019 14:14:01 GMT
      fastly-ratelimit-remaining:
      - '851'
      fastly-ratelimit-reset:
      - '1556118000'
      status:
      - 200 OK
      strict-transport-security:
      - max-age=31536000
      vary:
      - Accept-Encoding
      via:
      - 1.1 varnish
      - 1.1 varnish
      x-cache:
      - MISS, MISS
      x-cache-hits:
      - 0, 0
      x-served-by:
      - cache-control-slwdc9036-CONTROL-SLWDC, cache-hhn1538-HHN
      x-timer:
      - S1556115240.569450,VS0,VE1628
    status:
      code: 200
      message: OK
- request:
    body: null
    headers:
      Content-Type:
      - application/json
    method: GET
    uri: https://api.fastly.com/service/6oPY6z1TgYKqsSybUUN3lp/details
  response:
    body:
      string: !!python/unicode '{"name":"Fastly Ansible Module Test","deleted_at":null,"versions":[{"testing":false,"locked":false,"number":1,"active":false,"service_id":"6oPY6z1TgYKqsSybUUN3lp","staging":false,"created_at":"2019-04-24T14:13:24Z","deleted_at":null,"comment":"","updated_at":"2019-04-24T14:13:24Z","deployed":false},{"testing":false,"locked":true,"number":2,"active":false,"service_id":"6oPY6z1TgYKqsSybUUN3lp","staging":false,"created_at":"2019-04-24T14:13:25Z","deleted_at":null,"comment":"","updated_at":"2019-04-24T14:14:01Z","deployed":false},{"testing":false,"locked":true,"number":3,"active":true,"service_id":"6oPY6z1TgYKqsSybUUN3lp","staging":false,"created_at":"2019-04-24T14:13:44Z","deleted_at":null,"comment":"","updated_at":"2019-04-24T14:14:01Z","deployed":false}],"created_at":"2019-04-24T14:13:24Z","customer_id":"4NTmXUwFuuC5U0iJUrdEHr","comment":"","updated_at":"2019-04-24T14:13:24Z","id":"6oPY6z1TgYKqsSybUUN3lp","version":{"testing":false,"staging":false,"updated_at":"2019-04-24T14:14:01Z","active":true,"number":3,"service_id":"6oPY6z1TgYKqsSybUUN3lp","deployed":false,"locked":true,"deleted_at":null,"created_at":"2019-04-24T14:13:44Z","comment":"","acls":[],"backends":[{"max_tls_version":null,"ssl_ca_cert":null,"auto_loadbalance":false,"ssl_check_cert":true,"shield":null,"override_host":null,"hostname":null,"ssl_client_cert":null,"error_threshold":0,"request_condition":"","first_byte_timeout":15000,"ssl_cert_hostname":null,"weight":100,"client_cert":null,"address":"127.0.0.1","ssl_hostname":null,"ssl_sni_hostname":null,"min_tls_version":null,"ipv6":null,"ipv4":"127.0.0.1","connect_timeout":1000,"ssl_ciphers":null,"name":"localhost","healthcheck":null,"port":80,"max_conn":200,"use_ssl":false,"comment":"","between_bytes_timeout":10000,"ssl_client_key":null}],"cache_settings":[],"conditions":[],"dictionaries":[],"directors":[],"domains":[{"comment":"","name":"example8000.com"}],"gzips":[{"created_at":"2019-04-24T14:13:57Z","extensions":"html
        css js","name":"gzip-config-name","deleted_at":null,"updated_at":"2019-04-24T14:13:57Z","content_types":"text/html
        text/css application/javascript","cache_condition":""}],"headers":[{"priority":"100","src":"\"https://u.jimcdn.com\"
        req.url.path","name":"Set Location header","substitution":"","ignore_if_set":"0","cache_condition":null,"request_condition":null,"regex":"","response_condition":null,"action":"set","type":"response","dst":"http.Location"}],"healthchecks":[],"request_settings":[],"response_objects":[{"request_condition":"","content_type":"","status":"200","response":"Ok","name":"Set
        200 status code","content":"","cache_condition":""}],"snippets":[],"vcls":[],"wordpress":[],"settings":{"general.stale_if_error_ttl":43200,"general.stale_if_error":false,"general.default_ttl":3600,"general.default_host":"","general.default_pci":0}},"active_version":{"testing":false,"staging":false,"updated_at":"2019-04-24T14:14:01Z","active":true,"number":3,"service_id":"6oPY6z1TgYKqsSybUUN3lp","deployed":false,"locked":true,"deleted_at":null,"created_at":"2019-04-24T14:13:44Z","comment":"","acls":[],"backends":[{"max_tls_version":null,"ssl_ca_cert":null,"auto_loadbalance":false,"ssl_check_cert":true,"shield":null,"override_host":null,"hostname":null,"ssl_client_cert":null,"error_threshold":0,"request_condition":"","first_byte_timeout":15000,"ssl_cert_hostname":null,"weight":100,"client_cert":null,"address":"127.0.0.1","ssl_hostname":null,"ssl_sni_hostname":null,"min_tls_version":null,"ipv6":null,"ipv4":"127.0.0.1","connect_timeout":1000,"ssl_ciphers":null,"name":"localhost","healthcheck":null,"port":80,"max_conn":200,"use_ssl":false,"comment":"","between_bytes_timeout":10000,"ssl_client_key":null}],"cache_settings":[],"conditions":[],"dictionaries":[],"directors":[],"domains":[{"comment":"","name":"example8000.com"}],"gzips":[{"created_at":"2019-04-24T14:13:57Z","extensions":"html
        css js","name":"gzip-config-name","deleted_at":null,"updated_at":"2019-04-24T14:13:57Z","content_types":"text/html
        text/css application/javascript","cache_condition":""}],"headers":[{"priority":"100","src":"\"https://u.jimcdn.com\"
        req.url.path","name":"Set Location header","substitution":"","ignore_if_set":"0","cache_condition":null,"request_condition":null,"regex":"","response_condition":null,"action":"set","type":"response","dst":"http.Location"}],"healthchecks":[],"request_settings":[],"response_objects":[{"request_condition":"","content_type":"","status":"200","response":"Ok","name":"Set
        200 status code","content":"","cache_condition":""}],"snippets":[],"vcls":[],"wordpress":[],"settings":{"general.stale_if_error_ttl":43200,"general.stale_if_error":false,"general.default_ttl":3600,"general.default_host":"","general.default_pci":0}}}'
    headers:
      accept-ranges:
      - bytes
      - bytes
      - bytes
      age:
      - '0'
      - '0'
      cache-control:
      - no-cache
      connection:
      - keep-alive
      content-length:
      - '4697'
      content-type:
      - application/json
      date:
      - Wed, 24 Apr 2019 14:14:01 GMT
      status:
      - 200 OK
      strict-transport-security:
      - max-age=31536000
      vary:
      - Accept-Encoding
      via:
      - 1.1 varnish
      - 1.1 varnish
      x-cache:
      - MISS, MISS
      x-cache-hits:
      - 0, 0
      x-served-by:
      - cache-control-slwdc9037-CONTROL-SLWDC, cache-hhn1548-HHN
      x-timer:
      - S1556115241.373176,VS0,VE567
    status:
      code: 200
      message: OK
version: 1
