interactions:
- request:
    body: null
    headers:
      Content-Type: [application/json]
    method: GET
    uri: https://api.fastly.com/service/search?name=Jimdo%20Fastly%20Ansible%20Module%20Test
  response:
    body: {string: !!python/unicode '{"name":"Jimdo Fastly Ansible Module Test","deleted_at":null,"versions":[{"testing":false,"locked":false,"number":1,"active":false,"service_id":"3ZJX761dAvvieS2zmWrjfx","staging":false,"created_at":"2018-05-30T15:02:23Z","deleted_at":null,"comment":"","updated_at":"2018-05-30T15:02:23Z","deployed":false},{"testing":false,"locked":true,"number":2,"active":false,"service_id":"3ZJX761dAvvieS2zmWrjfx","staging":false,"created_at":"2018-05-30T15:02:24Z","deleted_at":null,"comment":"","updated_at":"2018-05-30T15:02:40Z","deployed":false},{"testing":false,"locked":true,"number":3,"active":false,"service_id":"3ZJX761dAvvieS2zmWrjfx","staging":false,"created_at":"2018-05-30T15:02:32Z","deleted_at":null,"comment":"","updated_at":"2018-05-30T15:02:48Z","deployed":false},{"testing":false,"locked":true,"number":4,"active":false,"service_id":"3ZJX761dAvvieS2zmWrjfx","staging":false,"created_at":"2018-05-30T15:02:41Z","deleted_at":null,"comment":"","updated_at":"2018-05-30T15:02:59Z","deployed":false},{"testing":false,"locked":true,"number":5,"active":false,"service_id":"3ZJX761dAvvieS2zmWrjfx","staging":false,"created_at":"2018-05-30T15:02:49Z","deleted_at":null,"comment":"","updated_at":"2018-05-30T15:03:08Z","deployed":false},{"testing":false,"locked":true,"number":6,"active":false,"service_id":"3ZJX761dAvvieS2zmWrjfx","staging":false,"created_at":"2018-05-30T15:03:02Z","deleted_at":null,"comment":"","updated_at":"2018-05-30T15:03:17Z","deployed":false},{"testing":false,"locked":true,"number":7,"active":false,"service_id":"3ZJX761dAvvieS2zmWrjfx","staging":false,"created_at":"2018-05-30T15:03:10Z","deleted_at":null,"comment":"","updated_at":"2018-05-30T15:03:26Z","deployed":false},{"testing":false,"staging":false,"updated_at":"2018-05-30T15:03:26Z","active":true,"number":8,"service_id":"3ZJX761dAvvieS2zmWrjfx","deployed":false,"locked":true,"deleted_at":null,"created_at":"2018-05-30T15:03:19Z","comment":""},{"testing":false,"locked":false,"number":9,"active":false,"service_id":"3ZJX761dAvvieS2zmWrjfx","staging":false,"created_at":"2018-05-30T15:03:27Z","deleted_at":null,"comment":"","updated_at":"2018-05-30T15:03:34Z","deployed":false}],"created_at":"2018-05-30T15:02:23Z","customer_id":"31RPDMBpiruA1yfGA2djLm","comment":"","updated_at":"2018-05-30T15:02:23Z","id":"3ZJX761dAvvieS2zmWrjfx"}'}
    headers:
      accept-ranges: [bytes]
      age: ['0']
      cache-control: [no-cache]
      connection: [keep-alive]
      content-length: ['2317']
      content-type: [application/json]
      date: ['Wed, 30 May 2018 15:03:39 GMT']
      status: [200 OK]
      vary: [Accept-Encoding]
      via: [1.1 varnish, 1.1 varnish]
      x-cache: ['MISS, MISS']
      x-cache-hits: ['0, 0']
      x-served-by: ['app-slwdc9051-SL, cache-fra19149-FRA']
      x-timer: ['S1527692619.023877,VS0,VE178']
    status: {code: 200, message: OK}
- request:
    body: null
    headers:
      Content-Type: [application/json]
    method: GET
    uri: https://api.fastly.com/service/3ZJX761dAvvieS2zmWrjfx/details
  response:
    body: {string: !!python/unicode '{"name":"Jimdo Fastly Ansible Module Test","deleted_at":null,"versions":[{"testing":false,"locked":false,"number":1,"active":false,"service_id":"3ZJX761dAvvieS2zmWrjfx","staging":false,"created_at":"2018-05-30T15:02:23Z","deleted_at":null,"comment":"","updated_at":"2018-05-30T15:02:23Z","deployed":false},{"testing":false,"locked":true,"number":2,"active":false,"service_id":"3ZJX761dAvvieS2zmWrjfx","staging":false,"created_at":"2018-05-30T15:02:24Z","deleted_at":null,"comment":"","updated_at":"2018-05-30T15:02:40Z","deployed":false},{"testing":false,"locked":true,"number":3,"active":false,"service_id":"3ZJX761dAvvieS2zmWrjfx","staging":false,"created_at":"2018-05-30T15:02:32Z","deleted_at":null,"comment":"","updated_at":"2018-05-30T15:02:48Z","deployed":false},{"testing":false,"locked":true,"number":4,"active":false,"service_id":"3ZJX761dAvvieS2zmWrjfx","staging":false,"created_at":"2018-05-30T15:02:41Z","deleted_at":null,"comment":"","updated_at":"2018-05-30T15:02:59Z","deployed":false},{"testing":false,"locked":true,"number":5,"active":false,"service_id":"3ZJX761dAvvieS2zmWrjfx","staging":false,"created_at":"2018-05-30T15:02:49Z","deleted_at":null,"comment":"","updated_at":"2018-05-30T15:03:08Z","deployed":false},{"testing":false,"locked":true,"number":6,"active":false,"service_id":"3ZJX761dAvvieS2zmWrjfx","staging":false,"created_at":"2018-05-30T15:03:02Z","deleted_at":null,"comment":"","updated_at":"2018-05-30T15:03:17Z","deployed":false},{"testing":false,"locked":true,"number":7,"active":false,"service_id":"3ZJX761dAvvieS2zmWrjfx","staging":false,"created_at":"2018-05-30T15:03:10Z","deleted_at":null,"comment":"","updated_at":"2018-05-30T15:03:26Z","deployed":false},{"testing":false,"locked":true,"number":8,"active":true,"service_id":"3ZJX761dAvvieS2zmWrjfx","staging":false,"created_at":"2018-05-30T15:03:19Z","deleted_at":null,"comment":"","updated_at":"2018-05-30T15:03:26Z","deployed":false},{"testing":false,"locked":false,"number":9,"active":false,"service_id":"3ZJX761dAvvieS2zmWrjfx","staging":false,"created_at":"2018-05-30T15:03:27Z","deleted_at":null,"comment":"","updated_at":"2018-05-30T15:03:34Z","deployed":false}],"created_at":"2018-05-30T15:02:23Z","customer_id":"31RPDMBpiruA1yfGA2djLm","comment":"","updated_at":"2018-05-30T15:02:23Z","id":"3ZJX761dAvvieS2zmWrjfx","version":{"testing":false,"staging":false,"updated_at":"2018-05-30T15:03:34Z","active":false,"number":9,"service_id":"3ZJX761dAvvieS2zmWrjfx","deployed":false,"locked":false,"deleted_at":null,"created_at":"2018-05-30T15:03:27Z","comment":"","acls":[],"backends":[{"max_tls_version":null,"ssl_ca_cert":null,"auto_loadbalance":false,"ssl_check_cert":true,"shield":null,"hostname":null,"ssl_client_cert":null,"error_threshold":0,"request_condition":"","first_byte_timeout":15000,"ssl_cert_hostname":null,"weight":100,"client_cert":null,"address":"127.0.0.1","ssl_hostname":null,"ssl_sni_hostname":null,"min_tls_version":null,"ipv6":null,"ipv4":"127.0.0.1","connect_timeout":1000,"ssl_ciphers":null,"name":"localhost","healthcheck":null,"port":80,"max_conn":200,"use_ssl":false,"comment":"","between_bytes_timeout":10000,"ssl_client_key":null}],"cache_settings":[],"conditions":[],"dictionaries":[],"directors":[],"domains":[{"comment":"test1","name":"cdn.example8000.com"}],"gzips":[],"headers":[{"priority":"10","src":"\"https://u.jimcdn.com\"
        req.url.path","name":"Set Location header","substitution":"","ignore_if_set":"0","cache_condition":null,"request_condition":null,"regex":"","response_condition":null,"action":"set","type":"response","dst":"http.Location"}],"healthchecks":[],"request_settings":[],"response_objects":[{"request_condition":"","content_type":"","status":"301","response":"Ok","name":"Set
        301 status code","content":"","cache_condition":""}],"snippets":[],"vcls":[],"wordpress":[],"settings":{"general.stale_if_error_ttl":43200,"general.stale_if_error":false,"general.default_ttl":3600,"general.default_host":"","general.default_pci":0}},"active_version":{"testing":false,"staging":false,"updated_at":"2018-05-30T15:03:26Z","active":true,"number":8,"service_id":"3ZJX761dAvvieS2zmWrjfx","deployed":false,"locked":true,"deleted_at":null,"created_at":"2018-05-30T15:03:19Z","comment":"","acls":[],"backends":[{"max_tls_version":null,"ssl_ca_cert":null,"auto_loadbalance":false,"ssl_check_cert":true,"shield":null,"hostname":null,"ssl_client_cert":null,"error_threshold":0,"request_condition":"","first_byte_timeout":15000,"ssl_cert_hostname":null,"weight":100,"client_cert":null,"address":"127.0.0.1","ssl_hostname":null,"ssl_sni_hostname":null,"min_tls_version":null,"ipv6":null,"ipv4":"127.0.0.1","connect_timeout":1000,"ssl_ciphers":null,"name":"localhost","healthcheck":null,"port":80,"max_conn":200,"use_ssl":false,"comment":"","between_bytes_timeout":10000,"ssl_client_key":null}],"cache_settings":[],"conditions":[],"dictionaries":[],"directors":[],"domains":[{"comment":"test1","name":"cdn.example8000.com"}],"gzips":[],"headers":[{"priority":"10","src":"\"https://u.jimcdn.com\"
        req.url.path","name":"Set Location header","substitution":"","ignore_if_set":"0","cache_condition":null,"request_condition":null,"regex":"","response_condition":null,"action":"set","type":"response","dst":"http.Location"}],"healthchecks":[],"request_settings":[],"response_objects":[{"request_condition":"","content_type":"","status":"302","response":"Ok","name":"Set
        302 status code","content":"","cache_condition":""}],"snippets":[],"vcls":[],"wordpress":[],"settings":{"general.stale_if_error_ttl":43200,"general.stale_if_error":false,"general.default_ttl":3600,"general.default_host":"","general.default_pci":0}}}'}
    headers:
      accept-ranges: [bytes]
      age: ['0']
      cache-control: [no-cache]
      connection: [keep-alive]
      content-length: ['5642']
      content-type: [application/json]
      date: ['Wed, 30 May 2018 15:03:39 GMT']
      status: [200 OK]
      vary: [Accept-Encoding]
      via: [1.1 varnish, 1.1 varnish]
      x-cache: ['MISS, MISS']
      x-cache-hits: ['0, 0']
      x-served-by: ['app-slwdc9051-SL, cache-fra19140-FRA']
      x-timer: ['S1527692619.261004,VS0,VE160']
    status: {code: 200, message: OK}
- request:
    body: null
    headers:
      Content-Type: [application/json]
    method: PUT
    uri: https://api.fastly.com/service/3ZJX761dAvvieS2zmWrjfx/version/8/deactivate
  response:
    body: {string: !!python/unicode '{"testing":false,"locked":true,"number":8,"active":false,"service_id":"3ZJX761dAvvieS2zmWrjfx","staging":false,"created_at":"2018-05-30T15:03:19Z","deleted_at":null,"comment":"","updated_at":"2018-05-30T15:03:26Z","deployed":false}'}
    headers:
      accept-ranges: [bytes]
      cache-control: [no-cache]
      connection: [keep-alive]
      content-length: ['231']
      content-type: [application/json]
      date: ['Wed, 30 May 2018 15:03:39 GMT']
      fastly-ratelimit-remaining: ['851']
      fastly-ratelimit-reset: ['1527696000']
      status: [200 OK]
      vary: [Accept-Encoding]
      via: [1.1 varnish, 1.1 varnish]
      x-cache: ['MISS, MISS']
      x-cache-hits: ['0, 0']
      x-served-by: ['app-slwdc9051-SL, cache-fra19136-FRA']
      x-timer: ['S1527692619.479252,VS0,VE205']
    status: {code: 200, message: OK}
- request:
    body: null
    headers:
      Content-Type: [application/json]
    method: DELETE
    uri: https://api.fastly.com/service/3ZJX761dAvvieS2zmWrjfx
  response:
    body: {string: !!python/unicode '{"status":"ok"}'}
    headers:
      accept-ranges: [bytes]
      cache-control: [no-cache]
      connection: [keep-alive]
      content-length: ['15']
      content-type: [application/json]
      date: ['Wed, 30 May 2018 15:03:40 GMT']
      fastly-ratelimit-remaining: ['850']
      fastly-ratelimit-reset: ['1527696000']
      status: [200 OK]
      vary: [Accept-Encoding]
      via: [1.1 varnish, 1.1 varnish]
      x-cache: ['MISS, MISS']
      x-cache-hits: ['0, 0']
      x-served-by: ['app-slwdc9051-SL, cache-fra19127-FRA']
      x-timer: ['S1527692620.743147,VS0,VE435']
    status: {code: 200, message: OK}
- request:
    body: null
    headers:
      Content-Type: [application/json]
    method: GET
    uri: https://api.fastly.com/service/search?name=Jimdo%20Fastly%20Ansible%20Module%20Test
  response:
    body: {string: !!python/unicode '{"msg":"Record not found","detail":"Cannot load
        service ''31RPDMBpiruA1yfGA2djLm''-''Jimdo Fastly Ansible Module Test''"}'}
    headers:
      accept-ranges: [bytes]
      age: ['0']
      cache-control: [no-cache]
      connection: [keep-alive]
      content-length: ['117']
      content-type: [application/json]
      date: ['Wed, 30 May 2018 15:03:40 GMT']
      status: [404 Not Found]
      vary: [Accept-Encoding]
      via: [1.1 varnish, 1.1 varnish]
      x-cache: ['MISS, MISS']
      x-cache-hits: ['0, 0']
      x-served-by: ['app-slwdc9051-SL, cache-fra19144-FRA']
      x-timer: ['S1527692620.235522,VS0,VE125']
    status: {code: 404, message: Not Found}
- request:
    body: !!python/unicode '{"name": "Jimdo Fastly Ansible Module Test"}'
    headers:
      Content-Type: [application/json]
    method: POST
    uri: https://api.fastly.com/service
  response:
    body: {string: !!python/unicode '{"customer_id":"31RPDMBpiruA1yfGA2djLm","name":"Jimdo
        Fastly Ansible Module Test","publish_key":"fe248178d3a9484e1881a6ca2b11d80089d77bb8","versions":[{"testing":false,"locked":false,"number":1,"active":false,"service_id":"4yGvzhUp0zdxyqqOAppQub","staging":false,"created_at":"2018-05-30T15:03:40Z","deleted_at":null,"comment":"","updated_at":"2018-05-30T15:03:40Z","deployed":false}],"deleted_at":null,"created_at":"2018-05-30T15:03:40Z","comment":"","updated_at":"2018-05-30T15:03:40Z","id":"4yGvzhUp0zdxyqqOAppQub"}'}
    headers:
      accept-ranges: [bytes]
      cache-control: [no-cache]
      connection: [keep-alive]
      content-length: ['518']
      content-type: [application/json]
      date: ['Wed, 30 May 2018 15:03:40 GMT']
      fastly-ratelimit-remaining: ['849']
      fastly-ratelimit-reset: ['1527696000']
      status: [200 OK]
      vary: [Accept-Encoding]
      via: [1.1 varnish, 1.1 varnish]
      x-cache: ['MISS, MISS']
      x-cache-hits: ['0, 0']
      x-served-by: ['app-slwdc9051-SL, cache-fra19133-FRA']
      x-timer: ['S1527692620.420334,VS0,VE411']
    status: {code: 200, message: OK}
- request:
    body: null
    headers:
      Content-Type: [application/json]
    method: GET
    uri: https://api.fastly.com/service/4yGvzhUp0zdxyqqOAppQub/details
  response:
    body: {string: !!python/unicode '{"name":"Jimdo Fastly Ansible Module Test","deleted_at":null,"versions":[{"testing":false,"locked":false,"number":1,"active":false,"service_id":"4yGvzhUp0zdxyqqOAppQub","staging":false,"created_at":"2018-05-30T15:03:40Z","deleted_at":null,"comment":"","updated_at":"2018-05-30T15:03:40Z","deployed":false}],"created_at":"2018-05-30T15:03:40Z","customer_id":"31RPDMBpiruA1yfGA2djLm","comment":"","updated_at":"2018-05-30T15:03:40Z","id":"4yGvzhUp0zdxyqqOAppQub","version":{"testing":false,"staging":false,"updated_at":"2018-05-30T15:03:40Z","active":false,"number":1,"service_id":"4yGvzhUp0zdxyqqOAppQub","deployed":false,"locked":false,"deleted_at":null,"created_at":"2018-05-30T15:03:40Z","comment":"","acls":[],"backends":[],"cache_settings":[],"conditions":[],"dictionaries":[],"directors":[],"domains":[],"gzips":[],"headers":[],"healthchecks":[],"request_settings":[],"response_objects":[],"snippets":[],"vcls":[],"wordpress":[],"settings":{"general.stale_if_error_ttl":43200,"general.stale_if_error":false,"general.default_ttl":3600,"general.default_host":"","general.default_pci":0}},"active_version":null}'}
    headers:
      accept-ranges: [bytes]
      age: ['0']
      cache-control: [no-cache]
      connection: [keep-alive]
      content-length: ['1113']
      content-type: [application/json]
      date: ['Wed, 30 May 2018 15:03:41 GMT']
      status: [200 OK]
      vary: [Accept-Encoding]
      via: [1.1 varnish, 1.1 varnish]
      x-cache: ['MISS, MISS']
      x-cache-hits: ['0, 0']
      x-served-by: ['app-slwdc9051-SL, cache-fra19124-FRA']
      x-timer: ['S1527692621.890150,VS0,VE449']
    status: {code: 200, message: OK}
- request:
    body: null
    headers:
      Content-Type: [application/json]
    method: PUT
    uri: https://api.fastly.com/service/4yGvzhUp0zdxyqqOAppQub/version/1/clone
  response:
    body: {string: !!python/unicode '{"testing":false,"locked":false,"number":2,"active":false,"service_id":"4yGvzhUp0zdxyqqOAppQub","staging":false,"created_at":"2018-05-30T15:03:40Z","deleted_at":null,"comment":"","updated_at":"2018-05-30T15:03:40Z","deployed":false}'}
    headers:
      accept-ranges: [bytes]
      cache-control: [no-cache]
      connection: [keep-alive]
      content-length: ['232']
      content-type: [application/json]
      date: ['Wed, 30 May 2018 15:03:41 GMT']
      fastly-ratelimit-remaining: ['848']
      fastly-ratelimit-reset: ['1527696000']
      status: [200 OK]
      vary: [Accept-Encoding]
      via: [1.1 varnish, 1.1 varnish]
      x-cache: ['MISS, MISS']
      x-cache-hits: ['0, 0']
      x-served-by: ['app-slwdc9051-SL, cache-fra19126-FRA']
      x-timer: ['S1527692621.397029,VS0,VE475']
    status: {code: 200, message: OK}
- request:
    body: null
    headers:
      Content-Type: [application/json]
    method: GET
    uri: https://api.fastly.com/service/4yGvzhUp0zdxyqqOAppQub/version/2/domain
  response:
    body: {string: !!python/unicode '[]'}
    headers:
      accept-ranges: [bytes]
      age: ['0']
      cache-control: [no-cache]
      connection: [keep-alive]
      content-length: ['2']
      content-type: [application/json]
      date: ['Wed, 30 May 2018 15:03:42 GMT']
      status: [200 OK]
      vary: [Accept-Encoding]
      via: [1.1 varnish, 1.1 varnish]
      x-cache: ['MISS, MISS']
      x-cache-hits: ['0, 0']
      x-served-by: ['app-slwdc9051-SL, cache-fra19139-FRA']
      x-timer: ['S1527692622.929667,VS0,VE119']
    status: {code: 200, message: OK}
- request:
    body: null
    headers:
      Content-Type: [application/json]
    method: GET
    uri: https://api.fastly.com/service/4yGvzhUp0zdxyqqOAppQub/version/2/healthcheck
  response:
    body: {string: !!python/unicode '[]'}
    headers:
      accept-ranges: [bytes]
      age: ['0']
      cache-control: [no-cache]
      connection: [keep-alive]
      content-length: ['2']
      content-type: [application/json]
      date: ['Wed, 30 May 2018 15:03:42 GMT']
      status: [200 OK]
      vary: [Accept-Encoding]
      via: [1.1 varnish, 1.1 varnish]
      x-cache: ['MISS, MISS']
      x-cache-hits: ['0, 0']
      x-served-by: ['app-slwdc9051-SL, cache-fra19148-FRA']
      x-timer: ['S1527692622.110793,VS0,VE411']
    status: {code: 200, message: OK}
- request:
    body: null
    headers:
      Content-Type: [application/json]
    method: GET
    uri: https://api.fastly.com/service/4yGvzhUp0zdxyqqOAppQub/version/2/condition
  response:
    body: {string: !!python/unicode '[]'}
    headers:
      accept-ranges: [bytes]
      age: ['0']
      cache-control: [no-cache]
      connection: [keep-alive]
      content-length: ['2']
      content-type: [application/json]
      date: ['Wed, 30 May 2018 15:03:42 GMT']
      status: [200 OK]
      vary: [Accept-Encoding]
      via: [1.1 varnish, 1.1 varnish]
      x-cache: ['MISS, MISS']
      x-cache-hits: ['0, 0']
      x-served-by: ['app-slwdc9051-SL, cache-fra19128-FRA']
      x-timer: ['S1527692623.579092,VS0,VE386']
    status: {code: 200, message: OK}
- request:
    body: null
    headers:
      Content-Type: [application/json]
    method: GET
    uri: https://api.fastly.com/service/4yGvzhUp0zdxyqqOAppQub/version/2/backend
  response:
    body: {string: !!python/unicode '[]'}
    headers:
      accept-ranges: [bytes]
      age: ['0']
      cache-control: [no-cache]
      connection: [keep-alive]
      content-length: ['2']
      content-type: [application/json]
      date: ['Wed, 30 May 2018 15:03:43 GMT']
      status: [200 OK]
      vary: [Accept-Encoding]
      via: [1.1 varnish, 1.1 varnish]
      x-cache: ['MISS, MISS']
      x-cache-hits: ['0, 0']
      x-served-by: ['app-slwdc9051-SL, cache-fra19135-FRA']
      x-timer: ['S1527692623.021700,VS0,VE119']
    status: {code: 200, message: OK}
- request:
    body: null
    headers:
      Content-Type: [application/json]
    method: GET
    uri: https://api.fastly.com/service/4yGvzhUp0zdxyqqOAppQub/version/2/director
  response:
    body: {string: !!python/unicode '[]'}
    headers:
      accept-ranges: [bytes]
      age: ['0']
      cache-control: [no-cache]
      connection: [keep-alive]
      content-length: ['2']
      content-type: [application/json]
      date: ['Wed, 30 May 2018 15:03:43 GMT']
      status: [200 OK]
      vary: [Accept-Encoding]
      via: [1.1 varnish, 1.1 varnish]
      x-cache: ['MISS, MISS']
      x-cache-hits: ['0, 0']
      x-served-by: ['app-slwdc9051-SL, cache-fra19139-FRA']
      x-timer: ['S1527692623.198179,VS0,VE157']
    status: {code: 200, message: OK}
- request:
    body: null
    headers:
      Content-Type: [application/json]
    method: GET
    uri: https://api.fastly.com/service/4yGvzhUp0zdxyqqOAppQub/version/2/cache_settings
  response:
    body: {string: !!python/unicode '[]'}
    headers:
      accept-ranges: [bytes]
      age: ['0']
      cache-control: [no-cache]
      connection: [keep-alive]
      content-length: ['2']
      content-type: [application/json]
      date: ['Wed, 30 May 2018 15:03:43 GMT']
      status: [200 OK]
      vary: [Accept-Encoding]
      via: [1.1 varnish, 1.1 varnish]
      x-cache: ['MISS, MISS']
      x-cache-hits: ['0, 0']
      x-served-by: ['app-slwdc9051-SL, cache-fra19132-FRA']
      x-timer: ['S1527692623.421034,VS0,VE127']
    status: {code: 200, message: OK}
- request:
    body: null
    headers:
      Content-Type: [application/json]
    method: GET
    uri: https://api.fastly.com/service/4yGvzhUp0zdxyqqOAppQub/version/2/gzip
  response:
    body: {string: !!python/unicode '[]'}
    headers:
      accept-ranges: [bytes]
      age: ['0']
      cache-control: [no-cache]
      connection: [keep-alive]
      content-length: ['2']
      content-type: [application/json]
      date: ['Wed, 30 May 2018 15:03:43 GMT']
      status: [200 OK]
      vary: [Accept-Encoding]
      via: [1.1 varnish, 1.1 varnish]
      x-cache: ['MISS, MISS']
      x-cache-hits: ['0, 0']
      x-served-by: ['app-slwdc9051-SL, cache-fra19138-FRA']
      x-timer: ['S1527692624.605494,VS0,VE118']
    status: {code: 200, message: OK}
- request:
    body: null
    headers:
      Content-Type: [application/json]
    method: GET
    uri: https://api.fastly.com/service/4yGvzhUp0zdxyqqOAppQub/version/2/header
  response:
    body: {string: !!python/unicode '[]'}
    headers:
      accept-ranges: [bytes]
      age: ['0']
      cache-control: [no-cache]
      connection: [keep-alive]
      content-length: ['2']
      content-type: [application/json]
      date: ['Wed, 30 May 2018 15:03:44 GMT']
      status: [200 OK]
      vary: [Accept-Encoding]
      via: [1.1 varnish, 1.1 varnish]
      x-cache: ['MISS, MISS']
      x-cache-hits: ['0, 0']
      x-served-by: ['app-slwdc9051-SL, cache-fra19120-FRA']
      x-timer: ['S1527692624.780124,VS0,VE390']
    status: {code: 200, message: OK}
- request:
    body: null
    headers:
      Content-Type: [application/json]
    method: GET
    uri: https://api.fastly.com/service/4yGvzhUp0zdxyqqOAppQub/version/2/request_settings
  response:
    body: {string: !!python/unicode '[]'}
    headers:
      accept-ranges: [bytes]
      age: ['0']
      cache-control: [no-cache]
      connection: [keep-alive]
      content-length: ['2']
      content-type: [application/json]
      date: ['Wed, 30 May 2018 15:03:44 GMT']
      status: [200 OK]
      vary: [Accept-Encoding]
      via: [1.1 varnish, 1.1 varnish]
      x-cache: ['MISS, MISS']
      x-cache-hits: ['0, 0']
      x-served-by: ['app-slwdc9051-SL, cache-fra19130-FRA']
      x-timer: ['S1527692624.228147,VS0,VE129']
    status: {code: 200, message: OK}
- request:
    body: null
    headers:
      Content-Type: [application/json]
    method: GET
    uri: https://api.fastly.com/service/4yGvzhUp0zdxyqqOAppQub/version/2/response_object
  response:
    body: {string: !!python/unicode '[]'}
    headers:
      accept-ranges: [bytes]
      age: ['0']
      cache-control: [no-cache]
      connection: [keep-alive]
      content-length: ['2']
      content-type: [application/json]
      date: ['Wed, 30 May 2018 15:03:44 GMT']
      status: [200 OK]
      vary: [Accept-Encoding]
      via: [1.1 varnish, 1.1 varnish]
      x-cache: ['MISS, MISS']
      x-cache-hits: ['0, 0']
      x-served-by: ['app-slwdc9051-SL, cache-fra19147-FRA']
      x-timer: ['S1527692624.414672,VS0,VE128']
    status: {code: 200, message: OK}
- request:
    body: null
    headers:
      Content-Type: [application/json]
    method: GET
    uri: https://api.fastly.com/service/4yGvzhUp0zdxyqqOAppQub/version/2/snippet
  response:
    body: {string: !!python/unicode '[]'}
    headers:
      accept-ranges: [bytes]
      age: ['0']
      cache-control: [no-cache]
      connection: [keep-alive]
      content-length: ['2']
      content-type: [application/json]
      date: ['Wed, 30 May 2018 15:03:45 GMT']
      status: [200 OK]
      vary: [Accept-Encoding]
      via: [1.1 varnish, 1.1 varnish]
      x-cache: ['MISS, MISS']
      x-cache-hits: ['0, 0']
      x-served-by: ['app-slwdc9051-SL, cache-fra19122-FRA']
      x-timer: ['S1527692625.603424,VS0,VE452']
    status: {code: 200, message: OK}
- request:
    body: null
    headers:
      Content-Type: [application/json]
    method: GET
    uri: https://api.fastly.com/service/4yGvzhUp0zdxyqqOAppQub/version/2/logging/s3
  response:
    body: {string: !!python/unicode '[]'}
    headers:
      accept-ranges: [bytes]
      age: ['0']
      cache-control: [no-cache]
      connection: [keep-alive]
      content-length: ['2']
      content-type: [application/json]
      date: ['Wed, 30 May 2018 15:03:45 GMT']
      status: [200 OK]
      vary: [Accept-Encoding]
      via: [1.1 varnish, 1.1 varnish]
      x-cache: ['MISS, MISS']
      x-cache-hits: ['0, 0']
      x-served-by: ['app-slwdc9051-SL, cache-fra19141-FRA']
      x-timer: ['S1527692625.111956,VS0,VE123']
    status: {code: 200, message: OK}
- request:
    body: null
    headers:
      Content-Type: [application/json]
    method: GET
    uri: https://api.fastly.com/service/4yGvzhUp0zdxyqqOAppQub/version/2/logging/syslog
  response:
    body: {string: !!python/unicode '[]'}
    headers:
      accept-ranges: [bytes]
      age: ['0']
      cache-control: [no-cache]
      connection: [keep-alive]
      content-length: ['2']
      content-type: [application/json]
      date: ['Wed, 30 May 2018 15:03:45 GMT']
      status: [200 OK]
      vary: [Accept-Encoding]
      via: [1.1 varnish, 1.1 varnish]
      x-cache: ['MISS, MISS']
      x-cache-hits: ['0, 0']
      x-served-by: ['app-slwdc9051-SL, cache-fra19144-FRA']
      x-timer: ['S1527692625.293831,VS0,VE415']
    status: {code: 200, message: OK}
- request:
    body: !!python/unicode '{"comment": "test1", "name": "cdn.example8000.com"}'
    headers:
      Content-Type: [application/json]
    method: POST
    uri: https://api.fastly.com/service/4yGvzhUp0zdxyqqOAppQub/version/2/domain
  response:
    body: {string: !!python/unicode '{"comment":"test1","name":"cdn.example8000.com","service_id":"4yGvzhUp0zdxyqqOAppQub","version":2,"deleted_at":null,"created_at":"2018-05-30T15:03:45Z","updated_at":"2018-05-30T15:03:45Z"}'}
    headers:
      accept-ranges: [bytes]
      cache-control: [no-cache]
      connection: [keep-alive]
      content-length: ['188']
      content-type: [application/json]
      date: ['Wed, 30 May 2018 15:03:46 GMT']
      fastly-ratelimit-remaining: ['847']
      fastly-ratelimit-reset: ['1527696000']
      status: [200 OK]
      vary: [Accept-Encoding]
      via: [1.1 varnish, 1.1 varnish]
      x-cache: ['MISS, MISS']
      x-cache-hits: ['0, 0']
      x-served-by: ['app-slwdc9051-SL, cache-fra19126-FRA']
      x-timer: ['S1527692626.766687,VS0,VE253']
    status: {code: 200, message: OK}
- request:
    body: !!python/unicode '{"ssl_ca_cert": null, "request_condition": "", "name":
      "localhost", "weight": 100, "healthcheck": null, "first_byte_timeout": 15000,
      "error_threshold": 0, "port": 80, "ssl_cert_hostname": null, "address": "127.0.0.1",
      "between_bytes_timeout": 10000, "max_conn": 200, "connect_timeout": 1000, "ssl_hostname":
      null, "shield": null}'
    headers:
      Content-Type: [application/json]
    method: POST
    uri: https://api.fastly.com/service/4yGvzhUp0zdxyqqOAppQub/version/2/backend
  response:
    body: {string: !!python/unicode '{"ssl_ca_cert":null,"request_condition":"","name":"localhost","weight":100,"healthcheck":null,"first_byte_timeout":15000,"error_threshold":0,"port":80,"ssl_cert_hostname":null,"address":"127.0.0.1","between_bytes_timeout":10000,"max_conn":200,"connect_timeout":1000,"ssl_hostname":null,"shield":null,"service_id":"4yGvzhUp0zdxyqqOAppQub","version":2,"max_tls_version":null,"ssl_client_cert":null,"hostname":null,"client_cert":null,"updated_at":"2018-05-30T15:03:46Z","ipv4":"127.0.0.1","ssl_ciphers":null,"ssl_client_key":null,"auto_loadbalance":false,"ssl_check_cert":true,"ssl_sni_hostname":null,"min_tls_version":null,"ipv6":null,"deleted_at":null,"use_ssl":false,"created_at":"2018-05-30T15:03:46Z","comment":""}'}
    headers:
      accept-ranges: [bytes]
      cache-control: [no-cache]
      connection: [keep-alive]
      content-length: ['716']
      content-type: [application/json]
      date: ['Wed, 30 May 2018 15:03:46 GMT']
      fastly-ratelimit-remaining: ['846']
      fastly-ratelimit-reset: ['1527696000']
      status: [200 OK]
      vary: [Accept-Encoding]
      via: [1.1 varnish, 1.1 varnish]
      x-cache: ['MISS, MISS']
      x-cache-hits: ['0, 0']
      x-served-by: ['app-slwdc9051-SL, cache-fra19144-FRA']
      x-timer: ['S1527692626.079503,VS0,VE446']
    status: {code: 200, message: OK}
- request:
    body: !!python/unicode '{"ignore_if_set": "0", "regex": "", "request_condition":
      null, "name": "Set Location header", "src": "\"https://u.jimcdn.com\" req.url.path",
      "dst": "http.Location", "cache_condition": null, "priority": "10", "substitution":
      "", "action": "set", "type": "response", "response_condition": null}'
    headers:
      Content-Type: [application/json]
    method: POST
    uri: https://api.fastly.com/service/4yGvzhUp0zdxyqqOAppQub/version/2/header
  response:
    body: {string: !!python/unicode '{"ignore_if_set":"0","regex":"","request_condition":null,"name":"Set
        Location header","src":"\"https://u.jimcdn.com\" req.url.path","dst":"http.Location","cache_condition":null,"priority":"10","substitution":"","action":"set","type":"response","response_condition":null,"service_id":"4yGvzhUp0zdxyqqOAppQub","version":"2","updated_at":"2018-05-30T15:03:46Z","deleted_at":null,"created_at":"2018-05-30T15:03:46Z"}'}
    headers:
      accept-ranges: [bytes]
      cache-control: [no-cache]
      connection: [keep-alive]
      content-length: ['412']
      content-type: [application/json]
      date: ['Wed, 30 May 2018 15:03:47 GMT']
      fastly-ratelimit-remaining: ['845']
      fastly-ratelimit-reset: ['1527696000']
      status: [200 OK]
      vary: [Accept-Encoding]
      via: [1.1 varnish, 1.1 varnish]
      x-cache: ['MISS, MISS']
      x-cache-hits: ['0, 0']
      x-served-by: ['app-slwdc9051-SL, cache-fra19148-FRA']
      x-timer: ['S1527692627.586772,VS0,VE414']
    status: {code: 200, message: OK}
- request:
    body: !!python/unicode '{"status": "302", "request_condition": "", "name": "Set
      302 status code", "content": "", "content_type": "", "response": "Ok"}'
    headers:
      Content-Type: [application/json]
    method: POST
    uri: https://api.fastly.com/service/4yGvzhUp0zdxyqqOAppQub/version/2/response_object
  response:
    body: {string: !!python/unicode '{"status":"302","request_condition":"","name":"Set
        302 status code","content":"","content_type":"","response":"Ok","service_id":"4yGvzhUp0zdxyqqOAppQub","version":"2","deleted_at":null,"cache_condition":"","created_at":"2018-05-30T15:03:47Z","updated_at":"2018-05-30T15:03:47Z"}'}
    headers:
      accept-ranges: [bytes]
      cache-control: [no-cache]
      connection: [keep-alive]
      content-length: ['278']
      content-type: [application/json]
      date: ['Wed, 30 May 2018 15:03:47 GMT']
      fastly-ratelimit-remaining: ['844']
      fastly-ratelimit-reset: ['1527696000']
      status: [200 OK]
      vary: [Accept-Encoding]
      via: [1.1 varnish, 1.1 varnish]
      x-cache: ['MISS, MISS']
      x-cache-hits: ['0, 0']
      x-served-by: ['app-slwdc9051-SL, cache-fra19144-FRA']
      x-timer: ['S1527692627.055292,VS0,VE187']
    status: {code: 200, message: OK}
- request:
    body: !!python/unicode '{"general.default_ttl": 3600}'
    headers:
      Content-Type: [application/json]
    method: PUT
    uri: https://api.fastly.com/service/4yGvzhUp0zdxyqqOAppQub/version/2/settings
  response:
    body: {string: !!python/unicode '{"general.stale_if_error_ttl":43200,"general.stale_if_error":false,"general.default_ttl":3600,"version":2,"general.default_host":"","general.default_pci":0,"service_id":"4yGvzhUp0zdxyqqOAppQub"}'}
    headers:
      accept-ranges: [bytes]
      cache-control: [no-cache]
      connection: [keep-alive]
      content-length: ['194']
      content-type: [application/json]
      date: ['Wed, 30 May 2018 15:03:47 GMT']
      fastly-ratelimit-remaining: ['843']
      fastly-ratelimit-reset: ['1527696000']
      status: [200 OK]
      vary: [Accept-Encoding]
      via: [1.1 varnish, 1.1 varnish]
      x-cache: ['MISS, MISS']
      x-cache-hits: ['0, 0']
      x-served-by: ['app-slwdc9051-SL, cache-fra19124-FRA']
      x-timer: ['S1527692627.301915,VS0,VE464']
    status: {code: 200, message: OK}
- request:
    body: null
    headers:
      Content-Type: [application/json]
    method: PUT
    uri: https://api.fastly.com/service/4yGvzhUp0zdxyqqOAppQub/version/2/activate
  response:
    body: {string: !!python/unicode '{"testing":false,"locked":true,"number":2,"active":true,"service_id":"4yGvzhUp0zdxyqqOAppQub","staging":false,"created_at":"2018-05-30T15:03:41Z","deleted_at":null,"comment":"","updated_at":"2018-05-30T15:03:47Z","deployed":false,"msg":null}'}
    headers:
      accept-ranges: [bytes]
      cache-control: [no-cache]
      connection: [keep-alive]
      content-length: ['241']
      content-type: [application/json]
      date: ['Wed, 30 May 2018 15:03:48 GMT']
      fastly-ratelimit-remaining: ['842']
      fastly-ratelimit-reset: ['1527696000']
      status: [200 OK]
      vary: [Accept-Encoding]
      via: [1.1 varnish, 1.1 varnish]
      x-cache: ['MISS, MISS']
      x-cache-hits: ['0, 0']
      x-served-by: ['app-slwdc9051-SL, cache-fra19145-FRA']
      x-timer: ['S1527692628.825642,VS0,VE1052']
    status: {code: 200, message: OK}
- request:
    body: null
    headers:
      Content-Type: [application/json]
    method: GET
    uri: https://api.fastly.com/service/4yGvzhUp0zdxyqqOAppQub/details
  response:
    body: {string: !!python/unicode '{"name":"Jimdo Fastly Ansible Module Test","deleted_at":null,"versions":[{"testing":false,"locked":false,"number":1,"active":false,"service_id":"4yGvzhUp0zdxyqqOAppQub","staging":false,"created_at":"2018-05-30T15:03:40Z","deleted_at":null,"comment":"","updated_at":"2018-05-30T15:03:40Z","deployed":false},{"testing":false,"locked":true,"number":2,"active":true,"service_id":"4yGvzhUp0zdxyqqOAppQub","staging":false,"created_at":"2018-05-30T15:03:41Z","deleted_at":null,"comment":"","updated_at":"2018-05-30T15:03:48Z","deployed":false}],"created_at":"2018-05-30T15:03:40Z","customer_id":"31RPDMBpiruA1yfGA2djLm","comment":"","updated_at":"2018-05-30T15:03:40Z","id":"4yGvzhUp0zdxyqqOAppQub","version":{"testing":false,"staging":false,"updated_at":"2018-05-30T15:03:48Z","active":true,"number":2,"service_id":"4yGvzhUp0zdxyqqOAppQub","deployed":false,"locked":true,"deleted_at":null,"created_at":"2018-05-30T15:03:41Z","comment":"","acls":[],"backends":[{"max_tls_version":null,"ssl_ca_cert":null,"auto_loadbalance":false,"ssl_check_cert":true,"shield":null,"hostname":null,"ssl_client_cert":null,"error_threshold":0,"request_condition":"","first_byte_timeout":15000,"ssl_cert_hostname":null,"weight":100,"client_cert":null,"address":"127.0.0.1","ssl_hostname":null,"ssl_sni_hostname":null,"min_tls_version":null,"ipv6":null,"ipv4":"127.0.0.1","connect_timeout":1000,"ssl_ciphers":null,"name":"localhost","healthcheck":null,"port":80,"max_conn":200,"use_ssl":false,"comment":"","between_bytes_timeout":10000,"ssl_client_key":null}],"cache_settings":[],"conditions":[],"dictionaries":[],"directors":[],"domains":[{"comment":"test1","name":"cdn.example8000.com"}],"gzips":[],"headers":[{"priority":"10","src":"\"https://u.jimcdn.com\"
        req.url.path","name":"Set Location header","substitution":"","ignore_if_set":"0","cache_condition":null,"request_condition":null,"regex":"","response_condition":null,"action":"set","type":"response","dst":"http.Location"}],"healthchecks":[],"request_settings":[],"response_objects":[{"request_condition":"","content_type":"","status":"302","response":"Ok","name":"Set
        302 status code","content":"","cache_condition":""}],"snippets":[],"vcls":[],"wordpress":[],"settings":{"general.stale_if_error_ttl":43200,"general.stale_if_error":false,"general.default_ttl":3600,"general.default_host":"","general.default_pci":0}},"active_version":{"testing":false,"staging":false,"updated_at":"2018-05-30T15:03:48Z","active":true,"number":2,"service_id":"4yGvzhUp0zdxyqqOAppQub","deployed":false,"locked":true,"deleted_at":null,"created_at":"2018-05-30T15:03:41Z","comment":"","acls":[],"backends":[{"max_tls_version":null,"ssl_ca_cert":null,"auto_loadbalance":false,"ssl_check_cert":true,"shield":null,"hostname":null,"ssl_client_cert":null,"error_threshold":0,"request_condition":"","first_byte_timeout":15000,"ssl_cert_hostname":null,"weight":100,"client_cert":null,"address":"127.0.0.1","ssl_hostname":null,"ssl_sni_hostname":null,"min_tls_version":null,"ipv6":null,"ipv4":"127.0.0.1","connect_timeout":1000,"ssl_ciphers":null,"name":"localhost","healthcheck":null,"port":80,"max_conn":200,"use_ssl":false,"comment":"","between_bytes_timeout":10000,"ssl_client_key":null}],"cache_settings":[],"conditions":[],"dictionaries":[],"directors":[],"domains":[{"comment":"test1","name":"cdn.example8000.com"}],"gzips":[],"headers":[{"priority":"10","src":"\"https://u.jimcdn.com\"
        req.url.path","name":"Set Location header","substitution":"","ignore_if_set":"0","cache_condition":null,"request_condition":null,"regex":"","response_condition":null,"action":"set","type":"response","dst":"http.Location"}],"healthchecks":[],"request_settings":[],"response_objects":[{"request_condition":"","content_type":"","status":"302","response":"Ok","name":"Set
        302 status code","content":"","cache_condition":""}],"snippets":[],"vcls":[],"wordpress":[],"settings":{"general.stale_if_error_ttl":43200,"general.stale_if_error":false,"general.default_ttl":3600,"general.default_host":"","general.default_pci":0}}}'}
    headers:
      accept-ranges: [bytes]
      age: ['0']
      cache-control: [no-cache]
      connection: [keep-alive]
      content-length: ['4015']
      content-type: [application/json]
      date: ['Wed, 30 May 2018 15:03:49 GMT']
      status: [200 OK]
      vary: [Accept-Encoding]
      via: [1.1 varnish, 1.1 varnish]
      x-cache: ['MISS, MISS']
      x-cache-hits: ['0, 0']
      x-served-by: ['app-slwdc9051-SL, cache-fra19137-FRA']
      x-timer: ['S1527692629.938347,VS0,VE225']
    status: {code: 200, message: OK}
version: 1
