interactions:
- request:
    body: null
    headers:
      Content-Type: [application/json]
    method: GET
    uri: https://api.fastly.com/service/search?name=Jimdo%20Fastly%20Ansible%20Module%20Test
  response:
    body: {string: !!python/unicode '{"name":"Jimdo Fastly Ansible Module Test","deleted_at":null,"versions":[{"testing":false,"locked":false,"number":1,"active":false,"service_id":"4gjyBrEq3BpJ0grWEtZAL6","staging":false,"created_at":"2016-12-05T10:43:04+00:00","deleted_at":null,"comment":"","updated_at":"2016-12-05T10:43:04+00:00","deployed":false},{"testing":false,"number":2,"service_id":"4gjyBrEq3BpJ0grWEtZAL6","staging":false,"deployed":false,"locked":true,"active":true,"comment":""}],"created_at":"2016-12-05T10:43:04+00:00","customer_id":"15DqjG1ON0S28gluYrATvC","comment":"","updated_at":"2016-12-05T10:43:04+00:00","id":"4gjyBrEq3BpJ0grWEtZAL6"}'}
    headers:
      accept-ranges: [bytes]
      cache-control: [no-cache]
      connection: [keep-alive]
      content-length: ['622']
      content-type: [application/json]
      date: ['Mon, 05 Dec 2016 10:43:10 GMT']
      status: [200 OK]
      vary: [Accept-Encoding]
      via: [1.1 varnish, 1.1 varnish]
      x-cache: ['MISS, MISS']
      x-cache-hits: ['0, 0']
      x-served-by: ['app-slwdc9051-SL, cache-lcy1135-LCY']
    status: {code: 200, message: OK}
- request:
    body: null
    headers:
      Content-Type: [application/json]
    method: GET
    uri: https://api.fastly.com/service/4gjyBrEq3BpJ0grWEtZAL6/details
  response:
    body: {string: !!python/unicode '{"name":"Jimdo Fastly Ansible Module Test","deleted_at":null,"versions":[{"testing":false,"locked":false,"number":1,"active":false,"service_id":"4gjyBrEq3BpJ0grWEtZAL6","staging":false,"created_at":"2016-12-05T10:43:04+00:00","deleted_at":null,"comment":"","updated_at":"2016-12-05T10:43:04+00:00","deployed":false},{"testing":false,"locked":true,"number":2,"active":true,"service_id":"4gjyBrEq3BpJ0grWEtZAL6","staging":false,"created_at":"2016-12-05T10:43:05+00:00","deleted_at":null,"comment":"","updated_at":"2016-12-05T10:43:08+00:00","deployed":false}],"created_at":"2016-12-05T10:43:04+00:00","customer_id":"15DqjG1ON0S28gluYrATvC","comment":"","updated_at":"2016-12-05T10:43:04+00:00","id":"4gjyBrEq3BpJ0grWEtZAL6","version":{"testing":false,"number":2,"service_id":"4gjyBrEq3BpJ0grWEtZAL6","staging":false,"updated_at":"2016-12-05T10:43:08+00:00","deployed":false,"locked":true,"active":true,"deleted_at":null,"created_at":"2016-12-05T10:43:05+00:00","comment":"","acls":[],"backends":[{"max_tls_version":null,"ssl_ca_cert":null,"auto_loadbalance":false,"ssl_check_cert":true,"shield":null,"hostname":null,"ssl_client_cert":null,"error_threshold":0,"request_condition":"","first_byte_timeout":15000,"ssl_cert_hostname":null,"weight":100,"client_cert":null,"address":"127.0.0.1","ssl_hostname":null,"ssl_sni_hostname":null,"min_tls_version":null,"ipv6":null,"ipv4":"127.0.0.1","connect_timeout":1000,"ssl_ciphers":null,"name":"localhost","healthcheck":null,"port":80,"max_conn":200,"use_ssl":false,"comment":"","between_bytes_timeout":10000,"ssl_client_key":null}],"cache_settings":[],"conditions":[],"dictionaries":[],"directors":[],"domains":[{"comment":"","name":"cdn.example7000.com"}],"gzips":[],"headers":[{"priority":"10","src":"\"https://u.jimcdn.com\"
        req.url.path","name":"Set Location header","substitution":"","ignore_if_set":"0","cache_condition":null,"request_condition":null,"regex":"","response_condition":null,"action":"set","type":"response","dst":"http.Location"}],"healthchecks":[],"request_settings":[],"response_objects":[{"request_condition":"","content_type":null,"status":"302","response":"Ok","name":"Set
        302 status code","content":null,"cache_condition":""}],"vcls":[],"wordpress":[],"settings":{"general.default_ttl":3600,"general.default_host":"","general.default_pci":0}},"active_version":{"testing":false,"number":2,"service_id":"4gjyBrEq3BpJ0grWEtZAL6","staging":false,"updated_at":"2016-12-05T10:43:08+00:00","deployed":false,"locked":true,"active":true,"deleted_at":null,"created_at":"2016-12-05T10:43:05+00:00","comment":"","acls":[],"backends":[{"max_tls_version":null,"ssl_ca_cert":null,"auto_loadbalance":false,"ssl_check_cert":true,"shield":null,"hostname":null,"ssl_client_cert":null,"error_threshold":0,"request_condition":"","first_byte_timeout":15000,"ssl_cert_hostname":null,"weight":100,"client_cert":null,"address":"127.0.0.1","ssl_hostname":null,"ssl_sni_hostname":null,"min_tls_version":null,"ipv6":null,"ipv4":"127.0.0.1","connect_timeout":1000,"ssl_ciphers":null,"name":"localhost","healthcheck":null,"port":80,"max_conn":200,"use_ssl":false,"comment":"","between_bytes_timeout":10000,"ssl_client_key":null}],"cache_settings":[],"conditions":[],"dictionaries":[],"directors":[],"domains":[{"comment":"","name":"cdn.example7000.com"}],"gzips":[],"headers":[{"priority":"10","src":"\"https://u.jimcdn.com\"
        req.url.path","name":"Set Location header","substitution":"","ignore_if_set":"0","cache_condition":null,"request_condition":null,"regex":"","response_condition":null,"action":"set","type":"response","dst":"http.Location"}],"healthchecks":[],"request_settings":[],"response_objects":[{"request_condition":"","content_type":null,"status":"302","response":"Ok","name":"Set
        302 status code","content":null,"cache_condition":""}],"vcls":[],"wordpress":[],"settings":{"general.default_ttl":3600,"general.default_host":"","general.default_pci":0}}}'}
    headers:
      accept-ranges: [bytes]
      cache-control: [no-cache]
      connection: [keep-alive]
      content-length: ['3903']
      content-type: [application/json]
      date: ['Mon, 05 Dec 2016 10:43:10 GMT']
      status: [200 OK]
      vary: [Accept-Encoding]
      via: [1.1 varnish, 1.1 varnish]
      x-cache: ['MISS, MISS']
      x-cache-hits: ['0, 0']
      x-served-by: ['app-slwdc9050-SL, cache-lcy1143-LCY']
    status: {code: 200, message: OK}
- request:
    body: null
    headers:
      Content-Type: [application/json]
    method: POST
    uri: https://api.fastly.com/service/4gjyBrEq3BpJ0grWEtZAL6/version
  response:
    body: {string: !!python/unicode '{"service_id":"4gjyBrEq3BpJ0grWEtZAL6","number":3}'}
    headers:
      accept-ranges: [bytes]
      cache-control: [no-cache]
      connection: [keep-alive]
      content-length: ['50']
      content-type: [application/json]
      date: ['Mon, 05 Dec 2016 10:43:11 GMT']
      fastly-ratelimit-remaining: ['660']
      fastly-ratelimit-reset: ['1480935600']
      status: [200 OK]
      vary: [Accept-Encoding]
      via: [1.1 varnish, 1.1 varnish]
      x-cache: ['MISS, MISS']
      x-cache-hits: ['0, 0']
      x-served-by: ['app-slwdc9050-SL, cache-lcy1128-LCY']
    status: {code: 200, message: OK}
- request:
    body: !!python/unicode '{"comment": "", "name": "cdn.example7000.com"}'
    headers:
      Content-Type: [application/json]
    method: POST
    uri: https://api.fastly.com/service/4gjyBrEq3BpJ0grWEtZAL6/version/3/domain
  response:
    body: {string: !!python/unicode '{"comment":"","name":"cdn.example7000.com","service_id":"4gjyBrEq3BpJ0grWEtZAL6","version":3,"deleted_at":null,"created_at":"2016-12-05T10:43:11+00:00","updated_at":"2016-12-05T10:43:11+00:00"}'}
    headers:
      accept-ranges: [bytes]
      cache-control: [no-cache]
      connection: [keep-alive]
      content-length: ['193']
      content-type: [application/json]
      date: ['Mon, 05 Dec 2016 10:43:11 GMT']
      fastly-ratelimit-remaining: ['659']
      fastly-ratelimit-reset: ['1480935600']
      status: [200 OK]
      vary: [Accept-Encoding]
      via: [1.1 varnish, 1.1 varnish]
      x-cache: ['MISS, MISS']
      x-cache-hits: ['0, 0']
      x-served-by: ['app-slwdc9050-SL, cache-lcy1132-LCY']
    status: {code: 200, message: OK}
- request:
    body: !!python/unicode '{"ssl_ca_cert": null, "address": "127.0.0.1", "name":
      "localhost", "ssl_hostname": null, "port": 80}'
    headers:
      Content-Type: [application/json]
    method: POST
    uri: https://api.fastly.com/service/4gjyBrEq3BpJ0grWEtZAL6/version/3/backend
  response:
    body: {string: !!python/unicode '{"ssl_ca_cert":null,"address":"127.0.0.1","name":"localhost","ssl_hostname":null,"port":80,"service_id":"4gjyBrEq3BpJ0grWEtZAL6","version":3,"max_tls_version":null,"ssl_client_cert":null,"hostname":null,"error_threshold":0,"first_byte_timeout":15000,"client_cert":null,"weight":100,"updated_at":"2016-12-05T10:43:12+00:00","connect_timeout":1000,"ipv4":"127.0.0.1","ssl_ciphers":null,"between_bytes_timeout":10000,"ssl_client_key":null,"auto_loadbalance":false,"ssl_check_cert":true,"shield":null,"request_condition":"","ssl_cert_hostname":null,"ssl_sni_hostname":null,"min_tls_version":null,"ipv6":null,"deleted_at":null,"healthcheck":null,"max_conn":200,"use_ssl":false,"created_at":"2016-12-05T10:43:12+00:00","comment":""}'}
    headers:
      accept-ranges: [bytes]
      cache-control: [no-cache]
      connection: [keep-alive]
      content-length: ['726']
      content-type: [application/json]
      date: ['Mon, 05 Dec 2016 10:43:12 GMT']
      fastly-ratelimit-remaining: ['658']
      fastly-ratelimit-reset: ['1480935600']
      status: [200 OK]
      vary: [Accept-Encoding]
      via: [1.1 varnish, 1.1 varnish]
      x-cache: ['MISS, MISS']
      x-cache-hits: ['0, 0']
      x-served-by: ['app-slwdc9050-SL, cache-lcy1126-LCY']
    status: {code: 200, message: OK}
- request:
    body: !!python/unicode '{"ignore_if_set": "0", "regex": "", "name": "Set Location
      header", "src": "\"https://u.jimcdn.com\" req.url.path", "dst": "http.Location",
      "priority": "100", "substitution": "", "action": "set", "type": "response"}'
    headers:
      Content-Type: [application/json]
    method: POST
    uri: https://api.fastly.com/service/4gjyBrEq3BpJ0grWEtZAL6/version/3/header
  response:
    body: {string: !!python/unicode '{"ignore_if_set":"0","regex":"","name":"Set Location
        header","src":"\"https://u.jimcdn.com\" req.url.path","dst":"http.Location","priority":"100","substitution":"","action":"set","type":"response","service_id":"4gjyBrEq3BpJ0grWEtZAL6","version":"3","request_condition":null,"response_condition":null,"updated_at":"2016-12-05T10:43:12+00:00","deleted_at":null,"cache_condition":null,"created_at":"2016-12-05T10:43:12+00:00"}'}
    headers:
      accept-ranges: [bytes]
      cache-control: [no-cache]
      connection: [keep-alive]
      content-length: ['423']
      content-type: [application/json]
      date: ['Mon, 05 Dec 2016 10:43:12 GMT']
      fastly-ratelimit-remaining: ['657']
      fastly-ratelimit-reset: ['1480935600']
      status: [200 OK]
      vary: [Accept-Encoding]
      via: [1.1 varnish, 1.1 varnish]
      x-cache: ['MISS, MISS']
      x-cache-hits: ['0, 0']
      x-served-by: ['app-slwdc9051-SL, cache-lcy1146-LCY']
    status: {code: 200, message: OK}
- request:
    body: !!python/unicode '{"status": "302", "request_condition": "", "name": "Set
      302 status code", "response": "Ok"}'
    headers:
      Content-Type: [application/json]
    method: POST
    uri: https://api.fastly.com/service/4gjyBrEq3BpJ0grWEtZAL6/version/3/response_object
  response:
    body: {string: !!python/unicode '{"status":"302","request_condition":"","name":"Set
        302 status code","response":"Ok","service_id":"4gjyBrEq3BpJ0grWEtZAL6","version":"3","content":null,"deleted_at":null,"cache_condition":"","created_at":"2016-12-05T10:43:13+00:00","content_type":null,"updated_at":"2016-12-05T10:43:13+00:00"}'}
    headers:
      accept-ranges: [bytes]
      cache-control: [no-cache]
      connection: [keep-alive]
      content-length: ['292']
      content-type: [application/json]
      date: ['Mon, 05 Dec 2016 10:43:13 GMT']
      fastly-ratelimit-remaining: ['656']
      fastly-ratelimit-reset: ['1480935600']
      status: [200 OK]
      vary: [Accept-Encoding]
      via: [1.1 varnish, 1.1 varnish]
      x-cache: ['MISS, MISS']
      x-cache-hits: ['0, 0']
      x-served-by: ['app-slwdc9050-SL, cache-lcy1142-LCY']
    status: {code: 200, message: OK}
- request:
    body: null
    headers:
      Content-Type: [application/json]
    method: PUT
    uri: https://api.fastly.com/service/4gjyBrEq3BpJ0grWEtZAL6/version/3/activate
  response:
    body: {string: !!python/unicode '{"testing":false,"locked":true,"number":3,"active":true,"service_id":"4gjyBrEq3BpJ0grWEtZAL6","staging":false,"created_at":"2016-12-05T10:43:11+00:00","deleted_at":null,"comment":"","updated_at":"2016-12-05T10:43:13+00:00","deployed":false,"msg":null}'}
    headers:
      accept-ranges: [bytes]
      cache-control: [no-cache]
      connection: [keep-alive]
      content-length: ['251']
      content-type: [application/json]
      date: ['Mon, 05 Dec 2016 10:43:13 GMT']
      fastly-ratelimit-remaining: ['655']
      fastly-ratelimit-reset: ['1480935600']
      status: [200 OK]
      vary: [Accept-Encoding]
      via: [1.1 varnish, 1.1 varnish]
      x-cache: ['MISS, MISS']
      x-cache-hits: ['0, 0']
      x-served-by: ['app-slwdc9051-SL, cache-lcy1123-LCY']
    status: {code: 200, message: OK}
- request:
    body: null
    headers:
      Content-Type: [application/json]
    method: GET
    uri: https://api.fastly.com/service/4gjyBrEq3BpJ0grWEtZAL6/details
  response:
    body: {string: !!python/unicode '{"name":"Jimdo Fastly Ansible Module Test","deleted_at":null,"versions":[{"testing":false,"locked":false,"number":1,"active":false,"service_id":"4gjyBrEq3BpJ0grWEtZAL6","staging":false,"created_at":"2016-12-05T10:43:04+00:00","deleted_at":null,"comment":"","updated_at":"2016-12-05T10:43:04+00:00","deployed":false},{"testing":false,"locked":true,"number":2,"active":false,"service_id":"4gjyBrEq3BpJ0grWEtZAL6","staging":false,"created_at":"2016-12-05T10:43:05+00:00","deleted_at":null,"comment":"","updated_at":"2016-12-05T10:43:13+00:00","deployed":false},{"testing":false,"locked":true,"number":3,"active":true,"service_id":"4gjyBrEq3BpJ0grWEtZAL6","staging":false,"created_at":"2016-12-05T10:43:11+00:00","deleted_at":null,"comment":"","updated_at":"2016-12-05T10:43:13+00:00","deployed":false}],"created_at":"2016-12-05T10:43:04+00:00","customer_id":"15DqjG1ON0S28gluYrATvC","comment":"","updated_at":"2016-12-05T10:43:04+00:00","id":"4gjyBrEq3BpJ0grWEtZAL6","version":{"testing":false,"number":3,"service_id":"4gjyBrEq3BpJ0grWEtZAL6","staging":false,"updated_at":"2016-12-05T10:43:13+00:00","deployed":false,"locked":true,"active":true,"deleted_at":null,"created_at":"2016-12-05T10:43:11+00:00","comment":"","acls":[],"backends":[{"max_tls_version":null,"ssl_ca_cert":null,"auto_loadbalance":false,"ssl_check_cert":true,"shield":null,"hostname":null,"ssl_client_cert":null,"error_threshold":0,"request_condition":"","first_byte_timeout":15000,"ssl_cert_hostname":null,"weight":100,"client_cert":null,"address":"127.0.0.1","ssl_hostname":null,"ssl_sni_hostname":null,"min_tls_version":null,"ipv6":null,"ipv4":"127.0.0.1","connect_timeout":1000,"ssl_ciphers":null,"name":"localhost","healthcheck":null,"port":80,"max_conn":200,"use_ssl":false,"comment":"","between_bytes_timeout":10000,"ssl_client_key":null}],"cache_settings":[],"conditions":[],"dictionaries":[],"directors":[],"domains":[{"comment":"","name":"cdn.example7000.com"}],"gzips":[],"headers":[{"priority":"100","src":"\"https://u.jimcdn.com\"
        req.url.path","name":"Set Location header","substitution":"","ignore_if_set":"0","cache_condition":null,"request_condition":null,"regex":"","response_condition":null,"action":"set","type":"response","dst":"http.Location"}],"healthchecks":[],"request_settings":[],"response_objects":[{"request_condition":"","content_type":null,"status":"302","response":"Ok","name":"Set
        302 status code","content":null,"cache_condition":""}],"vcls":[],"wordpress":[],"settings":{"general.default_ttl":3600,"general.default_host":"","general.default_pci":0}},"active_version":{"testing":false,"number":3,"service_id":"4gjyBrEq3BpJ0grWEtZAL6","staging":false,"updated_at":"2016-12-05T10:43:13+00:00","deployed":false,"locked":true,"active":true,"deleted_at":null,"created_at":"2016-12-05T10:43:11+00:00","comment":"","acls":[],"backends":[{"max_tls_version":null,"ssl_ca_cert":null,"auto_loadbalance":false,"ssl_check_cert":true,"shield":null,"hostname":null,"ssl_client_cert":null,"error_threshold":0,"request_condition":"","first_byte_timeout":15000,"ssl_cert_hostname":null,"weight":100,"client_cert":null,"address":"127.0.0.1","ssl_hostname":null,"ssl_sni_hostname":null,"min_tls_version":null,"ipv6":null,"ipv4":"127.0.0.1","connect_timeout":1000,"ssl_ciphers":null,"name":"localhost","healthcheck":null,"port":80,"max_conn":200,"use_ssl":false,"comment":"","between_bytes_timeout":10000,"ssl_client_key":null}],"cache_settings":[],"conditions":[],"dictionaries":[],"directors":[],"domains":[{"comment":"","name":"cdn.example7000.com"}],"gzips":[],"headers":[{"priority":"100","src":"\"https://u.jimcdn.com\"
        req.url.path","name":"Set Location header","substitution":"","ignore_if_set":"0","cache_condition":null,"request_condition":null,"regex":"","response_condition":null,"action":"set","type":"response","dst":"http.Location"}],"healthchecks":[],"request_settings":[],"response_objects":[{"request_condition":"","content_type":null,"status":"302","response":"Ok","name":"Set
        302 status code","content":null,"cache_condition":""}],"vcls":[],"wordpress":[],"settings":{"general.default_ttl":3600,"general.default_host":"","general.default_pci":0}}}'}
    headers:
      accept-ranges: [bytes]
      cache-control: [no-cache]
      connection: [keep-alive]
      content-length: ['4147']
      content-type: [application/json]
      date: ['Mon, 05 Dec 2016 10:43:14 GMT']
      status: [200 OK]
      vary: [Accept-Encoding]
      via: [1.1 varnish, 1.1 varnish]
      x-cache: ['MISS, MISS']
      x-cache-hits: ['0, 0']
      x-served-by: ['app-slwdc9050-SL, cache-lcy1142-LCY']
    status: {code: 200, message: OK}
version: 1
