interactions:
- request:
    body: null
    headers:
      Content-Type: [application/json]
    method: GET
    uri: https://api.fastly.com/service/search?name=Fastly%20Ansible%20Module%20Test
  response:
    body: {string: !!python/unicode '{"msg":"Record not found","detail":"Cannot load
        service ''5zLQhRXD9EpYQjnj0fA6e9''-''Fastly Ansible Module Test''"}'}
    headers:
      accept-ranges: [bytes]
      age: ['0']
      cache-control: [no-cache]
      connection: [keep-alive]
      content-length: ['111']
      content-type: [application/json]
      date: ['Tue, 15 Aug 2017 09:59:02 GMT']
      status: [404 Not Found]
      vary: [Accept-Encoding]
      via: [1.1 varnish, 1.1 varnish]
      x-cache: ['MISS, MISS']
      x-cache-hits: ['0, 0']
      x-served-by: ['app-slwdc9051-SL, cache-fra1248-FRA']
      x-timer: ['S1502791143.758101,VS0,VE143']
    status: {code: 404, message: Not Found}
- request:
    body: !!python/unicode '{"name": "Fastly Ansible Module Test"}'
    headers:
      Content-Type: [application/json]
    method: POST
    uri: https://api.fastly.com/service
  response:
    body: {string: !!python/unicode '{"customer_id":"5zLQhRXD9EpYQjnj0fA6e9","name":"Fastly
        Ansible Module Test","publish_key":"08614a5dd60653c00b71fded7211160cea0ac873","versions":[{"testing":false,"locked":false,"number":1,"active":false,"service_id":"2roGEMWfEqtLENwXIfGYWE","staging":false,"created_at":"2017-08-15T09:59:03+00:00","deleted_at":null,"comment":"","updated_at":"2017-08-15T09:59:03+00:00","deployed":false}],"deleted_at":null,"created_at":"2017-08-15T09:59:03+00:00","comment":"","updated_at":"2017-08-15T09:59:03+00:00","id":"2roGEMWfEqtLENwXIfGYWE"}'}
    headers:
      accept-ranges: [bytes]
      cache-control: [no-cache]
      connection: [keep-alive]
      content-length: ['532']
      content-type: [application/json]
      date: ['Tue, 15 Aug 2017 09:59:03 GMT']
      fastly-ratelimit-remaining: ['852']
      fastly-ratelimit-reset: ['1502791200']
      status: [200 OK]
      vary: [Accept-Encoding]
      via: [1.1 varnish, 1.1 varnish]
      x-cache: ['MISS, MISS']
      x-cache-hits: ['0, 0']
      x-served-by: ['app-slwdc9051-SL, cache-fra1248-FRA']
      x-timer: ['S1502791143.947919,VS0,VE496']
    status: {code: 200, message: OK}
- request:
    body: null
    headers:
      Content-Type: [application/json]
    method: GET
    uri: https://api.fastly.com/service/2roGEMWfEqtLENwXIfGYWE/details
  response:
    body: {string: !!python/unicode '{"name":"Fastly Ansible Module Test","deleted_at":null,"versions":[{"testing":false,"locked":false,"number":1,"active":false,"service_id":"2roGEMWfEqtLENwXIfGYWE","staging":false,"created_at":"2017-08-15T09:59:03+00:00","deleted_at":null,"comment":"","updated_at":"2017-08-15T09:59:03+00:00","deployed":false}],"created_at":"2017-08-15T09:59:03+00:00","customer_id":"5zLQhRXD9EpYQjnj0fA6e9","comment":"","updated_at":"2017-08-15T09:59:03+00:00","id":"2roGEMWfEqtLENwXIfGYWE","version":{"testing":false,"number":1,"service_id":"2roGEMWfEqtLENwXIfGYWE","staging":false,"updated_at":"2017-08-15T09:59:03+00:00","deployed":false,"locked":false,"active":false,"deleted_at":null,"created_at":"2017-08-15T09:59:03+00:00","comment":"","acls":[],"backends":[],"cache_settings":[],"conditions":[],"dictionaries":[],"directors":[],"domains":[],"gzips":[],"headers":[],"healthchecks":[],"request_settings":[],"response_objects":[],"snippets":[],"vcls":[],"wordpress":[],"settings":{"general.default_ttl":3600,"general.default_host":"","general.default_pci":0}},"active_version":null}'}
    headers:
      accept-ranges: [bytes]
      age: ['0']
      cache-control: [no-cache]
      connection: [keep-alive]
      content-length: ['1071']
      content-type: [application/json]
      date: ['Tue, 15 Aug 2017 09:59:03 GMT']
      status: [200 OK]
      vary: [Accept-Encoding]
      via: [1.1 varnish, 1.1 varnish]
      x-cache: ['MISS, MISS']
      x-cache-hits: ['0, 0']
      x-served-by: ['app-slwdc9051-SL, cache-fra1222-FRA']
      x-timer: ['S1502791143.491693,VS0,VE494']
    status: {code: 200, message: OK}
- request:
    body: null
    headers:
      Content-Type: [application/json]
    method: POST
    uri: https://api.fastly.com/service/2roGEMWfEqtLENwXIfGYWE/version
  response:
    body: {string: !!python/unicode '{"service_id":"2roGEMWfEqtLENwXIfGYWE","number":2}'}
    headers:
      accept-ranges: [bytes]
      cache-control: [no-cache]
      connection: [keep-alive]
      content-length: ['50']
      content-type: [application/json]
      date: ['Tue, 15 Aug 2017 09:59:04 GMT']
      fastly-ratelimit-remaining: ['851']
      fastly-ratelimit-reset: ['1502791200']
      status: [200 OK]
      vary: [Accept-Encoding]
      via: [1.1 varnish, 1.1 varnish]
      x-cache: ['MISS, MISS']
      x-cache-hits: ['0, 0']
      x-served-by: ['app-slwdc9051-SL, cache-fra1251-FRA']
      x-timer: ['S1502791144.111041,VS0,VE523']
    status: {code: 200, message: OK}
- request:
    body: !!python/unicode '{"comment": "", "name": "example7000.com"}'
    headers:
      Content-Type: [application/json]
    method: POST
    uri: https://api.fastly.com/service/2roGEMWfEqtLENwXIfGYWE/version/2/domain
  response:
    body: {string: !!python/unicode '{"comment":"","name":"example7000.com","service_id":"2roGEMWfEqtLENwXIfGYWE","version":2,"deleted_at":null,"created_at":"2017-08-15T09:59:05+00:00","updated_at":"2017-08-15T09:59:05+00:00"}'}
    headers:
      accept-ranges: [bytes]
      cache-control: [no-cache]
      connection: [keep-alive]
      content-length: ['189']
      content-type: [application/json]
      date: ['Tue, 15 Aug 2017 09:59:05 GMT']
      fastly-ratelimit-remaining: ['850']
      fastly-ratelimit-reset: ['1502791200']
      status: [200 OK]
      vary: [Accept-Encoding]
      via: [1.1 varnish, 1.1 varnish]
      x-cache: ['MISS, MISS']
      x-cache-hits: ['0, 0']
      x-served-by: ['app-slwdc9051-SL, cache-fra1236-FRA']
      x-timer: ['S1502791145.685495,VS0,VE547']
    status: {code: 200, message: OK}
- request:
    body: !!python/unicode '{"ssl_ca_cert": null, "request_condition": "", "name":
      "localhost", "ssl_cert_hostname": null, "address": "127.0.0.1", "port": 80,
      "ssl_hostname": null, "shield": null}'
    headers:
      Content-Type: [application/json]
    method: POST
    uri: https://api.fastly.com/service/2roGEMWfEqtLENwXIfGYWE/version/2/backend
  response:
    body: {string: !!python/unicode '{"ssl_ca_cert":null,"request_condition":"","name":"localhost","ssl_cert_hostname":null,"address":"127.0.0.1","port":80,"ssl_hostname":null,"shield":null,"service_id":"2roGEMWfEqtLENwXIfGYWE","version":2,"max_tls_version":null,"ssl_client_cert":null,"hostname":null,"error_threshold":0,"first_byte_timeout":15000,"client_cert":null,"weight":100,"updated_at":"2017-08-15T09:59:05+00:00","connect_timeout":1000,"ipv4":"127.0.0.1","ssl_ciphers":null,"between_bytes_timeout":10000,"ssl_client_key":null,"auto_loadbalance":false,"ssl_check_cert":true,"ssl_sni_hostname":null,"min_tls_version":null,"ipv6":null,"deleted_at":null,"healthcheck":null,"max_conn":200,"use_ssl":false,"created_at":"2017-08-15T09:59:05+00:00","comment":""}'}
    headers:
      accept-ranges: [bytes]
      cache-control: [no-cache]
      connection: [keep-alive]
      content-length: ['726']
      content-type: [application/json]
      date: ['Tue, 15 Aug 2017 09:59:05 GMT']
      fastly-ratelimit-remaining: ['849']
      fastly-ratelimit-reset: ['1502791200']
      status: [200 OK]
      vary: [Accept-Encoding]
      via: [1.1 varnish, 1.1 varnish]
      x-cache: ['MISS, MISS']
      x-cache-hits: ['0, 0']
      x-served-by: ['app-slwdc9051-SL, cache-fra1229-FRA']
      x-timer: ['S1502791145.366280,VS0,VE508']
    status: {code: 200, message: OK}
- request:
    body: !!python/unicode '{"ignore_if_set": "0", "regex": "", "request_condition":
      null, "name": "Set Location header", "src": "\"https://u.jimcdn.com\" req.url.path",
      "dst": "http.Location", "substitution": "", "priority": "100", "cache_condition":
      null, "action": "set", "type": "response", "response_condition": null}'
    headers:
      Content-Type: [application/json]
    method: POST
    uri: https://api.fastly.com/service/2roGEMWfEqtLENwXIfGYWE/version/2/header
  response:
    body: {string: !!python/unicode '{"ignore_if_set":"0","regex":"","request_condition":null,"name":"Set
        Location header","src":"\"https://u.jimcdn.com\" req.url.path","dst":"http.Location","substitution":"","priority":"100","cache_condition":null,"action":"set","type":"response","response_condition":null,"service_id":"2roGEMWfEqtLENwXIfGYWE","version":"2","updated_at":"2017-08-15T09:59:06+00:00","deleted_at":null,"created_at":"2017-08-15T09:59:06+00:00"}'}
    headers:
      accept-ranges: [bytes]
      cache-control: [no-cache]
      connection: [keep-alive]
      content-length: ['423']
      content-type: [application/json]
      date: ['Tue, 15 Aug 2017 09:59:06 GMT']
      fastly-ratelimit-remaining: ['848']
      fastly-ratelimit-reset: ['1502791200']
      status: [200 OK]
      vary: [Accept-Encoding]
      via: [1.1 varnish, 1.1 varnish]
      x-cache: ['MISS, MISS']
      x-cache-hits: ['0, 0']
      x-served-by: ['app-slwdc9051-SL, cache-fra1220-FRA']
      x-timer: ['S1502791146.928011,VS0,VE515']
    status: {code: 200, message: OK}
- request:
    body: !!python/unicode '{"status": "200", "request_condition": "", "name": "Set
      200 status code", "response": "Ok"}'
    headers:
      Content-Type: [application/json]
    method: POST
    uri: https://api.fastly.com/service/2roGEMWfEqtLENwXIfGYWE/version/2/response_object
  response:
    body: {string: !!python/unicode '{"status":"200","request_condition":"","name":"Set
        200 status code","response":"Ok","service_id":"2roGEMWfEqtLENwXIfGYWE","version":"2","content":null,"deleted_at":null,"cache_condition":"","created_at":"2017-08-15T09:59:06+00:00","content_type":null,"updated_at":"2017-08-15T09:59:06+00:00"}'}
    headers:
      accept-ranges: [bytes]
      cache-control: [no-cache]
      connection: [keep-alive]
      content-length: ['292']
      content-type: [application/json]
      date: ['Tue, 15 Aug 2017 09:59:06 GMT']
      fastly-ratelimit-remaining: ['847']
      fastly-ratelimit-reset: ['1502791200']
      status: [200 OK]
      vary: [Accept-Encoding]
      via: [1.1 varnish, 1.1 varnish]
      x-cache: ['MISS, MISS']
      x-cache-hits: ['0, 0']
      x-served-by: ['app-slwdc9051-SL, cache-fra1225-FRA']
      x-timer: ['S1502791147.619521,VS0,VE154']
    status: {code: 200, message: OK}
- request:
    body: !!python/unicode '{"content": "\n            if (resp.status >= 500 && resp.status
      < 600) {\n                if (stale.exists) {\n                    restart;\n                }\n            }\n        ",
      "type": "deliver", "dynamic": 0, "name": "Deliver stale content", "priority":
      100}'
    headers:
      Content-Type: [application/json]
    method: POST
    uri: https://api.fastly.com/service/2roGEMWfEqtLENwXIfGYWE/version/2/snippet
  response:
    body: {string: !!python/unicode '{"content":"\n            if (resp.status \u003e=
        500 \u0026\u0026 resp.status \u003c 600) {\n                if (stale.exists)
        {\n                    restart;\n                }\n            }\n        ","type":"deliver","dynamic":0,"name":"Deliver
        stale content","priority":100,"service_id":"2roGEMWfEqtLENwXIfGYWE","version":"2","deleted_at":null,"created_at":"2017-08-15T09:59:07+00:00","updated_at":"2017-08-15T09:59:07+00:00","id":"2wBKp8u1J0w9tGzrrWdhig"}'}
    headers:
      accept-ranges: [bytes]
      cache-control: [no-cache]
      connection: [keep-alive]
      content-length: ['462']
      content-type: [application/json]
      date: ['Tue, 15 Aug 2017 09:59:07 GMT']
      fastly-ratelimit-remaining: ['846']
      fastly-ratelimit-reset: ['1502791200']
      status: [200 OK]
      vary: [Accept-Encoding]
      via: [1.1 varnish, 1.1 varnish]
      x-cache: ['MISS, MISS']
      x-cache-hits: ['0, 0']
      x-served-by: ['app-slwdc9051-SL, cache-fra1240-FRA']
      x-timer: ['S1502791147.828430,VS0,VE502']
    status: {code: 200, message: OK}
- request:
    body: !!python/unicode '{"general.default_ttl": 3600}'
    headers:
      Content-Type: [application/json]
    method: PUT
    uri: https://api.fastly.com/service/2roGEMWfEqtLENwXIfGYWE/version/2/settings
  response:
    body: {string: !!python/unicode '{"general.default_ttl":3600,"version":2,"general.default_host":"","general.default_pci":0,"service_id":"2roGEMWfEqtLENwXIfGYWE"}'}
    headers:
      accept-ranges: [bytes]
      cache-control: [no-cache]
      connection: [keep-alive]
      content-length: ['128']
      content-type: [application/json]
      date: ['Tue, 15 Aug 2017 09:59:07 GMT']
      fastly-ratelimit-remaining: ['845']
      fastly-ratelimit-reset: ['1502791200']
      status: [200 OK]
      vary: [Accept-Encoding]
      via: [1.1 varnish, 1.1 varnish]
      x-cache: ['MISS, MISS']
      x-cache-hits: ['0, 0']
      x-served-by: ['app-slwdc9051-SL, cache-fra1249-FRA']
      x-timer: ['S1502791147.373379,VS0,VE534']
    status: {code: 200, message: OK}
- request:
    body: null
    headers:
      Content-Type: [application/json]
    method: PUT
    uri: https://api.fastly.com/service/2roGEMWfEqtLENwXIfGYWE/version/2/activate
  response:
    body: {string: !!python/unicode '{"testing":false,"locked":true,"number":2,"active":true,"service_id":"2roGEMWfEqtLENwXIfGYWE","staging":false,"created_at":"2017-08-15T09:59:04+00:00","deleted_at":null,"comment":"","updated_at":"2017-08-15T09:59:07+00:00","deployed":false,"msg":null}'}
    headers:
      accept-ranges: [bytes]
      cache-control: [no-cache]
      connection: [keep-alive]
      content-length: ['251']
      content-type: [application/json]
      date: ['Tue, 15 Aug 2017 09:59:08 GMT']
      fastly-ratelimit-remaining: ['844']
      fastly-ratelimit-reset: ['1502791200']
      status: [200 OK]
      vary: [Accept-Encoding]
      via: [1.1 varnish, 1.1 varnish]
      x-cache: ['MISS, MISS']
      x-cache-hits: ['0, 0']
      x-served-by: ['app-slwdc9051-SL, cache-fra1224-FRA']
      x-timer: ['S1502791148.965507,VS0,VE1012']
    status: {code: 200, message: OK}
- request:
    body: null
    headers:
      Content-Type: [application/json]
    method: GET
    uri: https://api.fastly.com/service/2roGEMWfEqtLENwXIfGYWE/details
  response:
    body: {string: !!python/unicode '{"name":"Fastly Ansible Module Test","deleted_at":null,"versions":[{"testing":false,"locked":false,"number":1,"active":false,"service_id":"2roGEMWfEqtLENwXIfGYWE","staging":false,"created_at":"2017-08-15T09:59:03+00:00","deleted_at":null,"comment":"","updated_at":"2017-08-15T09:59:03+00:00","deployed":false},{"testing":false,"locked":true,"number":2,"active":true,"service_id":"2roGEMWfEqtLENwXIfGYWE","staging":false,"created_at":"2017-08-15T09:59:04+00:00","deleted_at":null,"comment":"","updated_at":"2017-08-15T09:59:08+00:00","deployed":false}],"created_at":"2017-08-15T09:59:03+00:00","customer_id":"5zLQhRXD9EpYQjnj0fA6e9","comment":"","updated_at":"2017-08-15T09:59:03+00:00","id":"2roGEMWfEqtLENwXIfGYWE","version":{"testing":false,"number":2,"service_id":"2roGEMWfEqtLENwXIfGYWE","staging":false,"updated_at":"2017-08-15T09:59:08+00:00","deployed":false,"locked":true,"active":true,"deleted_at":null,"created_at":"2017-08-15T09:59:04+00:00","comment":"","acls":[],"backends":[{"max_tls_version":null,"ssl_ca_cert":null,"auto_loadbalance":false,"ssl_check_cert":true,"shield":null,"hostname":null,"ssl_client_cert":null,"error_threshold":0,"request_condition":"","first_byte_timeout":15000,"ssl_cert_hostname":null,"weight":100,"client_cert":null,"address":"127.0.0.1","ssl_hostname":null,"ssl_sni_hostname":null,"min_tls_version":null,"ipv6":null,"ipv4":"127.0.0.1","connect_timeout":1000,"ssl_ciphers":null,"name":"localhost","healthcheck":null,"port":80,"max_conn":200,"use_ssl":false,"comment":"","between_bytes_timeout":10000,"ssl_client_key":null}],"cache_settings":[],"conditions":[],"dictionaries":[],"directors":[],"domains":[{"comment":"","name":"example7000.com"}],"gzips":[],"headers":[{"priority":"100","src":"\"https://u.jimcdn.com\"
        req.url.path","name":"Set Location header","substitution":"","ignore_if_set":"0","cache_condition":null,"request_condition":null,"regex":"","response_condition":null,"action":"set","type":"response","dst":"http.Location"}],"healthchecks":[],"request_settings":[],"response_objects":[{"request_condition":"","content_type":null,"status":"200","response":"Ok","name":"Set
        200 status code","content":null,"cache_condition":""}],"snippets":[{"priority":"100","name":"Deliver
        stale content","content":"\n            if (resp.status \u003e= 500 \u0026\u0026
        resp.status \u003c 600) {\n                if (stale.exists) {\n                    restart;\n                }\n            }\n        ","dynamic":"0","type":"deliver","id":"2wBKp8u1J0w9tGzrrWdhig"}],"vcls":[],"wordpress":[],"settings":{"general.default_ttl":3600,"general.default_host":"","general.default_pci":0}},"active_version":{"testing":false,"number":2,"service_id":"2roGEMWfEqtLENwXIfGYWE","staging":false,"updated_at":"2017-08-15T09:59:08+00:00","deployed":false,"locked":true,"active":true,"deleted_at":null,"created_at":"2017-08-15T09:59:04+00:00","comment":"","acls":[],"backends":[{"max_tls_version":null,"ssl_ca_cert":null,"auto_loadbalance":false,"ssl_check_cert":true,"shield":null,"hostname":null,"ssl_client_cert":null,"error_threshold":0,"request_condition":"","first_byte_timeout":15000,"ssl_cert_hostname":null,"weight":100,"client_cert":null,"address":"127.0.0.1","ssl_hostname":null,"ssl_sni_hostname":null,"min_tls_version":null,"ipv6":null,"ipv4":"127.0.0.1","connect_timeout":1000,"ssl_ciphers":null,"name":"localhost","healthcheck":null,"port":80,"max_conn":200,"use_ssl":false,"comment":"","between_bytes_timeout":10000,"ssl_client_key":null}],"cache_settings":[],"conditions":[],"dictionaries":[],"directors":[],"domains":[{"comment":"","name":"example7000.com"}],"gzips":[],"headers":[{"priority":"100","src":"\"https://u.jimcdn.com\"
        req.url.path","name":"Set Location header","substitution":"","ignore_if_set":"0","cache_condition":null,"request_condition":null,"regex":"","response_condition":null,"action":"set","type":"response","dst":"http.Location"}],"healthchecks":[],"request_settings":[],"response_objects":[{"request_condition":"","content_type":null,"status":"200","response":"Ok","name":"Set
        200 status code","content":null,"cache_condition":""}],"snippets":[{"priority":"100","name":"Deliver
        stale content","content":"\n            if (resp.status \u003e= 500 \u0026\u0026
        resp.status \u003c 600) {\n                if (stale.exists) {\n                    restart;\n                }\n            }\n        ","dynamic":"0","type":"deliver","id":"2wBKp8u1J0w9tGzrrWdhig"}],"vcls":[],"wordpress":[],"settings":{"general.default_ttl":3600,"general.default_host":"","general.default_pci":0}}}'}
    headers:
      accept-ranges: [bytes]
      age: ['0']
      cache-control: [no-cache]
      connection: [keep-alive]
      content-length: ['4547']
      content-type: [application/json]
      date: ['Tue, 15 Aug 2017 09:59:09 GMT']
      status: [200 OK]
      vary: [Accept-Encoding]
      via: [1.1 varnish, 1.1 varnish]
      x-cache: ['MISS, MISS']
      x-cache-hits: ['0, 0']
      x-served-by: ['app-slwdc9051-SL, cache-fra1228-FRA']
      x-timer: ['S1502791149.023245,VS0,VE165']
    status: {code: 200, message: OK}
- request:
    body: null
    headers:
      Content-Type: [application/json]
    method: GET
    uri: https://api.fastly.com/service/search?name=Fastly%20Ansible%20Module%20Test
  response:
    body: {string: !!python/unicode '{"name":"Fastly Ansible Module Test","deleted_at":null,"versions":[{"testing":false,"locked":false,"number":1,"active":false,"service_id":"2roGEMWfEqtLENwXIfGYWE","staging":false,"created_at":"2017-08-15T09:59:03+00:00","deleted_at":null,"comment":"","updated_at":"2017-08-15T09:59:03+00:00","deployed":false},{"testing":false,"number":2,"service_id":"2roGEMWfEqtLENwXIfGYWE","staging":false,"deployed":false,"locked":true,"active":true,"comment":""}],"created_at":"2017-08-15T09:59:03+00:00","customer_id":"5zLQhRXD9EpYQjnj0fA6e9","comment":"","updated_at":"2017-08-15T09:59:03+00:00","id":"2roGEMWfEqtLENwXIfGYWE"}'}
    headers:
      accept-ranges: [bytes]
      age: ['0']
      cache-control: [no-cache]
      connection: [keep-alive]
      content-length: ['616']
      content-type: [application/json]
      date: ['Tue, 15 Aug 2017 09:59:09 GMT']
      status: [200 OK]
      vary: [Accept-Encoding]
      via: [1.1 varnish, 1.1 varnish]
      x-cache: ['MISS, MISS']
      x-cache-hits: ['0, 0']
      x-served-by: ['app-slwdc9051-SL, cache-fra1251-FRA']
      x-timer: ['S1502791149.228566,VS0,VE171']
    status: {code: 200, message: OK}
- request:
    body: null
    headers:
      Content-Type: [application/json]
    method: GET
    uri: https://api.fastly.com/service/2roGEMWfEqtLENwXIfGYWE/details
  response:
    body: {string: !!python/unicode '{"name":"Fastly Ansible Module Test","deleted_at":null,"versions":[{"testing":false,"locked":false,"number":1,"active":false,"service_id":"2roGEMWfEqtLENwXIfGYWE","staging":false,"created_at":"2017-08-15T09:59:03+00:00","deleted_at":null,"comment":"","updated_at":"2017-08-15T09:59:03+00:00","deployed":false},{"testing":false,"locked":true,"number":2,"active":true,"service_id":"2roGEMWfEqtLENwXIfGYWE","staging":false,"created_at":"2017-08-15T09:59:04+00:00","deleted_at":null,"comment":"","updated_at":"2017-08-15T09:59:08+00:00","deployed":false}],"created_at":"2017-08-15T09:59:03+00:00","customer_id":"5zLQhRXD9EpYQjnj0fA6e9","comment":"","updated_at":"2017-08-15T09:59:03+00:00","id":"2roGEMWfEqtLENwXIfGYWE","version":{"testing":false,"number":2,"service_id":"2roGEMWfEqtLENwXIfGYWE","staging":false,"updated_at":"2017-08-15T09:59:08+00:00","deployed":false,"locked":true,"active":true,"deleted_at":null,"created_at":"2017-08-15T09:59:04+00:00","comment":"","acls":[],"backends":[{"max_tls_version":null,"ssl_ca_cert":null,"auto_loadbalance":false,"ssl_check_cert":true,"shield":null,"hostname":null,"ssl_client_cert":null,"error_threshold":0,"request_condition":"","first_byte_timeout":15000,"ssl_cert_hostname":null,"weight":100,"client_cert":null,"address":"127.0.0.1","ssl_hostname":null,"ssl_sni_hostname":null,"min_tls_version":null,"ipv6":null,"ipv4":"127.0.0.1","connect_timeout":1000,"ssl_ciphers":null,"name":"localhost","healthcheck":null,"port":80,"max_conn":200,"use_ssl":false,"comment":"","between_bytes_timeout":10000,"ssl_client_key":null}],"cache_settings":[],"conditions":[],"dictionaries":[],"directors":[],"domains":[{"comment":"","name":"example7000.com"}],"gzips":[],"headers":[{"priority":"100","src":"\"https://u.jimcdn.com\"
        req.url.path","name":"Set Location header","substitution":"","ignore_if_set":"0","cache_condition":null,"request_condition":null,"regex":"","response_condition":null,"action":"set","type":"response","dst":"http.Location"}],"healthchecks":[],"request_settings":[],"response_objects":[{"request_condition":"","content_type":null,"status":"200","response":"Ok","name":"Set
        200 status code","content":null,"cache_condition":""}],"snippets":[{"priority":"100","name":"Deliver
        stale content","content":"\n            if (resp.status \u003e= 500 \u0026\u0026
        resp.status \u003c 600) {\n                if (stale.exists) {\n                    restart;\n                }\n            }\n        ","dynamic":"0","type":"deliver","id":"2wBKp8u1J0w9tGzrrWdhig"}],"vcls":[],"wordpress":[],"settings":{"general.default_ttl":3600,"general.default_host":"","general.default_pci":0}},"active_version":{"testing":false,"number":2,"service_id":"2roGEMWfEqtLENwXIfGYWE","staging":false,"updated_at":"2017-08-15T09:59:08+00:00","deployed":false,"locked":true,"active":true,"deleted_at":null,"created_at":"2017-08-15T09:59:04+00:00","comment":"","acls":[],"backends":[{"max_tls_version":null,"ssl_ca_cert":null,"auto_loadbalance":false,"ssl_check_cert":true,"shield":null,"hostname":null,"ssl_client_cert":null,"error_threshold":0,"request_condition":"","first_byte_timeout":15000,"ssl_cert_hostname":null,"weight":100,"client_cert":null,"address":"127.0.0.1","ssl_hostname":null,"ssl_sni_hostname":null,"min_tls_version":null,"ipv6":null,"ipv4":"127.0.0.1","connect_timeout":1000,"ssl_ciphers":null,"name":"localhost","healthcheck":null,"port":80,"max_conn":200,"use_ssl":false,"comment":"","between_bytes_timeout":10000,"ssl_client_key":null}],"cache_settings":[],"conditions":[],"dictionaries":[],"directors":[],"domains":[{"comment":"","name":"example7000.com"}],"gzips":[],"headers":[{"priority":"100","src":"\"https://u.jimcdn.com\"
        req.url.path","name":"Set Location header","substitution":"","ignore_if_set":"0","cache_condition":null,"request_condition":null,"regex":"","response_condition":null,"action":"set","type":"response","dst":"http.Location"}],"healthchecks":[],"request_settings":[],"response_objects":[{"request_condition":"","content_type":null,"status":"200","response":"Ok","name":"Set
        200 status code","content":null,"cache_condition":""}],"snippets":[{"priority":"100","name":"Deliver
        stale content","content":"\n            if (resp.status \u003e= 500 \u0026\u0026
        resp.status \u003c 600) {\n                if (stale.exists) {\n                    restart;\n                }\n            }\n        ","dynamic":"0","type":"deliver","id":"2wBKp8u1J0w9tGzrrWdhig"}],"vcls":[],"wordpress":[],"settings":{"general.default_ttl":3600,"general.default_host":"","general.default_pci":0}}}'}
    headers:
      accept-ranges: [bytes]
      cache-control: [no-cache]
      connection: [keep-alive]
      content-length: ['4547']
      content-type: [application/json]
      date: ['Tue, 15 Aug 2017 09:59:09 GMT']
      status: [200 OK]
      vary: [Accept-Encoding]
      via: [1.1 varnish, 1.1 varnish]
      x-cache: ['MISS, MISS']
      x-cache-hits: ['0, 0']
      x-served-by: ['app-slwdc9051-SL, cache-fra1222-FRA']
      x-timer: ['S1502791149.446669,VS0,VE483']
    status: {code: 200, message: OK}
- request:
    body: null
    headers:
      Content-Type: [application/json]
    method: GET
    uri: https://api.fastly.com/service/2roGEMWfEqtLENwXIfGYWE/details
  response:
    body: {string: !!python/unicode '{"name":"Fastly Ansible Module Test","deleted_at":null,"versions":[{"testing":false,"locked":false,"number":1,"active":false,"service_id":"2roGEMWfEqtLENwXIfGYWE","staging":false,"created_at":"2017-08-15T09:59:03+00:00","deleted_at":null,"comment":"","updated_at":"2017-08-15T09:59:03+00:00","deployed":false},{"testing":false,"locked":true,"number":2,"active":true,"service_id":"2roGEMWfEqtLENwXIfGYWE","staging":false,"created_at":"2017-08-15T09:59:04+00:00","deleted_at":null,"comment":"","updated_at":"2017-08-15T09:59:08+00:00","deployed":false}],"created_at":"2017-08-15T09:59:03+00:00","customer_id":"5zLQhRXD9EpYQjnj0fA6e9","comment":"","updated_at":"2017-08-15T09:59:03+00:00","id":"2roGEMWfEqtLENwXIfGYWE","version":{"testing":false,"number":2,"service_id":"2roGEMWfEqtLENwXIfGYWE","staging":false,"updated_at":"2017-08-15T09:59:08+00:00","deployed":false,"locked":true,"active":true,"deleted_at":null,"created_at":"2017-08-15T09:59:04+00:00","comment":"","acls":[],"backends":[{"max_tls_version":null,"ssl_ca_cert":null,"auto_loadbalance":false,"ssl_check_cert":true,"shield":null,"hostname":null,"ssl_client_cert":null,"error_threshold":0,"request_condition":"","first_byte_timeout":15000,"ssl_cert_hostname":null,"weight":100,"client_cert":null,"address":"127.0.0.1","ssl_hostname":null,"ssl_sni_hostname":null,"min_tls_version":null,"ipv6":null,"ipv4":"127.0.0.1","connect_timeout":1000,"ssl_ciphers":null,"name":"localhost","healthcheck":null,"port":80,"max_conn":200,"use_ssl":false,"comment":"","between_bytes_timeout":10000,"ssl_client_key":null}],"cache_settings":[],"conditions":[],"dictionaries":[],"directors":[],"domains":[{"comment":"","name":"example7000.com"}],"gzips":[],"headers":[{"priority":"100","src":"\"https://u.jimcdn.com\"
        req.url.path","name":"Set Location header","substitution":"","ignore_if_set":"0","cache_condition":null,"request_condition":null,"regex":"","response_condition":null,"action":"set","type":"response","dst":"http.Location"}],"healthchecks":[],"request_settings":[],"response_objects":[{"request_condition":"","content_type":null,"status":"200","response":"Ok","name":"Set
        200 status code","content":null,"cache_condition":""}],"snippets":[{"priority":"100","name":"Deliver
        stale content","content":"\n            if (resp.status \u003e= 500 \u0026\u0026
        resp.status \u003c 600) {\n                if (stale.exists) {\n                    restart;\n                }\n            }\n        ","dynamic":"0","type":"deliver","id":"2wBKp8u1J0w9tGzrrWdhig"}],"vcls":[],"wordpress":[],"settings":{"general.default_ttl":3600,"general.default_host":"","general.default_pci":0}},"active_version":{"testing":false,"number":2,"service_id":"2roGEMWfEqtLENwXIfGYWE","staging":false,"updated_at":"2017-08-15T09:59:08+00:00","deployed":false,"locked":true,"active":true,"deleted_at":null,"created_at":"2017-08-15T09:59:04+00:00","comment":"","acls":[],"backends":[{"max_tls_version":null,"ssl_ca_cert":null,"auto_loadbalance":false,"ssl_check_cert":true,"shield":null,"hostname":null,"ssl_client_cert":null,"error_threshold":0,"request_condition":"","first_byte_timeout":15000,"ssl_cert_hostname":null,"weight":100,"client_cert":null,"address":"127.0.0.1","ssl_hostname":null,"ssl_sni_hostname":null,"min_tls_version":null,"ipv6":null,"ipv4":"127.0.0.1","connect_timeout":1000,"ssl_ciphers":null,"name":"localhost","healthcheck":null,"port":80,"max_conn":200,"use_ssl":false,"comment":"","between_bytes_timeout":10000,"ssl_client_key":null}],"cache_settings":[],"conditions":[],"dictionaries":[],"directors":[],"domains":[{"comment":"","name":"example7000.com"}],"gzips":[],"headers":[{"priority":"100","src":"\"https://u.jimcdn.com\"
        req.url.path","name":"Set Location header","substitution":"","ignore_if_set":"0","cache_condition":null,"request_condition":null,"regex":"","response_condition":null,"action":"set","type":"response","dst":"http.Location"}],"healthchecks":[],"request_settings":[],"response_objects":[{"request_condition":"","content_type":null,"status":"200","response":"Ok","name":"Set
        200 status code","content":null,"cache_condition":""}],"snippets":[{"priority":"100","name":"Deliver
        stale content","content":"\n            if (resp.status \u003e= 500 \u0026\u0026
        resp.status \u003c 600) {\n                if (stale.exists) {\n                    restart;\n                }\n            }\n        ","dynamic":"0","type":"deliver","id":"2wBKp8u1J0w9tGzrrWdhig"}],"vcls":[],"wordpress":[],"settings":{"general.default_ttl":3600,"general.default_host":"","general.default_pci":0}}}'}
    headers:
      accept-ranges: [bytes]
      age: ['0']
      cache-control: [no-cache]
      connection: [keep-alive]
      content-length: ['4547']
      content-type: [application/json]
      date: ['Tue, 15 Aug 2017 09:59:10 GMT']
      status: [200 OK]
      vary: [Accept-Encoding]
      via: [1.1 varnish, 1.1 varnish]
      x-cache: ['MISS, MISS']
      x-cache-hits: ['0, 0']
      x-served-by: ['app-slwdc9051-SL, cache-fra1231-FRA']
      x-timer: ['S1502791150.985562,VS0,VE121']
    status: {code: 200, message: OK}
version: 1
