interactions:
- request:
    body: null
    headers:
      Content-Type: [application/json]
    method: GET
    uri: https://api.fastly.com/service/search?name=Fastly%20Ansible%20Module%20Test
  response:
    body: {string: !!python/unicode '{"msg":"Record not found","detail":"Cannot load
        service ''31RPDMBpiruA1yfGA2djLm''-''Fastly Ansible Module Test''"}'}
    headers:
      accept-ranges: [bytes]
      age: ['0']
      cache-control: [no-cache]
      connection: [keep-alive]
      content-length: ['111']
      content-type: [application/json]
      date: ['Wed, 30 May 2018 07:46:31 GMT']
      status: [404 Not Found]
      vary: [Accept-Encoding]
      via: [1.1 varnish, 1.1 varnish]
      x-cache: ['MISS, MISS']
      x-cache-hits: ['0, 0']
      x-served-by: ['app-slwdc9051-SL, cache-fra19151-FRA']
      x-timer: ['S1527666391.136632,VS0,VE121']
    status: {code: 404, message: Not Found}
- request:
    body: !!python/unicode '{"name": "Fastly Ansible Module Test"}'
    headers:
      Content-Type: [application/json]
    method: POST
    uri: https://api.fastly.com/service
  response:
    body: {string: !!python/unicode '{"customer_id":"31RPDMBpiruA1yfGA2djLm","name":"Fastly
        Ansible Module Test","publish_key":"45fd4839538987bca70ceb2aa8e00a373567b122","versions":[{"testing":false,"locked":false,"number":1,"active":false,"service_id":"4QTALGNdYy2aTC1pf08MkQ","staging":false,"created_at":"2018-05-30T07:46:31Z","deleted_at":null,"comment":"","updated_at":"2018-05-30T07:46:31Z","deployed":false}],"deleted_at":null,"created_at":"2018-05-30T07:46:31Z","comment":"","updated_at":"2018-05-30T07:46:31Z","id":"4QTALGNdYy2aTC1pf08MkQ"}'}
    headers:
      accept-ranges: [bytes]
      cache-control: [no-cache]
      connection: [keep-alive]
      content-length: ['512']
      content-type: [application/json]
      date: ['Wed, 30 May 2018 07:46:31 GMT']
      fastly-ratelimit-remaining: ['671']
      fastly-ratelimit-reset: ['1527667200']
      status: [200 OK]
      vary: [Accept-Encoding]
      via: [1.1 varnish, 1.1 varnish]
      x-cache: ['MISS, MISS']
      x-cache-hits: ['0, 0']
      x-served-by: ['app-slwdc9051-SL, cache-fra19130-FRA']
      x-timer: ['S1527666391.317956,VS0,VE155']
    status: {code: 200, message: OK}
- request:
    body: null
    headers:
      Content-Type: [application/json]
    method: GET
    uri: https://api.fastly.com/service/4QTALGNdYy2aTC1pf08MkQ/details
  response:
    body: {string: !!python/unicode '{"name":"Fastly Ansible Module Test","deleted_at":null,"versions":[{"testing":false,"locked":false,"number":1,"active":false,"service_id":"4QTALGNdYy2aTC1pf08MkQ","staging":false,"created_at":"2018-05-30T07:46:31Z","deleted_at":null,"comment":"","updated_at":"2018-05-30T07:46:31Z","deployed":false}],"created_at":"2018-05-30T07:46:31Z","customer_id":"31RPDMBpiruA1yfGA2djLm","comment":"","updated_at":"2018-05-30T07:46:31Z","id":"4QTALGNdYy2aTC1pf08MkQ","version":{"testing":false,"staging":false,"updated_at":"2018-05-30T07:46:31Z","active":false,"number":1,"service_id":"4QTALGNdYy2aTC1pf08MkQ","deployed":false,"locked":false,"deleted_at":null,"created_at":"2018-05-30T07:46:31Z","comment":"","acls":[],"backends":[],"cache_settings":[],"conditions":[],"dictionaries":[],"directors":[],"domains":[],"gzips":[],"headers":[],"healthchecks":[],"request_settings":[],"response_objects":[],"snippets":[],"vcls":[],"wordpress":[],"settings":{"general.stale_if_error_ttl":43200,"general.stale_if_error":false,"general.default_ttl":3600,"general.default_host":"","general.default_pci":0}},"active_version":null}'}
    headers:
      accept-ranges: [bytes]
      age: ['0']
      cache-control: [no-cache]
      connection: [keep-alive]
      content-length: ['1107']
      content-type: [application/json]
      date: ['Wed, 30 May 2018 07:46:32 GMT']
      status: [200 OK]
      vary: [Accept-Encoding]
      via: [1.1 varnish, 1.1 varnish]
      x-cache: ['MISS, MISS']
      x-cache-hits: ['0, 0']
      x-served-by: ['app-slwdc9051-SL, cache-fra19124-FRA']
      x-timer: ['S1527666392.533810,VS0,VE487']
    status: {code: 200, message: OK}
- request:
    body: null
    headers:
      Content-Type: [application/json]
    method: PUT
    uri: https://api.fastly.com/service/4QTALGNdYy2aTC1pf08MkQ/version/1/clone
  response:
    body: {string: !!python/unicode '{"testing":false,"locked":false,"number":2,"active":false,"service_id":"4QTALGNdYy2aTC1pf08MkQ","staging":false,"created_at":"2018-05-30T07:46:31Z","deleted_at":null,"comment":"","updated_at":"2018-05-30T07:46:31Z","deployed":false}'}
    headers:
      accept-ranges: [bytes]
      cache-control: [no-cache]
      connection: [keep-alive]
      content-length: ['232']
      content-type: [application/json]
      date: ['Wed, 30 May 2018 07:46:32 GMT']
      fastly-ratelimit-remaining: ['670']
      fastly-ratelimit-reset: ['1527667200']
      status: [200 OK]
      vary: [Accept-Encoding]
      via: [1.1 varnish, 1.1 varnish]
      x-cache: ['MISS, MISS']
      x-cache-hits: ['0, 0']
      x-served-by: ['app-slwdc9051-SL, cache-fra19140-FRA']
      x-timer: ['S1527666392.079707,VS0,VE522']
    status: {code: 200, message: OK}
- request:
    body: null
    headers:
      Content-Type: [application/json]
    method: GET
    uri: https://api.fastly.com/service/4QTALGNdYy2aTC1pf08MkQ/version/2/domain
  response:
    body: {string: !!python/unicode '[]'}
    headers:
      accept-ranges: [bytes]
      age: ['0']
      cache-control: [no-cache]
      connection: [keep-alive]
      content-length: ['2']
      content-type: [application/json]
      date: ['Wed, 30 May 2018 07:46:33 GMT']
      status: [200 OK]
      vary: [Accept-Encoding]
      via: [1.1 varnish, 1.1 varnish]
      x-cache: ['MISS, MISS']
      x-cache-hits: ['0, 0']
      x-served-by: ['app-slwdc9051-SL, cache-fra19149-FRA']
      x-timer: ['S1527666393.659733,VS0,VE387']
    status: {code: 200, message: OK}
- request:
    body: null
    headers:
      Content-Type: [application/json]
    method: GET
    uri: https://api.fastly.com/service/4QTALGNdYy2aTC1pf08MkQ/version/2/healthcheck
  response:
    body: {string: !!python/unicode '[]'}
    headers:
      accept-ranges: [bytes]
      age: ['0']
      cache-control: [no-cache]
      connection: [keep-alive]
      content-length: ['2']
      content-type: [application/json]
      date: ['Wed, 30 May 2018 07:46:33 GMT']
      status: [200 OK]
      vary: [Accept-Encoding]
      via: [1.1 varnish, 1.1 varnish]
      x-cache: ['MISS, MISS']
      x-cache-hits: ['0, 0']
      x-served-by: ['app-slwdc9051-SL, cache-fra19146-FRA']
      x-timer: ['S1527666393.107532,VS0,VE458']
    status: {code: 200, message: OK}
- request:
    body: null
    headers:
      Content-Type: [application/json]
    method: GET
    uri: https://api.fastly.com/service/4QTALGNdYy2aTC1pf08MkQ/version/2/condition
  response:
    body: {string: !!python/unicode '[]'}
    headers:
      accept-ranges: [bytes]
      age: ['0']
      cache-control: [no-cache]
      connection: [keep-alive]
      content-length: ['2']
      content-type: [application/json]
      date: ['Wed, 30 May 2018 07:46:33 GMT']
      status: [200 OK]
      vary: [Accept-Encoding]
      via: [1.1 varnish, 1.1 varnish]
      x-cache: ['MISS, MISS']
      x-cache-hits: ['0, 0']
      x-served-by: ['app-slwdc9051-SL, cache-fra19125-FRA']
      x-timer: ['S1527666394.626504,VS0,VE127']
    status: {code: 200, message: OK}
- request:
    body: null
    headers:
      Content-Type: [application/json]
    method: GET
    uri: https://api.fastly.com/service/4QTALGNdYy2aTC1pf08MkQ/version/2/backend
  response:
    body: {string: !!python/unicode '[]'}
    headers:
      accept-ranges: [bytes]
      age: ['0']
      cache-control: [no-cache]
      connection: [keep-alive]
      content-length: ['2']
      content-type: [application/json]
      date: ['Wed, 30 May 2018 07:46:33 GMT']
      status: [200 OK]
      vary: [Accept-Encoding]
      via: [1.1 varnish, 1.1 varnish]
      x-cache: ['MISS, MISS']
      x-cache-hits: ['0, 0']
      x-served-by: ['app-slwdc9051-SL, cache-fra19122-FRA']
      x-timer: ['S1527666394.816673,VS0,VE175']
    status: {code: 200, message: OK}
- request:
    body: null
    headers:
      Content-Type: [application/json]
    method: GET
    uri: https://api.fastly.com/service/4QTALGNdYy2aTC1pf08MkQ/version/2/director
  response:
    body: {string: !!python/unicode '[]'}
    headers:
      accept-ranges: [bytes]
      age: ['0']
      cache-control: [no-cache]
      connection: [keep-alive]
      content-length: ['2']
      content-type: [application/json]
      date: ['Wed, 30 May 2018 07:46:34 GMT']
      status: [200 OK]
      vary: [Accept-Encoding]
      via: [1.1 varnish, 1.1 varnish]
      x-cache: ['MISS, MISS']
      x-cache-hits: ['0, 0']
      x-served-by: ['app-slwdc9051-SL, cache-fra19147-FRA']
      x-timer: ['S1527666394.050927,VS0,VE123']
    status: {code: 200, message: OK}
- request:
    body: null
    headers:
      Content-Type: [application/json]
    method: GET
    uri: https://api.fastly.com/service/4QTALGNdYy2aTC1pf08MkQ/version/2/cache_settings
  response:
    body: {string: !!python/unicode '[]'}
    headers:
      accept-ranges: [bytes]
      age: ['0']
      cache-control: [no-cache]
      connection: [keep-alive]
      content-length: ['2']
      content-type: [application/json]
      date: ['Wed, 30 May 2018 07:46:34 GMT']
      status: [200 OK]
      vary: [Accept-Encoding]
      via: [1.1 varnish, 1.1 varnish]
      x-cache: ['MISS, MISS']
      x-cache-hits: ['0, 0']
      x-served-by: ['app-slwdc9051-SL, cache-fra19122-FRA']
      x-timer: ['S1527666394.236750,VS0,VE395']
    status: {code: 200, message: OK}
- request:
    body: null
    headers:
      Content-Type: [application/json]
    method: GET
    uri: https://api.fastly.com/service/4QTALGNdYy2aTC1pf08MkQ/version/2/gzip
  response:
    body: {string: !!python/unicode '[]'}
    headers:
      accept-ranges: [bytes]
      age: ['0']
      cache-control: [no-cache]
      connection: [keep-alive]
      content-length: ['2']
      content-type: [application/json]
      date: ['Wed, 30 May 2018 07:46:34 GMT']
      status: [200 OK]
      vary: [Accept-Encoding]
      via: [1.1 varnish, 1.1 varnish]
      x-cache: ['MISS, MISS']
      x-cache-hits: ['0, 0']
      x-served-by: ['app-slwdc9051-SL, cache-fra19127-FRA']
      x-timer: ['S1527666395.690095,VS0,VE127']
    status: {code: 200, message: OK}
- request:
    body: null
    headers:
      Content-Type: [application/json]
    method: GET
    uri: https://api.fastly.com/service/4QTALGNdYy2aTC1pf08MkQ/version/2/header
  response:
    body: {string: !!python/unicode '[]'}
    headers:
      accept-ranges: [bytes]
      age: ['0']
      cache-control: [no-cache]
      connection: [keep-alive]
      content-length: ['2']
      content-type: [application/json]
      date: ['Wed, 30 May 2018 07:46:35 GMT']
      status: [200 OK]
      vary: [Accept-Encoding]
      via: [1.1 varnish, 1.1 varnish]
      x-cache: ['MISS, MISS']
      x-cache-hits: ['0, 0']
      x-served-by: ['app-slwdc9051-SL, cache-fra19149-FRA']
      x-timer: ['S1527666395.875556,VS0,VE165']
    status: {code: 200, message: OK}
- request:
    body: null
    headers:
      Content-Type: [application/json]
    method: GET
    uri: https://api.fastly.com/service/4QTALGNdYy2aTC1pf08MkQ/version/2/request_settings
  response:
    body: {string: !!python/unicode '[]'}
    headers:
      accept-ranges: [bytes]
      age: ['0']
      cache-control: [no-cache]
      connection: [keep-alive]
      content-length: ['2']
      content-type: [application/json]
      date: ['Wed, 30 May 2018 07:46:35 GMT']
      status: [200 OK]
      vary: [Accept-Encoding]
      via: [1.1 varnish, 1.1 varnish]
      x-cache: ['MISS, MISS']
      x-cache-hits: ['0, 0']
      x-served-by: ['app-slwdc9051-SL, cache-fra19142-FRA']
      x-timer: ['S1527666395.103192,VS0,VE165']
    status: {code: 200, message: OK}
- request:
    body: null
    headers:
      Content-Type: [application/json]
    method: GET
    uri: https://api.fastly.com/service/4QTALGNdYy2aTC1pf08MkQ/version/2/response_object
  response:
    body: {string: !!python/unicode '[]'}
    headers:
      accept-ranges: [bytes]
      age: ['0']
      cache-control: [no-cache]
      connection: [keep-alive]
      content-length: ['2']
      content-type: [application/json]
      date: ['Wed, 30 May 2018 07:46:35 GMT']
      status: [200 OK]
      vary: [Accept-Encoding]
      via: [1.1 varnish, 1.1 varnish]
      x-cache: ['MISS, MISS']
      x-cache-hits: ['0, 0']
      x-served-by: ['app-slwdc9051-SL, cache-fra19120-FRA']
      x-timer: ['S1527666395.326343,VS0,VE117']
    status: {code: 200, message: OK}
- request:
    body: null
    headers:
      Content-Type: [application/json]
    method: GET
    uri: https://api.fastly.com/service/4QTALGNdYy2aTC1pf08MkQ/version/2/snippet
  response:
    body: {string: !!python/unicode '[]'}
    headers:
      accept-ranges: [bytes]
      age: ['0']
      cache-control: [no-cache]
      connection: [keep-alive]
      content-length: ['2']
      content-type: [application/json]
      date: ['Wed, 30 May 2018 07:46:35 GMT']
      status: [200 OK]
      vary: [Accept-Encoding]
      via: [1.1 varnish, 1.1 varnish]
      x-cache: ['MISS, MISS']
      x-cache-hits: ['0, 0']
      x-served-by: ['app-slwdc9051-SL, cache-fra19145-FRA']
      x-timer: ['S1527666396.551143,VS0,VE426']
    status: {code: 200, message: OK}
- request:
    body: null
    headers:
      Content-Type: [application/json]
    method: GET
    uri: https://api.fastly.com/service/4QTALGNdYy2aTC1pf08MkQ/version/2/logging/s3
  response:
    body: {string: !!python/unicode '[]'}
    headers:
      accept-ranges: [bytes]
      age: ['0']
      cache-control: [no-cache]
      connection: [keep-alive]
      content-length: ['2']
      content-type: [application/json]
      date: ['Wed, 30 May 2018 07:46:36 GMT']
      status: [200 OK]
      vary: [Accept-Encoding]
      via: [1.1 varnish, 1.1 varnish]
      x-cache: ['MISS, MISS']
      x-cache-hits: ['0, 0']
      x-served-by: ['app-slwdc9051-SL, cache-fra19150-FRA']
      x-timer: ['S1527666396.036816,VS0,VE128']
    status: {code: 200, message: OK}
- request:
    body: !!python/unicode '{"comment": "", "name": "example8000.com"}'
    headers:
      Content-Type: [application/json]
    method: POST
    uri: https://api.fastly.com/service/4QTALGNdYy2aTC1pf08MkQ/version/2/domain
  response:
    body: {string: !!python/unicode '{"comment":"","name":"example8000.com","service_id":"4QTALGNdYy2aTC1pf08MkQ","version":2,"deleted_at":null,"created_at":"2018-05-30T07:46:36Z","updated_at":"2018-05-30T07:46:36Z"}'}
    headers:
      accept-ranges: [bytes]
      cache-control: [no-cache]
      connection: [keep-alive]
      content-length: ['179']
      content-type: [application/json]
      date: ['Wed, 30 May 2018 07:46:36 GMT']
      fastly-ratelimit-remaining: ['669']
      fastly-ratelimit-reset: ['1527667200']
      status: [200 OK]
      vary: [Accept-Encoding]
      via: [1.1 varnish, 1.1 varnish]
      x-cache: ['MISS, MISS']
      x-cache-hits: ['0, 0']
      x-served-by: ['app-slwdc9051-SL, cache-fra19122-FRA']
      x-timer: ['S1527666396.225188,VS0,VE477']
    status: {code: 200, message: OK}
- request:
    body: !!python/unicode '{"ssl_ca_cert": null, "request_condition": "", "name":
      "localhost", "weight": 100, "healthcheck": null, "first_byte_timeout": 15000,
      "connect_timeout": 1000, "error_threshold": 0, "ssl_cert_hostname": null, "address":
      "127.0.0.1", "between_bytes_timeout": 10000, "max_conn": 200, "port": 80, "ssl_hostname":
      null, "shield": null}'
    headers:
      Content-Type: [application/json]
    method: POST
    uri: https://api.fastly.com/service/4QTALGNdYy2aTC1pf08MkQ/version/2/backend
  response:
    body: {string: !!python/unicode '{"ssl_ca_cert":null,"request_condition":"","name":"localhost","weight":100,"healthcheck":null,"first_byte_timeout":15000,"connect_timeout":1000,"error_threshold":0,"ssl_cert_hostname":null,"address":"127.0.0.1","between_bytes_timeout":10000,"max_conn":200,"port":80,"ssl_hostname":null,"shield":null,"service_id":"4QTALGNdYy2aTC1pf08MkQ","version":2,"max_tls_version":null,"ssl_client_cert":null,"hostname":null,"client_cert":null,"updated_at":"2018-05-30T07:46:37Z","ipv4":"127.0.0.1","ssl_ciphers":null,"ssl_client_key":null,"auto_loadbalance":false,"ssl_check_cert":true,"ssl_sni_hostname":null,"min_tls_version":null,"ipv6":null,"deleted_at":null,"use_ssl":false,"created_at":"2018-05-30T07:46:37Z","comment":""}'}
    headers:
      accept-ranges: [bytes]
      cache-control: [no-cache]
      connection: [keep-alive]
      content-length: ['716']
      content-type: [application/json]
      date: ['Wed, 30 May 2018 07:46:37 GMT']
      fastly-ratelimit-remaining: ['668']
      fastly-ratelimit-reset: ['1527667200']
      status: [200 OK]
      vary: [Accept-Encoding]
      via: [1.1 varnish, 1.1 varnish]
      x-cache: ['MISS, MISS']
      x-cache-hits: ['0, 0']
      x-served-by: ['app-slwdc9051-SL, cache-fra19148-FRA']
      x-timer: ['S1527666397.761644,VS0,VE444']
    status: {code: 200, message: OK}
- request:
    body: !!python/unicode '{"action": "pass", "stale_ttl": 10, "name": "cache-settings-config-name",
      "cache_condition": ""}'
    headers:
      Content-Type: [application/json]
    method: POST
    uri: https://api.fastly.com/service/4QTALGNdYy2aTC1pf08MkQ/version/2/cache_settings
  response:
    body: {string: !!python/unicode '{"action":"pass","stale_ttl":10,"name":"cache-settings-config-name","cache_condition":"","service_id":"4QTALGNdYy2aTC1pf08MkQ","version":"2","ttl":null,"deleted_at":null,"created_at":"2018-05-30T07:46:37Z","updated_at":"2018-05-30T07:46:37Z"}'}
    headers:
      accept-ranges: [bytes]
      cache-control: [no-cache]
      connection: [keep-alive]
      content-length: ['242']
      content-type: [application/json]
      date: ['Wed, 30 May 2018 07:46:37 GMT']
      fastly-ratelimit-remaining: ['667']
      fastly-ratelimit-reset: ['1527667200']
      status: [200 OK]
      vary: [Accept-Encoding]
      via: [1.1 varnish, 1.1 varnish]
      x-cache: ['MISS, MISS']
      x-cache-hits: ['0, 0']
      x-served-by: ['app-slwdc9051-SL, cache-fra19145-FRA']
      x-timer: ['S1527666397.265975,VS0,VE452']
    status: {code: 200, message: OK}
- request:
    body: !!python/unicode '{"ignore_if_set": "0", "regex": "", "request_condition":
      null, "name": "Set Location header", "src": "\"https://u.jimcdn.com\" req.url.path",
      "dst": "http.Location", "substitution": "", "priority": "100", "cache_condition":
      null, "action": "set", "type": "response", "response_condition": null}'
    headers:
      Content-Type: [application/json]
    method: POST
    uri: https://api.fastly.com/service/4QTALGNdYy2aTC1pf08MkQ/version/2/header
  response:
    body: {string: !!python/unicode '{"ignore_if_set":"0","regex":"","request_condition":null,"name":"Set
        Location header","src":"\"https://u.jimcdn.com\" req.url.path","dst":"http.Location","substitution":"","priority":"100","cache_condition":null,"action":"set","type":"response","response_condition":null,"service_id":"4QTALGNdYy2aTC1pf08MkQ","version":"2","updated_at":"2018-05-30T07:46:38Z","deleted_at":null,"created_at":"2018-05-30T07:46:38Z"}'}
    headers:
      accept-ranges: [bytes]
      cache-control: [no-cache]
      connection: [keep-alive]
      content-length: ['413']
      content-type: [application/json]
      date: ['Wed, 30 May 2018 07:46:38 GMT']
      fastly-ratelimit-remaining: ['666']
      fastly-ratelimit-reset: ['1527667200']
      status: [200 OK]
      vary: [Accept-Encoding]
      via: [1.1 varnish, 1.1 varnish]
      x-cache: ['MISS, MISS']
      x-cache-hits: ['0, 0']
      x-served-by: ['app-slwdc9051-SL, cache-fra19124-FRA']
      x-timer: ['S1527666398.781456,VS0,VE443']
    status: {code: 200, message: OK}
- request:
    body: !!python/unicode '{"status": "200", "request_condition": "", "name": "Set
      200 status code", "content": "", "content_type": "", "response": "Ok"}'
    headers:
      Content-Type: [application/json]
    method: POST
    uri: https://api.fastly.com/service/4QTALGNdYy2aTC1pf08MkQ/version/2/response_object
  response:
    body: {string: !!python/unicode '{"status":"200","request_condition":"","name":"Set
        200 status code","content":"","content_type":"","response":"Ok","service_id":"4QTALGNdYy2aTC1pf08MkQ","version":"2","deleted_at":null,"cache_condition":"","created_at":"2018-05-30T07:46:38Z","updated_at":"2018-05-30T07:46:38Z"}'}
    headers:
      accept-ranges: [bytes]
      cache-control: [no-cache]
      connection: [keep-alive]
      content-length: ['278']
      content-type: [application/json]
      date: ['Wed, 30 May 2018 07:46:38 GMT']
      fastly-ratelimit-remaining: ['665']
      fastly-ratelimit-reset: ['1527667200']
      status: [200 OK]
      vary: [Accept-Encoding]
      via: [1.1 varnish, 1.1 varnish]
      x-cache: ['MISS, MISS']
      x-cache-hits: ['0, 0']
      x-served-by: ['app-slwdc9051-SL, cache-fra19123-FRA']
      x-timer: ['S1527666398.287678,VS0,VE424']
    status: {code: 200, message: OK}
- request:
    body: !!python/unicode '{"general.default_ttl": 3600}'
    headers:
      Content-Type: [application/json]
    method: PUT
    uri: https://api.fastly.com/service/4QTALGNdYy2aTC1pf08MkQ/version/2/settings
  response:
    body: {string: !!python/unicode '{"general.stale_if_error_ttl":43200,"general.stale_if_error":false,"general.default_ttl":3600,"version":2,"general.default_host":"","general.default_pci":0,"service_id":"4QTALGNdYy2aTC1pf08MkQ"}'}
    headers:
      accept-ranges: [bytes]
      cache-control: [no-cache]
      connection: [keep-alive]
      content-length: ['194']
      content-type: [application/json]
      date: ['Wed, 30 May 2018 07:46:38 GMT']
      fastly-ratelimit-remaining: ['664']
      fastly-ratelimit-reset: ['1527667200']
      status: [200 OK]
      vary: [Accept-Encoding]
      via: [1.1 varnish, 1.1 varnish]
      x-cache: ['MISS, MISS']
      x-cache-hits: ['0, 0']
      x-served-by: ['app-slwdc9051-SL, cache-fra19132-FRA']
      x-timer: ['S1527666399.771730,VS0,VE214']
    status: {code: 200, message: OK}
- request:
    body: null
    headers:
      Content-Type: [application/json]
    method: PUT
    uri: https://api.fastly.com/service/4QTALGNdYy2aTC1pf08MkQ/version/2/activate
  response:
    body: {string: !!python/unicode '{"testing":false,"locked":true,"number":2,"active":true,"service_id":"4QTALGNdYy2aTC1pf08MkQ","staging":false,"created_at":"2018-05-30T07:46:32Z","deleted_at":null,"comment":"","updated_at":"2018-05-30T07:46:38Z","deployed":false,"msg":null}'}
    headers:
      accept-ranges: [bytes]
      cache-control: [no-cache]
      connection: [keep-alive]
      content-length: ['241']
      content-type: [application/json]
      date: ['Wed, 30 May 2018 07:46:40 GMT']
      fastly-ratelimit-remaining: ['663']
      fastly-ratelimit-reset: ['1527667200']
      status: [200 OK]
      vary: [Accept-Encoding]
      via: [1.1 varnish, 1.1 varnish]
      x-cache: ['MISS, MISS']
      x-cache-hits: ['0, 0']
      x-served-by: ['app-slwdc9051-SL, cache-fra19148-FRA']
      x-timer: ['S1527666399.050252,VS0,VE970']
    status: {code: 200, message: OK}
- request:
    body: null
    headers:
      Content-Type: [application/json]
    method: GET
    uri: https://api.fastly.com/service/4QTALGNdYy2aTC1pf08MkQ/details
  response:
    body: {string: !!python/unicode '{"name":"Fastly Ansible Module Test","deleted_at":null,"versions":[{"testing":false,"locked":false,"number":1,"active":false,"service_id":"4QTALGNdYy2aTC1pf08MkQ","staging":false,"created_at":"2018-05-30T07:46:31Z","deleted_at":null,"comment":"","updated_at":"2018-05-30T07:46:31Z","deployed":false},{"testing":false,"locked":true,"number":2,"active":true,"service_id":"4QTALGNdYy2aTC1pf08MkQ","staging":false,"created_at":"2018-05-30T07:46:32Z","deleted_at":null,"comment":"","updated_at":"2018-05-30T07:46:39Z","deployed":false}],"created_at":"2018-05-30T07:46:31Z","customer_id":"31RPDMBpiruA1yfGA2djLm","comment":"","updated_at":"2018-05-30T07:46:31Z","id":"4QTALGNdYy2aTC1pf08MkQ","version":{"testing":false,"staging":false,"updated_at":"2018-05-30T07:46:39Z","active":true,"number":2,"service_id":"4QTALGNdYy2aTC1pf08MkQ","deployed":false,"locked":true,"deleted_at":null,"created_at":"2018-05-30T07:46:32Z","comment":"","acls":[],"backends":[{"max_tls_version":null,"ssl_ca_cert":null,"auto_loadbalance":false,"ssl_check_cert":true,"shield":null,"hostname":null,"ssl_client_cert":null,"error_threshold":0,"request_condition":"","first_byte_timeout":15000,"ssl_cert_hostname":null,"weight":100,"client_cert":null,"address":"127.0.0.1","ssl_hostname":null,"ssl_sni_hostname":null,"min_tls_version":null,"ipv6":null,"ipv4":"127.0.0.1","connect_timeout":1000,"ssl_ciphers":null,"name":"localhost","healthcheck":null,"port":80,"max_conn":200,"use_ssl":false,"comment":"","between_bytes_timeout":10000,"ssl_client_key":null}],"cache_settings":[{"stale_ttl":"10","ttl":null,"name":"cache-settings-config-name","action":"pass","cache_condition":""}],"conditions":[],"dictionaries":[],"directors":[],"domains":[{"comment":"","name":"example8000.com"}],"gzips":[],"headers":[{"priority":"100","src":"\"https://u.jimcdn.com\"
        req.url.path","name":"Set Location header","substitution":"","ignore_if_set":"0","cache_condition":null,"request_condition":null,"regex":"","response_condition":null,"action":"set","type":"response","dst":"http.Location"}],"healthchecks":[],"request_settings":[],"response_objects":[{"request_condition":"","content_type":"","status":"200","response":"Ok","name":"Set
        200 status code","content":"","cache_condition":""}],"snippets":[],"vcls":[],"wordpress":[],"settings":{"general.stale_if_error_ttl":43200,"general.stale_if_error":false,"general.default_ttl":3600,"general.default_host":"","general.default_pci":0}},"active_version":{"testing":false,"staging":false,"updated_at":"2018-05-30T07:46:39Z","active":true,"number":2,"service_id":"4QTALGNdYy2aTC1pf08MkQ","deployed":false,"locked":true,"deleted_at":null,"created_at":"2018-05-30T07:46:32Z","comment":"","acls":[],"backends":[{"max_tls_version":null,"ssl_ca_cert":null,"auto_loadbalance":false,"ssl_check_cert":true,"shield":null,"hostname":null,"ssl_client_cert":null,"error_threshold":0,"request_condition":"","first_byte_timeout":15000,"ssl_cert_hostname":null,"weight":100,"client_cert":null,"address":"127.0.0.1","ssl_hostname":null,"ssl_sni_hostname":null,"min_tls_version":null,"ipv6":null,"ipv4":"127.0.0.1","connect_timeout":1000,"ssl_ciphers":null,"name":"localhost","healthcheck":null,"port":80,"max_conn":200,"use_ssl":false,"comment":"","between_bytes_timeout":10000,"ssl_client_key":null}],"cache_settings":[{"stale_ttl":"10","ttl":null,"name":"cache-settings-config-name","action":"pass","cache_condition":""}],"conditions":[],"dictionaries":[],"directors":[],"domains":[{"comment":"","name":"example8000.com"}],"gzips":[],"headers":[{"priority":"100","src":"\"https://u.jimcdn.com\"
        req.url.path","name":"Set Location header","substitution":"","ignore_if_set":"0","cache_condition":null,"request_condition":null,"regex":"","response_condition":null,"action":"set","type":"response","dst":"http.Location"}],"healthchecks":[],"request_settings":[],"response_objects":[{"request_condition":"","content_type":"","status":"200","response":"Ok","name":"Set
        200 status code","content":"","cache_condition":""}],"snippets":[],"vcls":[],"wordpress":[],"settings":{"general.stale_if_error_ttl":43200,"general.stale_if_error":false,"general.default_ttl":3600,"general.default_host":"","general.default_pci":0}}}'}
    headers:
      accept-ranges: [bytes]
      age: ['0']
      cache-control: [no-cache]
      connection: [keep-alive]
      content-length: ['4197']
      content-type: [application/json]
      date: ['Wed, 30 May 2018 07:46:40 GMT']
      status: [200 OK]
      vary: [Accept-Encoding]
      via: [1.1 varnish, 1.1 varnish]
      x-cache: ['MISS, MISS']
      x-cache-hits: ['0, 0']
      x-served-by: ['app-slwdc9051-SL, cache-fra19141-FRA']
      x-timer: ['S1527666400.076084,VS0,VE228']
    status: {code: 200, message: OK}
- request:
    body: null
    headers:
      Content-Type: [application/json]
    method: GET
    uri: https://api.fastly.com/service/search?name=Fastly%20Ansible%20Module%20Test
  response:
    body: {string: !!python/unicode '{"name":"Fastly Ansible Module Test","deleted_at":null,"versions":[{"testing":false,"locked":false,"number":1,"active":false,"service_id":"4QTALGNdYy2aTC1pf08MkQ","staging":false,"created_at":"2018-05-30T07:46:31Z","deleted_at":null,"comment":"","updated_at":"2018-05-30T07:46:31Z","deployed":false},{"testing":false,"staging":false,"updated_at":"2018-05-30T07:46:39Z","active":true,"number":2,"service_id":"4QTALGNdYy2aTC1pf08MkQ","deployed":false,"locked":true,"deleted_at":null,"created_at":"2018-05-30T07:46:32Z","comment":""}],"created_at":"2018-05-30T07:46:31Z","customer_id":"31RPDMBpiruA1yfGA2djLm","comment":"","updated_at":"2018-05-30T07:46:31Z","id":"4QTALGNdYy2aTC1pf08MkQ"}'}
    headers:
      accept-ranges: [bytes]
      cache-control: [no-cache]
      connection: [keep-alive]
      content-length: ['686']
      content-type: [application/json]
      date: ['Wed, 30 May 2018 07:46:40 GMT']
      status: [200 OK]
      vary: [Accept-Encoding]
      via: [1.1 varnish, 1.1 varnish]
      x-cache: ['MISS, MISS']
      x-cache-hits: ['0, 0']
      x-served-by: ['app-slwdc9051-SL, cache-fra19151-FRA']
      x-timer: ['S1527666400.367653,VS0,VE183']
    status: {code: 200, message: OK}
- request:
    body: null
    headers:
      Content-Type: [application/json]
    method: GET
    uri: https://api.fastly.com/service/4QTALGNdYy2aTC1pf08MkQ/details
  response:
    body: {string: !!python/unicode '{"name":"Fastly Ansible Module Test","deleted_at":null,"versions":[{"testing":false,"locked":false,"number":1,"active":false,"service_id":"4QTALGNdYy2aTC1pf08MkQ","staging":false,"created_at":"2018-05-30T07:46:31Z","deleted_at":null,"comment":"","updated_at":"2018-05-30T07:46:31Z","deployed":false},{"testing":false,"locked":true,"number":2,"active":true,"service_id":"4QTALGNdYy2aTC1pf08MkQ","staging":false,"created_at":"2018-05-30T07:46:32Z","deleted_at":null,"comment":"","updated_at":"2018-05-30T07:46:39Z","deployed":false}],"created_at":"2018-05-30T07:46:31Z","customer_id":"31RPDMBpiruA1yfGA2djLm","comment":"","updated_at":"2018-05-30T07:46:31Z","id":"4QTALGNdYy2aTC1pf08MkQ","version":{"testing":false,"staging":false,"updated_at":"2018-05-30T07:46:39Z","active":true,"number":2,"service_id":"4QTALGNdYy2aTC1pf08MkQ","deployed":false,"locked":true,"deleted_at":null,"created_at":"2018-05-30T07:46:32Z","comment":"","acls":[],"backends":[{"max_tls_version":null,"ssl_ca_cert":null,"auto_loadbalance":false,"ssl_check_cert":true,"shield":null,"hostname":null,"ssl_client_cert":null,"error_threshold":0,"request_condition":"","first_byte_timeout":15000,"ssl_cert_hostname":null,"weight":100,"client_cert":null,"address":"127.0.0.1","ssl_hostname":null,"ssl_sni_hostname":null,"min_tls_version":null,"ipv6":null,"ipv4":"127.0.0.1","connect_timeout":1000,"ssl_ciphers":null,"name":"localhost","healthcheck":null,"port":80,"max_conn":200,"use_ssl":false,"comment":"","between_bytes_timeout":10000,"ssl_client_key":null}],"cache_settings":[{"stale_ttl":"10","ttl":null,"name":"cache-settings-config-name","action":"pass","cache_condition":""}],"conditions":[],"dictionaries":[],"directors":[],"domains":[{"comment":"","name":"example8000.com"}],"gzips":[],"headers":[{"priority":"100","src":"\"https://u.jimcdn.com\"
        req.url.path","name":"Set Location header","substitution":"","ignore_if_set":"0","cache_condition":null,"request_condition":null,"regex":"","response_condition":null,"action":"set","type":"response","dst":"http.Location"}],"healthchecks":[],"request_settings":[],"response_objects":[{"request_condition":"","content_type":"","status":"200","response":"Ok","name":"Set
        200 status code","content":"","cache_condition":""}],"snippets":[],"vcls":[],"wordpress":[],"settings":{"general.stale_if_error_ttl":43200,"general.stale_if_error":false,"general.default_ttl":3600,"general.default_host":"","general.default_pci":0}},"active_version":{"testing":false,"staging":false,"updated_at":"2018-05-30T07:46:39Z","active":true,"number":2,"service_id":"4QTALGNdYy2aTC1pf08MkQ","deployed":false,"locked":true,"deleted_at":null,"created_at":"2018-05-30T07:46:32Z","comment":"","acls":[],"backends":[{"max_tls_version":null,"ssl_ca_cert":null,"auto_loadbalance":false,"ssl_check_cert":true,"shield":null,"hostname":null,"ssl_client_cert":null,"error_threshold":0,"request_condition":"","first_byte_timeout":15000,"ssl_cert_hostname":null,"weight":100,"client_cert":null,"address":"127.0.0.1","ssl_hostname":null,"ssl_sni_hostname":null,"min_tls_version":null,"ipv6":null,"ipv4":"127.0.0.1","connect_timeout":1000,"ssl_ciphers":null,"name":"localhost","healthcheck":null,"port":80,"max_conn":200,"use_ssl":false,"comment":"","between_bytes_timeout":10000,"ssl_client_key":null}],"cache_settings":[{"stale_ttl":"10","ttl":null,"name":"cache-settings-config-name","action":"pass","cache_condition":""}],"conditions":[],"dictionaries":[],"directors":[],"domains":[{"comment":"","name":"example8000.com"}],"gzips":[],"headers":[{"priority":"100","src":"\"https://u.jimcdn.com\"
        req.url.path","name":"Set Location header","substitution":"","ignore_if_set":"0","cache_condition":null,"request_condition":null,"regex":"","response_condition":null,"action":"set","type":"response","dst":"http.Location"}],"healthchecks":[],"request_settings":[],"response_objects":[{"request_condition":"","content_type":"","status":"200","response":"Ok","name":"Set
        200 status code","content":"","cache_condition":""}],"snippets":[],"vcls":[],"wordpress":[],"settings":{"general.stale_if_error_ttl":43200,"general.stale_if_error":false,"general.default_ttl":3600,"general.default_host":"","general.default_pci":0}}}'}
    headers:
      accept-ranges: [bytes]
      age: ['0']
      cache-control: [no-cache]
      connection: [keep-alive]
      content-length: ['4197']
      content-type: [application/json]
      date: ['Wed, 30 May 2018 07:46:40 GMT']
      status: [200 OK]
      vary: [Accept-Encoding]
      via: [1.1 varnish, 1.1 varnish]
      x-cache: ['MISS, MISS']
      x-cache-hits: ['0, 0']
      x-served-by: ['app-slwdc9051-SL, cache-fra19126-FRA']
      x-timer: ['S1527666401.607431,VS0,VE162']
    status: {code: 200, message: OK}
- request:
    body: null
    headers:
      Content-Type: [application/json]
    method: GET
    uri: https://api.fastly.com/service/4QTALGNdYy2aTC1pf08MkQ/details
  response:
    body: {string: !!python/unicode '{"name":"Fastly Ansible Module Test","deleted_at":null,"versions":[{"testing":false,"locked":false,"number":1,"active":false,"service_id":"4QTALGNdYy2aTC1pf08MkQ","staging":false,"created_at":"2018-05-30T07:46:31Z","deleted_at":null,"comment":"","updated_at":"2018-05-30T07:46:31Z","deployed":false},{"testing":false,"locked":true,"number":2,"active":true,"service_id":"4QTALGNdYy2aTC1pf08MkQ","staging":false,"created_at":"2018-05-30T07:46:32Z","deleted_at":null,"comment":"","updated_at":"2018-05-30T07:46:39Z","deployed":false}],"created_at":"2018-05-30T07:46:31Z","customer_id":"31RPDMBpiruA1yfGA2djLm","comment":"","updated_at":"2018-05-30T07:46:31Z","id":"4QTALGNdYy2aTC1pf08MkQ","version":{"testing":false,"staging":false,"updated_at":"2018-05-30T07:46:39Z","active":true,"number":2,"service_id":"4QTALGNdYy2aTC1pf08MkQ","deployed":false,"locked":true,"deleted_at":null,"created_at":"2018-05-30T07:46:32Z","comment":"","acls":[],"backends":[{"max_tls_version":null,"ssl_ca_cert":null,"auto_loadbalance":false,"ssl_check_cert":true,"shield":null,"hostname":null,"ssl_client_cert":null,"error_threshold":0,"request_condition":"","first_byte_timeout":15000,"ssl_cert_hostname":null,"weight":100,"client_cert":null,"address":"127.0.0.1","ssl_hostname":null,"ssl_sni_hostname":null,"min_tls_version":null,"ipv6":null,"ipv4":"127.0.0.1","connect_timeout":1000,"ssl_ciphers":null,"name":"localhost","healthcheck":null,"port":80,"max_conn":200,"use_ssl":false,"comment":"","between_bytes_timeout":10000,"ssl_client_key":null}],"cache_settings":[{"stale_ttl":"10","ttl":null,"name":"cache-settings-config-name","action":"pass","cache_condition":""}],"conditions":[],"dictionaries":[],"directors":[],"domains":[{"comment":"","name":"example8000.com"}],"gzips":[],"headers":[{"priority":"100","src":"\"https://u.jimcdn.com\"
        req.url.path","name":"Set Location header","substitution":"","ignore_if_set":"0","cache_condition":null,"request_condition":null,"regex":"","response_condition":null,"action":"set","type":"response","dst":"http.Location"}],"healthchecks":[],"request_settings":[],"response_objects":[{"request_condition":"","content_type":"","status":"200","response":"Ok","name":"Set
        200 status code","content":"","cache_condition":""}],"snippets":[],"vcls":[],"wordpress":[],"settings":{"general.stale_if_error_ttl":43200,"general.stale_if_error":false,"general.default_ttl":3600,"general.default_host":"","general.default_pci":0}},"active_version":{"testing":false,"staging":false,"updated_at":"2018-05-30T07:46:39Z","active":true,"number":2,"service_id":"4QTALGNdYy2aTC1pf08MkQ","deployed":false,"locked":true,"deleted_at":null,"created_at":"2018-05-30T07:46:32Z","comment":"","acls":[],"backends":[{"max_tls_version":null,"ssl_ca_cert":null,"auto_loadbalance":false,"ssl_check_cert":true,"shield":null,"hostname":null,"ssl_client_cert":null,"error_threshold":0,"request_condition":"","first_byte_timeout":15000,"ssl_cert_hostname":null,"weight":100,"client_cert":null,"address":"127.0.0.1","ssl_hostname":null,"ssl_sni_hostname":null,"min_tls_version":null,"ipv6":null,"ipv4":"127.0.0.1","connect_timeout":1000,"ssl_ciphers":null,"name":"localhost","healthcheck":null,"port":80,"max_conn":200,"use_ssl":false,"comment":"","between_bytes_timeout":10000,"ssl_client_key":null}],"cache_settings":[{"stale_ttl":"10","ttl":null,"name":"cache-settings-config-name","action":"pass","cache_condition":""}],"conditions":[],"dictionaries":[],"directors":[],"domains":[{"comment":"","name":"example8000.com"}],"gzips":[],"headers":[{"priority":"100","src":"\"https://u.jimcdn.com\"
        req.url.path","name":"Set Location header","substitution":"","ignore_if_set":"0","cache_condition":null,"request_condition":null,"regex":"","response_condition":null,"action":"set","type":"response","dst":"http.Location"}],"healthchecks":[],"request_settings":[],"response_objects":[{"request_condition":"","content_type":"","status":"200","response":"Ok","name":"Set
        200 status code","content":"","cache_condition":""}],"snippets":[],"vcls":[],"wordpress":[],"settings":{"general.stale_if_error_ttl":43200,"general.stale_if_error":false,"general.default_ttl":3600,"general.default_host":"","general.default_pci":0}}}'}
    headers:
      accept-ranges: [bytes]
      cache-control: [no-cache]
      connection: [keep-alive]
      content-length: ['4197']
      content-type: [application/json]
      date: ['Wed, 30 May 2018 07:46:41 GMT']
      status: [200 OK]
      vary: [Accept-Encoding]
      via: [1.1 varnish, 1.1 varnish]
      x-cache: ['MISS, MISS']
      x-cache-hits: ['0, 0']
      x-served-by: ['app-slwdc9051-SL, cache-fra19141-FRA']
      x-timer: ['S1527666401.827745,VS0,VE401']
    status: {code: 200, message: OK}
version: 1
