interactions:
- request:
    body: null
    headers:
      Content-Type:
      - application/json
    method: GET
    uri: https://api.fastly.com/service/search?name=Jimdo%20Fastly%20Ansible%20Module%20Test
  response:
    body:
      string: !!python/unicode '{"name":"Jimdo Fastly Ansible Module Test","deleted_at":null,"versions":[{"testing":false,"locked":false,"number":1,"active":false,"service_id":"7jTZEQBaZClRSValdIdOMC","staging":false,"created_at":"2019-04-24T14:12:25Z","deleted_at":null,"comment":"","updated_at":"2019-04-24T14:12:25Z","deployed":false},{"testing":false,"staging":false,"updated_at":"2019-04-24T14:12:41Z","active":true,"number":2,"service_id":"7jTZEQBaZClRSValdIdOMC","deployed":false,"locked":true,"deleted_at":null,"created_at":"2019-04-24T14:12:27Z","comment":""}],"created_at":"2019-04-24T14:12:25Z","customer_id":"4NTmXUwFuuC5U0iJUrdEHr","comment":"","updated_at":"2019-04-24T14:12:25Z","id":"7jTZEQBaZClRSValdIdOMC"}'
    headers:
      accept-ranges:
      - bytes
      - bytes
      - bytes
      age:
      - '0'
      cache-control:
      - no-cache
      connection:
      - keep-alive
      content-length:
      - '692'
      content-type:
      - application/json
      date:
      - Wed, 24 Apr 2019 14:12:43 GMT
      status:
      - 200 OK
      strict-transport-security:
      - max-age=31536000
      vary:
      - Accept-Encoding
      via:
      - 1.1 varnish
      - 1.1 varnish
      x-cache:
      - MISS, MISS
      x-cache-hits:
      - 0, 0
      x-served-by:
      - cache-control-slwdc9037-CONTROL-SLWDC, cache-hhn1551-HHN
      x-timer:
      - S1556115163.678564,VS0,VE546
    status:
      code: 200
      message: OK
- request:
    body: null
    headers:
      Content-Type:
      - application/json
    method: GET
    uri: https://api.fastly.com/service/7jTZEQBaZClRSValdIdOMC/details
  response:
    body:
      string: !!python/unicode '{"name":"Jimdo Fastly Ansible Module Test","deleted_at":null,"versions":[{"testing":false,"locked":false,"number":1,"active":false,"service_id":"7jTZEQBaZClRSValdIdOMC","staging":false,"created_at":"2019-04-24T14:12:25Z","deleted_at":null,"comment":"","updated_at":"2019-04-24T14:12:25Z","deployed":false},{"testing":false,"locked":true,"number":2,"active":true,"service_id":"7jTZEQBaZClRSValdIdOMC","staging":false,"created_at":"2019-04-24T14:12:27Z","deleted_at":null,"comment":"","updated_at":"2019-04-24T14:12:41Z","deployed":false}],"created_at":"2019-04-24T14:12:25Z","customer_id":"4NTmXUwFuuC5U0iJUrdEHr","comment":"","updated_at":"2019-04-24T14:12:25Z","id":"7jTZEQBaZClRSValdIdOMC","version":{"testing":false,"staging":false,"updated_at":"2019-04-24T14:12:41Z","active":true,"number":2,"service_id":"7jTZEQBaZClRSValdIdOMC","deployed":false,"locked":true,"deleted_at":null,"created_at":"2019-04-24T14:12:27Z","comment":"","acls":[],"backends":[{"max_tls_version":null,"ssl_ca_cert":null,"auto_loadbalance":false,"ssl_check_cert":true,"shield":null,"override_host":null,"hostname":null,"ssl_client_cert":null,"error_threshold":0,"request_condition":"","first_byte_timeout":15000,"ssl_cert_hostname":null,"weight":100,"client_cert":null,"address":"127.0.0.1","ssl_hostname":null,"ssl_sni_hostname":null,"min_tls_version":null,"ipv6":null,"ipv4":"127.0.0.1","connect_timeout":1000,"ssl_ciphers":null,"name":"localhost","healthcheck":null,"port":80,"max_conn":200,"use_ssl":false,"comment":"","between_bytes_timeout":10000,"ssl_client_key":null}],"cache_settings":[],"conditions":[],"dictionaries":[],"directors":[],"domains":[{"comment":"test1","name":"cdn.example8000.com"}],"gzips":[],"headers":[{"priority":"10","src":"\"https://u.jimcdn.com\"
        req.url.path","name":"Set Location header","substitution":"","ignore_if_set":"0","cache_condition":null,"request_condition":null,"regex":"","response_condition":null,"action":"set","type":"response","dst":"http.Location"}],"healthchecks":[],"request_settings":[],"response_objects":[{"request_condition":"","content_type":"","status":"302","response":"Ok","name":"Set
        302 status code","content":"","cache_condition":""}],"snippets":[],"vcls":[],"wordpress":[],"settings":{"general.stale_if_error_ttl":43200,"general.stale_if_error":false,"general.default_ttl":3600,"general.default_host":"","general.default_pci":0}},"active_version":{"testing":false,"staging":false,"updated_at":"2019-04-24T14:12:41Z","active":true,"number":2,"service_id":"7jTZEQBaZClRSValdIdOMC","deployed":false,"locked":true,"deleted_at":null,"created_at":"2019-04-24T14:12:27Z","comment":"","acls":[],"backends":[{"max_tls_version":null,"ssl_ca_cert":null,"auto_loadbalance":false,"ssl_check_cert":true,"shield":null,"override_host":null,"hostname":null,"ssl_client_cert":null,"error_threshold":0,"request_condition":"","first_byte_timeout":15000,"ssl_cert_hostname":null,"weight":100,"client_cert":null,"address":"127.0.0.1","ssl_hostname":null,"ssl_sni_hostname":null,"min_tls_version":null,"ipv6":null,"ipv4":"127.0.0.1","connect_timeout":1000,"ssl_ciphers":null,"name":"localhost","healthcheck":null,"port":80,"max_conn":200,"use_ssl":false,"comment":"","between_bytes_timeout":10000,"ssl_client_key":null}],"cache_settings":[],"conditions":[],"dictionaries":[],"directors":[],"domains":[{"comment":"test1","name":"cdn.example8000.com"}],"gzips":[],"headers":[{"priority":"10","src":"\"https://u.jimcdn.com\"
        req.url.path","name":"Set Location header","substitution":"","ignore_if_set":"0","cache_condition":null,"request_condition":null,"regex":"","response_condition":null,"action":"set","type":"response","dst":"http.Location"}],"healthchecks":[],"request_settings":[],"response_objects":[{"request_condition":"","content_type":"","status":"302","response":"Ok","name":"Set
        302 status code","content":"","cache_condition":""}],"snippets":[],"vcls":[],"wordpress":[],"settings":{"general.stale_if_error_ttl":43200,"general.stale_if_error":false,"general.default_ttl":3600,"general.default_host":"","general.default_pci":0}}}'
    headers:
      accept-ranges:
      - bytes
      - bytes
      - bytes
      age:
      - '0'
      cache-control:
      - no-cache
      connection:
      - keep-alive
      content-length:
      - '4037'
      content-type:
      - application/json
      date:
      - Wed, 24 Apr 2019 14:12:43 GMT
      status:
      - 200 OK
      strict-transport-security:
      - max-age=31536000
      vary:
      - Accept-Encoding
      via:
      - 1.1 varnish
      - 1.1 varnish
      x-cache:
      - MISS, MISS
      x-cache-hits:
      - 0, 0
      x-served-by:
      - cache-control-slwdc9035-CONTROL-SLWDC, cache-hhn1547-HHN
      x-timer:
      - S1556115163.451798,VS0,VE188
    status:
      code: 200
      message: OK
- request:
    body: null
    headers:
      Content-Type:
      - application/json
    method: PUT
    uri: https://api.fastly.com/service/7jTZEQBaZClRSValdIdOMC/version/2/deactivate
  response:
    body:
      string: !!python/unicode '{"testing":false,"locked":true,"number":2,"active":false,"service_id":"7jTZEQBaZClRSValdIdOMC","staging":false,"created_at":"2019-04-24T14:12:27Z","deleted_at":null,"comment":"","updated_at":"2019-04-24T14:12:41Z","deployed":false}'
    headers:
      accept-ranges:
      - bytes
      - bytes
      cache-control:
      - no-cache
      connection:
      - keep-alive
      content-length:
      - '231'
      content-type:
      - application/json
      date:
      - Wed, 24 Apr 2019 14:12:44 GMT
      fastly-ratelimit-remaining:
      - '890'
      fastly-ratelimit-reset:
      - '1556118000'
      status:
      - 200 OK
      strict-transport-security:
      - max-age=31536000
      vary:
      - Accept-Encoding
      via:
      - 1.1 varnish
      - 1.1 varnish
      x-cache:
      - MISS, MISS
      x-cache-hits:
      - 0, 0
      x-served-by:
      - cache-control-slwdc9035-CONTROL-SLWDC, cache-hhn1521-HHN
      x-timer:
      - S1556115164.835803,VS0,VE614
    status:
      code: 200
      message: OK
- request:
    body: null
    headers:
      Content-Type:
      - application/json
    method: DELETE
    uri: https://api.fastly.com/service/7jTZEQBaZClRSValdIdOMC
  response:
    body:
      string: !!python/unicode '{"status":"ok"}'
    headers:
      accept-ranges:
      - bytes
      - bytes
      cache-control:
      - no-cache
      connection:
      - keep-alive
      content-length:
      - '15'
      content-type:
      - application/json
      date:
      - Wed, 24 Apr 2019 14:12:45 GMT
      fastly-ratelimit-remaining:
      - '889'
      fastly-ratelimit-reset:
      - '1556118000'
      status:
      - 200 OK
      strict-transport-security:
      - max-age=31536000
      vary:
      - Accept-Encoding
      via:
      - 1.1 varnish
      - 1.1 varnish
      x-cache:
      - MISS, MISS
      x-cache-hits:
      - 0, 0
      x-served-by:
      - cache-control-slwdc9036-CONTROL-SLWDC, cache-hhn1524-HHN
      x-timer:
      - S1556115165.578581,VS0,VE527
    status:
      code: 200
      message: OK
- request:
    body: null
    headers:
      Content-Type:
      - application/json
    method: GET
    uri: https://api.fastly.com/service/search?name=Jimdo%20Fastly%20Ansible%20Module%20Test
  response:
    body:
      string: !!python/unicode '{"msg":"Record not found","detail":"Cannot load service
        ''4NTmXUwFuuC5U0iJUrdEHr''-''Jimdo Fastly Ansible Module Test''"}'
    headers:
      accept-ranges:
      - bytes
      - bytes
      - bytes
      age:
      - '0'
      cache-control:
      - no-cache
      connection:
      - keep-alive
      content-length:
      - '117'
      content-type:
      - application/json
      date:
      - Wed, 24 Apr 2019 14:12:45 GMT
      status:
      - 404 Not Found
      strict-transport-security:
      - max-age=31536000
      vary:
      - Accept-Encoding
      via:
      - 1.1 varnish
      - 1.1 varnish
      x-cache:
      - MISS, MISS
      x-cache-hits:
      - 0, 0
      x-served-by:
      - cache-control-slwdc9035-CONTROL-SLWDC, cache-hhn1532-HHN
      x-timer:
      - S1556115165.300011,VS0,VE476
    status:
      code: 404
      message: Not Found
- request:
    body: !!python/unicode '{"name": "Jimdo Fastly Ansible Module Test"}'
    headers:
      Content-Type:
      - application/json
    method: POST
    uri: https://api.fastly.com/service
  response:
    body:
      string: !!python/unicode '{"customer_id":"4NTmXUwFuuC5U0iJUrdEHr","name":"Jimdo
        Fastly Ansible Module Test","publish_key":"37371dee4ca21dd9914d48f4104cf2346f0c6b16","versions":[{"testing":false,"locked":false,"number":1,"active":false,"service_id":"4NUbnLziXAWDZNurzy9tGA","staging":false,"created_at":"2019-04-24T14:12:46Z","deleted_at":null,"comment":"","updated_at":"2019-04-24T14:12:46Z","deployed":false}],"deleted_at":null,"created_at":"2019-04-24T14:12:46Z","comment":"","updated_at":"2019-04-24T14:12:46Z","id":"4NUbnLziXAWDZNurzy9tGA"}'
    headers:
      accept-ranges:
      - bytes
      - bytes
      cache-control:
      - no-cache
      connection:
      - keep-alive
      content-length:
      - '518'
      content-type:
      - application/json
      date:
      - Wed, 24 Apr 2019 14:12:46 GMT
      fastly-ratelimit-remaining:
      - '888'
      fastly-ratelimit-reset:
      - '1556118000'
      status:
      - 200 OK
      strict-transport-security:
      - max-age=31536000
      vary:
      - Accept-Encoding
      via:
      - 1.1 varnish
      - 1.1 varnish
      x-cache:
      - MISS, MISS
      x-cache-hits:
      - 0, 0
      x-served-by:
      - cache-control-slwdc9035-CONTROL-SLWDC, cache-hhn1545-HHN
      x-timer:
      - S1556115166.889654,VS0,VE535
    status:
      code: 200
      message: OK
- request:
    body: null
    headers:
      Content-Type:
      - application/json
    method: GET
    uri: https://api.fastly.com/service/4NUbnLziXAWDZNurzy9tGA/details
  response:
    body:
      string: !!python/unicode '{"id":"4NUbnLziXAWDZNurzy9tGA","created_at":"2019-04-24T14:12:46Z","deleted_at":null,"updated_at":"2019-04-24T14:12:46Z","name":"Jimdo
        Fastly Ansible Module Test","versions":[{"testing":false,"locked":false,"number":1,"active":false,"service_id":"4NUbnLziXAWDZNurzy9tGA","staging":false,"created_at":"2019-04-24T14:12:46Z","deleted_at":null,"comment":"","updated_at":"2019-04-24T14:12:46Z","deployed":false}],"customer_id":"4NTmXUwFuuC5U0iJUrdEHr","comment":"","version":{"active":false,"locked":false,"number":1,"deployed":false,"updated_at":"2019-04-24T14:12:46Z","testing":false,"deleted_at":null,"created_at":"2019-04-24T14:12:46Z","service_id":"4NUbnLziXAWDZNurzy9tGA","staging":false,"comment":"","acls":[],"backends":[],"cache_settings":[],"conditions":[],"dictionaries":[],"directors":[],"domains":[],"gzips":[],"headers":[],"healthchecks":[],"request_settings":[],"response_objects":[],"snippets":[],"vcls":[],"wordpress":[],"settings":{"general.stale_if_error_ttl":43200,"general.stale_if_error":false,"general.default_ttl":3600,"general.default_pci":0,"general.default_host":""}},"active_version":null}'
    headers:
      accept-ranges:
      - bytes
      - bytes
      - bytes
      age:
      - '0'
      - '0'
      cache-control:
      - no-cache
      connection:
      - keep-alive
      content-length:
      - '1113'
      content-type:
      - application/json
      date:
      - Wed, 24 Apr 2019 14:12:47 GMT
      status:
      - 200 OK
      strict-transport-security:
      - max-age=31536000
      vary:
      - Accept-Encoding
      via:
      - 1.1 varnish
      - 1.1 varnish
      x-cache:
      - MISS, MISS
      x-cache-hits:
      - 0, 0
      x-served-by:
      - cache-control-slwdc9036-CONTROL-SLWDC, cache-hhn1522-HHN
      x-timer:
      - S1556115167.543633,VS0,VE542
    status:
      code: 200
      message: OK
- request:
    body: null
    headers:
      Content-Type:
      - application/json
    method: PUT
    uri: https://api.fastly.com/service/4NUbnLziXAWDZNurzy9tGA/version/1/clone
  response:
    body:
      string: !!python/unicode '{"testing":false,"locked":false,"number":2,"active":false,"service_id":"4NUbnLziXAWDZNurzy9tGA","staging":false,"created_at":"2019-04-24T14:12:46Z","deleted_at":null,"comment":"","updated_at":"2019-04-24T14:12:46Z","deployed":false}'
    headers:
      accept-ranges:
      - bytes
      - bytes
      cache-control:
      - no-cache
      connection:
      - keep-alive
      content-length:
      - '232'
      content-type:
      - application/json
      date:
      - Wed, 24 Apr 2019 14:12:47 GMT
      fastly-ratelimit-remaining:
      - '887'
      fastly-ratelimit-reset:
      - '1556118000'
      status:
      - 200 OK
      strict-transport-security:
      - max-age=31536000
      vary:
      - Accept-Encoding
      via:
      - 1.1 varnish
      - 1.1 varnish
      x-cache:
      - MISS, MISS
      x-cache-hits:
      - 0, 0
      x-served-by:
      - cache-control-slwdc9035-CONTROL-SLWDC, cache-hhn1543-HHN
      x-timer:
      - S1556115167.241564,VS0,VE590
    status:
      code: 200
      message: OK
- request:
    body: null
    headers:
      Content-Type:
      - application/json
    method: GET
    uri: https://api.fastly.com/service/4NUbnLziXAWDZNurzy9tGA/version/2/domain
  response:
    body:
      string: !!python/unicode '[]'
    headers:
      accept-ranges:
      - bytes
      - bytes
      - bytes
      age:
      - '0'
      - '0'
      cache-control:
      - no-cache
      connection:
      - keep-alive
      content-length:
      - '2'
      content-type:
      - application/json
      date:
      - Wed, 24 Apr 2019 14:12:48 GMT
      status:
      - 200 OK
      strict-transport-security:
      - max-age=31536000
      vary:
      - Accept-Encoding
      via:
      - 1.1 varnish
      - 1.1 varnish
      x-cache:
      - MISS, MISS
      x-cache-hits:
      - 0, 0
      x-served-by:
      - cache-control-slwdc9037-CONTROL-SLWDC, cache-hhn1546-HHN
      x-timer:
      - S1556115168.954254,VS0,VE479
    status:
      code: 200
      message: OK
- request:
    body: null
    headers:
      Content-Type:
      - application/json
    method: GET
    uri: https://api.fastly.com/service/4NUbnLziXAWDZNurzy9tGA/version/2/healthcheck
  response:
    body:
      string: !!python/unicode '[]'
    headers:
      accept-ranges:
      - bytes
      - bytes
      - bytes
      age:
      - '0'
      - '0'
      cache-control:
      - no-cache
      connection:
      - keep-alive
      content-length:
      - '2'
      content-type:
      - application/json
      date:
      - Wed, 24 Apr 2019 14:12:49 GMT
      status:
      - 200 OK
      strict-transport-security:
      - max-age=31536000
      vary:
      - Accept-Encoding
      via:
      - 1.1 varnish
      - 1.1 varnish
      x-cache:
      - MISS, MISS
      x-cache-hits:
      - 0, 0
      x-served-by:
      - cache-control-slwdc9036-CONTROL-SLWDC, cache-hhn1550-HHN
      x-timer:
      - S1556115169.564823,VS0,VE507
    status:
      code: 200
      message: OK
- request:
    body: null
    headers:
      Content-Type:
      - application/json
    method: GET
    uri: https://api.fastly.com/service/4NUbnLziXAWDZNurzy9tGA/version/2/condition
  response:
    body:
      string: !!python/unicode '[]'
    headers:
      accept-ranges:
      - bytes
      - bytes
      - bytes
      age:
      - '0'
      - '0'
      cache-control:
      - no-cache
      connection:
      - keep-alive
      content-length:
      - '2'
      content-type:
      - application/json
      date:
      - Wed, 24 Apr 2019 14:12:49 GMT
      status:
      - 200 OK
      strict-transport-security:
      - max-age=31536000
      vary:
      - Accept-Encoding
      via:
      - 1.1 varnish
      - 1.1 varnish
      x-cache:
      - MISS, MISS
      x-cache-hits:
      - 0, 0
      x-served-by:
      - cache-control-slwdc9035-CONTROL-SLWDC, cache-hhn1524-HHN
      x-timer:
      - S1556115169.187144,VS0,VE473
    status:
      code: 200
      message: OK
- request:
    body: null
    headers:
      Content-Type:
      - application/json
    method: GET
    uri: https://api.fastly.com/service/4NUbnLziXAWDZNurzy9tGA/version/2/backend
  response:
    body:
      string: !!python/unicode '[]'
    headers:
      accept-ranges:
      - bytes
      - bytes
      - bytes
      age:
      - '0'
      - '0'
      cache-control:
      - no-cache
      connection:
      - keep-alive
      content-length:
      - '2'
      content-type:
      - application/json
      date:
      - Wed, 24 Apr 2019 14:12:50 GMT
      status:
      - 200 OK
      strict-transport-security:
      - max-age=31536000
      vary:
      - Accept-Encoding
      via:
      - 1.1 varnish
      - 1.1 varnish
      x-cache:
      - MISS, MISS
      x-cache-hits:
      - 0, 0
      x-served-by:
      - cache-control-slwdc9037-CONTROL-SLWDC, cache-hhn1521-HHN
      x-timer:
      - S1556115170.795422,VS0,VE488
    status:
      code: 200
      message: OK
- request:
    body: null
    headers:
      Content-Type:
      - application/json
    method: GET
    uri: https://api.fastly.com/service/4NUbnLziXAWDZNurzy9tGA/version/2/director
  response:
    body:
      string: !!python/unicode '[]'
    headers:
      accept-ranges:
      - bytes
      - bytes
      - bytes
      age:
      - '0'
      - '0'
      cache-control:
      - no-cache
      connection:
      - keep-alive
      content-length:
      - '2'
      content-type:
      - application/json
      date:
      - Wed, 24 Apr 2019 14:12:50 GMT
      status:
      - 200 OK
      strict-transport-security:
      - max-age=31536000
      vary:
      - Accept-Encoding
      via:
      - 1.1 varnish
      - 1.1 varnish
      x-cache:
      - MISS, MISS
      x-cache-hits:
      - 0, 0
      x-served-by:
      - cache-control-slwdc9037-CONTROL-SLWDC, cache-hhn1528-HHN
      x-timer:
      - S1556115170.413121,VS0,VE476
    status:
      code: 200
      message: OK
- request:
    body: null
    headers:
      Content-Type:
      - application/json
    method: GET
    uri: https://api.fastly.com/service/4NUbnLziXAWDZNurzy9tGA/version/2/cache_settings
  response:
    body:
      string: !!python/unicode '[]'
    headers:
      accept-ranges:
      - bytes
      - bytes
      - bytes
      age:
      - '0'
      - '0'
      cache-control:
      - no-cache
      connection:
      - keep-alive
      content-length:
      - '2'
      content-type:
      - application/json
      date:
      - Wed, 24 Apr 2019 14:12:51 GMT
      status:
      - 200 OK
      strict-transport-security:
      - max-age=31536000
      vary:
      - Accept-Encoding
      via:
      - 1.1 varnish
      - 1.1 varnish
      x-cache:
      - MISS, MISS
      x-cache-hits:
      - 0, 0
      x-served-by:
      - cache-control-slwdc9037-CONTROL-SLWDC, cache-hhn1548-HHN
      x-timer:
      - S1556115171.039782,VS0,VE470
    status:
      code: 200
      message: OK
- request:
    body: null
    headers:
      Content-Type:
      - application/json
    method: GET
    uri: https://api.fastly.com/service/4NUbnLziXAWDZNurzy9tGA/version/2/gzip
  response:
    body:
      string: !!python/unicode '[]'
    headers:
      accept-ranges:
      - bytes
      - bytes
      - bytes
      age:
      - '0'
      - '0'
      cache-control:
      - no-cache
      connection:
      - keep-alive
      content-length:
      - '2'
      content-type:
      - application/json
      date:
      - Wed, 24 Apr 2019 14:12:52 GMT
      status:
      - 200 OK
      strict-transport-security:
      - max-age=31536000
      vary:
      - Accept-Encoding
      via:
      - 1.1 varnish
      - 1.1 varnish
      x-cache:
      - MISS, MISS
      x-cache-hits:
      - 0, 0
      x-served-by:
      - cache-control-slwdc9035-CONTROL-SLWDC, cache-hhn1528-HHN
      x-timer:
      - S1556115172.638505,VS0,VE525
    status:
      code: 200
      message: OK
- request:
    body: null
    headers:
      Content-Type:
      - application/json
    method: GET
    uri: https://api.fastly.com/service/4NUbnLziXAWDZNurzy9tGA/version/2/header
  response:
    body:
      string: !!python/unicode '[]'
    headers:
      accept-ranges:
      - bytes
      - bytes
      - bytes
      age:
      - '0'
      - '0'
      cache-control:
      - no-cache
      connection:
      - keep-alive
      content-length:
      - '2'
      content-type:
      - application/json
      date:
      - Wed, 24 Apr 2019 14:12:52 GMT
      status:
      - 200 OK
      strict-transport-security:
      - max-age=31536000
      vary:
      - Accept-Encoding
      via:
      - 1.1 varnish
      - 1.1 varnish
      x-cache:
      - MISS, MISS
      x-cache-hits:
      - 0, 0
      x-served-by:
      - cache-control-slwdc9036-CONTROL-SLWDC, cache-hhn1538-HHN
      x-timer:
      - S1556115172.285379,VS0,VE475
    status:
      code: 200
      message: OK
- request:
    body: null
    headers:
      Content-Type:
      - application/json
    method: GET
    uri: https://api.fastly.com/service/4NUbnLziXAWDZNurzy9tGA/version/2/request_settings
  response:
    body:
      string: !!python/unicode '[]'
    headers:
      accept-ranges:
      - bytes
      - bytes
      - bytes
      age:
      - '0'
      - '0'
      cache-control:
      - no-cache
      connection:
      - keep-alive
      content-length:
      - '2'
      content-type:
      - application/json
      date:
      - Wed, 24 Apr 2019 14:12:53 GMT
      status:
      - 200 OK
      strict-transport-security:
      - max-age=31536000
      vary:
      - Accept-Encoding
      via:
      - 1.1 varnish
      - 1.1 varnish
      x-cache:
      - MISS, MISS
      x-cache-hits:
      - 0, 0
      x-served-by:
      - cache-control-slwdc9037-CONTROL-SLWDC, cache-hhn1539-HHN
      x-timer:
      - S1556115173.857763,VS0,VE485
    status:
      code: 200
      message: OK
- request:
    body: null
    headers:
      Content-Type:
      - application/json
    method: GET
    uri: https://api.fastly.com/service/4NUbnLziXAWDZNurzy9tGA/version/2/response_object
  response:
    body:
      string: !!python/unicode '[]'
    headers:
      accept-ranges:
      - bytes
      - bytes
      - bytes
      age:
      - '0'
      - '0'
      cache-control:
      - no-cache
      connection:
      - keep-alive
      content-length:
      - '2'
      content-type:
      - application/json
      date:
      - Wed, 24 Apr 2019 14:12:53 GMT
      status:
      - 200 OK
      strict-transport-security:
      - max-age=31536000
      vary:
      - Accept-Encoding
      via:
      - 1.1 varnish
      - 1.1 varnish
      x-cache:
      - MISS, MISS
      x-cache-hits:
      - 0, 0
      x-served-by:
      - cache-control-slwdc9035-CONTROL-SLWDC, cache-hhn1529-HHN
      x-timer:
      - S1556115173.491083,VS0,VE483
    status:
      code: 200
      message: OK
- request:
    body: null
    headers:
      Content-Type:
      - application/json
    method: GET
    uri: https://api.fastly.com/service/4NUbnLziXAWDZNurzy9tGA/version/2/snippet
  response:
    body:
      string: !!python/unicode '[]'
    headers:
      accept-ranges:
      - bytes
      - bytes
      - bytes
      age:
      - '0'
      - '0'
      cache-control:
      - no-cache
      connection:
      - keep-alive
      content-length:
      - '2'
      content-type:
      - application/json
      date:
      - Wed, 24 Apr 2019 14:12:54 GMT
      status:
      - 200 OK
      strict-transport-security:
      - max-age=31536000
      vary:
      - Accept-Encoding
      via:
      - 1.1 varnish
      - 1.1 varnish
      x-cache:
      - MISS, MISS
      x-cache-hits:
      - 0, 0
      x-served-by:
      - cache-control-slwdc9036-CONTROL-SLWDC, cache-hhn1546-HHN
      x-timer:
      - S1556115174.093708,VS0,VE485
    status:
      code: 200
      message: OK
- request:
    body: null
    headers:
      Content-Type:
      - application/json
    method: GET
    uri: https://api.fastly.com/service/4NUbnLziXAWDZNurzy9tGA/version/2/logging/s3
  response:
    body:
      string: !!python/unicode '[]'
    headers:
      accept-ranges:
      - bytes
      - bytes
      - bytes
      age:
      - '0'
      - '0'
      cache-control:
      - no-cache
      connection:
      - keep-alive
      content-length:
      - '2'
      content-type:
      - application/json
      date:
      - Wed, 24 Apr 2019 14:12:55 GMT
      status:
      - 200 OK
      strict-transport-security:
      - max-age=31536000
      vary:
      - Accept-Encoding
      via:
      - 1.1 varnish
      - 1.1 varnish
      x-cache:
      - MISS, MISS
      x-cache-hits:
      - 0, 0
      x-served-by:
      - cache-control-slwdc9037-CONTROL-SLWDC, cache-hhn1527-HHN
      x-timer:
      - S1556115175.716063,VS0,VE479
    status:
      code: 200
      message: OK
- request:
    body: null
    headers:
      Content-Type:
      - application/json
    method: GET
    uri: https://api.fastly.com/service/4NUbnLziXAWDZNurzy9tGA/version/2/logging/syslog
  response:
    body:
      string: !!python/unicode '[]'
    headers:
      accept-ranges:
      - bytes
      - bytes
      - bytes
      age:
      - '0'
      - '0'
      cache-control:
      - no-cache
      connection:
      - keep-alive
      content-length:
      - '2'
      content-type:
      - application/json
      date:
      - Wed, 24 Apr 2019 14:12:55 GMT
      status:
      - 200 OK
      strict-transport-security:
      - max-age=31536000
      vary:
      - Accept-Encoding
      via:
      - 1.1 varnish
      - 1.1 varnish
      x-cache:
      - MISS, MISS
      x-cache-hits:
      - 0, 0
      x-served-by:
      - cache-control-slwdc9036-CONTROL-SLWDC, cache-hhn1535-HHN
      x-timer:
      - S1556115175.327487,VS0,VE178
    status:
      code: 200
      message: OK
- request:
    body: null
    headers:
      Content-Type:
      - application/json
    method: GET
    uri: https://api.fastly.com/service/4NUbnLziXAWDZNurzy9tGA/version/2/logging/cloudfiles
  response:
    body:
      string: !!python/unicode '[]'
    headers:
      accept-ranges:
      - bytes
      - bytes
      - bytes
      age:
      - '0'
      - '0'
      cache-control:
      - no-cache
      connection:
      - keep-alive
      content-length:
      - '2'
      content-type:
      - application/json
      date:
      - Wed, 24 Apr 2019 14:12:56 GMT
      status:
      - 200 OK
      strict-transport-security:
      - max-age=31536000
      vary:
      - Accept-Encoding
      via:
      - 1.1 varnish
      - 1.1 varnish
      x-cache:
      - MISS, MISS
      x-cache-hits:
      - 0, 0
      x-served-by:
      - cache-control-slwdc9036-CONTROL-SLWDC, cache-hhn1538-HHN
      x-timer:
      - S1556115176.635067,VS0,VE487
    status:
      code: 200
      message: OK
- request:
    body: !!python/unicode '{"comment": "test1", "name": "cdn.example8000.com"}'
    headers:
      Content-Type:
      - application/json
    method: POST
    uri: https://api.fastly.com/service/4NUbnLziXAWDZNurzy9tGA/version/2/domain
  response:
    body:
      string: !!python/unicode '{"comment":"test1","name":"cdn.example8000.com","service_id":"4NUbnLziXAWDZNurzy9tGA","version":2,"updated_at":"2019-04-24T14:12:56Z","created_at":"2019-04-24T14:12:56Z","deleted_at":null}'
    headers:
      accept-ranges:
      - bytes
      - bytes
      cache-control:
      - no-cache
      connection:
      - keep-alive
      content-length:
      - '178'
      content-type:
      - application/json
      date:
      - Wed, 24 Apr 2019 14:12:56 GMT
      fastly-ratelimit-remaining:
      - '886'
      fastly-ratelimit-reset:
      - '1556118000'
      status:
      - 200 OK
      strict-transport-security:
      - max-age=31536000
      vary:
      - Accept-Encoding
      via:
      - 1.1 varnish
      - 1.1 varnish
      x-cache:
      - MISS, MISS
      x-cache-hits:
      - 0, 0
      x-served-by:
      - cache-control-slwdc9037-CONTROL-SLWDC, cache-hhn1537-HHN
      x-timer:
      - S1556115176.261280,VS0,VE564
    status:
      code: 200
      message: OK
- request:
    body: !!python/unicode '{"ssl_ca_cert": null, "request_condition": "", "name":
      "localhost", "weight": 100, "healthcheck": null, "first_byte_timeout": 15000,
      "error_threshold": 0, "port": 80, "ssl_cert_hostname": null, "address": "127.0.0.1",
      "between_bytes_timeout": 10000, "max_conn": 200, "connect_timeout": 1000, "ssl_hostname":
      null, "shield": null}'
    headers:
      Content-Type:
      - application/json
    method: POST
    uri: https://api.fastly.com/service/4NUbnLziXAWDZNurzy9tGA/version/2/backend
  response:
    body:
      string: !!python/unicode '{"ssl_ca_cert":null,"request_condition":"","name":"localhost","weight":100,"healthcheck":null,"first_byte_timeout":15000,"error_threshold":0,"port":80,"ssl_cert_hostname":null,"address":"127.0.0.1","between_bytes_timeout":10000,"max_conn":200,"connect_timeout":1000,"ssl_hostname":null,"shield":null,"service_id":"4NUbnLziXAWDZNurzy9tGA","version":2,"max_tls_version":null,"ssl_client_cert":null,"hostname":null,"client_cert":null,"updated_at":"2019-04-24T14:12:57Z","ipv4":"127.0.0.1","ssl_ciphers":null,"ssl_client_key":null,"auto_loadbalance":false,"ssl_check_cert":true,"override_host":null,"ssl_sni_hostname":null,"min_tls_version":null,"ipv6":null,"deleted_at":null,"use_ssl":false,"created_at":"2019-04-24T14:12:57Z","comment":""}'
    headers:
      accept-ranges:
      - bytes
      - bytes
      cache-control:
      - no-cache
      connection:
      - keep-alive
      content-length:
      - '737'
      content-type:
      - application/json
      date:
      - Wed, 24 Apr 2019 14:12:57 GMT
      fastly-ratelimit-remaining:
      - '885'
      fastly-ratelimit-reset:
      - '1556118000'
      status:
      - 200 OK
      strict-transport-security:
      - max-age=31536000
      vary:
      - Accept-Encoding
      via:
      - 1.1 varnish
      - 1.1 varnish
      x-cache:
      - MISS, MISS
      x-cache-hits:
      - 0, 0
      x-served-by:
      - cache-control-slwdc9036-CONTROL-SLWDC, cache-hhn1533-HHN
      x-timer:
      - S1556115177.980221,VS0,VE273
    status:
      code: 200
      message: OK
- request:
    body: !!python/unicode '{"ignore_if_set": "0", "regex": "", "request_condition":
      null, "name": "Set Location header", "src": "\"https://u.jimcdn.com\" req.url.path",
      "dst": "http.Location", "cache_condition": null, "priority": "10", "substitution":
      "", "action": "set", "type": "response", "response_condition": null}'
    headers:
      Content-Type:
      - application/json
    method: POST
    uri: https://api.fastly.com/service/4NUbnLziXAWDZNurzy9tGA/version/2/header
  response:
    body:
      string: !!python/unicode '{"ignore_if_set":"0","regex":"","request_condition":null,"name":"Set
        Location header","src":"\"https://u.jimcdn.com\" req.url.path","dst":"http.Location","cache_condition":null,"priority":"10","substitution":"","action":"set","type":"response","response_condition":null,"service_id":"4NUbnLziXAWDZNurzy9tGA","version":"2","updated_at":"2019-04-24T14:12:58Z","created_at":"2019-04-24T14:12:58Z","deleted_at":null}'
    headers:
      accept-ranges:
      - bytes
      - bytes
      cache-control:
      - no-cache
      connection:
      - keep-alive
      content-length:
      - '412'
      content-type:
      - application/json
      date:
      - Wed, 24 Apr 2019 14:12:58 GMT
      fastly-ratelimit-remaining:
      - '884'
      fastly-ratelimit-reset:
      - '1556118000'
      status:
      - 200 OK
      strict-transport-security:
      - max-age=31536000
      vary:
      - Accept-Encoding
      via:
      - 1.1 varnish
      - 1.1 varnish
      x-cache:
      - MISS, MISS
      x-cache-hits:
      - 0, 0
      x-served-by:
      - cache-control-slwdc9036-CONTROL-SLWDC, cache-hhn1545-HHN
      x-timer:
      - S1556115177.365088,VS0,VE1603
    status:
      code: 200
      message: OK
- request:
    body: !!python/unicode '{"status": "302", "request_condition": "", "name": "Set
      302 status code", "content": "", "content_type": "", "response": "Ok"}'
    headers:
      Content-Type:
      - application/json
    method: POST
    uri: https://api.fastly.com/service/4NUbnLziXAWDZNurzy9tGA/version/2/response_object
  response:
    body:
      string: !!python/unicode '{"status":"302","request_condition":"","name":"Set
        302 status code","content":"","content_type":"","response":"Ok","service_id":"4NUbnLziXAWDZNurzy9tGA","version":"2","deleted_at":null,"cache_condition":"","created_at":"2019-04-24T14:12:59Z","updated_at":"2019-04-24T14:12:59Z"}'
    headers:
      accept-ranges:
      - bytes
      - bytes
      cache-control:
      - no-cache
      connection:
      - keep-alive
      content-length:
      - '278'
      content-type:
      - application/json
      date:
      - Wed, 24 Apr 2019 14:12:59 GMT
      fastly-ratelimit-remaining:
      - '883'
      fastly-ratelimit-reset:
      - '1556118000'
      status:
      - 200 OK
      strict-transport-security:
      - max-age=31536000
      vary:
      - Accept-Encoding
      via:
      - 1.1 varnish
      - 1.1 varnish
      x-cache:
      - MISS, MISS
      x-cache-hits:
      - 0, 0
      x-served-by:
      - cache-control-slwdc9037-CONTROL-SLWDC, cache-hhn1524-HHN
      x-timer:
      - S1556115179.117885,VS0,VE567
    status:
      code: 200
      message: OK
- request:
    body: !!python/unicode '{"general.default_ttl": 3600}'
    headers:
      Content-Type:
      - application/json
    method: PUT
    uri: https://api.fastly.com/service/4NUbnLziXAWDZNurzy9tGA/version/2/settings
  response:
    body:
      string: !!python/unicode '{"general.stale_if_error_ttl":43200,"general.stale_if_error":false,"general.default_ttl":3600,"version":2,"general.default_host":"","general.default_pci":0,"service_id":"4NUbnLziXAWDZNurzy9tGA"}'
    headers:
      accept-ranges:
      - bytes
      - bytes
      cache-control:
      - no-cache
      connection:
      - keep-alive
      content-length:
      - '194'
      content-type:
      - application/json
      date:
      - Wed, 24 Apr 2019 14:13:00 GMT
      fastly-ratelimit-remaining:
      - '882'
      fastly-ratelimit-reset:
      - '1556118000'
      status:
      - 200 OK
      strict-transport-security:
      - max-age=31536000
      vary:
      - Accept-Encoding
      via:
      - 1.1 varnish
      - 1.1 varnish
      x-cache:
      - MISS, MISS
      x-cache-hits:
      - 0, 0
      x-served-by:
      - cache-control-slwdc9037-CONTROL-SLWDC, cache-hhn1542-HHN
      x-timer:
      - S1556115180.827578,VS0,VE529
    status:
      code: 200
      message: OK
- request:
    body: null
    headers:
      Content-Type:
      - application/json
    method: GET
    uri: https://api.fastly.com/service/4NUbnLziXAWDZNurzy9tGA/details
  response:
    body:
      string: !!python/unicode '{"versions":[{"testing":false,"locked":false,"number":1,"active":false,"service_id":"4NUbnLziXAWDZNurzy9tGA","staging":false,"created_at":"2019-04-24T14:12:46Z","deleted_at":null,"comment":"","updated_at":"2019-04-24T14:12:46Z","deployed":false},{"testing":false,"locked":false,"number":2,"active":false,"service_id":"4NUbnLziXAWDZNurzy9tGA","staging":false,"created_at":"2019-04-24T14:12:47Z","deleted_at":null,"comment":"","updated_at":"2019-04-24T14:12:59Z","deployed":false}],"customer_id":"4NTmXUwFuuC5U0iJUrdEHr","comment":"","deleted_at":null,"created_at":"2019-04-24T14:12:46Z","id":"4NUbnLziXAWDZNurzy9tGA","name":"Jimdo
        Fastly Ansible Module Test","updated_at":"2019-04-24T14:12:46Z","version":{"testing":false,"updated_at":"2019-04-24T14:12:59Z","number":2,"deployed":false,"locked":false,"active":false,"comment":"","staging":false,"service_id":"4NUbnLziXAWDZNurzy9tGA","created_at":"2019-04-24T14:12:47Z","deleted_at":null,"acls":[],"backends":[{"min_tls_version":null,"weight":100,"max_tls_version":null,"connect_timeout":1000,"ssl_client_cert":null,"client_cert":null,"between_bytes_timeout":10000,"ssl_hostname":null,"use_ssl":false,"name":"localhost","ipv6":null,"ssl_ciphers":null,"ssl_sni_hostname":null,"healthcheck":null,"hostname":null,"max_conn":200,"ssl_client_key":null,"error_threshold":0,"ipv4":"127.0.0.1","comment":"","first_byte_timeout":15000,"auto_loadbalance":false,"shield":null,"request_condition":"","port":80,"override_host":null,"ssl_check_cert":true,"address":"127.0.0.1","ssl_ca_cert":null,"ssl_cert_hostname":null}],"cache_settings":[],"conditions":[],"dictionaries":[],"directors":[],"domains":[{"name":"cdn.example8000.com","comment":"test1"}],"gzips":[],"headers":[{"src":"\"https://u.jimcdn.com\"
        req.url.path","priority":"10","cache_condition":null,"action":"set","regex":"","ignore_if_set":"0","response_condition":null,"name":"Set
        Location header","dst":"http.Location","substitution":"","request_condition":null,"type":"response"}],"healthchecks":[],"request_settings":[],"response_objects":[{"request_condition":"","content":"","content_type":"","cache_condition":"","response":"Ok","name":"Set
        302 status code","status":"302"}],"snippets":[],"vcls":[],"wordpress":[],"settings":{"general.stale_if_error":false,"general.stale_if_error_ttl":43200,"general.default_pci":0,"general.default_ttl":3600,"general.default_host":""}},"active_version":null}'
    headers:
      accept-ranges:
      - bytes
      - bytes
      - bytes
      age:
      - '0'
      cache-control:
      - no-cache
      connection:
      - keep-alive
      content-length:
      - '2387'
      content-type:
      - application/json
      date:
      - Wed, 24 Apr 2019 14:13:01 GMT
      status:
      - 200 OK
      strict-transport-security:
      - max-age=31536000
      vary:
      - Accept-Encoding
      via:
      - 1.1 varnish
      - 1.1 varnish
      x-cache:
      - MISS, MISS
      x-cache-hits:
      - 0, 0
      x-served-by:
      - cache-control-slwdc9037-CONTROL-SLWDC, cache-hhn1530-HHN
      x-timer:
      - S1556115181.543593,VS0,VE534
    status:
      code: 200
      message: OK
version: 1
