interactions:
- request:
    body: null
    headers:
      Content-Type: [application/json]
    method: GET
    uri: https://api.fastly.com/service/search?name=Fastly%20Ansible%20Module%20Test
  response:
    body: {string: !!python/unicode '{"name":"Fastly Ansible Module Test","deleted_at":null,"versions":[{"testing":false,"locked":false,"number":1,"active":false,"service_id":"7XjFT2gY9AAn4wBcr5FxYM","staging":false,"created_at":"2018-05-29T21:48:05Z","deleted_at":null,"comment":"","updated_at":"2018-05-29T21:48:05Z","deployed":false},{"testing":false,"staging":false,"updated_at":"2018-05-29T21:48:13Z","active":true,"number":2,"service_id":"7XjFT2gY9AAn4wBcr5FxYM","deployed":false,"locked":true,"deleted_at":null,"created_at":"2018-05-29T21:48:06Z","comment":""}],"created_at":"2018-05-29T21:48:05Z","customer_id":"31RPDMBpiruA1yfGA2djLm","comment":"","updated_at":"2018-05-29T21:48:05Z","id":"7XjFT2gY9AAn4wBcr5FxYM"}'}
    headers:
      accept-ranges: [bytes]
      age: ['0']
      cache-control: [no-cache]
      connection: [keep-alive]
      content-length: ['686']
      content-type: [application/json]
      date: ['Tue, 29 May 2018 21:48:13 GMT']
      status: [200 OK]
      vary: [Accept-Encoding]
      via: [1.1 varnish, 1.1 varnish]
      x-cache: ['MISS, MISS']
      x-cache-hits: ['0, 0']
      x-served-by: ['app-slwdc9051-SL, cache-ams4438-AMS']
      x-timer: ['S1527630494.827579,VS0,VE150']
    status: {code: 200, message: OK}
- request:
    body: null
    headers:
      Content-Type: [application/json]
    method: GET
    uri: https://api.fastly.com/service/7XjFT2gY9AAn4wBcr5FxYM/details
  response:
    body: {string: !!python/unicode '{"name":"Fastly Ansible Module Test","deleted_at":null,"versions":[{"testing":false,"locked":false,"number":1,"active":false,"service_id":"7XjFT2gY9AAn4wBcr5FxYM","staging":false,"created_at":"2018-05-29T21:48:05Z","deleted_at":null,"comment":"","updated_at":"2018-05-29T21:48:05Z","deployed":false},{"testing":false,"locked":true,"number":2,"active":true,"service_id":"7XjFT2gY9AAn4wBcr5FxYM","staging":false,"created_at":"2018-05-29T21:48:06Z","deleted_at":null,"comment":"","updated_at":"2018-05-29T21:48:13Z","deployed":false}],"created_at":"2018-05-29T21:48:05Z","customer_id":"31RPDMBpiruA1yfGA2djLm","comment":"","updated_at":"2018-05-29T21:48:05Z","id":"7XjFT2gY9AAn4wBcr5FxYM","version":{"testing":false,"staging":false,"updated_at":"2018-05-29T21:48:13Z","active":true,"number":2,"service_id":"7XjFT2gY9AAn4wBcr5FxYM","deployed":false,"locked":true,"deleted_at":null,"created_at":"2018-05-29T21:48:06Z","comment":"","acls":[],"backends":[{"max_tls_version":null,"ssl_ca_cert":null,"auto_loadbalance":false,"ssl_check_cert":true,"shield":null,"hostname":null,"ssl_client_cert":null,"error_threshold":0,"request_condition":"","first_byte_timeout":15000,"ssl_cert_hostname":null,"weight":100,"client_cert":null,"address":"127.0.0.1","ssl_hostname":null,"ssl_sni_hostname":null,"min_tls_version":null,"ipv6":null,"ipv4":"127.0.0.1","connect_timeout":1000,"ssl_ciphers":null,"name":"localhost","healthcheck":null,"port":80,"max_conn":200,"use_ssl":false,"comment":"","between_bytes_timeout":10000,"ssl_client_key":null}],"cache_settings":[],"conditions":[],"dictionaries":[],"directors":[],"domains":[{"comment":"","name":"example8000.com"}],"gzips":[{"created_at":"2018-05-29T21:48:11Z","extensions":"html
        css js","name":"gzip-config-name","deleted_at":null,"updated_at":"2018-05-29T21:48:11Z","content_types":"text/html
        text/css application/javascript","cache_condition":""}],"headers":[{"priority":"100","src":"\"https://u.jimcdn.com\"
        req.url.path","name":"Set Location header","substitution":"","ignore_if_set":"0","cache_condition":null,"request_condition":null,"regex":"","response_condition":null,"action":"set","type":"response","dst":"http.Location"}],"healthchecks":[],"request_settings":[],"response_objects":[{"request_condition":"","content_type":"","status":"200","response":"Ok","name":"Set
        200 status code","content":"","cache_condition":""}],"snippets":[],"vcls":[],"wordpress":[],"settings":{"general.stale_if_error_ttl":43200,"general.stale_if_error":false,"general.default_ttl":3600,"general.default_host":"","general.default_pci":0}},"active_version":{"testing":false,"staging":false,"updated_at":"2018-05-29T21:48:13Z","active":true,"number":2,"service_id":"7XjFT2gY9AAn4wBcr5FxYM","deployed":false,"locked":true,"deleted_at":null,"created_at":"2018-05-29T21:48:06Z","comment":"","acls":[],"backends":[{"max_tls_version":null,"ssl_ca_cert":null,"auto_loadbalance":false,"ssl_check_cert":true,"shield":null,"hostname":null,"ssl_client_cert":null,"error_threshold":0,"request_condition":"","first_byte_timeout":15000,"ssl_cert_hostname":null,"weight":100,"client_cert":null,"address":"127.0.0.1","ssl_hostname":null,"ssl_sni_hostname":null,"min_tls_version":null,"ipv6":null,"ipv4":"127.0.0.1","connect_timeout":1000,"ssl_ciphers":null,"name":"localhost","healthcheck":null,"port":80,"max_conn":200,"use_ssl":false,"comment":"","between_bytes_timeout":10000,"ssl_client_key":null}],"cache_settings":[],"conditions":[],"dictionaries":[],"directors":[],"domains":[{"comment":"","name":"example8000.com"}],"gzips":[{"created_at":"2018-05-29T21:48:11Z","extensions":"html
        css js","name":"gzip-config-name","deleted_at":null,"updated_at":"2018-05-29T21:48:11Z","content_types":"text/html
        text/css application/javascript","cache_condition":""}],"headers":[{"priority":"100","src":"\"https://u.jimcdn.com\"
        req.url.path","name":"Set Location header","substitution":"","ignore_if_set":"0","cache_condition":null,"request_condition":null,"regex":"","response_condition":null,"action":"set","type":"response","dst":"http.Location"}],"healthchecks":[],"request_settings":[],"response_objects":[{"request_condition":"","content_type":"","status":"200","response":"Ok","name":"Set
        200 status code","content":"","cache_condition":""}],"snippets":[],"vcls":[],"wordpress":[],"settings":{"general.stale_if_error_ttl":43200,"general.stale_if_error":false,"general.default_ttl":3600,"general.default_host":"","general.default_pci":0}}}'}
    headers:
      accept-ranges: [bytes]
      age: ['0']
      cache-control: [no-cache]
      connection: [keep-alive]
      content-length: ['4443']
      content-type: [application/json]
      date: ['Tue, 29 May 2018 21:48:14 GMT']
      status: [200 OK]
      vary: [Accept-Encoding]
      via: [1.1 varnish, 1.1 varnish]
      x-cache: ['MISS, MISS']
      x-cache-hits: ['0, 0']
      x-served-by: ['app-slwdc9051-SL, cache-ams4450-AMS']
      x-timer: ['S1527630494.049221,VS0,VE109']
    status: {code: 200, message: OK}
- request:
    body: null
    headers:
      Content-Type: [application/json]
    method: PUT
    uri: https://api.fastly.com/service/7XjFT2gY9AAn4wBcr5FxYM/version/2/deactivate
  response:
    body: {string: !!python/unicode '{"testing":false,"locked":true,"number":2,"active":false,"service_id":"7XjFT2gY9AAn4wBcr5FxYM","staging":false,"created_at":"2018-05-29T21:48:06Z","deleted_at":null,"comment":"","updated_at":"2018-05-29T21:48:13Z","deployed":false}'}
    headers:
      accept-ranges: [bytes]
      cache-control: [no-cache]
      connection: [keep-alive]
      content-length: ['231']
      content-type: [application/json]
      date: ['Tue, 29 May 2018 21:48:14 GMT']
      fastly-ratelimit-remaining: ['674']
      fastly-ratelimit-reset: ['1527631200']
      status: [200 OK]
      vary: [Accept-Encoding]
      via: [1.1 varnish, 1.1 varnish]
      x-cache: ['MISS, MISS']
      x-cache-hits: ['0, 0']
      x-served-by: ['app-slwdc9051-SL, cache-ams4129-AMS']
      x-timer: ['S1527630494.233974,VS0,VE484']
    status: {code: 200, message: OK}
- request:
    body: null
    headers:
      Content-Type: [application/json]
    method: DELETE
    uri: https://api.fastly.com/service/7XjFT2gY9AAn4wBcr5FxYM
  response:
    body: {string: !!python/unicode '{"status":"ok"}'}
    headers:
      accept-ranges: [bytes]
      cache-control: [no-cache]
      connection: [keep-alive]
      content-length: ['15']
      content-type: [application/json]
      date: ['Tue, 29 May 2018 21:48:15 GMT']
      fastly-ratelimit-remaining: ['673']
      fastly-ratelimit-reset: ['1527631200']
      status: [200 OK]
      vary: [Accept-Encoding]
      via: [1.1 varnish, 1.1 varnish]
      x-cache: ['MISS, MISS']
      x-cache-hits: ['0, 0']
      x-served-by: ['app-slwdc9051-SL, cache-ams4424-AMS']
      x-timer: ['S1527630495.789702,VS0,VE390']
    status: {code: 200, message: OK}
version: 1
