interactions:
- request:
    body: null
    headers:
      Content-Type: [application/json]
    method: GET
    uri: https://api.fastly.com/service/search?name=Fastly%20Ansible%20Module%20Test
  response:
    body: {string: !!python/unicode '{"name":"Fastly Ansible Module Test","deleted_at":null,"versions":[{"testing":false,"locked":false,"number":1,"active":false,"service_id":"5D74H4aSinmF1t4HlwmHuI","staging":false,"created_at":"2017-07-19T11:30:29+00:00","deleted_at":null,"comment":"","updated_at":"2017-07-19T11:30:29+00:00","deployed":false},{"testing":false,"number":2,"service_id":"5D74H4aSinmF1t4HlwmHuI","staging":false,"deployed":false,"locked":true,"active":true,"comment":""}],"created_at":"2017-07-19T11:30:29+00:00","customer_id":"31RPDMBpiruA1yfGA2djLm","comment":"","updated_at":"2017-07-19T11:30:29+00:00","id":"5D74H4aSinmF1t4HlwmHuI"}'}
    headers:
      accept-ranges: [bytes]
      age: ['0']
      cache-control: [no-cache]
      connection: [keep-alive]
      content-length: ['616']
      content-type: [application/json]
      date: ['Wed, 19 Jul 2017 11:30:36 GMT']
      status: [200 OK]
      vary: [Accept-Encoding]
      via: [1.1 varnish, 1.1 varnish]
      x-cache: ['MISS, MISS']
      x-cache-hits: ['0, 0']
      x-served-by: ['app-slwdc9050-SL, cache-fra1223-FRA']
      x-timer: ['S1500463836.436454,VS0,VE147']
    status: {code: 200, message: OK}
- request:
    body: null
    headers:
      Content-Type: [application/json]
    method: GET
    uri: https://api.fastly.com/service/5D74H4aSinmF1t4HlwmHuI/details
  response:
    body: {string: !!python/unicode '{"name":"Fastly Ansible Module Test","deleted_at":null,"versions":[{"testing":false,"locked":false,"number":1,"active":false,"service_id":"5D74H4aSinmF1t4HlwmHuI","staging":false,"created_at":"2017-07-19T11:30:29+00:00","deleted_at":null,"comment":"","updated_at":"2017-07-19T11:30:29+00:00","deployed":false},{"testing":false,"locked":true,"number":2,"active":true,"service_id":"5D74H4aSinmF1t4HlwmHuI","staging":false,"created_at":"2017-07-19T11:30:31+00:00","deleted_at":null,"comment":"","updated_at":"2017-07-19T11:30:35+00:00","deployed":false}],"created_at":"2017-07-19T11:30:29+00:00","customer_id":"31RPDMBpiruA1yfGA2djLm","comment":"","updated_at":"2017-07-19T11:30:29+00:00","id":"5D74H4aSinmF1t4HlwmHuI","version":{"testing":false,"number":2,"service_id":"5D74H4aSinmF1t4HlwmHuI","staging":false,"updated_at":"2017-07-19T11:30:35+00:00","deployed":false,"locked":true,"active":true,"deleted_at":null,"created_at":"2017-07-19T11:30:31+00:00","comment":"","acls":[],"backends":[{"max_tls_version":null,"ssl_ca_cert":null,"auto_loadbalance":false,"ssl_check_cert":true,"shield":null,"hostname":null,"ssl_client_cert":null,"error_threshold":0,"request_condition":"","first_byte_timeout":15000,"ssl_cert_hostname":null,"weight":100,"client_cert":null,"address":"127.0.0.1","ssl_hostname":null,"ssl_sni_hostname":null,"min_tls_version":null,"ipv6":null,"ipv4":"127.0.0.1","connect_timeout":1000,"ssl_ciphers":null,"name":"localhost","healthcheck":null,"port":80,"max_conn":200,"use_ssl":false,"comment":"","between_bytes_timeout":10000,"ssl_client_key":null}],"cache_settings":[],"conditions":[{"priority":"0","statement":"req.url
        ~ \"^/robots.txt\"","comment":"","name":"condition-name","type":"REQUEST"}],"dictionaries":[],"directors":[],"domains":[{"comment":"","name":"example7000.com"}],"gzips":[],"headers":[{"priority":"100","src":"\"https://u.jimcdn.com\"
        req.url.path","name":"Set Location header","substitution":"","ignore_if_set":"0","cache_condition":null,"request_condition":null,"regex":"","response_condition":null,"action":"set","type":"response","dst":"http.Location"}],"healthchecks":[],"request_settings":[],"response_objects":[{"request_condition":"","content_type":null,"status":"200","response":"Ok","name":"Set
        200 status code","content":null,"cache_condition":""}],"snippets":[],"vcls":[],"wordpress":[],"settings":{"general.default_ttl":3600,"general.default_host":"","general.default_pci":0}},"active_version":{"testing":false,"number":2,"service_id":"5D74H4aSinmF1t4HlwmHuI","staging":false,"updated_at":"2017-07-19T11:30:35+00:00","deployed":false,"locked":true,"active":true,"deleted_at":null,"created_at":"2017-07-19T11:30:31+00:00","comment":"","acls":[],"backends":[{"max_tls_version":null,"ssl_ca_cert":null,"auto_loadbalance":false,"ssl_check_cert":true,"shield":null,"hostname":null,"ssl_client_cert":null,"error_threshold":0,"request_condition":"","first_byte_timeout":15000,"ssl_cert_hostname":null,"weight":100,"client_cert":null,"address":"127.0.0.1","ssl_hostname":null,"ssl_sni_hostname":null,"min_tls_version":null,"ipv6":null,"ipv4":"127.0.0.1","connect_timeout":1000,"ssl_ciphers":null,"name":"localhost","healthcheck":null,"port":80,"max_conn":200,"use_ssl":false,"comment":"","between_bytes_timeout":10000,"ssl_client_key":null}],"cache_settings":[],"conditions":[{"priority":"0","statement":"req.url
        ~ \"^/robots.txt\"","comment":"","name":"condition-name","type":"REQUEST"}],"dictionaries":[],"directors":[],"domains":[{"comment":"","name":"example7000.com"}],"gzips":[],"headers":[{"priority":"100","src":"\"https://u.jimcdn.com\"
        req.url.path","name":"Set Location header","substitution":"","ignore_if_set":"0","cache_condition":null,"request_condition":null,"regex":"","response_condition":null,"action":"set","type":"response","dst":"http.Location"}],"healthchecks":[],"request_settings":[],"response_objects":[{"request_condition":"","content_type":null,"status":"200","response":"Ok","name":"Set
        200 status code","content":null,"cache_condition":""}],"snippets":[],"vcls":[],"wordpress":[],"settings":{"general.default_ttl":3600,"general.default_host":"","general.default_pci":0}}}'}
    headers:
      accept-ranges: [bytes]
      age: ['0']
      cache-control: [no-cache]
      connection: [keep-alive]
      content-length: ['4141']
      content-type: [application/json]
      date: ['Wed, 19 Jul 2017 11:30:36 GMT']
      status: [200 OK]
      vary: [Accept-Encoding]
      via: [1.1 varnish, 1.1 varnish]
      x-cache: ['MISS, MISS']
      x-cache-hits: ['0, 0']
      x-served-by: ['app-slwdc9050-SL, cache-fra1251-FRA']
      x-timer: ['S1500463837.639834,VS0,VE169']
    status: {code: 200, message: OK}
- request:
    body: null
    headers:
      Content-Type: [application/json]
    method: POST
    uri: https://api.fastly.com/service/5D74H4aSinmF1t4HlwmHuI/version
  response:
    body: {string: !!python/unicode '{"service_id":"5D74H4aSinmF1t4HlwmHuI","number":3}'}
    headers:
      accept-ranges: [bytes]
      cache-control: [no-cache]
      connection: [keep-alive]
      content-length: ['50']
      content-type: [application/json]
      date: ['Wed, 19 Jul 2017 11:30:37 GMT']
      fastly-ratelimit-remaining: ['656']
      fastly-ratelimit-reset: ['1500465600']
      status: [200 OK]
      vary: [Accept-Encoding]
      via: [1.1 varnish, 1.1 varnish]
      x-cache: ['MISS, MISS']
      x-cache-hits: ['0, 0']
      x-served-by: ['app-slwdc9051-SL, cache-fra1242-FRA']
      x-timer: ['S1500463837.873127,VS0,VE511']
    status: {code: 200, message: OK}
- request:
    body: !!python/unicode '{"comment": "", "name": "example7000.com"}'
    headers:
      Content-Type: [application/json]
    method: POST
    uri: https://api.fastly.com/service/5D74H4aSinmF1t4HlwmHuI/version/3/domain
  response:
    body: {string: !!python/unicode '{"comment":"","name":"example7000.com","service_id":"5D74H4aSinmF1t4HlwmHuI","version":3,"deleted_at":null,"created_at":"2017-07-19T11:30:37+00:00","updated_at":"2017-07-19T11:30:37+00:00"}'}
    headers:
      accept-ranges: [bytes]
      cache-control: [no-cache]
      connection: [keep-alive]
      content-length: ['189']
      content-type: [application/json]
      date: ['Wed, 19 Jul 2017 11:30:37 GMT']
      fastly-ratelimit-remaining: ['655']
      fastly-ratelimit-reset: ['1500465600']
      status: [200 OK]
      vary: [Accept-Encoding]
      via: [1.1 varnish, 1.1 varnish]
      x-cache: ['MISS, MISS']
      x-cache-hits: ['0, 0']
      x-served-by: ['app-slwdc9050-SL, cache-fra1225-FRA']
      x-timer: ['S1500463837.484857,VS0,VE231']
    status: {code: 200, message: OK}
- request:
    body: !!python/unicode '{"ssl_ca_cert": null, "request_condition": "", "name":
      "localhost", "ssl_cert_hostname": null, "address": "127.0.0.1", "port": 80,
      "ssl_hostname": null, "shield": null}'
    headers:
      Content-Type: [application/json]
    method: POST
    uri: https://api.fastly.com/service/5D74H4aSinmF1t4HlwmHuI/version/3/backend
  response:
    body: {string: !!python/unicode '{"ssl_ca_cert":null,"request_condition":"","name":"localhost","ssl_cert_hostname":null,"address":"127.0.0.1","port":80,"ssl_hostname":null,"shield":null,"service_id":"5D74H4aSinmF1t4HlwmHuI","version":3,"max_tls_version":null,"ssl_client_cert":null,"hostname":null,"error_threshold":0,"first_byte_timeout":15000,"client_cert":null,"weight":100,"updated_at":"2017-07-19T11:30:38+00:00","connect_timeout":1000,"ipv4":"127.0.0.1","ssl_ciphers":null,"between_bytes_timeout":10000,"ssl_client_key":null,"auto_loadbalance":false,"ssl_check_cert":true,"ssl_sni_hostname":null,"min_tls_version":null,"ipv6":null,"deleted_at":null,"healthcheck":null,"max_conn":200,"use_ssl":false,"created_at":"2017-07-19T11:30:38+00:00","comment":""}'}
    headers:
      accept-ranges: [bytes]
      cache-control: [no-cache]
      connection: [keep-alive]
      content-length: ['726']
      content-type: [application/json]
      date: ['Wed, 19 Jul 2017 11:30:38 GMT']
      fastly-ratelimit-remaining: ['654']
      fastly-ratelimit-reset: ['1500465600']
      status: [200 OK]
      vary: [Accept-Encoding]
      via: [1.1 varnish, 1.1 varnish]
      x-cache: ['MISS, MISS']
      x-cache-hits: ['0, 0']
      x-served-by: ['app-slwdc9050-SL, cache-fra1228-FRA']
      x-timer: ['S1500463838.773855,VS0,VE511']
    status: {code: 200, message: OK}
- request:
    body: !!python/unicode '{"content_types": "text/html text/css application/javascript",
      "extensions": "html css js", "name": "gzip-config-name", "cache_condition":
      ""}'
    headers:
      Content-Type: [application/json]
    method: POST
    uri: https://api.fastly.com/service/5D74H4aSinmF1t4HlwmHuI/version/3/gzip
  response:
    body: {string: !!python/unicode '{"content_types":"text/html text/css application/javascript","extensions":"html
        css js","name":"gzip-config-name","cache_condition":"","service_id":"5D74H4aSinmF1t4HlwmHuI","version":"3","deleted_at":null,"created_at":"2017-07-19T11:30:38+00:00","updated_at":"2017-07-19T11:30:38+00:00"}'}
    headers:
      accept-ranges: [bytes]
      cache-control: [no-cache]
      connection: [keep-alive]
      content-length: ['287']
      content-type: [application/json]
      date: ['Wed, 19 Jul 2017 11:30:39 GMT']
      fastly-ratelimit-remaining: ['653']
      fastly-ratelimit-reset: ['1500465600']
      status: [200 OK]
      vary: [Accept-Encoding]
      via: [1.1 varnish, 1.1 varnish]
      x-cache: ['MISS, MISS']
      x-cache-hits: ['0, 0']
      x-served-by: ['app-slwdc9050-SL, cache-fra1238-FRA']
      x-timer: ['S1500463839.527612,VS0,VE506']
    status: {code: 200, message: OK}
- request:
    body: !!python/unicode '{"ignore_if_set": "0", "regex": "", "request_condition":
      null, "name": "Set Location header", "src": "\"https://u.jimcdn.com\" req.url.path",
      "dst": "http.Location", "substitution": "", "priority": "100", "cache_condition":
      null, "action": "set", "type": "response", "response_condition": null}'
    headers:
      Content-Type: [application/json]
    method: POST
    uri: https://api.fastly.com/service/5D74H4aSinmF1t4HlwmHuI/version/3/header
  response:
    body: {string: !!python/unicode '{"ignore_if_set":"0","regex":"","request_condition":null,"name":"Set
        Location header","src":"\"https://u.jimcdn.com\" req.url.path","dst":"http.Location","substitution":"","priority":"100","cache_condition":null,"action":"set","type":"response","response_condition":null,"service_id":"5D74H4aSinmF1t4HlwmHuI","version":"3","updated_at":"2017-07-19T11:30:39+00:00","deleted_at":null,"created_at":"2017-07-19T11:30:39+00:00"}'}
    headers:
      accept-ranges: [bytes]
      cache-control: [no-cache]
      connection: [keep-alive]
      content-length: ['423']
      content-type: [application/json]
      date: ['Wed, 19 Jul 2017 11:30:39 GMT']
      fastly-ratelimit-remaining: ['652']
      fastly-ratelimit-reset: ['1500465600']
      status: [200 OK]
      vary: [Accept-Encoding]
      via: [1.1 varnish, 1.1 varnish]
      x-cache: ['MISS, MISS']
      x-cache-hits: ['0, 0']
      x-served-by: ['app-slwdc9051-SL, cache-fra1239-FRA']
      x-timer: ['S1500463839.089006,VS0,VE492']
    status: {code: 200, message: OK}
- request:
    body: !!python/unicode '{"status": "200", "request_condition": "", "name": "Set
      200 status code", "response": "Ok"}'
    headers:
      Content-Type: [application/json]
    method: POST
    uri: https://api.fastly.com/service/5D74H4aSinmF1t4HlwmHuI/version/3/response_object
  response:
    body: {string: !!python/unicode '{"status":"200","request_condition":"","name":"Set
        200 status code","response":"Ok","service_id":"5D74H4aSinmF1t4HlwmHuI","version":"3","content":null,"deleted_at":null,"cache_condition":"","created_at":"2017-07-19T11:30:40+00:00","content_type":null,"updated_at":"2017-07-19T11:30:40+00:00"}'}
    headers:
      accept-ranges: [bytes]
      cache-control: [no-cache]
      connection: [keep-alive]
      content-length: ['292']
      content-type: [application/json]
      date: ['Wed, 19 Jul 2017 11:30:40 GMT']
      fastly-ratelimit-remaining: ['651']
      fastly-ratelimit-reset: ['1500465600']
      status: [200 OK]
      vary: [Accept-Encoding]
      via: [1.1 varnish, 1.1 varnish]
      x-cache: ['MISS, MISS']
      x-cache-hits: ['0, 0']
      x-served-by: ['app-slwdc9050-SL, cache-fra1231-FRA']
      x-timer: ['S1500463840.777444,VS0,VE479']
    status: {code: 200, message: OK}
- request:
    body: !!python/unicode '{"general.default_ttl": 3600}'
    headers:
      Content-Type: [application/json]
    method: PUT
    uri: https://api.fastly.com/service/5D74H4aSinmF1t4HlwmHuI/version/3/settings
  response:
    body: {string: !!python/unicode '{"general.default_ttl":3600,"version":3,"general.default_host":"","general.default_pci":0,"service_id":"5D74H4aSinmF1t4HlwmHuI"}'}
    headers:
      accept-ranges: [bytes]
      cache-control: [no-cache]
      connection: [keep-alive]
      content-length: ['128']
      content-type: [application/json]
      date: ['Wed, 19 Jul 2017 11:30:40 GMT']
      fastly-ratelimit-remaining: ['650']
      fastly-ratelimit-reset: ['1500465600']
      status: [200 OK]
      vary: [Accept-Encoding]
      via: [1.1 varnish, 1.1 varnish]
      x-cache: ['MISS, MISS']
      x-cache-hits: ['0, 0']
      x-served-by: ['app-slwdc9051-SL, cache-fra1242-FRA']
      x-timer: ['S1500463840.398534,VS0,VE190']
    status: {code: 200, message: OK}
- request:
    body: null
    headers:
      Content-Type: [application/json]
    method: PUT
    uri: https://api.fastly.com/service/5D74H4aSinmF1t4HlwmHuI/version/3/activate
  response:
    body: {string: !!python/unicode '{"testing":false,"locked":true,"number":3,"active":true,"service_id":"5D74H4aSinmF1t4HlwmHuI","staging":false,"created_at":"2017-07-19T11:30:37+00:00","deleted_at":null,"comment":"","updated_at":"2017-07-19T11:30:40+00:00","deployed":false,"msg":null}'}
    headers:
      accept-ranges: [bytes]
      cache-control: [no-cache]
      connection: [keep-alive]
      content-length: ['251']
      content-type: [application/json]
      date: ['Wed, 19 Jul 2017 11:30:41 GMT']
      fastly-ratelimit-remaining: ['649']
      fastly-ratelimit-reset: ['1500465600']
      status: [200 OK]
      vary: [Accept-Encoding]
      via: [1.1 varnish, 1.1 varnish]
      x-cache: ['MISS, MISS']
      x-cache-hits: ['0, 0']
      x-served-by: ['app-slwdc9051-SL, cache-fra1224-FRA']
      x-timer: ['S1500463841.662525,VS0,VE848']
    status: {code: 200, message: OK}
- request:
    body: null
    headers:
      Content-Type: [application/json]
    method: GET
    uri: https://api.fastly.com/service/5D74H4aSinmF1t4HlwmHuI/details
  response:
    body: {string: !!python/unicode '{"name":"Fastly Ansible Module Test","deleted_at":null,"versions":[{"testing":false,"locked":false,"number":1,"active":false,"service_id":"5D74H4aSinmF1t4HlwmHuI","staging":false,"created_at":"2017-07-19T11:30:29+00:00","deleted_at":null,"comment":"","updated_at":"2017-07-19T11:30:29+00:00","deployed":false},{"testing":false,"locked":true,"number":2,"active":false,"service_id":"5D74H4aSinmF1t4HlwmHuI","staging":false,"created_at":"2017-07-19T11:30:31+00:00","deleted_at":null,"comment":"","updated_at":"2017-07-19T11:30:41+00:00","deployed":false},{"testing":false,"locked":true,"number":3,"active":true,"service_id":"5D74H4aSinmF1t4HlwmHuI","staging":false,"created_at":"2017-07-19T11:30:37+00:00","deleted_at":null,"comment":"","updated_at":"2017-07-19T11:30:41+00:00","deployed":false}],"created_at":"2017-07-19T11:30:29+00:00","customer_id":"31RPDMBpiruA1yfGA2djLm","comment":"","updated_at":"2017-07-19T11:30:29+00:00","id":"5D74H4aSinmF1t4HlwmHuI","version":{"testing":false,"number":3,"service_id":"5D74H4aSinmF1t4HlwmHuI","staging":false,"updated_at":"2017-07-19T11:30:41+00:00","deployed":false,"locked":true,"active":true,"deleted_at":null,"created_at":"2017-07-19T11:30:37+00:00","comment":"","acls":[],"backends":[{"max_tls_version":null,"ssl_ca_cert":null,"auto_loadbalance":false,"ssl_check_cert":true,"shield":null,"hostname":null,"ssl_client_cert":null,"error_threshold":0,"request_condition":"","first_byte_timeout":15000,"ssl_cert_hostname":null,"weight":100,"client_cert":null,"address":"127.0.0.1","ssl_hostname":null,"ssl_sni_hostname":null,"min_tls_version":null,"ipv6":null,"ipv4":"127.0.0.1","connect_timeout":1000,"ssl_ciphers":null,"name":"localhost","healthcheck":null,"port":80,"max_conn":200,"use_ssl":false,"comment":"","between_bytes_timeout":10000,"ssl_client_key":null}],"cache_settings":[],"conditions":[],"dictionaries":[],"directors":[],"domains":[{"comment":"","name":"example7000.com"}],"gzips":[{"created_at":"2017-07-19T11:30:38+00:00","extensions":"html
        css js","name":"gzip-config-name","deleted_at":null,"updated_at":"2017-07-19T11:30:38+00:00","content_types":"text/html
        text/css application/javascript","cache_condition":""}],"headers":[{"priority":"100","src":"\"https://u.jimcdn.com\"
        req.url.path","name":"Set Location header","substitution":"","ignore_if_set":"0","cache_condition":null,"request_condition":null,"regex":"","response_condition":null,"action":"set","type":"response","dst":"http.Location"}],"healthchecks":[],"request_settings":[],"response_objects":[{"request_condition":"","content_type":null,"status":"200","response":"Ok","name":"Set
        200 status code","content":null,"cache_condition":""}],"snippets":[],"vcls":[],"wordpress":[],"settings":{"general.default_ttl":3600,"general.default_host":"","general.default_pci":0}},"active_version":{"testing":false,"number":3,"service_id":"5D74H4aSinmF1t4HlwmHuI","staging":false,"updated_at":"2017-07-19T11:30:41+00:00","deployed":false,"locked":true,"active":true,"deleted_at":null,"created_at":"2017-07-19T11:30:37+00:00","comment":"","acls":[],"backends":[{"max_tls_version":null,"ssl_ca_cert":null,"auto_loadbalance":false,"ssl_check_cert":true,"shield":null,"hostname":null,"ssl_client_cert":null,"error_threshold":0,"request_condition":"","first_byte_timeout":15000,"ssl_cert_hostname":null,"weight":100,"client_cert":null,"address":"127.0.0.1","ssl_hostname":null,"ssl_sni_hostname":null,"min_tls_version":null,"ipv6":null,"ipv4":"127.0.0.1","connect_timeout":1000,"ssl_ciphers":null,"name":"localhost","healthcheck":null,"port":80,"max_conn":200,"use_ssl":false,"comment":"","between_bytes_timeout":10000,"ssl_client_key":null}],"cache_settings":[],"conditions":[],"dictionaries":[],"directors":[],"domains":[{"comment":"","name":"example7000.com"}],"gzips":[{"created_at":"2017-07-19T11:30:38+00:00","extensions":"html
        css js","name":"gzip-config-name","deleted_at":null,"updated_at":"2017-07-19T11:30:38+00:00","content_types":"text/html
        text/css application/javascript","cache_condition":""}],"headers":[{"priority":"100","src":"\"https://u.jimcdn.com\"
        req.url.path","name":"Set Location header","substitution":"","ignore_if_set":"0","cache_condition":null,"request_condition":null,"regex":"","response_condition":null,"action":"set","type":"response","dst":"http.Location"}],"healthchecks":[],"request_settings":[],"response_objects":[{"request_condition":"","content_type":null,"status":"200","response":"Ok","name":"Set
        200 status code","content":null,"cache_condition":""}],"snippets":[],"vcls":[],"wordpress":[],"settings":{"general.default_ttl":3600,"general.default_host":"","general.default_pci":0}}}'}
    headers:
      accept-ranges: [bytes]
      age: ['0']
      cache-control: [no-cache]
      connection: [keep-alive]
      content-length: ['4631']
      content-type: [application/json]
      date: ['Wed, 19 Jul 2017 11:30:41 GMT']
      status: [200 OK]
      vary: [Accept-Encoding]
      via: [1.1 varnish, 1.1 varnish]
      x-cache: ['MISS, MISS']
      x-cache-hits: ['0, 0']
      x-served-by: ['app-slwdc9050-SL, cache-fra1236-FRA']
      x-timer: ['S1500463842.567979,VS0,VE200']
    status: {code: 200, message: OK}
version: 1
