interactions:
- request:
    body: null
    headers:
      Content-Type: [application/json]
    method: GET
    uri: https://api.fastly.com/service/search?name=Fastly%20Ansible%20Module%20Test
  response:
    body: {string: !!python/unicode '{"msg":"Record not found","detail":"Cannot load
        service ''1z3ENiEMpKOrsGqTBLhkF2''-''Fastly Ansible Module Test''"}'}
    headers:
      accept-ranges: [bytes]
      age: ['0']
      cache-control: [no-cache]
      connection: [keep-alive]
      content-length: ['111']
      content-type: [application/json]
      date: ['Tue, 10 Oct 2017 10:34:25 GMT']
      status: [404 Not Found]
      vary: [Accept-Encoding]
      via: [1.1 varnish, 1.1 varnish]
      x-cache: ['MISS, MISS']
      x-cache-hits: ['0, 0']
      x-served-by: ['app-slwdc9051-SL, cache-ams4443-AMS']
      x-timer: ['S1507631666.597328,VS0,VE115']
    status: {code: 404, message: Not Found}
- request:
    body: !!python/unicode '{"name": "Fastly Ansible Module Test"}'
    headers:
      Content-Type: [application/json]
    method: POST
    uri: https://api.fastly.com/service
  response:
    body: {string: !!python/unicode '{"customer_id":"1z3ENiEMpKOrsGqTBLhkF2","name":"Fastly
        Ansible Module Test","publish_key":"d50f347752bc265d53b3917b325774b59aa07e26","versions":[{"testing":false,"locked":false,"number":1,"active":false,"service_id":"4aIcRStjbGbmtsrU17Kcno","staging":false,"created_at":"2017-10-10T10:34:26Z","deleted_at":null,"comment":"","updated_at":"2017-10-10T10:34:26Z","deployed":false}],"deleted_at":null,"created_at":"2017-10-10T10:34:26Z","comment":"","updated_at":"2017-10-10T10:34:26Z","id":"4aIcRStjbGbmtsrU17Kcno"}'}
    headers:
      accept-ranges: [bytes]
      cache-control: [no-cache]
      connection: [keep-alive]
      content-length: ['512']
      content-type: [application/json]
      date: ['Tue, 10 Oct 2017 10:34:26 GMT']
      fastly-ratelimit-remaining: ['913']
      fastly-ratelimit-reset: ['1507633200']
      status: [200 OK]
      vary: [Accept-Encoding]
      via: [1.1 varnish, 1.1 varnish]
      x-cache: ['MISS, MISS']
      x-cache-hits: ['0, 0']
      x-served-by: ['app-slwdc9051-SL, cache-ams4439-AMS']
      x-timer: ['S1507631666.825254,VS0,VE434']
    status: {code: 200, message: OK}
- request:
    body: null
    headers:
      Content-Type: [application/json]
    method: GET
    uri: https://api.fastly.com/service/4aIcRStjbGbmtsrU17Kcno/details
  response:
    body: {string: !!python/unicode '{"name":"Fastly Ansible Module Test","deleted_at":null,"versions":[{"testing":false,"locked":false,"number":1,"active":false,"service_id":"4aIcRStjbGbmtsrU17Kcno","staging":false,"created_at":"2017-10-10T10:34:26Z","deleted_at":null,"comment":"","updated_at":"2017-10-10T10:34:26Z","deployed":false}],"created_at":"2017-10-10T10:34:26Z","customer_id":"1z3ENiEMpKOrsGqTBLhkF2","comment":"","updated_at":"2017-10-10T10:34:26Z","id":"4aIcRStjbGbmtsrU17Kcno","version":{"testing":false,"number":1,"service_id":"4aIcRStjbGbmtsrU17Kcno","staging":false,"updated_at":"2017-10-10T10:34:26Z","deployed":false,"locked":false,"active":false,"deleted_at":null,"created_at":"2017-10-10T10:34:26Z","comment":"","acls":[],"backends":[],"cache_settings":[],"conditions":[],"dictionaries":[],"directors":[],"domains":[],"gzips":[],"headers":[],"healthchecks":[],"request_settings":[],"response_objects":[],"snippets":[],"vcls":[],"wordpress":[],"settings":{"general.default_ttl":3600,"general.default_host":"","general.default_pci":0}},"active_version":null}'}
    headers:
      accept-ranges: [bytes]
      age: ['0']
      cache-control: [no-cache]
      connection: [keep-alive]
      content-length: ['1041']
      content-type: [application/json]
      date: ['Tue, 10 Oct 2017 10:34:26 GMT']
      status: [200 OK]
      vary: [Accept-Encoding]
      via: [1.1 varnish, 1.1 varnish]
      x-cache: ['MISS, MISS']
      x-cache-hits: ['0, 0']
      x-served-by: ['app-slwdc9051-SL, cache-ams4126-AMS']
      x-timer: ['S1507631666.365046,VS0,VE454']
    status: {code: 200, message: OK}
- request:
    body: null
    headers:
      Content-Type: [application/json]
    method: POST
    uri: https://api.fastly.com/service/4aIcRStjbGbmtsrU17Kcno/version
  response:
    body: {string: !!python/unicode '{"service_id":"4aIcRStjbGbmtsrU17Kcno","number":2}'}
    headers:
      accept-ranges: [bytes]
      cache-control: [no-cache]
      connection: [keep-alive]
      content-length: ['50']
      content-type: [application/json]
      date: ['Tue, 10 Oct 2017 10:34:27 GMT']
      fastly-ratelimit-remaining: ['912']
      fastly-ratelimit-reset: ['1507633200']
      status: [200 OK]
      vary: [Accept-Encoding]
      via: [1.1 varnish, 1.1 varnish]
      x-cache: ['MISS, MISS']
      x-cache-hits: ['0, 0']
      x-served-by: ['app-slwdc9051-SL, cache-ams4430-AMS']
      x-timer: ['S1507631667.924247,VS0,VE440']
    status: {code: 200, message: OK}
- request:
    body: !!python/unicode '{"comment": "", "name": "example8000.com"}'
    headers:
      Content-Type: [application/json]
    method: POST
    uri: https://api.fastly.com/service/4aIcRStjbGbmtsrU17Kcno/version/2/domain
  response:
    body: {string: !!python/unicode '{"comment":"","name":"example8000.com","service_id":"4aIcRStjbGbmtsrU17Kcno","version":2,"deleted_at":null,"created_at":"2017-10-10T10:34:27Z","updated_at":"2017-10-10T10:34:27Z"}'}
    headers:
      accept-ranges: [bytes]
      cache-control: [no-cache]
      connection: [keep-alive]
      content-length: ['179']
      content-type: [application/json]
      date: ['Tue, 10 Oct 2017 10:34:27 GMT']
      fastly-ratelimit-remaining: ['911']
      fastly-ratelimit-reset: ['1507633200']
      status: [200 OK]
      vary: [Accept-Encoding]
      via: [1.1 varnish, 1.1 varnish]
      x-cache: ['MISS, MISS']
      x-cache-hits: ['0, 0']
      x-served-by: ['app-slwdc9051-SL, cache-ams4422-AMS']
      x-timer: ['S1507631667.453834,VS0,VE453']
    status: {code: 200, message: OK}
- request:
    body: !!python/unicode '{"ssl_ca_cert": null, "request_condition": "", "name":
      "localhost", "weight": 100, "healthcheck": null, "first_byte_timeout": 15000,
      "connect_timeout": 1000, "error_threshold": 0, "ssl_cert_hostname": null, "address":
      "127.0.0.1", "between_bytes_timeout": 10000, "max_conn": 200, "port": 80, "ssl_hostname":
      null, "shield": null}'
    headers:
      Content-Type: [application/json]
    method: POST
    uri: https://api.fastly.com/service/4aIcRStjbGbmtsrU17Kcno/version/2/backend
  response:
    body: {string: !!python/unicode '{"ssl_ca_cert":null,"request_condition":"","name":"localhost","weight":100,"healthcheck":null,"first_byte_timeout":15000,"connect_timeout":1000,"error_threshold":0,"ssl_cert_hostname":null,"address":"127.0.0.1","between_bytes_timeout":10000,"max_conn":200,"port":80,"ssl_hostname":null,"shield":null,"service_id":"4aIcRStjbGbmtsrU17Kcno","version":2,"max_tls_version":null,"ssl_client_cert":null,"hostname":null,"client_cert":null,"updated_at":"2017-10-10T10:34:28Z","ipv4":"127.0.0.1","ssl_ciphers":null,"ssl_client_key":null,"auto_loadbalance":false,"ssl_check_cert":true,"ssl_sni_hostname":null,"min_tls_version":null,"ipv6":null,"deleted_at":null,"use_ssl":false,"created_at":"2017-10-10T10:34:28Z","comment":""}'}
    headers:
      accept-ranges: [bytes]
      cache-control: [no-cache]
      connection: [keep-alive]
      content-length: ['716']
      content-type: [application/json]
      date: ['Tue, 10 Oct 2017 10:34:28 GMT']
      fastly-ratelimit-remaining: ['910']
      fastly-ratelimit-reset: ['1507633200']
      status: [200 OK]
      vary: [Accept-Encoding]
      via: [1.1 varnish, 1.1 varnish]
      x-cache: ['MISS, MISS']
      x-cache-hits: ['0, 0']
      x-served-by: ['app-slwdc9051-SL, cache-ams4443-AMS']
      x-timer: ['S1507631668.994018,VS0,VE484']
    status: {code: 200, message: OK}
- request:
    body: !!python/unicode '{"ignore_if_set": "0", "regex": "", "request_condition":
      null, "name": "Set Location header", "src": "\"https://u.jimcdn.com\" req.url.path",
      "dst": "http.Location", "substitution": "", "priority": "100", "cache_condition":
      null, "action": "set", "type": "response", "response_condition": null}'
    headers:
      Content-Type: [application/json]
    method: POST
    uri: https://api.fastly.com/service/4aIcRStjbGbmtsrU17Kcno/version/2/header
  response:
    body: {string: !!python/unicode '{"ignore_if_set":"0","regex":"","request_condition":null,"name":"Set
        Location header","src":"\"https://u.jimcdn.com\" req.url.path","dst":"http.Location","substitution":"","priority":"100","cache_condition":null,"action":"set","type":"response","response_condition":null,"service_id":"4aIcRStjbGbmtsrU17Kcno","version":"2","updated_at":"2017-10-10T10:34:28Z","deleted_at":null,"created_at":"2017-10-10T10:34:28Z"}'}
    headers:
      accept-ranges: [bytes]
      cache-control: [no-cache]
      connection: [keep-alive]
      content-length: ['413']
      content-type: [application/json]
      date: ['Tue, 10 Oct 2017 10:34:29 GMT']
      fastly-ratelimit-remaining: ['909']
      fastly-ratelimit-reset: ['1507633200']
      status: [200 OK]
      vary: [Accept-Encoding]
      via: [1.1 varnish, 1.1 varnish]
      x-cache: ['MISS, MISS']
      x-cache-hits: ['0, 0']
      x-served-by: ['app-slwdc9051-SL, cache-ams4141-AMS']
      x-timer: ['S1507631669.577704,VS0,VE490']
    status: {code: 200, message: OK}
- request:
    body: !!python/unicode '{"request_condition": "", "name": "request-setting-config-name",
      "force_miss": 1, "xff": "append", "bypass_busy_wait": 1, "timer_support": 1,
      "force_ssl": 1, "action": "pass", "geo_headers": 1, "default_host": "example.net",
      "hash_keys": "req.url,req.http.host,req.http.Fastly-SSL", "max_stale_age": 30}'
    headers:
      Content-Type: [application/json]
    method: POST
    uri: https://api.fastly.com/service/4aIcRStjbGbmtsrU17Kcno/version/2/request_settings
  response:
    body: {string: !!python/unicode '{"request_condition":"","name":"request-setting-config-name","force_miss":"1","xff":"append","bypass_busy_wait":"1","timer_support":"1","force_ssl":"1","action":"pass","geo_headers":"1","default_host":"example.net","hash_keys":"req.url,req.http.host,req.http.Fastly-SSL","max_stale_age":30,"service_id":"4aIcRStjbGbmtsrU17Kcno","version":"2","updated_at":"2017-10-10T10:34:29Z","deleted_at":null,"created_at":"2017-10-10T10:34:29Z"}'}
    headers:
      accept-ranges: [bytes]
      cache-control: [no-cache]
      connection: [keep-alive]
      content-length: ['432']
      content-type: [application/json]
      date: ['Tue, 10 Oct 2017 10:34:29 GMT']
      fastly-ratelimit-remaining: ['908']
      fastly-ratelimit-reset: ['1507633200']
      status: [200 OK]
      vary: [Accept-Encoding]
      via: [1.1 varnish, 1.1 varnish]
      x-cache: ['MISS, MISS']
      x-cache-hits: ['0, 0']
      x-served-by: ['app-slwdc9051-SL, cache-ams4136-AMS']
      x-timer: ['S1507631669.156274,VS0,VE162']
    status: {code: 200, message: OK}
- request:
    body: !!python/unicode '{"status": "200", "request_condition": "", "name": "Set
      200 status code", "content": "", "content_type": "", "response": "Ok"}'
    headers:
      Content-Type: [application/json]
    method: POST
    uri: https://api.fastly.com/service/4aIcRStjbGbmtsrU17Kcno/version/2/response_object
  response:
    body: {string: !!python/unicode '{"status":"200","request_condition":"","name":"Set
        200 status code","content":"","content_type":"","response":"Ok","service_id":"4aIcRStjbGbmtsrU17Kcno","version":"2","deleted_at":null,"cache_condition":"","created_at":"2017-10-10T10:34:29Z","updated_at":"2017-10-10T10:34:29Z"}'}
    headers:
      accept-ranges: [bytes]
      cache-control: [no-cache]
      connection: [keep-alive]
      content-length: ['278']
      content-type: [application/json]
      date: ['Tue, 10 Oct 2017 10:34:29 GMT']
      fastly-ratelimit-remaining: ['907']
      fastly-ratelimit-reset: ['1507633200']
      status: [200 OK]
      vary: [Accept-Encoding]
      via: [1.1 varnish, 1.1 varnish]
      x-cache: ['MISS, MISS']
      x-cache-hits: ['0, 0']
      x-served-by: ['app-slwdc9051-SL, cache-ams4145-AMS']
      x-timer: ['S1507631669.426467,VS0,VE444']
    status: {code: 200, message: OK}
- request:
    body: !!python/unicode '{"general.default_ttl": 3600}'
    headers:
      Content-Type: [application/json]
    method: PUT
    uri: https://api.fastly.com/service/4aIcRStjbGbmtsrU17Kcno/version/2/settings
  response:
    body: {string: !!python/unicode '{"general.default_ttl":3600,"version":2,"general.default_host":"","general.default_pci":0,"service_id":"4aIcRStjbGbmtsrU17Kcno"}'}
    headers:
      accept-ranges: [bytes]
      cache-control: [no-cache]
      connection: [keep-alive]
      content-length: ['128']
      content-type: [application/json]
      date: ['Tue, 10 Oct 2017 10:34:30 GMT']
      fastly-ratelimit-remaining: ['906']
      fastly-ratelimit-reset: ['1507633200']
      status: [200 OK]
      vary: [Accept-Encoding]
      via: [1.1 varnish, 1.1 varnish]
      x-cache: ['MISS, MISS']
      x-cache-hits: ['0, 0']
      x-served-by: ['app-slwdc9051-SL, cache-ams4426-AMS']
      x-timer: ['S1507631670.015236,VS0,VE469']
    status: {code: 200, message: OK}
- request:
    body: null
    headers:
      Content-Type: [application/json]
    method: PUT
    uri: https://api.fastly.com/service/4aIcRStjbGbmtsrU17Kcno/version/2/activate
  response:
    body: {string: !!python/unicode '{"testing":false,"locked":true,"number":2,"active":true,"service_id":"4aIcRStjbGbmtsrU17Kcno","staging":false,"created_at":"2017-10-10T10:34:27Z","deleted_at":null,"comment":"","updated_at":"2017-10-10T10:34:29Z","deployed":false,"msg":null}'}
    headers:
      accept-ranges: [bytes]
      cache-control: [no-cache]
      connection: [keep-alive]
      content-length: ['241']
      content-type: [application/json]
      date: ['Tue, 10 Oct 2017 10:34:31 GMT']
      fastly-ratelimit-remaining: ['905']
      fastly-ratelimit-reset: ['1507633200']
      status: [200 OK]
      vary: [Accept-Encoding]
      via: [1.1 varnish, 1.1 varnish]
      x-cache: ['MISS, MISS']
      x-cache-hits: ['0, 0']
      x-served-by: ['app-slwdc9051-SL, cache-ams4145-AMS']
      x-timer: ['S1507631671.590717,VS0,VE773']
    status: {code: 200, message: OK}
- request:
    body: null
    headers:
      Content-Type: [application/json]
    method: GET
    uri: https://api.fastly.com/service/4aIcRStjbGbmtsrU17Kcno/details
  response:
    body: {string: !!python/unicode '{"name":"Fastly Ansible Module Test","deleted_at":null,"versions":[{"testing":false,"locked":false,"number":1,"active":false,"service_id":"4aIcRStjbGbmtsrU17Kcno","staging":false,"created_at":"2017-10-10T10:34:26Z","deleted_at":null,"comment":"","updated_at":"2017-10-10T10:34:26Z","deployed":false},{"testing":false,"locked":true,"number":2,"active":true,"service_id":"4aIcRStjbGbmtsrU17Kcno","staging":false,"created_at":"2017-10-10T10:34:27Z","deleted_at":null,"comment":"","updated_at":"2017-10-10T10:34:31Z","deployed":false}],"created_at":"2017-10-10T10:34:26Z","customer_id":"1z3ENiEMpKOrsGqTBLhkF2","comment":"","updated_at":"2017-10-10T10:34:26Z","id":"4aIcRStjbGbmtsrU17Kcno","version":{"testing":false,"number":2,"service_id":"4aIcRStjbGbmtsrU17Kcno","staging":false,"updated_at":"2017-10-10T10:34:31Z","deployed":false,"locked":true,"active":true,"deleted_at":null,"created_at":"2017-10-10T10:34:27Z","comment":"","acls":[],"backends":[{"max_tls_version":null,"ssl_ca_cert":null,"auto_loadbalance":false,"ssl_check_cert":true,"shield":null,"hostname":null,"ssl_client_cert":null,"error_threshold":0,"request_condition":"","first_byte_timeout":15000,"ssl_cert_hostname":null,"weight":100,"client_cert":null,"address":"127.0.0.1","ssl_hostname":null,"ssl_sni_hostname":null,"min_tls_version":null,"ipv6":null,"ipv4":"127.0.0.1","connect_timeout":1000,"ssl_ciphers":null,"name":"localhost","healthcheck":null,"port":80,"max_conn":200,"use_ssl":false,"comment":"","between_bytes_timeout":10000,"ssl_client_key":null}],"cache_settings":[],"conditions":[],"dictionaries":[],"directors":[],"domains":[{"comment":"","name":"example8000.com"}],"gzips":[],"headers":[{"priority":"100","src":"\"https://u.jimcdn.com\"
        req.url.path","name":"Set Location header","substitution":"","ignore_if_set":"0","cache_condition":null,"request_condition":null,"regex":"","response_condition":null,"action":"set","type":"response","dst":"http.Location"}],"healthchecks":[],"request_settings":[{"force_ssl":"1","geo_headers":"1","name":"request-setting-config-name","default_host":"example.net","xff":"append","hash_keys":"req.url,req.http.host,req.http.Fastly-SSL","max_stale_age":"30","request_condition":"","action":"pass","force_miss":"1","timer_support":"1","bypass_busy_wait":"1"}],"response_objects":[{"request_condition":"","content_type":"","status":"200","response":"Ok","name":"Set
        200 status code","content":"","cache_condition":""}],"snippets":[],"vcls":[],"wordpress":[],"settings":{"general.default_ttl":3600,"general.default_host":"","general.default_pci":0}},"active_version":{"testing":false,"number":2,"service_id":"4aIcRStjbGbmtsrU17Kcno","staging":false,"updated_at":"2017-10-10T10:34:31Z","deployed":false,"locked":true,"active":true,"deleted_at":null,"created_at":"2017-10-10T10:34:27Z","comment":"","acls":[],"backends":[{"max_tls_version":null,"ssl_ca_cert":null,"auto_loadbalance":false,"ssl_check_cert":true,"shield":null,"hostname":null,"ssl_client_cert":null,"error_threshold":0,"request_condition":"","first_byte_timeout":15000,"ssl_cert_hostname":null,"weight":100,"client_cert":null,"address":"127.0.0.1","ssl_hostname":null,"ssl_sni_hostname":null,"min_tls_version":null,"ipv6":null,"ipv4":"127.0.0.1","connect_timeout":1000,"ssl_ciphers":null,"name":"localhost","healthcheck":null,"port":80,"max_conn":200,"use_ssl":false,"comment":"","between_bytes_timeout":10000,"ssl_client_key":null}],"cache_settings":[],"conditions":[],"dictionaries":[],"directors":[],"domains":[{"comment":"","name":"example8000.com"}],"gzips":[],"headers":[{"priority":"100","src":"\"https://u.jimcdn.com\"
        req.url.path","name":"Set Location header","substitution":"","ignore_if_set":"0","cache_condition":null,"request_condition":null,"regex":"","response_condition":null,"action":"set","type":"response","dst":"http.Location"}],"healthchecks":[],"request_settings":[{"force_ssl":"1","geo_headers":"1","name":"request-setting-config-name","default_host":"example.net","xff":"append","hash_keys":"req.url,req.http.host,req.http.Fastly-SSL","max_stale_age":"30","request_condition":"","action":"pass","force_miss":"1","timer_support":"1","bypass_busy_wait":"1"}],"response_objects":[{"request_condition":"","content_type":"","status":"200","response":"Ok","name":"Set
        200 status code","content":"","cache_condition":""}],"snippets":[],"vcls":[],"wordpress":[],"settings":{"general.default_ttl":3600,"general.default_host":"","general.default_pci":0}}}'}
    headers:
      accept-ranges: [bytes]
      age: ['0']
      cache-control: [no-cache]
      connection: [keep-alive]
      content-length: ['4445']
      content-type: [application/json]
      date: ['Tue, 10 Oct 2017 10:34:31 GMT']
      status: [200 OK]
      vary: [Accept-Encoding]
      via: [1.1 varnish, 1.1 varnish]
      x-cache: ['MISS, MISS']
      x-cache-hits: ['0, 0']
      x-served-by: ['app-slwdc9051-SL, cache-ams4446-AMS']
      x-timer: ['S1507631671.445888,VS0,VE158']
    status: {code: 200, message: OK}
- request:
    body: null
    headers:
      Content-Type: [application/json]
    method: GET
    uri: https://api.fastly.com/service/search?name=Fastly%20Ansible%20Module%20Test
  response:
    body: {string: !!python/unicode '{"name":"Fastly Ansible Module Test","deleted_at":null,"versions":[{"testing":false,"locked":false,"number":1,"active":false,"service_id":"4aIcRStjbGbmtsrU17Kcno","staging":false,"created_at":"2017-10-10T10:34:26Z","deleted_at":null,"comment":"","updated_at":"2017-10-10T10:34:26Z","deployed":false},{"testing":false,"number":2,"service_id":"4aIcRStjbGbmtsrU17Kcno","staging":false,"deployed":false,"locked":true,"active":true,"comment":""}],"created_at":"2017-10-10T10:34:26Z","customer_id":"1z3ENiEMpKOrsGqTBLhkF2","comment":"","updated_at":"2017-10-10T10:34:26Z","id":"4aIcRStjbGbmtsrU17Kcno"}'}
    headers:
      accept-ranges: [bytes]
      age: ['0']
      cache-control: [no-cache]
      connection: [keep-alive]
      content-length: ['596']
      content-type: [application/json]
      date: ['Tue, 10 Oct 2017 10:34:31 GMT']
      status: [200 OK]
      vary: [Accept-Encoding]
      via: [1.1 varnish, 1.1 varnish]
      x-cache: ['MISS, MISS']
      x-cache-hits: ['0, 0']
      x-served-by: ['app-slwdc9051-SL, cache-ams4138-AMS']
      x-timer: ['S1507631672.731727,VS0,VE136']
    status: {code: 200, message: OK}
- request:
    body: null
    headers:
      Content-Type: [application/json]
    method: GET
    uri: https://api.fastly.com/service/4aIcRStjbGbmtsrU17Kcno/details
  response:
    body: {string: !!python/unicode '{"name":"Fastly Ansible Module Test","deleted_at":null,"versions":[{"testing":false,"locked":false,"number":1,"active":false,"service_id":"4aIcRStjbGbmtsrU17Kcno","staging":false,"created_at":"2017-10-10T10:34:26Z","deleted_at":null,"comment":"","updated_at":"2017-10-10T10:34:26Z","deployed":false},{"testing":false,"locked":true,"number":2,"active":true,"service_id":"4aIcRStjbGbmtsrU17Kcno","staging":false,"created_at":"2017-10-10T10:34:27Z","deleted_at":null,"comment":"","updated_at":"2017-10-10T10:34:31Z","deployed":false}],"created_at":"2017-10-10T10:34:26Z","customer_id":"1z3ENiEMpKOrsGqTBLhkF2","comment":"","updated_at":"2017-10-10T10:34:26Z","id":"4aIcRStjbGbmtsrU17Kcno","version":{"testing":false,"number":2,"service_id":"4aIcRStjbGbmtsrU17Kcno","staging":false,"updated_at":"2017-10-10T10:34:31Z","deployed":false,"locked":true,"active":true,"deleted_at":null,"created_at":"2017-10-10T10:34:27Z","comment":"","acls":[],"backends":[{"max_tls_version":null,"ssl_ca_cert":null,"auto_loadbalance":false,"ssl_check_cert":true,"shield":null,"hostname":null,"ssl_client_cert":null,"error_threshold":0,"request_condition":"","first_byte_timeout":15000,"ssl_cert_hostname":null,"weight":100,"client_cert":null,"address":"127.0.0.1","ssl_hostname":null,"ssl_sni_hostname":null,"min_tls_version":null,"ipv6":null,"ipv4":"127.0.0.1","connect_timeout":1000,"ssl_ciphers":null,"name":"localhost","healthcheck":null,"port":80,"max_conn":200,"use_ssl":false,"comment":"","between_bytes_timeout":10000,"ssl_client_key":null}],"cache_settings":[],"conditions":[],"dictionaries":[],"directors":[],"domains":[{"comment":"","name":"example8000.com"}],"gzips":[],"headers":[{"priority":"100","src":"\"https://u.jimcdn.com\"
        req.url.path","name":"Set Location header","substitution":"","ignore_if_set":"0","cache_condition":null,"request_condition":null,"regex":"","response_condition":null,"action":"set","type":"response","dst":"http.Location"}],"healthchecks":[],"request_settings":[{"force_ssl":"1","geo_headers":"1","name":"request-setting-config-name","default_host":"example.net","xff":"append","hash_keys":"req.url,req.http.host,req.http.Fastly-SSL","max_stale_age":"30","request_condition":"","action":"pass","force_miss":"1","timer_support":"1","bypass_busy_wait":"1"}],"response_objects":[{"request_condition":"","content_type":"","status":"200","response":"Ok","name":"Set
        200 status code","content":"","cache_condition":""}],"snippets":[],"vcls":[],"wordpress":[],"settings":{"general.default_ttl":3600,"general.default_host":"","general.default_pci":0}},"active_version":{"testing":false,"number":2,"service_id":"4aIcRStjbGbmtsrU17Kcno","staging":false,"updated_at":"2017-10-10T10:34:31Z","deployed":false,"locked":true,"active":true,"deleted_at":null,"created_at":"2017-10-10T10:34:27Z","comment":"","acls":[],"backends":[{"max_tls_version":null,"ssl_ca_cert":null,"auto_loadbalance":false,"ssl_check_cert":true,"shield":null,"hostname":null,"ssl_client_cert":null,"error_threshold":0,"request_condition":"","first_byte_timeout":15000,"ssl_cert_hostname":null,"weight":100,"client_cert":null,"address":"127.0.0.1","ssl_hostname":null,"ssl_sni_hostname":null,"min_tls_version":null,"ipv6":null,"ipv4":"127.0.0.1","connect_timeout":1000,"ssl_ciphers":null,"name":"localhost","healthcheck":null,"port":80,"max_conn":200,"use_ssl":false,"comment":"","between_bytes_timeout":10000,"ssl_client_key":null}],"cache_settings":[],"conditions":[],"dictionaries":[],"directors":[],"domains":[{"comment":"","name":"example8000.com"}],"gzips":[],"headers":[{"priority":"100","src":"\"https://u.jimcdn.com\"
        req.url.path","name":"Set Location header","substitution":"","ignore_if_set":"0","cache_condition":null,"request_condition":null,"regex":"","response_condition":null,"action":"set","type":"response","dst":"http.Location"}],"healthchecks":[],"request_settings":[{"force_ssl":"1","geo_headers":"1","name":"request-setting-config-name","default_host":"example.net","xff":"append","hash_keys":"req.url,req.http.host,req.http.Fastly-SSL","max_stale_age":"30","request_condition":"","action":"pass","force_miss":"1","timer_support":"1","bypass_busy_wait":"1"}],"response_objects":[{"request_condition":"","content_type":"","status":"200","response":"Ok","name":"Set
        200 status code","content":"","cache_condition":""}],"snippets":[],"vcls":[],"wordpress":[],"settings":{"general.default_ttl":3600,"general.default_host":"","general.default_pci":0}}}'}
    headers:
      accept-ranges: [bytes]
      age: ['0']
      cache-control: [no-cache]
      connection: [keep-alive]
      content-length: ['4445']
      content-type: [application/json]
      date: ['Tue, 10 Oct 2017 10:34:32 GMT']
      status: [200 OK]
      vary: [Accept-Encoding]
      via: [1.1 varnish, 1.1 varnish]
      x-cache: ['MISS, MISS']
      x-cache-hits: ['0, 0']
      x-served-by: ['app-slwdc9051-SL, cache-ams4442-AMS']
      x-timer: ['S1507631672.998526,VS0,VE111']
    status: {code: 200, message: OK}
- request:
    body: null
    headers:
      Content-Type: [application/json]
    method: GET
    uri: https://api.fastly.com/service/4aIcRStjbGbmtsrU17Kcno/details
  response:
    body: {string: !!python/unicode '{"name":"Fastly Ansible Module Test","deleted_at":null,"versions":[{"testing":false,"locked":false,"number":1,"active":false,"service_id":"4aIcRStjbGbmtsrU17Kcno","staging":false,"created_at":"2017-10-10T10:34:26Z","deleted_at":null,"comment":"","updated_at":"2017-10-10T10:34:26Z","deployed":false},{"testing":false,"locked":true,"number":2,"active":true,"service_id":"4aIcRStjbGbmtsrU17Kcno","staging":false,"created_at":"2017-10-10T10:34:27Z","deleted_at":null,"comment":"","updated_at":"2017-10-10T10:34:31Z","deployed":false}],"created_at":"2017-10-10T10:34:26Z","customer_id":"1z3ENiEMpKOrsGqTBLhkF2","comment":"","updated_at":"2017-10-10T10:34:26Z","id":"4aIcRStjbGbmtsrU17Kcno","version":{"testing":false,"number":2,"service_id":"4aIcRStjbGbmtsrU17Kcno","staging":false,"updated_at":"2017-10-10T10:34:31Z","deployed":false,"locked":true,"active":true,"deleted_at":null,"created_at":"2017-10-10T10:34:27Z","comment":"","acls":[],"backends":[{"max_tls_version":null,"ssl_ca_cert":null,"auto_loadbalance":false,"ssl_check_cert":true,"shield":null,"hostname":null,"ssl_client_cert":null,"error_threshold":0,"request_condition":"","first_byte_timeout":15000,"ssl_cert_hostname":null,"weight":100,"client_cert":null,"address":"127.0.0.1","ssl_hostname":null,"ssl_sni_hostname":null,"min_tls_version":null,"ipv6":null,"ipv4":"127.0.0.1","connect_timeout":1000,"ssl_ciphers":null,"name":"localhost","healthcheck":null,"port":80,"max_conn":200,"use_ssl":false,"comment":"","between_bytes_timeout":10000,"ssl_client_key":null}],"cache_settings":[],"conditions":[],"dictionaries":[],"directors":[],"domains":[{"comment":"","name":"example8000.com"}],"gzips":[],"headers":[{"priority":"100","src":"\"https://u.jimcdn.com\"
        req.url.path","name":"Set Location header","substitution":"","ignore_if_set":"0","cache_condition":null,"request_condition":null,"regex":"","response_condition":null,"action":"set","type":"response","dst":"http.Location"}],"healthchecks":[],"request_settings":[{"force_ssl":"1","geo_headers":"1","name":"request-setting-config-name","default_host":"example.net","xff":"append","hash_keys":"req.url,req.http.host,req.http.Fastly-SSL","max_stale_age":"30","request_condition":"","action":"pass","force_miss":"1","timer_support":"1","bypass_busy_wait":"1"}],"response_objects":[{"request_condition":"","content_type":"","status":"200","response":"Ok","name":"Set
        200 status code","content":"","cache_condition":""}],"snippets":[],"vcls":[],"wordpress":[],"settings":{"general.default_ttl":3600,"general.default_host":"","general.default_pci":0}},"active_version":{"testing":false,"number":2,"service_id":"4aIcRStjbGbmtsrU17Kcno","staging":false,"updated_at":"2017-10-10T10:34:31Z","deployed":false,"locked":true,"active":true,"deleted_at":null,"created_at":"2017-10-10T10:34:27Z","comment":"","acls":[],"backends":[{"max_tls_version":null,"ssl_ca_cert":null,"auto_loadbalance":false,"ssl_check_cert":true,"shield":null,"hostname":null,"ssl_client_cert":null,"error_threshold":0,"request_condition":"","first_byte_timeout":15000,"ssl_cert_hostname":null,"weight":100,"client_cert":null,"address":"127.0.0.1","ssl_hostname":null,"ssl_sni_hostname":null,"min_tls_version":null,"ipv6":null,"ipv4":"127.0.0.1","connect_timeout":1000,"ssl_ciphers":null,"name":"localhost","healthcheck":null,"port":80,"max_conn":200,"use_ssl":false,"comment":"","between_bytes_timeout":10000,"ssl_client_key":null}],"cache_settings":[],"conditions":[],"dictionaries":[],"directors":[],"domains":[{"comment":"","name":"example8000.com"}],"gzips":[],"headers":[{"priority":"100","src":"\"https://u.jimcdn.com\"
        req.url.path","name":"Set Location header","substitution":"","ignore_if_set":"0","cache_condition":null,"request_condition":null,"regex":"","response_condition":null,"action":"set","type":"response","dst":"http.Location"}],"healthchecks":[],"request_settings":[{"force_ssl":"1","geo_headers":"1","name":"request-setting-config-name","default_host":"example.net","xff":"append","hash_keys":"req.url,req.http.host,req.http.Fastly-SSL","max_stale_age":"30","request_condition":"","action":"pass","force_miss":"1","timer_support":"1","bypass_busy_wait":"1"}],"response_objects":[{"request_condition":"","content_type":"","status":"200","response":"Ok","name":"Set
        200 status code","content":"","cache_condition":""}],"snippets":[],"vcls":[],"wordpress":[],"settings":{"general.default_ttl":3600,"general.default_host":"","general.default_pci":0}}}'}
    headers:
      accept-ranges: [bytes]
      age: ['0']
      cache-control: [no-cache]
      connection: [keep-alive]
      content-length: ['4445']
      content-type: [application/json]
      date: ['Tue, 10 Oct 2017 10:34:32 GMT']
      status: [200 OK]
      vary: [Accept-Encoding]
      via: [1.1 varnish, 1.1 varnish]
      x-cache: ['MISS, MISS']
      x-cache-hits: ['0, 0']
      x-served-by: ['app-slwdc9051-SL, cache-ams4436-AMS']
      x-timer: ['S1507631672.280067,VS0,VE153']
    status: {code: 200, message: OK}
version: 1
