interactions:
- request:
    body: null
    headers:
      Content-Type: [application/json]
    method: GET
    uri: https://api.fastly.com/service/search?name=Jimdo%20Fastly%20Ansible%20Module%20Test
  response:
    body: {string: !!python/unicode '{"name":"Jimdo Fastly Ansible Module Test","deleted_at":null,"versions":[{"testing":false,"locked":false,"number":1,"active":false,"service_id":"30NLqd4vCJKGZGckKyhobo","staging":false,"created_at":"2017-07-03T14:39:14+00:00","deleted_at":null,"comment":"","updated_at":"2017-07-03T14:39:14+00:00","deployed":false},{"testing":false,"locked":true,"number":2,"active":false,"service_id":"30NLqd4vCJKGZGckKyhobo","staging":false,"created_at":"2017-07-03T14:39:15+00:00","deleted_at":null,"comment":"","updated_at":"2017-07-03T14:39:24+00:00","deployed":false},{"testing":false,"locked":true,"number":3,"active":false,"service_id":"30NLqd4vCJKGZGckKyhobo","staging":false,"created_at":"2017-07-03T14:39:21+00:00","deleted_at":null,"comment":"","updated_at":"2017-07-03T14:39:31+00:00","deployed":false},{"testing":false,"locked":true,"number":4,"active":false,"service_id":"30NLqd4vCJKGZGckKyhobo","staging":false,"created_at":"2017-07-03T14:39:28+00:00","deleted_at":null,"comment":"","updated_at":"2017-07-03T14:39:36+00:00","deployed":false},{"testing":false,"locked":true,"number":5,"active":false,"service_id":"30NLqd4vCJKGZGckKyhobo","staging":false,"created_at":"2017-07-03T14:39:33+00:00","deleted_at":null,"comment":"","updated_at":"2017-07-03T14:39:41+00:00","deployed":false},{"testing":false,"number":6,"service_id":"30NLqd4vCJKGZGckKyhobo","staging":false,"deployed":false,"locked":true,"active":true,"comment":""},{"testing":false,"locked":false,"number":7,"active":false,"service_id":"30NLqd4vCJKGZGckKyhobo","staging":false,"created_at":"2017-07-03T14:39:43+00:00","deleted_at":null,"comment":"","updated_at":"2017-07-03T14:39:45+00:00","deployed":false},{"testing":false,"locked":false,"number":8,"active":false,"service_id":"30NLqd4vCJKGZGckKyhobo","staging":false,"created_at":"2017-07-03T14:39:47+00:00","deleted_at":null,"comment":"","updated_at":"2017-07-03T14:39:49+00:00","deployed":false}],"created_at":"2017-07-03T14:39:14+00:00","customer_id":"15DqjG1ON0S28gluYrATvC","comment":"","updated_at":"2017-07-03T14:39:14+00:00","id":"30NLqd4vCJKGZGckKyhobo"}'}
    headers:
      accept-ranges: [bytes]
      age: ['0']
      cache-control: [no-cache]
      connection: [keep-alive]
      content-length: ['2076']
      content-type: [application/json]
      date: ['Mon, 03 Jul 2017 14:39:49 GMT']
      status: [200 OK]
      vary: [Accept-Encoding]
      via: [1.1 varnish, 1.1 varnish]
      x-cache: ['MISS, MISS']
      x-cache-hits: ['0, 0']
      x-served-by: ['app-slwdc9050-SL, cache-fra1239-FRA']
      x-timer: ['S1499092790.768423,VS0,VE145']
    status: {code: 200, message: OK}
- request:
    body: null
    headers:
      Content-Type: [application/json]
    method: GET
    uri: https://api.fastly.com/service/30NLqd4vCJKGZGckKyhobo/details
  response:
    body: {string: !!python/unicode '{"name":"Jimdo Fastly Ansible Module Test","deleted_at":null,"versions":[{"testing":false,"locked":false,"number":1,"active":false,"service_id":"30NLqd4vCJKGZGckKyhobo","staging":false,"created_at":"2017-07-03T14:39:14+00:00","deleted_at":null,"comment":"","updated_at":"2017-07-03T14:39:14+00:00","deployed":false},{"testing":false,"locked":true,"number":2,"active":false,"service_id":"30NLqd4vCJKGZGckKyhobo","staging":false,"created_at":"2017-07-03T14:39:15+00:00","deleted_at":null,"comment":"","updated_at":"2017-07-03T14:39:24+00:00","deployed":false},{"testing":false,"locked":true,"number":3,"active":false,"service_id":"30NLqd4vCJKGZGckKyhobo","staging":false,"created_at":"2017-07-03T14:39:21+00:00","deleted_at":null,"comment":"","updated_at":"2017-07-03T14:39:31+00:00","deployed":false},{"testing":false,"locked":true,"number":4,"active":false,"service_id":"30NLqd4vCJKGZGckKyhobo","staging":false,"created_at":"2017-07-03T14:39:28+00:00","deleted_at":null,"comment":"","updated_at":"2017-07-03T14:39:36+00:00","deployed":false},{"testing":false,"locked":true,"number":5,"active":false,"service_id":"30NLqd4vCJKGZGckKyhobo","staging":false,"created_at":"2017-07-03T14:39:33+00:00","deleted_at":null,"comment":"","updated_at":"2017-07-03T14:39:41+00:00","deployed":false},{"testing":false,"locked":true,"number":6,"active":true,"service_id":"30NLqd4vCJKGZGckKyhobo","staging":false,"created_at":"2017-07-03T14:39:37+00:00","deleted_at":null,"comment":"","updated_at":"2017-07-03T14:39:41+00:00","deployed":false},{"testing":false,"locked":false,"number":7,"active":false,"service_id":"30NLqd4vCJKGZGckKyhobo","staging":false,"created_at":"2017-07-03T14:39:43+00:00","deleted_at":null,"comment":"","updated_at":"2017-07-03T14:39:45+00:00","deployed":false},{"testing":false,"locked":false,"number":8,"active":false,"service_id":"30NLqd4vCJKGZGckKyhobo","staging":false,"created_at":"2017-07-03T14:39:47+00:00","deleted_at":null,"comment":"","updated_at":"2017-07-03T14:39:49+00:00","deployed":false}],"created_at":"2017-07-03T14:39:14+00:00","customer_id":"15DqjG1ON0S28gluYrATvC","comment":"","updated_at":"2017-07-03T14:39:14+00:00","id":"30NLqd4vCJKGZGckKyhobo","version":{"testing":false,"number":8,"service_id":"30NLqd4vCJKGZGckKyhobo","staging":false,"updated_at":"2017-07-03T14:39:49+00:00","deployed":false,"locked":false,"active":false,"deleted_at":null,"created_at":"2017-07-03T14:39:47+00:00","comment":"","acls":[],"backends":[{"max_tls_version":null,"ssl_ca_cert":null,"auto_loadbalance":false,"ssl_check_cert":true,"shield":null,"hostname":null,"ssl_client_cert":null,"error_threshold":0,"request_condition":"","first_byte_timeout":15000,"ssl_cert_hostname":null,"weight":100,"client_cert":null,"address":"127.0.0.1","ssl_hostname":null,"ssl_sni_hostname":null,"min_tls_version":null,"ipv6":null,"ipv4":"127.0.0.1","connect_timeout":1000,"ssl_ciphers":null,"name":"localhost","healthcheck":null,"port":80,"max_conn":200,"use_ssl":false,"comment":"","between_bytes_timeout":10000,"ssl_client_key":null}],"cache_settings":[],"conditions":[],"dictionaries":[],"directors":[],"domains":[{"comment":"test1","name":"cdn.example7000.com"}],"gzips":[],"headers":[{"priority":"10","src":"\"https://u.jimcdn.com\"
        req.url.path","name":"Set Location header","substitution":"","ignore_if_set":"0","cache_condition":null,"request_condition":null,"regex":"","response_condition":null,"action":"set","type":"response","dst":"http.Location"}],"healthchecks":[],"request_settings":[],"response_objects":[{"request_condition":"","content_type":null,"status":"301","response":"Ok","name":"Set
        301 status code","content":null,"cache_condition":""}],"snippets":[],"vcls":[],"wordpress":[],"settings":{"general.default_ttl":3600,"general.default_host":"","general.default_pci":0}},"active_version":{"testing":false,"number":6,"service_id":"30NLqd4vCJKGZGckKyhobo","staging":false,"updated_at":"2017-07-03T14:39:41+00:00","deployed":false,"locked":true,"active":true,"deleted_at":null,"created_at":"2017-07-03T14:39:37+00:00","comment":"","acls":[],"backends":[{"max_tls_version":null,"ssl_ca_cert":null,"auto_loadbalance":false,"ssl_check_cert":true,"shield":null,"hostname":null,"ssl_client_cert":null,"error_threshold":0,"request_condition":"","first_byte_timeout":15000,"ssl_cert_hostname":null,"weight":100,"client_cert":null,"address":"127.0.0.1","ssl_hostname":null,"ssl_sni_hostname":null,"min_tls_version":null,"ipv6":null,"ipv4":"127.0.0.1","connect_timeout":1000,"ssl_ciphers":null,"name":"localhost","healthcheck":null,"port":80,"max_conn":200,"use_ssl":false,"comment":"","between_bytes_timeout":10000,"ssl_client_key":null}],"cache_settings":[],"conditions":[],"dictionaries":[],"directors":[],"domains":[{"comment":"test1","name":"cdn.example7000.com"}],"gzips":[],"headers":[{"priority":"10","src":"\"https://u.jimcdn.com\"
        req.url.path","name":"Set Location header","substitution":"","ignore_if_set":"0","cache_condition":null,"request_condition":null,"regex":"","response_condition":null,"action":"set","type":"response","dst":"http.Location"}],"healthchecks":[],"request_settings":[],"response_objects":[{"request_condition":"","content_type":null,"status":"301","response":"Ok","name":"Set
        301 status code","content":null,"cache_condition":""}],"snippets":[],"vcls":[],"wordpress":[],"settings":{"general.default_ttl":3600,"general.default_host":"","general.default_pci":0}}}'}
    headers:
      accept-ranges: [bytes]
      cache-control: [no-cache]
      connection: [keep-alive]
      content-length: ['5397']
      content-type: [application/json]
      date: ['Mon, 03 Jul 2017 14:39:50 GMT']
      status: [200 OK]
      vary: [Accept-Encoding]
      via: [1.1 varnish, 1.1 varnish]
      x-cache: ['MISS, MISS']
      x-cache-hits: ['0, 0']
      x-served-by: ['app-slwdc9050-SL, cache-fra1238-FRA']
      x-timer: ['S1499092790.964253,VS0,VE491']
    status: {code: 200, message: OK}
- request:
    body: null
    headers:
      Content-Type: [application/json]
    method: POST
    uri: https://api.fastly.com/service/30NLqd4vCJKGZGckKyhobo/version
  response:
    body: {string: !!python/unicode '{"service_id":"30NLqd4vCJKGZGckKyhobo","number":9}'}
    headers:
      accept-ranges: [bytes]
      cache-control: [no-cache]
      connection: [keep-alive]
      content-length: ['50']
      content-type: [application/json]
      date: ['Mon, 03 Jul 2017 14:39:51 GMT']
      fastly-ratelimit-remaining: ['259']
      fastly-ratelimit-reset: ['1499094000']
      status: [200 OK]
      vary: [Accept-Encoding]
      via: [1.1 varnish, 1.1 varnish]
      x-cache: ['MISS, MISS']
      x-cache-hits: ['0, 0']
      x-served-by: ['app-slwdc9051-SL, cache-fra1240-FRA']
      x-timer: ['S1499092791.678526,VS0,VE468']
    status: {code: 200, message: OK}
- request:
    body: !!python/unicode '{"comment": "test1", "name": "cdn.example7000.com"}'
    headers:
      Content-Type: [application/json]
    method: POST
    uri: https://api.fastly.com/service/30NLqd4vCJKGZGckKyhobo/version/9/domain
  response:
    body: {string: !!python/unicode '{"comment":"test1","name":"cdn.example7000.com","service_id":"30NLqd4vCJKGZGckKyhobo","version":9,"deleted_at":null,"created_at":"2017-07-03T14:39:51+00:00","updated_at":"2017-07-03T14:39:51+00:00"}'}
    headers:
      accept-ranges: [bytes]
      cache-control: [no-cache]
      connection: [keep-alive]
      content-length: ['198']
      content-type: [application/json]
      date: ['Mon, 03 Jul 2017 14:39:51 GMT']
      fastly-ratelimit-remaining: ['258']
      fastly-ratelimit-reset: ['1499094000']
      status: [200 OK]
      vary: [Accept-Encoding]
      via: [1.1 varnish, 1.1 varnish]
      x-cache: ['MISS, MISS']
      x-cache-hits: ['0, 0']
      x-served-by: ['app-slwdc9051-SL, cache-fra1250-FRA']
      x-timer: ['S1499092791.292499,VS0,VE514']
    status: {code: 200, message: OK}
- request:
    body: !!python/unicode '{"ssl_ca_cert": null, "request_condition": "", "name":
      "localhost", "address": "127.0.0.1", "port": 80, "ssl_hostname": null}'
    headers:
      Content-Type: [application/json]
    method: POST
    uri: https://api.fastly.com/service/30NLqd4vCJKGZGckKyhobo/version/9/backend
  response:
    body: {string: !!python/unicode '{"ssl_ca_cert":null,"request_condition":"","name":"localhost","address":"127.0.0.1","port":80,"ssl_hostname":null,"service_id":"30NLqd4vCJKGZGckKyhobo","version":9,"max_tls_version":null,"ssl_client_cert":null,"hostname":null,"error_threshold":0,"first_byte_timeout":15000,"client_cert":null,"weight":100,"updated_at":"2017-07-03T14:39:52+00:00","connect_timeout":1000,"ipv4":"127.0.0.1","ssl_ciphers":null,"between_bytes_timeout":10000,"ssl_client_key":null,"auto_loadbalance":false,"ssl_check_cert":true,"shield":null,"ssl_cert_hostname":null,"ssl_sni_hostname":null,"min_tls_version":null,"ipv6":null,"deleted_at":null,"healthcheck":null,"max_conn":200,"use_ssl":false,"created_at":"2017-07-03T14:39:52+00:00","comment":""}'}
    headers:
      accept-ranges: [bytes]
      cache-control: [no-cache]
      connection: [keep-alive]
      content-length: ['726']
      content-type: [application/json]
      date: ['Mon, 03 Jul 2017 14:39:53 GMT']
      fastly-ratelimit-remaining: ['257']
      fastly-ratelimit-reset: ['1499094000']
      status: [200 OK]
      vary: [Accept-Encoding]
      via: [1.1 varnish, 1.1 varnish]
      x-cache: ['MISS, MISS']
      x-cache-hits: ['0, 0']
      x-served-by: ['app-slwdc9050-SL, cache-fra1238-FRA']
      x-timer: ['S1499092793.894822,VS0,VE169']
    status: {code: 200, message: OK}
- request:
    body: !!python/unicode '{"ignore_if_set": "0", "regex": "", "request_condition":
      null, "name": "Set Location header", "src": "\"https://u.jimcdn.com\" req.url.path",
      "dst": "http.Location", "substitution": "", "priority": "10", "cache_condition":
      null, "action": "set", "type": "response", "response_condition": null}'
    headers:
      Content-Type: [application/json]
    method: POST
    uri: https://api.fastly.com/service/30NLqd4vCJKGZGckKyhobo/version/9/header
  response:
    body: {string: !!python/unicode '{"ignore_if_set":"0","regex":"","request_condition":null,"name":"Set
        Location header","src":"\"https://u.jimcdn.com\" req.url.path","dst":"http.Location","substitution":"","priority":"10","cache_condition":null,"action":"set","type":"response","response_condition":null,"service_id":"30NLqd4vCJKGZGckKyhobo","version":"9","updated_at":"2017-07-03T14:39:53+00:00","deleted_at":null,"created_at":"2017-07-03T14:39:53+00:00"}'}
    headers:
      accept-ranges: [bytes]
      cache-control: [no-cache]
      connection: [keep-alive]
      content-length: ['422']
      content-type: [application/json]
      date: ['Mon, 03 Jul 2017 14:39:53 GMT']
      fastly-ratelimit-remaining: ['256']
      fastly-ratelimit-reset: ['1499094000']
      status: [200 OK]
      vary: [Accept-Encoding]
      via: [1.1 varnish, 1.1 varnish]
      x-cache: ['MISS, MISS']
      x-cache-hits: ['0, 0']
      x-served-by: ['app-slwdc9051-SL, cache-fra1226-FRA']
      x-timer: ['S1499092793.101115,VS0,VE476']
    status: {code: 200, message: OK}
- request:
    body: !!python/unicode '{"status": "302", "request_condition": "", "name": "Set
      302 status code", "response": "Ok"}'
    headers:
      Content-Type: [application/json]
    method: POST
    uri: https://api.fastly.com/service/30NLqd4vCJKGZGckKyhobo/version/9/response_object
  response:
    body: {string: !!python/unicode '{"status":"302","request_condition":"","name":"Set
        302 status code","response":"Ok","service_id":"30NLqd4vCJKGZGckKyhobo","version":"9","content":null,"deleted_at":null,"cache_condition":"","created_at":"2017-07-03T14:39:53+00:00","content_type":null,"updated_at":"2017-07-03T14:39:53+00:00"}'}
    headers:
      accept-ranges: [bytes]
      cache-control: [no-cache]
      connection: [keep-alive]
      content-length: ['292']
      content-type: [application/json]
      date: ['Mon, 03 Jul 2017 14:39:53 GMT']
      fastly-ratelimit-remaining: ['255']
      fastly-ratelimit-reset: ['1499094000']
      status: [200 OK]
      vary: [Accept-Encoding]
      via: [1.1 varnish, 1.1 varnish]
      x-cache: ['MISS, MISS']
      x-cache-hits: ['0, 0']
      x-served-by: ['app-slwdc9051-SL, cache-fra1234-FRA']
      x-timer: ['S1499092794.629239,VS0,VE151']
    status: {code: 200, message: OK}
- request:
    body: !!python/unicode '{"general.default_ttl": 3600}'
    headers:
      Content-Type: [application/json]
    method: PUT
    uri: https://api.fastly.com/service/30NLqd4vCJKGZGckKyhobo/version/9/settings
  response:
    body: {string: !!python/unicode '{"general.default_ttl":3600,"version":9,"general.default_host":"","general.default_pci":0,"service_id":"30NLqd4vCJKGZGckKyhobo"}'}
    headers:
      accept-ranges: [bytes]
      cache-control: [no-cache]
      connection: [keep-alive]
      content-length: ['128']
      content-type: [application/json]
      date: ['Mon, 03 Jul 2017 14:39:54 GMT']
      fastly-ratelimit-remaining: ['254']
      fastly-ratelimit-reset: ['1499094000']
      status: [200 OK]
      vary: [Accept-Encoding]
      via: [1.1 varnish, 1.1 varnish]
      x-cache: ['MISS, MISS']
      x-cache-hits: ['0, 0']
      x-served-by: ['app-slwdc9050-SL, cache-fra1225-FRA']
      x-timer: ['S1499092794.826668,VS0,VE448']
    status: {code: 200, message: OK}
- request:
    body: null
    headers:
      Content-Type: [application/json]
    method: PUT
    uri: https://api.fastly.com/service/30NLqd4vCJKGZGckKyhobo/version/9/activate
  response:
    body: {string: !!python/unicode '{"testing":false,"locked":true,"number":9,"active":true,"service_id":"30NLqd4vCJKGZGckKyhobo","staging":false,"created_at":"2017-07-03T14:39:51+00:00","deleted_at":null,"comment":"","updated_at":"2017-07-03T14:39:53+00:00","deployed":false,"msg":null}'}
    headers:
      accept-ranges: [bytes]
      cache-control: [no-cache]
      connection: [keep-alive]
      content-length: ['251']
      content-type: [application/json]
      date: ['Mon, 03 Jul 2017 14:39:55 GMT']
      fastly-ratelimit-remaining: ['253']
      fastly-ratelimit-reset: ['1499094000']
      status: [200 OK]
      vary: [Accept-Encoding]
      via: [1.1 varnish, 1.1 varnish]
      x-cache: ['MISS, MISS']
      x-cache-hits: ['0, 0']
      x-served-by: ['app-slwdc9051-SL, cache-fra1248-FRA']
      x-timer: ['S1499092794.310688,VS0,VE750']
    status: {code: 200, message: OK}
- request:
    body: null
    headers:
      Content-Type: [application/json]
    method: GET
    uri: https://api.fastly.com/service/30NLqd4vCJKGZGckKyhobo/details
  response:
    body: {string: !!python/unicode '{"name":"Jimdo Fastly Ansible Module Test","deleted_at":null,"versions":[{"testing":false,"locked":false,"number":1,"active":false,"service_id":"30NLqd4vCJKGZGckKyhobo","staging":false,"created_at":"2017-07-03T14:39:14+00:00","deleted_at":null,"comment":"","updated_at":"2017-07-03T14:39:14+00:00","deployed":false},{"testing":false,"locked":true,"number":2,"active":false,"service_id":"30NLqd4vCJKGZGckKyhobo","staging":false,"created_at":"2017-07-03T14:39:15+00:00","deleted_at":null,"comment":"","updated_at":"2017-07-03T14:39:24+00:00","deployed":false},{"testing":false,"locked":true,"number":3,"active":false,"service_id":"30NLqd4vCJKGZGckKyhobo","staging":false,"created_at":"2017-07-03T14:39:21+00:00","deleted_at":null,"comment":"","updated_at":"2017-07-03T14:39:31+00:00","deployed":false},{"testing":false,"locked":true,"number":4,"active":false,"service_id":"30NLqd4vCJKGZGckKyhobo","staging":false,"created_at":"2017-07-03T14:39:28+00:00","deleted_at":null,"comment":"","updated_at":"2017-07-03T14:39:36+00:00","deployed":false},{"testing":false,"locked":true,"number":5,"active":false,"service_id":"30NLqd4vCJKGZGckKyhobo","staging":false,"created_at":"2017-07-03T14:39:33+00:00","deleted_at":null,"comment":"","updated_at":"2017-07-03T14:39:41+00:00","deployed":false},{"testing":false,"locked":true,"number":6,"active":false,"service_id":"30NLqd4vCJKGZGckKyhobo","staging":false,"created_at":"2017-07-03T14:39:37+00:00","deleted_at":null,"comment":"","updated_at":"2017-07-03T14:39:54+00:00","deployed":false},{"testing":false,"locked":false,"number":7,"active":false,"service_id":"30NLqd4vCJKGZGckKyhobo","staging":false,"created_at":"2017-07-03T14:39:43+00:00","deleted_at":null,"comment":"","updated_at":"2017-07-03T14:39:45+00:00","deployed":false},{"testing":false,"locked":false,"number":8,"active":false,"service_id":"30NLqd4vCJKGZGckKyhobo","staging":false,"created_at":"2017-07-03T14:39:47+00:00","deleted_at":null,"comment":"","updated_at":"2017-07-03T14:39:49+00:00","deployed":false},{"testing":false,"locked":true,"number":9,"active":true,"service_id":"30NLqd4vCJKGZGckKyhobo","staging":false,"created_at":"2017-07-03T14:39:51+00:00","deleted_at":null,"comment":"","updated_at":"2017-07-03T14:39:55+00:00","deployed":false}],"created_at":"2017-07-03T14:39:14+00:00","customer_id":"15DqjG1ON0S28gluYrATvC","comment":"","updated_at":"2017-07-03T14:39:14+00:00","id":"30NLqd4vCJKGZGckKyhobo","version":{"testing":false,"number":9,"service_id":"30NLqd4vCJKGZGckKyhobo","staging":false,"updated_at":"2017-07-03T14:39:55+00:00","deployed":false,"locked":true,"active":true,"deleted_at":null,"created_at":"2017-07-03T14:39:51+00:00","comment":"","acls":[],"backends":[{"max_tls_version":null,"ssl_ca_cert":null,"auto_loadbalance":false,"ssl_check_cert":true,"shield":null,"hostname":null,"ssl_client_cert":null,"error_threshold":0,"request_condition":"","first_byte_timeout":15000,"ssl_cert_hostname":null,"weight":100,"client_cert":null,"address":"127.0.0.1","ssl_hostname":null,"ssl_sni_hostname":null,"min_tls_version":null,"ipv6":null,"ipv4":"127.0.0.1","connect_timeout":1000,"ssl_ciphers":null,"name":"localhost","healthcheck":null,"port":80,"max_conn":200,"use_ssl":false,"comment":"","between_bytes_timeout":10000,"ssl_client_key":null}],"cache_settings":[],"conditions":[],"dictionaries":[],"directors":[],"domains":[{"comment":"test1","name":"cdn.example7000.com"}],"gzips":[],"headers":[{"priority":"10","src":"\"https://u.jimcdn.com\"
        req.url.path","name":"Set Location header","substitution":"","ignore_if_set":"0","cache_condition":null,"request_condition":null,"regex":"","response_condition":null,"action":"set","type":"response","dst":"http.Location"}],"healthchecks":[],"request_settings":[],"response_objects":[{"request_condition":"","content_type":null,"status":"302","response":"Ok","name":"Set
        302 status code","content":null,"cache_condition":""}],"snippets":[],"vcls":[],"wordpress":[],"settings":{"general.default_ttl":3600,"general.default_host":"","general.default_pci":0}},"active_version":{"testing":false,"number":9,"service_id":"30NLqd4vCJKGZGckKyhobo","staging":false,"updated_at":"2017-07-03T14:39:55+00:00","deployed":false,"locked":true,"active":true,"deleted_at":null,"created_at":"2017-07-03T14:39:51+00:00","comment":"","acls":[],"backends":[{"max_tls_version":null,"ssl_ca_cert":null,"auto_loadbalance":false,"ssl_check_cert":true,"shield":null,"hostname":null,"ssl_client_cert":null,"error_threshold":0,"request_condition":"","first_byte_timeout":15000,"ssl_cert_hostname":null,"weight":100,"client_cert":null,"address":"127.0.0.1","ssl_hostname":null,"ssl_sni_hostname":null,"min_tls_version":null,"ipv6":null,"ipv4":"127.0.0.1","connect_timeout":1000,"ssl_ciphers":null,"name":"localhost","healthcheck":null,"port":80,"max_conn":200,"use_ssl":false,"comment":"","between_bytes_timeout":10000,"ssl_client_key":null}],"cache_settings":[],"conditions":[],"dictionaries":[],"directors":[],"domains":[{"comment":"test1","name":"cdn.example7000.com"}],"gzips":[],"headers":[{"priority":"10","src":"\"https://u.jimcdn.com\"
        req.url.path","name":"Set Location header","substitution":"","ignore_if_set":"0","cache_condition":null,"request_condition":null,"regex":"","response_condition":null,"action":"set","type":"response","dst":"http.Location"}],"healthchecks":[],"request_settings":[],"response_objects":[{"request_condition":"","content_type":null,"status":"302","response":"Ok","name":"Set
        302 status code","content":null,"cache_condition":""}],"snippets":[],"vcls":[],"wordpress":[],"settings":{"general.default_ttl":3600,"general.default_host":"","general.default_pci":0}}}'}
    headers:
      accept-ranges: [bytes]
      age: ['0']
      cache-control: [no-cache]
      connection: [keep-alive]
      content-length: ['5637']
      content-type: [application/json]
      date: ['Mon, 03 Jul 2017 14:39:55 GMT']
      status: [200 OK]
      vary: [Accept-Encoding]
      via: [1.1 varnish, 1.1 varnish]
      x-cache: ['MISS, MISS']
      x-cache-hits: ['0, 0']
      x-served-by: ['app-slwdc9050-SL, cache-fra1250-FRA']
      x-timer: ['S1499092795.103581,VS0,VE157']
    status: {code: 200, message: OK}
- request:
    body: null
    headers:
      Content-Type: [application/json]
    method: GET
    uri: https://api.fastly.com/service/search?name=Jimdo%20Fastly%20Ansible%20Module%20Test
  response:
    body: {string: !!python/unicode '{"name":"Jimdo Fastly Ansible Module Test","deleted_at":null,"versions":[{"testing":false,"locked":false,"number":1,"active":false,"service_id":"30NLqd4vCJKGZGckKyhobo","staging":false,"created_at":"2017-07-03T14:39:14+00:00","deleted_at":null,"comment":"","updated_at":"2017-07-03T14:39:14+00:00","deployed":false},{"testing":false,"locked":true,"number":2,"active":false,"service_id":"30NLqd4vCJKGZGckKyhobo","staging":false,"created_at":"2017-07-03T14:39:15+00:00","deleted_at":null,"comment":"","updated_at":"2017-07-03T14:39:24+00:00","deployed":false},{"testing":false,"locked":true,"number":3,"active":false,"service_id":"30NLqd4vCJKGZGckKyhobo","staging":false,"created_at":"2017-07-03T14:39:21+00:00","deleted_at":null,"comment":"","updated_at":"2017-07-03T14:39:31+00:00","deployed":false},{"testing":false,"locked":true,"number":4,"active":false,"service_id":"30NLqd4vCJKGZGckKyhobo","staging":false,"created_at":"2017-07-03T14:39:28+00:00","deleted_at":null,"comment":"","updated_at":"2017-07-03T14:39:36+00:00","deployed":false},{"testing":false,"locked":true,"number":5,"active":false,"service_id":"30NLqd4vCJKGZGckKyhobo","staging":false,"created_at":"2017-07-03T14:39:33+00:00","deleted_at":null,"comment":"","updated_at":"2017-07-03T14:39:41+00:00","deployed":false},{"testing":false,"locked":true,"number":6,"active":false,"service_id":"30NLqd4vCJKGZGckKyhobo","staging":false,"created_at":"2017-07-03T14:39:37+00:00","deleted_at":null,"comment":"","updated_at":"2017-07-03T14:39:54+00:00","deployed":false},{"testing":false,"locked":false,"number":7,"active":false,"service_id":"30NLqd4vCJKGZGckKyhobo","staging":false,"created_at":"2017-07-03T14:39:43+00:00","deleted_at":null,"comment":"","updated_at":"2017-07-03T14:39:45+00:00","deployed":false},{"testing":false,"locked":false,"number":8,"active":false,"service_id":"30NLqd4vCJKGZGckKyhobo","staging":false,"created_at":"2017-07-03T14:39:47+00:00","deleted_at":null,"comment":"","updated_at":"2017-07-03T14:39:49+00:00","deployed":false},{"testing":false,"number":9,"service_id":"30NLqd4vCJKGZGckKyhobo","staging":false,"deployed":false,"locked":true,"active":true,"comment":""}],"created_at":"2017-07-03T14:39:14+00:00","customer_id":"15DqjG1ON0S28gluYrATvC","comment":"","updated_at":"2017-07-03T14:39:14+00:00","id":"30NLqd4vCJKGZGckKyhobo"}'}
    headers:
      accept-ranges: [bytes]
      age: ['0']
      cache-control: [no-cache]
      connection: [keep-alive]
      content-length: ['2318']
      content-type: [application/json]
      date: ['Mon, 03 Jul 2017 14:39:55 GMT']
      status: [200 OK]
      vary: [Accept-Encoding]
      via: [1.1 varnish, 1.1 varnish]
      x-cache: ['MISS, MISS']
      x-cache-hits: ['0, 0']
      x-served-by: ['app-slwdc9050-SL, cache-fra1249-FRA']
      x-timer: ['S1499092795.310422,VS0,VE146']
    status: {code: 200, message: OK}
- request:
    body: null
    headers:
      Content-Type: [application/json]
    method: GET
    uri: https://api.fastly.com/service/30NLqd4vCJKGZGckKyhobo/details
  response:
    body: {string: !!python/unicode '{"name":"Jimdo Fastly Ansible Module Test","deleted_at":null,"versions":[{"testing":false,"locked":false,"number":1,"active":false,"service_id":"30NLqd4vCJKGZGckKyhobo","staging":false,"created_at":"2017-07-03T14:39:14+00:00","deleted_at":null,"comment":"","updated_at":"2017-07-03T14:39:14+00:00","deployed":false},{"testing":false,"locked":true,"number":2,"active":false,"service_id":"30NLqd4vCJKGZGckKyhobo","staging":false,"created_at":"2017-07-03T14:39:15+00:00","deleted_at":null,"comment":"","updated_at":"2017-07-03T14:39:24+00:00","deployed":false},{"testing":false,"locked":true,"number":3,"active":false,"service_id":"30NLqd4vCJKGZGckKyhobo","staging":false,"created_at":"2017-07-03T14:39:21+00:00","deleted_at":null,"comment":"","updated_at":"2017-07-03T14:39:31+00:00","deployed":false},{"testing":false,"locked":true,"number":4,"active":false,"service_id":"30NLqd4vCJKGZGckKyhobo","staging":false,"created_at":"2017-07-03T14:39:28+00:00","deleted_at":null,"comment":"","updated_at":"2017-07-03T14:39:36+00:00","deployed":false},{"testing":false,"locked":true,"number":5,"active":false,"service_id":"30NLqd4vCJKGZGckKyhobo","staging":false,"created_at":"2017-07-03T14:39:33+00:00","deleted_at":null,"comment":"","updated_at":"2017-07-03T14:39:41+00:00","deployed":false},{"testing":false,"locked":true,"number":6,"active":false,"service_id":"30NLqd4vCJKGZGckKyhobo","staging":false,"created_at":"2017-07-03T14:39:37+00:00","deleted_at":null,"comment":"","updated_at":"2017-07-03T14:39:54+00:00","deployed":false},{"testing":false,"locked":false,"number":7,"active":false,"service_id":"30NLqd4vCJKGZGckKyhobo","staging":false,"created_at":"2017-07-03T14:39:43+00:00","deleted_at":null,"comment":"","updated_at":"2017-07-03T14:39:45+00:00","deployed":false},{"testing":false,"locked":false,"number":8,"active":false,"service_id":"30NLqd4vCJKGZGckKyhobo","staging":false,"created_at":"2017-07-03T14:39:47+00:00","deleted_at":null,"comment":"","updated_at":"2017-07-03T14:39:49+00:00","deployed":false},{"testing":false,"locked":true,"number":9,"active":true,"service_id":"30NLqd4vCJKGZGckKyhobo","staging":false,"created_at":"2017-07-03T14:39:51+00:00","deleted_at":null,"comment":"","updated_at":"2017-07-03T14:39:55+00:00","deployed":false}],"created_at":"2017-07-03T14:39:14+00:00","customer_id":"15DqjG1ON0S28gluYrATvC","comment":"","updated_at":"2017-07-03T14:39:14+00:00","id":"30NLqd4vCJKGZGckKyhobo","version":{"testing":false,"number":9,"service_id":"30NLqd4vCJKGZGckKyhobo","staging":false,"updated_at":"2017-07-03T14:39:55+00:00","deployed":false,"locked":true,"active":true,"deleted_at":null,"created_at":"2017-07-03T14:39:51+00:00","comment":"","acls":[],"backends":[{"max_tls_version":null,"ssl_ca_cert":null,"auto_loadbalance":false,"ssl_check_cert":true,"shield":null,"hostname":null,"ssl_client_cert":null,"error_threshold":0,"request_condition":"","first_byte_timeout":15000,"ssl_cert_hostname":null,"weight":100,"client_cert":null,"address":"127.0.0.1","ssl_hostname":null,"ssl_sni_hostname":null,"min_tls_version":null,"ipv6":null,"ipv4":"127.0.0.1","connect_timeout":1000,"ssl_ciphers":null,"name":"localhost","healthcheck":null,"port":80,"max_conn":200,"use_ssl":false,"comment":"","between_bytes_timeout":10000,"ssl_client_key":null}],"cache_settings":[],"conditions":[],"dictionaries":[],"directors":[],"domains":[{"comment":"test1","name":"cdn.example7000.com"}],"gzips":[],"headers":[{"priority":"10","src":"\"https://u.jimcdn.com\"
        req.url.path","name":"Set Location header","substitution":"","ignore_if_set":"0","cache_condition":null,"request_condition":null,"regex":"","response_condition":null,"action":"set","type":"response","dst":"http.Location"}],"healthchecks":[],"request_settings":[],"response_objects":[{"request_condition":"","content_type":null,"status":"302","response":"Ok","name":"Set
        302 status code","content":null,"cache_condition":""}],"snippets":[],"vcls":[],"wordpress":[],"settings":{"general.default_ttl":3600,"general.default_host":"","general.default_pci":0}},"active_version":{"testing":false,"number":9,"service_id":"30NLqd4vCJKGZGckKyhobo","staging":false,"updated_at":"2017-07-03T14:39:55+00:00","deployed":false,"locked":true,"active":true,"deleted_at":null,"created_at":"2017-07-03T14:39:51+00:00","comment":"","acls":[],"backends":[{"max_tls_version":null,"ssl_ca_cert":null,"auto_loadbalance":false,"ssl_check_cert":true,"shield":null,"hostname":null,"ssl_client_cert":null,"error_threshold":0,"request_condition":"","first_byte_timeout":15000,"ssl_cert_hostname":null,"weight":100,"client_cert":null,"address":"127.0.0.1","ssl_hostname":null,"ssl_sni_hostname":null,"min_tls_version":null,"ipv6":null,"ipv4":"127.0.0.1","connect_timeout":1000,"ssl_ciphers":null,"name":"localhost","healthcheck":null,"port":80,"max_conn":200,"use_ssl":false,"comment":"","between_bytes_timeout":10000,"ssl_client_key":null}],"cache_settings":[],"conditions":[],"dictionaries":[],"directors":[],"domains":[{"comment":"test1","name":"cdn.example7000.com"}],"gzips":[],"headers":[{"priority":"10","src":"\"https://u.jimcdn.com\"
        req.url.path","name":"Set Location header","substitution":"","ignore_if_set":"0","cache_condition":null,"request_condition":null,"regex":"","response_condition":null,"action":"set","type":"response","dst":"http.Location"}],"healthchecks":[],"request_settings":[],"response_objects":[{"request_condition":"","content_type":null,"status":"302","response":"Ok","name":"Set
        302 status code","content":null,"cache_condition":""}],"snippets":[],"vcls":[],"wordpress":[],"settings":{"general.default_ttl":3600,"general.default_host":"","general.default_pci":0}}}'}
    headers:
      accept-ranges: [bytes]
      cache-control: [no-cache]
      connection: [keep-alive]
      content-length: ['5637']
      content-type: [application/json]
      date: ['Mon, 03 Jul 2017 14:39:55 GMT']
      status: [200 OK]
      vary: [Accept-Encoding]
      via: [1.1 varnish, 1.1 varnish]
      x-cache: ['MISS, MISS']
      x-cache-hits: ['0, 0']
      x-served-by: ['app-slwdc9050-SL, cache-fra1226-FRA']
      x-timer: ['S1499092795.497817,VS0,VE456']
    status: {code: 200, message: OK}
- request:
    body: null
    headers:
      Content-Type: [application/json]
    method: GET
    uri: https://api.fastly.com/service/30NLqd4vCJKGZGckKyhobo/details
  response:
    body: {string: !!python/unicode '{"name":"Jimdo Fastly Ansible Module Test","deleted_at":null,"versions":[{"testing":false,"locked":false,"number":1,"active":false,"service_id":"30NLqd4vCJKGZGckKyhobo","staging":false,"created_at":"2017-07-03T14:39:14+00:00","deleted_at":null,"comment":"","updated_at":"2017-07-03T14:39:14+00:00","deployed":false},{"testing":false,"locked":true,"number":2,"active":false,"service_id":"30NLqd4vCJKGZGckKyhobo","staging":false,"created_at":"2017-07-03T14:39:15+00:00","deleted_at":null,"comment":"","updated_at":"2017-07-03T14:39:24+00:00","deployed":false},{"testing":false,"locked":true,"number":3,"active":false,"service_id":"30NLqd4vCJKGZGckKyhobo","staging":false,"created_at":"2017-07-03T14:39:21+00:00","deleted_at":null,"comment":"","updated_at":"2017-07-03T14:39:31+00:00","deployed":false},{"testing":false,"locked":true,"number":4,"active":false,"service_id":"30NLqd4vCJKGZGckKyhobo","staging":false,"created_at":"2017-07-03T14:39:28+00:00","deleted_at":null,"comment":"","updated_at":"2017-07-03T14:39:36+00:00","deployed":false},{"testing":false,"locked":true,"number":5,"active":false,"service_id":"30NLqd4vCJKGZGckKyhobo","staging":false,"created_at":"2017-07-03T14:39:33+00:00","deleted_at":null,"comment":"","updated_at":"2017-07-03T14:39:41+00:00","deployed":false},{"testing":false,"locked":true,"number":6,"active":false,"service_id":"30NLqd4vCJKGZGckKyhobo","staging":false,"created_at":"2017-07-03T14:39:37+00:00","deleted_at":null,"comment":"","updated_at":"2017-07-03T14:39:54+00:00","deployed":false},{"testing":false,"locked":false,"number":7,"active":false,"service_id":"30NLqd4vCJKGZGckKyhobo","staging":false,"created_at":"2017-07-03T14:39:43+00:00","deleted_at":null,"comment":"","updated_at":"2017-07-03T14:39:45+00:00","deployed":false},{"testing":false,"locked":false,"number":8,"active":false,"service_id":"30NLqd4vCJKGZGckKyhobo","staging":false,"created_at":"2017-07-03T14:39:47+00:00","deleted_at":null,"comment":"","updated_at":"2017-07-03T14:39:49+00:00","deployed":false},{"testing":false,"locked":true,"number":9,"active":true,"service_id":"30NLqd4vCJKGZGckKyhobo","staging":false,"created_at":"2017-07-03T14:39:51+00:00","deleted_at":null,"comment":"","updated_at":"2017-07-03T14:39:55+00:00","deployed":false}],"created_at":"2017-07-03T14:39:14+00:00","customer_id":"15DqjG1ON0S28gluYrATvC","comment":"","updated_at":"2017-07-03T14:39:14+00:00","id":"30NLqd4vCJKGZGckKyhobo","version":{"testing":false,"number":9,"service_id":"30NLqd4vCJKGZGckKyhobo","staging":false,"updated_at":"2017-07-03T14:39:55+00:00","deployed":false,"locked":true,"active":true,"deleted_at":null,"created_at":"2017-07-03T14:39:51+00:00","comment":"","acls":[],"backends":[{"max_tls_version":null,"ssl_ca_cert":null,"auto_loadbalance":false,"ssl_check_cert":true,"shield":null,"hostname":null,"ssl_client_cert":null,"error_threshold":0,"request_condition":"","first_byte_timeout":15000,"ssl_cert_hostname":null,"weight":100,"client_cert":null,"address":"127.0.0.1","ssl_hostname":null,"ssl_sni_hostname":null,"min_tls_version":null,"ipv6":null,"ipv4":"127.0.0.1","connect_timeout":1000,"ssl_ciphers":null,"name":"localhost","healthcheck":null,"port":80,"max_conn":200,"use_ssl":false,"comment":"","between_bytes_timeout":10000,"ssl_client_key":null}],"cache_settings":[],"conditions":[],"dictionaries":[],"directors":[],"domains":[{"comment":"test1","name":"cdn.example7000.com"}],"gzips":[],"headers":[{"priority":"10","src":"\"https://u.jimcdn.com\"
        req.url.path","name":"Set Location header","substitution":"","ignore_if_set":"0","cache_condition":null,"request_condition":null,"regex":"","response_condition":null,"action":"set","type":"response","dst":"http.Location"}],"healthchecks":[],"request_settings":[],"response_objects":[{"request_condition":"","content_type":null,"status":"302","response":"Ok","name":"Set
        302 status code","content":null,"cache_condition":""}],"snippets":[],"vcls":[],"wordpress":[],"settings":{"general.default_ttl":3600,"general.default_host":"","general.default_pci":0}},"active_version":{"testing":false,"number":9,"service_id":"30NLqd4vCJKGZGckKyhobo","staging":false,"updated_at":"2017-07-03T14:39:55+00:00","deployed":false,"locked":true,"active":true,"deleted_at":null,"created_at":"2017-07-03T14:39:51+00:00","comment":"","acls":[],"backends":[{"max_tls_version":null,"ssl_ca_cert":null,"auto_loadbalance":false,"ssl_check_cert":true,"shield":null,"hostname":null,"ssl_client_cert":null,"error_threshold":0,"request_condition":"","first_byte_timeout":15000,"ssl_cert_hostname":null,"weight":100,"client_cert":null,"address":"127.0.0.1","ssl_hostname":null,"ssl_sni_hostname":null,"min_tls_version":null,"ipv6":null,"ipv4":"127.0.0.1","connect_timeout":1000,"ssl_ciphers":null,"name":"localhost","healthcheck":null,"port":80,"max_conn":200,"use_ssl":false,"comment":"","between_bytes_timeout":10000,"ssl_client_key":null}],"cache_settings":[],"conditions":[],"dictionaries":[],"directors":[],"domains":[{"comment":"test1","name":"cdn.example7000.com"}],"gzips":[],"headers":[{"priority":"10","src":"\"https://u.jimcdn.com\"
        req.url.path","name":"Set Location header","substitution":"","ignore_if_set":"0","cache_condition":null,"request_condition":null,"regex":"","response_condition":null,"action":"set","type":"response","dst":"http.Location"}],"healthchecks":[],"request_settings":[],"response_objects":[{"request_condition":"","content_type":null,"status":"302","response":"Ok","name":"Set
        302 status code","content":null,"cache_condition":""}],"snippets":[],"vcls":[],"wordpress":[],"settings":{"general.default_ttl":3600,"general.default_host":"","general.default_pci":0}}}'}
    headers:
      accept-ranges: [bytes]
      age: ['0']
      cache-control: [no-cache]
      connection: [keep-alive]
      content-length: ['5637']
      content-type: [application/json]
      date: ['Mon, 03 Jul 2017 14:39:56 GMT']
      status: [200 OK]
      vary: [Accept-Encoding]
      via: [1.1 varnish, 1.1 varnish]
      x-cache: ['MISS, MISS']
      x-cache-hits: ['0, 0']
      x-served-by: ['app-slwdc9050-SL, cache-fra1245-FRA']
      x-timer: ['S1499092796.997946,VS0,VE120']
    status: {code: 200, message: OK}
version: 1
