interactions:
- request:
    body: null
    headers:
      Content-Type: [application/json]
    method: GET
    uri: https://api.fastly.com/service/search?name=Fastly%20Ansible%20Module%20Test
  response:
    body: {string: !!python/unicode '{"name":"Fastly Ansible Module Test","deleted_at":null,"versions":[{"testing":false,"locked":false,"number":1,"active":false,"service_id":"71vhwCflsyl7Ly8t7koNr4","staging":false,"created_at":"2016-12-06T16:27:38+00:00","deleted_at":null,"comment":"","updated_at":"2016-12-06T16:27:38+00:00","deployed":false},{"testing":false,"number":2,"service_id":"71vhwCflsyl7Ly8t7koNr4","staging":false,"deployed":false,"locked":true,"active":true,"comment":""}],"created_at":"2016-12-06T16:27:38+00:00","customer_id":"15DqjG1ON0S28gluYrATvC","comment":"","updated_at":"2016-12-06T16:27:38+00:00","id":"71vhwCflsyl7Ly8t7koNr4"}'}
    headers:
      accept-ranges: [bytes]
      age: ['0']
      cache-control: [no-cache]
      connection: [keep-alive]
      content-length: ['616']
      content-type: [application/json]
      date: ['Tue, 06 Dec 2016 16:27:43 GMT']
      status: [200 OK]
      vary: [Accept-Encoding]
      via: [1.1 varnish, 1.1 varnish]
      x-cache: ['MISS, MISS']
      x-cache-hits: ['0, 0']
      x-served-by: ['app-slwdc9051-SL, cache-lcy1150-LCY']
    status: {code: 200, message: OK}
- request:
    body: null
    headers:
      Content-Type: [application/json]
    method: GET
    uri: https://api.fastly.com/service/71vhwCflsyl7Ly8t7koNr4/details
  response:
    body: {string: !!python/unicode '{"name":"Fastly Ansible Module Test","deleted_at":null,"versions":[{"testing":false,"locked":false,"number":1,"active":false,"service_id":"71vhwCflsyl7Ly8t7koNr4","staging":false,"created_at":"2016-12-06T16:27:38+00:00","deleted_at":null,"comment":"","updated_at":"2016-12-06T16:27:38+00:00","deployed":false},{"testing":false,"locked":true,"number":2,"active":true,"service_id":"71vhwCflsyl7Ly8t7koNr4","staging":false,"created_at":"2016-12-06T16:27:39+00:00","deleted_at":null,"comment":"","updated_at":"2016-12-06T16:27:42+00:00","deployed":false}],"created_at":"2016-12-06T16:27:38+00:00","customer_id":"15DqjG1ON0S28gluYrATvC","comment":"","updated_at":"2016-12-06T16:27:38+00:00","id":"71vhwCflsyl7Ly8t7koNr4","version":{"testing":false,"number":2,"service_id":"71vhwCflsyl7Ly8t7koNr4","staging":false,"updated_at":"2016-12-06T16:27:42+00:00","deployed":false,"locked":true,"active":true,"deleted_at":null,"created_at":"2016-12-06T16:27:39+00:00","comment":"","acls":[],"backends":[{"max_tls_version":null,"ssl_ca_cert":null,"auto_loadbalance":false,"ssl_check_cert":true,"shield":null,"hostname":null,"ssl_client_cert":null,"error_threshold":0,"request_condition":"","first_byte_timeout":15000,"ssl_cert_hostname":null,"weight":100,"client_cert":null,"address":"127.0.0.1","ssl_hostname":null,"ssl_sni_hostname":null,"min_tls_version":null,"ipv6":null,"ipv4":"127.0.0.1","connect_timeout":1000,"ssl_ciphers":null,"name":"localhost","healthcheck":null,"port":80,"max_conn":200,"use_ssl":false,"comment":"","between_bytes_timeout":10000,"ssl_client_key":null}],"cache_settings":[{"stale_ttl":"10","ttl":null,"name":"cache-settings-config-name","action":"pass","cache_condition":""}],"conditions":[],"dictionaries":[],"directors":[],"domains":[{"comment":"","name":"example7000.com"}],"gzips":[],"headers":[{"priority":"100","src":"\"https://u.jimcdn.com\"
        req.url.path","name":"Set Location header","substitution":"","ignore_if_set":"0","cache_condition":null,"request_condition":null,"regex":"","response_condition":null,"action":"set","type":"response","dst":"http.Location"}],"healthchecks":[],"request_settings":[],"response_objects":[{"request_condition":"","content_type":null,"status":"200","response":"Ok","name":"Set
        200 status code","content":null,"cache_condition":""}],"vcls":[],"wordpress":[],"settings":{"general.default_ttl":3600,"general.default_host":"","general.default_pci":0}},"active_version":{"testing":false,"number":2,"service_id":"71vhwCflsyl7Ly8t7koNr4","staging":false,"updated_at":"2016-12-06T16:27:42+00:00","deployed":false,"locked":true,"active":true,"deleted_at":null,"created_at":"2016-12-06T16:27:39+00:00","comment":"","acls":[],"backends":[{"max_tls_version":null,"ssl_ca_cert":null,"auto_loadbalance":false,"ssl_check_cert":true,"shield":null,"hostname":null,"ssl_client_cert":null,"error_threshold":0,"request_condition":"","first_byte_timeout":15000,"ssl_cert_hostname":null,"weight":100,"client_cert":null,"address":"127.0.0.1","ssl_hostname":null,"ssl_sni_hostname":null,"min_tls_version":null,"ipv6":null,"ipv4":"127.0.0.1","connect_timeout":1000,"ssl_ciphers":null,"name":"localhost","healthcheck":null,"port":80,"max_conn":200,"use_ssl":false,"comment":"","between_bytes_timeout":10000,"ssl_client_key":null}],"cache_settings":[{"stale_ttl":"10","ttl":null,"name":"cache-settings-config-name","action":"pass","cache_condition":""}],"conditions":[],"dictionaries":[],"directors":[],"domains":[{"comment":"","name":"example7000.com"}],"gzips":[],"headers":[{"priority":"100","src":"\"https://u.jimcdn.com\"
        req.url.path","name":"Set Location header","substitution":"","ignore_if_set":"0","cache_condition":null,"request_condition":null,"regex":"","response_condition":null,"action":"set","type":"response","dst":"http.Location"}],"healthchecks":[],"request_settings":[],"response_objects":[{"request_condition":"","content_type":null,"status":"200","response":"Ok","name":"Set
        200 status code","content":null,"cache_condition":""}],"vcls":[],"wordpress":[],"settings":{"general.default_ttl":3600,"general.default_host":"","general.default_pci":0}}}'}
    headers:
      accept-ranges: [bytes]
      age: ['0']
      cache-control: [no-cache]
      connection: [keep-alive]
      content-length: ['4095']
      content-type: [application/json]
      date: ['Tue, 06 Dec 2016 16:27:43 GMT']
      status: [200 OK]
      vary: [Accept-Encoding]
      via: [1.1 varnish, 1.1 varnish]
      x-cache: ['MISS, MISS']
      x-cache-hits: ['0, 0']
      x-served-by: ['app-slwdc9051-SL, cache-lcy1147-LCY']
    status: {code: 200, message: OK}
- request:
    body: null
    headers:
      Content-Type: [application/json]
    method: POST
    uri: https://api.fastly.com/service/71vhwCflsyl7Ly8t7koNr4/version
  response:
    body: {string: !!python/unicode '{"service_id":"71vhwCflsyl7Ly8t7koNr4","number":3}'}
    headers:
      accept-ranges: [bytes]
      cache-control: [no-cache]
      connection: [keep-alive]
      content-length: ['50']
      content-type: [application/json]
      date: ['Tue, 06 Dec 2016 16:27:44 GMT']
      fastly-ratelimit-remaining: ['619']
      fastly-ratelimit-reset: ['1481043600']
      status: [200 OK]
      vary: [Accept-Encoding]
      via: [1.1 varnish, 1.1 varnish]
      x-cache: ['MISS, MISS']
      x-cache-hits: ['0, 0']
      x-served-by: ['app-slwdc9050-SL, cache-lcy1132-LCY']
    status: {code: 200, message: OK}
- request:
    body: !!python/unicode '{"comment": "", "name": "example7000.com"}'
    headers:
      Content-Type: [application/json]
    method: POST
    uri: https://api.fastly.com/service/71vhwCflsyl7Ly8t7koNr4/version/3/domain
  response:
    body: {string: !!python/unicode '{"comment":"","name":"example7000.com","service_id":"71vhwCflsyl7Ly8t7koNr4","version":3,"deleted_at":null,"created_at":"2016-12-06T16:27:44+00:00","updated_at":"2016-12-06T16:27:44+00:00"}'}
    headers:
      accept-ranges: [bytes]
      cache-control: [no-cache]
      connection: [keep-alive]
      content-length: ['189']
      content-type: [application/json]
      date: ['Tue, 06 Dec 2016 16:27:44 GMT']
      fastly-ratelimit-remaining: ['618']
      fastly-ratelimit-reset: ['1481043600']
      status: [200 OK]
      vary: [Accept-Encoding]
      via: [1.1 varnish, 1.1 varnish]
      x-cache: ['MISS, MISS']
      x-cache-hits: ['0, 0']
      x-served-by: ['app-slwdc9050-SL, cache-lcy1129-LCY']
    status: {code: 200, message: OK}
- request:
    body: !!python/unicode '{"ssl_ca_cert": null, "request_condition": "", "name":
      "localhost", "address": "127.0.0.1", "port": 80, "ssl_hostname": null}'
    headers:
      Content-Type: [application/json]
    method: POST
    uri: https://api.fastly.com/service/71vhwCflsyl7Ly8t7koNr4/version/3/backend
  response:
    body: {string: !!python/unicode '{"ssl_ca_cert":null,"request_condition":"","name":"localhost","address":"127.0.0.1","port":80,"ssl_hostname":null,"service_id":"71vhwCflsyl7Ly8t7koNr4","version":3,"max_tls_version":null,"ssl_client_cert":null,"hostname":null,"error_threshold":0,"first_byte_timeout":15000,"client_cert":null,"weight":100,"updated_at":"2016-12-06T16:27:45+00:00","connect_timeout":1000,"ipv4":"127.0.0.1","ssl_ciphers":null,"between_bytes_timeout":10000,"ssl_client_key":null,"auto_loadbalance":false,"ssl_check_cert":true,"shield":null,"ssl_cert_hostname":null,"ssl_sni_hostname":null,"min_tls_version":null,"ipv6":null,"deleted_at":null,"healthcheck":null,"max_conn":200,"use_ssl":false,"created_at":"2016-12-06T16:27:45+00:00","comment":""}'}
    headers:
      accept-ranges: [bytes]
      cache-control: [no-cache]
      connection: [keep-alive]
      content-length: ['726']
      content-type: [application/json]
      date: ['Tue, 06 Dec 2016 16:27:45 GMT']
      fastly-ratelimit-remaining: ['617']
      fastly-ratelimit-reset: ['1481043600']
      status: [200 OK]
      vary: [Accept-Encoding]
      via: [1.1 varnish, 1.1 varnish]
      x-cache: ['MISS, MISS']
      x-cache-hits: ['0, 0']
      x-served-by: ['app-slwdc9050-SL, cache-lcy1127-LCY']
    status: {code: 200, message: OK}
- request:
    body: !!python/unicode '{"action": null, "stale_ttl": 0, "name": "cache-settings-config-name",
      "cache_condition": ""}'
    headers:
      Content-Type: [application/json]
    method: POST
    uri: https://api.fastly.com/service/71vhwCflsyl7Ly8t7koNr4/version/3/cache_settings
  response:
    body: {string: !!python/unicode '{"action":null,"stale_ttl":0,"name":"cache-settings-config-name","cache_condition":"","service_id":"71vhwCflsyl7Ly8t7koNr4","version":"3","ttl":null,"deleted_at":null,"created_at":"2016-12-06T16:27:45+00:00","updated_at":"2016-12-06T16:27:45+00:00"}'}
    headers:
      accept-ranges: [bytes]
      cache-control: [no-cache]
      connection: [keep-alive]
      content-length: ['249']
      content-type: [application/json]
      date: ['Tue, 06 Dec 2016 16:27:46 GMT']
      fastly-ratelimit-remaining: ['616']
      fastly-ratelimit-reset: ['1481043600']
      status: [200 OK]
      vary: [Accept-Encoding]
      via: [1.1 varnish, 1.1 varnish]
      x-cache: ['MISS, MISS']
      x-cache-hits: ['0, 0']
      x-served-by: ['app-slwdc9051-SL, cache-lcy1133-LCY']
    status: {code: 200, message: OK}
- request:
    body: !!python/unicode '{"ignore_if_set": "0", "regex": "", "request_condition":
      null, "name": "Set Location header", "src": "\"https://u.jimcdn.com\" req.url.path",
      "dst": "http.Location", "priority": "100", "substitution": "", "action": "set",
      "type": "response", "response_condition": null}'
    headers:
      Content-Type: [application/json]
    method: POST
    uri: https://api.fastly.com/service/71vhwCflsyl7Ly8t7koNr4/version/3/header
  response:
    body: {string: !!python/unicode '{"ignore_if_set":"0","regex":"","request_condition":null,"name":"Set
        Location header","src":"\"https://u.jimcdn.com\" req.url.path","dst":"http.Location","priority":"100","substitution":"","action":"set","type":"response","response_condition":null,"service_id":"71vhwCflsyl7Ly8t7koNr4","version":"3","updated_at":"2016-12-06T16:27:46+00:00","deleted_at":null,"cache_condition":null,"created_at":"2016-12-06T16:27:46+00:00"}'}
    headers:
      accept-ranges: [bytes]
      cache-control: [no-cache]
      connection: [keep-alive]
      content-length: ['423']
      content-type: [application/json]
      date: ['Tue, 06 Dec 2016 16:27:46 GMT']
      fastly-ratelimit-remaining: ['615']
      fastly-ratelimit-reset: ['1481043600']
      status: [200 OK]
      vary: [Accept-Encoding]
      via: [1.1 varnish, 1.1 varnish]
      x-cache: ['MISS, MISS']
      x-cache-hits: ['0, 0']
      x-served-by: ['app-slwdc9051-SL, cache-lcy1123-LCY']
    status: {code: 200, message: OK}
- request:
    body: !!python/unicode '{"status": "200", "request_condition": "", "name": "Set
      200 status code", "response": "Ok"}'
    headers:
      Content-Type: [application/json]
    method: POST
    uri: https://api.fastly.com/service/71vhwCflsyl7Ly8t7koNr4/version/3/response_object
  response:
    body: {string: !!python/unicode '{"status":"200","request_condition":"","name":"Set
        200 status code","response":"Ok","service_id":"71vhwCflsyl7Ly8t7koNr4","version":"3","content":null,"deleted_at":null,"cache_condition":"","created_at":"2016-12-06T16:27:46+00:00","content_type":null,"updated_at":"2016-12-06T16:27:46+00:00"}'}
    headers:
      accept-ranges: [bytes]
      cache-control: [no-cache]
      connection: [keep-alive]
      content-length: ['292']
      content-type: [application/json]
      date: ['Tue, 06 Dec 2016 16:27:46 GMT']
      fastly-ratelimit-remaining: ['614']
      fastly-ratelimit-reset: ['1481043600']
      status: [200 OK]
      vary: [Accept-Encoding]
      via: [1.1 varnish, 1.1 varnish]
      x-cache: ['MISS, MISS']
      x-cache-hits: ['0, 0']
      x-served-by: ['app-slwdc9051-SL, cache-lcy1122-LCY']
    status: {code: 200, message: OK}
- request:
    body: null
    headers:
      Content-Type: [application/json]
    method: PUT
    uri: https://api.fastly.com/service/71vhwCflsyl7Ly8t7koNr4/version/3/activate
  response:
    body: {string: !!python/unicode '{"testing":false,"locked":true,"number":3,"active":true,"service_id":"71vhwCflsyl7Ly8t7koNr4","staging":false,"created_at":"2016-12-06T16:27:44+00:00","deleted_at":null,"comment":"","updated_at":"2016-12-06T16:27:46+00:00","deployed":false,"msg":null}'}
    headers:
      accept-ranges: [bytes]
      cache-control: [no-cache]
      connection: [keep-alive]
      content-length: ['251']
      content-type: [application/json]
      date: ['Tue, 06 Dec 2016 16:27:47 GMT']
      fastly-ratelimit-remaining: ['613']
      fastly-ratelimit-reset: ['1481043600']
      status: [200 OK]
      vary: [Accept-Encoding]
      via: [1.1 varnish, 1.1 varnish]
      x-cache: ['MISS, MISS']
      x-cache-hits: ['0, 0']
      x-served-by: ['app-slwdc9051-SL, cache-lcy1130-LCY']
    status: {code: 200, message: OK}
- request:
    body: null
    headers:
      Content-Type: [application/json]
    method: GET
    uri: https://api.fastly.com/service/71vhwCflsyl7Ly8t7koNr4/details
  response:
    body: {string: !!python/unicode '{"name":"Fastly Ansible Module Test","deleted_at":null,"versions":[{"testing":false,"locked":false,"number":1,"active":false,"service_id":"71vhwCflsyl7Ly8t7koNr4","staging":false,"created_at":"2016-12-06T16:27:38+00:00","deleted_at":null,"comment":"","updated_at":"2016-12-06T16:27:38+00:00","deployed":false},{"testing":false,"locked":true,"number":2,"active":false,"service_id":"71vhwCflsyl7Ly8t7koNr4","staging":false,"created_at":"2016-12-06T16:27:39+00:00","deleted_at":null,"comment":"","updated_at":"2016-12-06T16:27:47+00:00","deployed":false},{"testing":false,"locked":true,"number":3,"active":true,"service_id":"71vhwCflsyl7Ly8t7koNr4","staging":false,"created_at":"2016-12-06T16:27:44+00:00","deleted_at":null,"comment":"","updated_at":"2016-12-06T16:27:47+00:00","deployed":false}],"created_at":"2016-12-06T16:27:38+00:00","customer_id":"15DqjG1ON0S28gluYrATvC","comment":"","updated_at":"2016-12-06T16:27:38+00:00","id":"71vhwCflsyl7Ly8t7koNr4","version":{"testing":false,"number":3,"service_id":"71vhwCflsyl7Ly8t7koNr4","staging":false,"updated_at":"2016-12-06T16:27:47+00:00","deployed":false,"locked":true,"active":true,"deleted_at":null,"created_at":"2016-12-06T16:27:44+00:00","comment":"","acls":[],"backends":[{"max_tls_version":null,"ssl_ca_cert":null,"auto_loadbalance":false,"ssl_check_cert":true,"shield":null,"hostname":null,"ssl_client_cert":null,"error_threshold":0,"request_condition":"","first_byte_timeout":15000,"ssl_cert_hostname":null,"weight":100,"client_cert":null,"address":"127.0.0.1","ssl_hostname":null,"ssl_sni_hostname":null,"min_tls_version":null,"ipv6":null,"ipv4":"127.0.0.1","connect_timeout":1000,"ssl_ciphers":null,"name":"localhost","healthcheck":null,"port":80,"max_conn":200,"use_ssl":false,"comment":"","between_bytes_timeout":10000,"ssl_client_key":null}],"cache_settings":[{"stale_ttl":"0","ttl":null,"name":"cache-settings-config-name","action":null,"cache_condition":""}],"conditions":[],"dictionaries":[],"directors":[],"domains":[{"comment":"","name":"example7000.com"}],"gzips":[],"headers":[{"priority":"100","src":"\"https://u.jimcdn.com\"
        req.url.path","name":"Set Location header","substitution":"","ignore_if_set":"0","cache_condition":null,"request_condition":null,"regex":"","response_condition":null,"action":"set","type":"response","dst":"http.Location"}],"healthchecks":[],"request_settings":[],"response_objects":[{"request_condition":"","content_type":null,"status":"200","response":"Ok","name":"Set
        200 status code","content":null,"cache_condition":""}],"vcls":[],"wordpress":[],"settings":{"general.default_ttl":3600,"general.default_host":"","general.default_pci":0}},"active_version":{"testing":false,"number":3,"service_id":"71vhwCflsyl7Ly8t7koNr4","staging":false,"updated_at":"2016-12-06T16:27:47+00:00","deployed":false,"locked":true,"active":true,"deleted_at":null,"created_at":"2016-12-06T16:27:44+00:00","comment":"","acls":[],"backends":[{"max_tls_version":null,"ssl_ca_cert":null,"auto_loadbalance":false,"ssl_check_cert":true,"shield":null,"hostname":null,"ssl_client_cert":null,"error_threshold":0,"request_condition":"","first_byte_timeout":15000,"ssl_cert_hostname":null,"weight":100,"client_cert":null,"address":"127.0.0.1","ssl_hostname":null,"ssl_sni_hostname":null,"min_tls_version":null,"ipv6":null,"ipv4":"127.0.0.1","connect_timeout":1000,"ssl_ciphers":null,"name":"localhost","healthcheck":null,"port":80,"max_conn":200,"use_ssl":false,"comment":"","between_bytes_timeout":10000,"ssl_client_key":null}],"cache_settings":[{"stale_ttl":"0","ttl":null,"name":"cache-settings-config-name","action":null,"cache_condition":""}],"conditions":[],"dictionaries":[],"directors":[],"domains":[{"comment":"","name":"example7000.com"}],"gzips":[],"headers":[{"priority":"100","src":"\"https://u.jimcdn.com\"
        req.url.path","name":"Set Location header","substitution":"","ignore_if_set":"0","cache_condition":null,"request_condition":null,"regex":"","response_condition":null,"action":"set","type":"response","dst":"http.Location"}],"healthchecks":[],"request_settings":[],"response_objects":[{"request_condition":"","content_type":null,"status":"200","response":"Ok","name":"Set
        200 status code","content":null,"cache_condition":""}],"vcls":[],"wordpress":[],"settings":{"general.default_ttl":3600,"general.default_host":"","general.default_pci":0}}}'}
    headers:
      accept-ranges: [bytes]
      age: ['0']
      cache-control: [no-cache]
      connection: [keep-alive]
      content-length: ['4331']
      content-type: [application/json]
      date: ['Tue, 06 Dec 2016 16:27:48 GMT']
      status: [200 OK]
      vary: [Accept-Encoding]
      via: [1.1 varnish, 1.1 varnish]
      x-cache: ['MISS, MISS']
      x-cache-hits: ['0, 0']
      x-served-by: ['app-slwdc9050-SL, cache-lcy1123-LCY']
    status: {code: 200, message: OK}
- request:
    body: null
    headers:
      Content-Type: [application/json]
    method: GET
    uri: https://api.fastly.com/service/search?name=Fastly%20Ansible%20Module%20Test
  response:
    body: {string: !!python/unicode '{"name":"Fastly Ansible Module Test","deleted_at":null,"versions":[{"testing":false,"locked":false,"number":1,"active":false,"service_id":"71vhwCflsyl7Ly8t7koNr4","staging":false,"created_at":"2016-12-06T16:27:38+00:00","deleted_at":null,"comment":"","updated_at":"2016-12-06T16:27:38+00:00","deployed":false},{"testing":false,"locked":true,"number":2,"active":false,"service_id":"71vhwCflsyl7Ly8t7koNr4","staging":false,"created_at":"2016-12-06T16:27:39+00:00","deleted_at":null,"comment":"","updated_at":"2016-12-06T16:27:47+00:00","deployed":false},{"testing":false,"number":3,"service_id":"71vhwCflsyl7Ly8t7koNr4","staging":false,"deployed":false,"locked":true,"active":true,"comment":""}],"created_at":"2016-12-06T16:27:38+00:00","customer_id":"15DqjG1ON0S28gluYrATvC","comment":"","updated_at":"2016-12-06T16:27:38+00:00","id":"71vhwCflsyl7Ly8t7koNr4"}'}
    headers:
      accept-ranges: [bytes]
      age: ['0']
      cache-control: [no-cache]
      connection: [keep-alive]
      content-length: ['858']
      content-type: [application/json]
      date: ['Tue, 06 Dec 2016 16:27:48 GMT']
      status: [200 OK]
      vary: [Accept-Encoding]
      via: [1.1 varnish, 1.1 varnish]
      x-cache: ['MISS, MISS']
      x-cache-hits: ['0, 0']
      x-served-by: ['app-slwdc9051-SL, cache-lcy1127-LCY']
    status: {code: 200, message: OK}
- request:
    body: null
    headers:
      Content-Type: [application/json]
    method: GET
    uri: https://api.fastly.com/service/71vhwCflsyl7Ly8t7koNr4/details
  response:
    body: {string: !!python/unicode '{"name":"Fastly Ansible Module Test","deleted_at":null,"versions":[{"testing":false,"locked":false,"number":1,"active":false,"service_id":"71vhwCflsyl7Ly8t7koNr4","staging":false,"created_at":"2016-12-06T16:27:38+00:00","deleted_at":null,"comment":"","updated_at":"2016-12-06T16:27:38+00:00","deployed":false},{"testing":false,"locked":true,"number":2,"active":false,"service_id":"71vhwCflsyl7Ly8t7koNr4","staging":false,"created_at":"2016-12-06T16:27:39+00:00","deleted_at":null,"comment":"","updated_at":"2016-12-06T16:27:47+00:00","deployed":false},{"testing":false,"locked":true,"number":3,"active":true,"service_id":"71vhwCflsyl7Ly8t7koNr4","staging":false,"created_at":"2016-12-06T16:27:44+00:00","deleted_at":null,"comment":"","updated_at":"2016-12-06T16:27:47+00:00","deployed":false}],"created_at":"2016-12-06T16:27:38+00:00","customer_id":"15DqjG1ON0S28gluYrATvC","comment":"","updated_at":"2016-12-06T16:27:38+00:00","id":"71vhwCflsyl7Ly8t7koNr4","version":{"testing":false,"number":3,"service_id":"71vhwCflsyl7Ly8t7koNr4","staging":false,"updated_at":"2016-12-06T16:27:47+00:00","deployed":false,"locked":true,"active":true,"deleted_at":null,"created_at":"2016-12-06T16:27:44+00:00","comment":"","acls":[],"backends":[{"max_tls_version":null,"ssl_ca_cert":null,"auto_loadbalance":false,"ssl_check_cert":true,"shield":null,"hostname":null,"ssl_client_cert":null,"error_threshold":0,"request_condition":"","first_byte_timeout":15000,"ssl_cert_hostname":null,"weight":100,"client_cert":null,"address":"127.0.0.1","ssl_hostname":null,"ssl_sni_hostname":null,"min_tls_version":null,"ipv6":null,"ipv4":"127.0.0.1","connect_timeout":1000,"ssl_ciphers":null,"name":"localhost","healthcheck":null,"port":80,"max_conn":200,"use_ssl":false,"comment":"","between_bytes_timeout":10000,"ssl_client_key":null}],"cache_settings":[{"stale_ttl":"0","ttl":null,"name":"cache-settings-config-name","action":null,"cache_condition":""}],"conditions":[],"dictionaries":[],"directors":[],"domains":[{"comment":"","name":"example7000.com"}],"gzips":[],"headers":[{"priority":"100","src":"\"https://u.jimcdn.com\"
        req.url.path","name":"Set Location header","substitution":"","ignore_if_set":"0","cache_condition":null,"request_condition":null,"regex":"","response_condition":null,"action":"set","type":"response","dst":"http.Location"}],"healthchecks":[],"request_settings":[],"response_objects":[{"request_condition":"","content_type":null,"status":"200","response":"Ok","name":"Set
        200 status code","content":null,"cache_condition":""}],"vcls":[],"wordpress":[],"settings":{"general.default_ttl":3600,"general.default_host":"","general.default_pci":0}},"active_version":{"testing":false,"number":3,"service_id":"71vhwCflsyl7Ly8t7koNr4","staging":false,"updated_at":"2016-12-06T16:27:47+00:00","deployed":false,"locked":true,"active":true,"deleted_at":null,"created_at":"2016-12-06T16:27:44+00:00","comment":"","acls":[],"backends":[{"max_tls_version":null,"ssl_ca_cert":null,"auto_loadbalance":false,"ssl_check_cert":true,"shield":null,"hostname":null,"ssl_client_cert":null,"error_threshold":0,"request_condition":"","first_byte_timeout":15000,"ssl_cert_hostname":null,"weight":100,"client_cert":null,"address":"127.0.0.1","ssl_hostname":null,"ssl_sni_hostname":null,"min_tls_version":null,"ipv6":null,"ipv4":"127.0.0.1","connect_timeout":1000,"ssl_ciphers":null,"name":"localhost","healthcheck":null,"port":80,"max_conn":200,"use_ssl":false,"comment":"","between_bytes_timeout":10000,"ssl_client_key":null}],"cache_settings":[{"stale_ttl":"0","ttl":null,"name":"cache-settings-config-name","action":null,"cache_condition":""}],"conditions":[],"dictionaries":[],"directors":[],"domains":[{"comment":"","name":"example7000.com"}],"gzips":[],"headers":[{"priority":"100","src":"\"https://u.jimcdn.com\"
        req.url.path","name":"Set Location header","substitution":"","ignore_if_set":"0","cache_condition":null,"request_condition":null,"regex":"","response_condition":null,"action":"set","type":"response","dst":"http.Location"}],"healthchecks":[],"request_settings":[],"response_objects":[{"request_condition":"","content_type":null,"status":"200","response":"Ok","name":"Set
        200 status code","content":null,"cache_condition":""}],"vcls":[],"wordpress":[],"settings":{"general.default_ttl":3600,"general.default_host":"","general.default_pci":0}}}'}
    headers:
      accept-ranges: [bytes]
      age: ['0']
      cache-control: [no-cache]
      connection: [keep-alive]
      content-length: ['4331']
      content-type: [application/json]
      date: ['Tue, 06 Dec 2016 16:27:48 GMT']
      status: [200 OK]
      vary: [Accept-Encoding]
      via: [1.1 varnish, 1.1 varnish]
      x-cache: ['MISS, MISS']
      x-cache-hits: ['0, 0']
      x-served-by: ['app-slwdc9051-SL, cache-lcy1135-LCY']
    status: {code: 200, message: OK}
- request:
    body: null
    headers:
      Content-Type: [application/json]
    method: GET
    uri: https://api.fastly.com/service/71vhwCflsyl7Ly8t7koNr4/details
  response:
    body: {string: !!python/unicode '{"name":"Fastly Ansible Module Test","deleted_at":null,"versions":[{"testing":false,"locked":false,"number":1,"active":false,"service_id":"71vhwCflsyl7Ly8t7koNr4","staging":false,"created_at":"2016-12-06T16:27:38+00:00","deleted_at":null,"comment":"","updated_at":"2016-12-06T16:27:38+00:00","deployed":false},{"testing":false,"locked":true,"number":2,"active":false,"service_id":"71vhwCflsyl7Ly8t7koNr4","staging":false,"created_at":"2016-12-06T16:27:39+00:00","deleted_at":null,"comment":"","updated_at":"2016-12-06T16:27:47+00:00","deployed":false},{"testing":false,"locked":true,"number":3,"active":true,"service_id":"71vhwCflsyl7Ly8t7koNr4","staging":false,"created_at":"2016-12-06T16:27:44+00:00","deleted_at":null,"comment":"","updated_at":"2016-12-06T16:27:47+00:00","deployed":false}],"created_at":"2016-12-06T16:27:38+00:00","customer_id":"15DqjG1ON0S28gluYrATvC","comment":"","updated_at":"2016-12-06T16:27:38+00:00","id":"71vhwCflsyl7Ly8t7koNr4","version":{"testing":false,"number":3,"service_id":"71vhwCflsyl7Ly8t7koNr4","staging":false,"updated_at":"2016-12-06T16:27:47+00:00","deployed":false,"locked":true,"active":true,"deleted_at":null,"created_at":"2016-12-06T16:27:44+00:00","comment":"","acls":[],"backends":[{"max_tls_version":null,"ssl_ca_cert":null,"auto_loadbalance":false,"ssl_check_cert":true,"shield":null,"hostname":null,"ssl_client_cert":null,"error_threshold":0,"request_condition":"","first_byte_timeout":15000,"ssl_cert_hostname":null,"weight":100,"client_cert":null,"address":"127.0.0.1","ssl_hostname":null,"ssl_sni_hostname":null,"min_tls_version":null,"ipv6":null,"ipv4":"127.0.0.1","connect_timeout":1000,"ssl_ciphers":null,"name":"localhost","healthcheck":null,"port":80,"max_conn":200,"use_ssl":false,"comment":"","between_bytes_timeout":10000,"ssl_client_key":null}],"cache_settings":[{"stale_ttl":"0","ttl":null,"name":"cache-settings-config-name","action":null,"cache_condition":""}],"conditions":[],"dictionaries":[],"directors":[],"domains":[{"comment":"","name":"example7000.com"}],"gzips":[],"headers":[{"priority":"100","src":"\"https://u.jimcdn.com\"
        req.url.path","name":"Set Location header","substitution":"","ignore_if_set":"0","cache_condition":null,"request_condition":null,"regex":"","response_condition":null,"action":"set","type":"response","dst":"http.Location"}],"healthchecks":[],"request_settings":[],"response_objects":[{"request_condition":"","content_type":null,"status":"200","response":"Ok","name":"Set
        200 status code","content":null,"cache_condition":""}],"vcls":[],"wordpress":[],"settings":{"general.default_ttl":3600,"general.default_host":"","general.default_pci":0}},"active_version":{"testing":false,"number":3,"service_id":"71vhwCflsyl7Ly8t7koNr4","staging":false,"updated_at":"2016-12-06T16:27:47+00:00","deployed":false,"locked":true,"active":true,"deleted_at":null,"created_at":"2016-12-06T16:27:44+00:00","comment":"","acls":[],"backends":[{"max_tls_version":null,"ssl_ca_cert":null,"auto_loadbalance":false,"ssl_check_cert":true,"shield":null,"hostname":null,"ssl_client_cert":null,"error_threshold":0,"request_condition":"","first_byte_timeout":15000,"ssl_cert_hostname":null,"weight":100,"client_cert":null,"address":"127.0.0.1","ssl_hostname":null,"ssl_sni_hostname":null,"min_tls_version":null,"ipv6":null,"ipv4":"127.0.0.1","connect_timeout":1000,"ssl_ciphers":null,"name":"localhost","healthcheck":null,"port":80,"max_conn":200,"use_ssl":false,"comment":"","between_bytes_timeout":10000,"ssl_client_key":null}],"cache_settings":[{"stale_ttl":"0","ttl":null,"name":"cache-settings-config-name","action":null,"cache_condition":""}],"conditions":[],"dictionaries":[],"directors":[],"domains":[{"comment":"","name":"example7000.com"}],"gzips":[],"headers":[{"priority":"100","src":"\"https://u.jimcdn.com\"
        req.url.path","name":"Set Location header","substitution":"","ignore_if_set":"0","cache_condition":null,"request_condition":null,"regex":"","response_condition":null,"action":"set","type":"response","dst":"http.Location"}],"healthchecks":[],"request_settings":[],"response_objects":[{"request_condition":"","content_type":null,"status":"200","response":"Ok","name":"Set
        200 status code","content":null,"cache_condition":""}],"vcls":[],"wordpress":[],"settings":{"general.default_ttl":3600,"general.default_host":"","general.default_pci":0}}}'}
    headers:
      accept-ranges: [bytes]
      cache-control: [no-cache]
      connection: [keep-alive]
      content-length: ['4331']
      content-type: [application/json]
      date: ['Tue, 06 Dec 2016 16:27:49 GMT']
      status: [200 OK]
      vary: [Accept-Encoding]
      via: [1.1 varnish, 1.1 varnish]
      x-cache: ['MISS, MISS']
      x-cache-hits: ['0, 0']
      x-served-by: ['app-slwdc9050-SL, cache-lcy1145-LCY']
    status: {code: 200, message: OK}
version: 1
