interactions:
- request:
    body: null
    headers:
      Content-Type: [application/json]
    method: GET
    uri: https://api.fastly.com/service/search?name=Jimdo%20Fastly%20Ansible%20Module%20Test
  response:
    body: {string: !!python/unicode '{"name":"Jimdo Fastly Ansible Module Test","deleted_at":null,"versions":[{"testing":false,"locked":false,"number":1,"active":false,"service_id":"46PYuvyAUtdTc4t58R3bcy","staging":false,"created_at":"2017-08-11T21:53:36+00:00","deleted_at":null,"comment":"","updated_at":"2017-08-11T21:53:36+00:00","deployed":false},{"testing":false,"number":2,"service_id":"46PYuvyAUtdTc4t58R3bcy","staging":false,"deployed":false,"locked":true,"active":true,"comment":""}],"created_at":"2017-08-11T21:53:36+00:00","customer_id":"5zLQhRXD9EpYQjnj0fA6e9","comment":"","updated_at":"2017-08-11T21:53:36+00:00","id":"46PYuvyAUtdTc4t58R3bcy"}'}
    headers:
      accept-ranges: [bytes]
      age: ['0']
      cache-control: [no-cache]
      connection: [keep-alive]
      content-length: ['622']
      content-type: [application/json]
      date: ['Fri, 11 Aug 2017 21:53:41 GMT']
      status: [200 OK]
      vary: [Accept-Encoding]
      via: [1.1 varnish, 1.1 varnish]
      x-cache: ['MISS, MISS']
      x-cache-hits: ['0, 0']
      x-served-by: ['app-slwdc9051-SL, cache-fra1236-FRA']
      x-timer: ['S1502488422.726570,VS0,VE158']
    status: {code: 200, message: OK}
- request:
    body: null
    headers:
      Content-Type: [application/json]
    method: GET
    uri: https://api.fastly.com/service/46PYuvyAUtdTc4t58R3bcy/details
  response:
    body: {string: !!python/unicode '{"name":"Jimdo Fastly Ansible Module Test","deleted_at":null,"versions":[{"testing":false,"locked":false,"number":1,"active":false,"service_id":"46PYuvyAUtdTc4t58R3bcy","staging":false,"created_at":"2017-08-11T21:53:36+00:00","deleted_at":null,"comment":"","updated_at":"2017-08-11T21:53:36+00:00","deployed":false},{"testing":false,"locked":true,"number":2,"active":true,"service_id":"46PYuvyAUtdTc4t58R3bcy","staging":false,"created_at":"2017-08-11T21:53:37+00:00","deleted_at":null,"comment":"","updated_at":"2017-08-11T21:53:41+00:00","deployed":false}],"created_at":"2017-08-11T21:53:36+00:00","customer_id":"5zLQhRXD9EpYQjnj0fA6e9","comment":"","updated_at":"2017-08-11T21:53:36+00:00","id":"46PYuvyAUtdTc4t58R3bcy","version":{"testing":false,"number":2,"service_id":"46PYuvyAUtdTc4t58R3bcy","staging":false,"updated_at":"2017-08-11T21:53:41+00:00","deployed":false,"locked":true,"active":true,"deleted_at":null,"created_at":"2017-08-11T21:53:37+00:00","comment":"","acls":[],"backends":[{"max_tls_version":null,"ssl_ca_cert":null,"auto_loadbalance":false,"ssl_check_cert":true,"shield":null,"hostname":null,"ssl_client_cert":null,"error_threshold":0,"request_condition":"","first_byte_timeout":15000,"ssl_cert_hostname":null,"weight":100,"client_cert":null,"address":"127.0.0.1","ssl_hostname":null,"ssl_sni_hostname":null,"min_tls_version":null,"ipv6":null,"ipv4":"127.0.0.1","connect_timeout":1000,"ssl_ciphers":null,"name":"localhost","healthcheck":null,"port":80,"max_conn":200,"use_ssl":false,"comment":"","between_bytes_timeout":10000,"ssl_client_key":null}],"cache_settings":[],"conditions":[],"dictionaries":[],"directors":[],"domains":[{"comment":"","name":"cdn.example7000.com"}],"gzips":[],"headers":[{"priority":"10","src":"\"https://u.jimcdn.com\"
        req.url.path","name":"Set Location header","substitution":"","ignore_if_set":"0","cache_condition":null,"request_condition":null,"regex":"","response_condition":null,"action":"set","type":"response","dst":"http.Location"}],"healthchecks":[],"request_settings":[],"response_objects":[{"request_condition":"","content_type":null,"status":"302","response":"Ok","name":"Set
        302 status code","content":null,"cache_condition":""}],"snippets":[],"vcls":[],"wordpress":[],"settings":{"general.default_ttl":3600,"general.default_host":"","general.default_pci":0}},"active_version":{"testing":false,"number":2,"service_id":"46PYuvyAUtdTc4t58R3bcy","staging":false,"updated_at":"2017-08-11T21:53:41+00:00","deployed":false,"locked":true,"active":true,"deleted_at":null,"created_at":"2017-08-11T21:53:37+00:00","comment":"","acls":[],"backends":[{"max_tls_version":null,"ssl_ca_cert":null,"auto_loadbalance":false,"ssl_check_cert":true,"shield":null,"hostname":null,"ssl_client_cert":null,"error_threshold":0,"request_condition":"","first_byte_timeout":15000,"ssl_cert_hostname":null,"weight":100,"client_cert":null,"address":"127.0.0.1","ssl_hostname":null,"ssl_sni_hostname":null,"min_tls_version":null,"ipv6":null,"ipv4":"127.0.0.1","connect_timeout":1000,"ssl_ciphers":null,"name":"localhost","healthcheck":null,"port":80,"max_conn":200,"use_ssl":false,"comment":"","between_bytes_timeout":10000,"ssl_client_key":null}],"cache_settings":[],"conditions":[],"dictionaries":[],"directors":[],"domains":[{"comment":"","name":"cdn.example7000.com"}],"gzips":[],"headers":[{"priority":"10","src":"\"https://u.jimcdn.com\"
        req.url.path","name":"Set Location header","substitution":"","ignore_if_set":"0","cache_condition":null,"request_condition":null,"regex":"","response_condition":null,"action":"set","type":"response","dst":"http.Location"}],"healthchecks":[],"request_settings":[],"response_objects":[{"request_condition":"","content_type":null,"status":"302","response":"Ok","name":"Set
        302 status code","content":null,"cache_condition":""}],"snippets":[],"vcls":[],"wordpress":[],"settings":{"general.default_ttl":3600,"general.default_host":"","general.default_pci":0}}}'}
    headers:
      accept-ranges: [bytes]
      age: ['0']
      cache-control: [no-cache]
      connection: [keep-alive]
      content-length: ['3931']
      content-type: [application/json]
      date: ['Fri, 11 Aug 2017 21:53:42 GMT']
      status: [200 OK]
      vary: [Accept-Encoding]
      via: [1.1 varnish, 1.1 varnish]
      x-cache: ['MISS, MISS']
      x-cache-hits: ['0, 0']
      x-served-by: ['app-slwdc9051-SL, cache-fra1242-FRA']
      x-timer: ['S1502488422.945449,VS0,VE129']
    status: {code: 200, message: OK}
- request:
    body: null
    headers:
      Content-Type: [application/json]
    method: GET
    uri: https://api.fastly.com/service/46PYuvyAUtdTc4t58R3bcy/details
  response:
    body: {string: !!python/unicode '{"name":"Jimdo Fastly Ansible Module Test","deleted_at":null,"versions":[{"testing":false,"locked":false,"number":1,"active":false,"service_id":"46PYuvyAUtdTc4t58R3bcy","staging":false,"created_at":"2017-08-11T21:53:36+00:00","deleted_at":null,"comment":"","updated_at":"2017-08-11T21:53:36+00:00","deployed":false},{"testing":false,"locked":true,"number":2,"active":true,"service_id":"46PYuvyAUtdTc4t58R3bcy","staging":false,"created_at":"2017-08-11T21:53:37+00:00","deleted_at":null,"comment":"","updated_at":"2017-08-11T21:53:41+00:00","deployed":false}],"created_at":"2017-08-11T21:53:36+00:00","customer_id":"5zLQhRXD9EpYQjnj0fA6e9","comment":"","updated_at":"2017-08-11T21:53:36+00:00","id":"46PYuvyAUtdTc4t58R3bcy","version":{"testing":false,"number":2,"service_id":"46PYuvyAUtdTc4t58R3bcy","staging":false,"updated_at":"2017-08-11T21:53:41+00:00","deployed":false,"locked":true,"active":true,"deleted_at":null,"created_at":"2017-08-11T21:53:37+00:00","comment":"","acls":[],"backends":[{"max_tls_version":null,"ssl_ca_cert":null,"auto_loadbalance":false,"ssl_check_cert":true,"shield":null,"hostname":null,"ssl_client_cert":null,"error_threshold":0,"request_condition":"","first_byte_timeout":15000,"ssl_cert_hostname":null,"weight":100,"client_cert":null,"address":"127.0.0.1","ssl_hostname":null,"ssl_sni_hostname":null,"min_tls_version":null,"ipv6":null,"ipv4":"127.0.0.1","connect_timeout":1000,"ssl_ciphers":null,"name":"localhost","healthcheck":null,"port":80,"max_conn":200,"use_ssl":false,"comment":"","between_bytes_timeout":10000,"ssl_client_key":null}],"cache_settings":[],"conditions":[],"dictionaries":[],"directors":[],"domains":[{"comment":"","name":"cdn.example7000.com"}],"gzips":[],"headers":[{"priority":"10","src":"\"https://u.jimcdn.com\"
        req.url.path","name":"Set Location header","substitution":"","ignore_if_set":"0","cache_condition":null,"request_condition":null,"regex":"","response_condition":null,"action":"set","type":"response","dst":"http.Location"}],"healthchecks":[],"request_settings":[],"response_objects":[{"request_condition":"","content_type":null,"status":"302","response":"Ok","name":"Set
        302 status code","content":null,"cache_condition":""}],"snippets":[],"vcls":[],"wordpress":[],"settings":{"general.default_ttl":3600,"general.default_host":"","general.default_pci":0}},"active_version":{"testing":false,"number":2,"service_id":"46PYuvyAUtdTc4t58R3bcy","staging":false,"updated_at":"2017-08-11T21:53:41+00:00","deployed":false,"locked":true,"active":true,"deleted_at":null,"created_at":"2017-08-11T21:53:37+00:00","comment":"","acls":[],"backends":[{"max_tls_version":null,"ssl_ca_cert":null,"auto_loadbalance":false,"ssl_check_cert":true,"shield":null,"hostname":null,"ssl_client_cert":null,"error_threshold":0,"request_condition":"","first_byte_timeout":15000,"ssl_cert_hostname":null,"weight":100,"client_cert":null,"address":"127.0.0.1","ssl_hostname":null,"ssl_sni_hostname":null,"min_tls_version":null,"ipv6":null,"ipv4":"127.0.0.1","connect_timeout":1000,"ssl_ciphers":null,"name":"localhost","healthcheck":null,"port":80,"max_conn":200,"use_ssl":false,"comment":"","between_bytes_timeout":10000,"ssl_client_key":null}],"cache_settings":[],"conditions":[],"dictionaries":[],"directors":[],"domains":[{"comment":"","name":"cdn.example7000.com"}],"gzips":[],"headers":[{"priority":"10","src":"\"https://u.jimcdn.com\"
        req.url.path","name":"Set Location header","substitution":"","ignore_if_set":"0","cache_condition":null,"request_condition":null,"regex":"","response_condition":null,"action":"set","type":"response","dst":"http.Location"}],"healthchecks":[],"request_settings":[],"response_objects":[{"request_condition":"","content_type":null,"status":"302","response":"Ok","name":"Set
        302 status code","content":null,"cache_condition":""}],"snippets":[],"vcls":[],"wordpress":[],"settings":{"general.default_ttl":3600,"general.default_host":"","general.default_pci":0}}}'}
    headers:
      accept-ranges: [bytes]
      cache-control: [no-cache]
      connection: [keep-alive]
      content-length: ['3931']
      content-type: [application/json]
      date: ['Fri, 11 Aug 2017 21:53:42 GMT']
      status: [200 OK]
      vary: [Accept-Encoding]
      via: [1.1 varnish, 1.1 varnish]
      x-cache: ['MISS, MISS']
      x-cache-hits: ['0, 0']
      x-served-by: ['app-slwdc9051-SL, cache-fra1241-FRA']
      x-timer: ['S1502488422.143134,VS0,VE457']
    status: {code: 200, message: OK}
version: 1
