interactions:
- request:
    body: null
    headers:
      Content-Type: [application/json]
    method: GET
    uri: https://api.fastly.com/service/search?name=Fastly%20Ansible%20Module%20Test
  response:
    body: {string: !!python/unicode '{"msg":"Record not found","detail":"Cannot load
        service ''31RPDMBpiruA1yfGA2djLm''-''Fastly Ansible Module Test''"}'}
    headers:
      accept-ranges: [bytes]
      cache-control: [no-cache]
      connection: [keep-alive]
      content-length: ['111']
      content-type: [application/json]
      date: ['Wed, 30 May 2018 15:05:01 GMT']
      status: [404 Not Found]
      vary: [Accept-Encoding]
      via: [1.1 varnish, 1.1 varnish]
      x-cache: ['MISS, MISS']
      x-cache-hits: ['0, 0']
      x-served-by: ['app-slwdc9051-SL, cache-fra19140-FRA']
      x-timer: ['S1527692701.081881,VS0,VE113']
    status: {code: 404, message: Not Found}
- request:
    body: !!python/unicode '{"name": "Fastly Ansible Module Test"}'
    headers:
      Content-Type: [application/json]
    method: POST
    uri: https://api.fastly.com/service
  response:
    body: {string: !!python/unicode '{"customer_id":"31RPDMBpiruA1yfGA2djLm","name":"Fastly
        Ansible Module Test","publish_key":"2b889c213c9f1c5f780f554dee6a4f91dafbd886","versions":[{"testing":false,"locked":false,"number":1,"active":false,"service_id":"6QtbuNzxWZQy6sItdrPtLS","staging":false,"created_at":"2018-05-30T15:05:01Z","deleted_at":null,"comment":"","updated_at":"2018-05-30T15:05:01Z","deployed":false}],"deleted_at":null,"created_at":"2018-05-30T15:05:01Z","comment":"","updated_at":"2018-05-30T15:05:01Z","id":"6QtbuNzxWZQy6sItdrPtLS"}'}
    headers:
      accept-ranges: [bytes]
      cache-control: [no-cache]
      connection: [keep-alive]
      content-length: ['512']
      content-type: [application/json]
      date: ['Wed, 30 May 2018 15:05:01 GMT']
      fastly-ratelimit-remaining: ['761']
      fastly-ratelimit-reset: ['1527696000']
      status: [200 OK]
      vary: [Accept-Encoding]
      via: [1.1 varnish, 1.1 varnish]
      x-cache: ['MISS, MISS']
      x-cache-hits: ['0, 0']
      x-served-by: ['app-slwdc9051-SL, cache-fra19134-FRA']
      x-timer: ['S1527692701.253669,VS0,VE149']
    status: {code: 200, message: OK}
- request:
    body: null
    headers:
      Content-Type: [application/json]
    method: GET
    uri: https://api.fastly.com/service/6QtbuNzxWZQy6sItdrPtLS/details
  response:
    body: {string: !!python/unicode '{"name":"Fastly Ansible Module Test","deleted_at":null,"versions":[{"testing":false,"locked":false,"number":1,"active":false,"service_id":"6QtbuNzxWZQy6sItdrPtLS","staging":false,"created_at":"2018-05-30T15:05:01Z","deleted_at":null,"comment":"","updated_at":"2018-05-30T15:05:01Z","deployed":false}],"created_at":"2018-05-30T15:05:01Z","customer_id":"31RPDMBpiruA1yfGA2djLm","comment":"","updated_at":"2018-05-30T15:05:01Z","id":"6QtbuNzxWZQy6sItdrPtLS","version":{"testing":false,"staging":false,"updated_at":"2018-05-30T15:05:01Z","active":false,"number":1,"service_id":"6QtbuNzxWZQy6sItdrPtLS","deployed":false,"locked":false,"deleted_at":null,"created_at":"2018-05-30T15:05:01Z","comment":"","acls":[],"backends":[],"cache_settings":[],"conditions":[],"dictionaries":[],"directors":[],"domains":[],"gzips":[],"headers":[],"healthchecks":[],"request_settings":[],"response_objects":[],"snippets":[],"vcls":[],"wordpress":[],"settings":{"general.stale_if_error_ttl":43200,"general.stale_if_error":false,"general.default_ttl":3600,"general.default_host":"","general.default_pci":0}},"active_version":null}'}
    headers:
      accept-ranges: [bytes]
      age: ['0']
      cache-control: [no-cache]
      connection: [keep-alive]
      content-length: ['1107']
      content-type: [application/json]
      date: ['Wed, 30 May 2018 15:05:01 GMT']
      status: [200 OK]
      vary: [Accept-Encoding]
      via: [1.1 varnish, 1.1 varnish]
      x-cache: ['MISS, MISS']
      x-cache-hits: ['0, 0']
      x-served-by: ['app-slwdc9051-SL, cache-fra19126-FRA']
      x-timer: ['S1527692701.461604,VS0,VE437']
    status: {code: 200, message: OK}
- request:
    body: null
    headers:
      Content-Type: [application/json]
    method: PUT
    uri: https://api.fastly.com/service/6QtbuNzxWZQy6sItdrPtLS/version/1/clone
  response:
    body: {string: !!python/unicode '{"testing":false,"locked":false,"number":2,"active":false,"service_id":"6QtbuNzxWZQy6sItdrPtLS","staging":false,"created_at":"2018-05-30T15:05:01Z","deleted_at":null,"comment":"","updated_at":"2018-05-30T15:05:01Z","deployed":false}'}
    headers:
      accept-ranges: [bytes]
      cache-control: [no-cache]
      connection: [keep-alive]
      content-length: ['232']
      content-type: [application/json]
      date: ['Wed, 30 May 2018 15:05:02 GMT']
      fastly-ratelimit-remaining: ['760']
      fastly-ratelimit-reset: ['1527696000']
      status: [200 OK]
      vary: [Accept-Encoding]
      via: [1.1 varnish, 1.1 varnish]
      x-cache: ['MISS, MISS']
      x-cache-hits: ['0, 0']
      x-served-by: ['app-slwdc9051-SL, cache-fra19133-FRA']
      x-timer: ['S1527692702.955537,VS0,VE512']
    status: {code: 200, message: OK}
- request:
    body: null
    headers:
      Content-Type: [application/json]
    method: GET
    uri: https://api.fastly.com/service/6QtbuNzxWZQy6sItdrPtLS/version/2/domain
  response:
    body: {string: !!python/unicode '[]'}
    headers:
      accept-ranges: [bytes]
      age: ['0']
      cache-control: [no-cache]
      connection: [keep-alive]
      content-length: ['2']
      content-type: [application/json]
      date: ['Wed, 30 May 2018 15:05:02 GMT']
      status: [200 OK]
      vary: [Accept-Encoding]
      via: [1.1 varnish, 1.1 varnish]
      x-cache: ['MISS, MISS']
      x-cache-hits: ['0, 0']
      x-served-by: ['app-slwdc9051-SL, cache-fra19136-FRA']
      x-timer: ['S1527692703.521727,VS0,VE426']
    status: {code: 200, message: OK}
- request:
    body: null
    headers:
      Content-Type: [application/json]
    method: GET
    uri: https://api.fastly.com/service/6QtbuNzxWZQy6sItdrPtLS/version/2/healthcheck
  response:
    body: {string: !!python/unicode '[]'}
    headers:
      accept-ranges: [bytes]
      age: ['0']
      cache-control: [no-cache]
      connection: [keep-alive]
      content-length: ['2']
      content-type: [application/json]
      date: ['Wed, 30 May 2018 15:05:03 GMT']
      status: [200 OK]
      vary: [Accept-Encoding]
      via: [1.1 varnish, 1.1 varnish]
      x-cache: ['MISS, MISS']
      x-cache-hits: ['0, 0']
      x-served-by: ['app-slwdc9051-SL, cache-fra19134-FRA']
      x-timer: ['S1527692703.997723,VS0,VE411']
    status: {code: 200, message: OK}
- request:
    body: null
    headers:
      Content-Type: [application/json]
    method: GET
    uri: https://api.fastly.com/service/6QtbuNzxWZQy6sItdrPtLS/version/2/condition
  response:
    body: {string: !!python/unicode '[]'}
    headers:
      accept-ranges: [bytes]
      age: ['0']
      cache-control: [no-cache]
      connection: [keep-alive]
      content-length: ['2']
      content-type: [application/json]
      date: ['Wed, 30 May 2018 15:05:03 GMT']
      status: [200 OK]
      vary: [Accept-Encoding]
      via: [1.1 varnish, 1.1 varnish]
      x-cache: ['MISS, MISS']
      x-cache-hits: ['0, 0']
      x-served-by: ['app-slwdc9051-SL, cache-fra19142-FRA']
      x-timer: ['S1527692703.460782,VS0,VE134']
    status: {code: 200, message: OK}
- request:
    body: null
    headers:
      Content-Type: [application/json]
    method: GET
    uri: https://api.fastly.com/service/6QtbuNzxWZQy6sItdrPtLS/version/2/backend
  response:
    body: {string: !!python/unicode '[]'}
    headers:
      accept-ranges: [bytes]
      age: ['0']
      cache-control: [no-cache]
      connection: [keep-alive]
      content-length: ['2']
      content-type: [application/json]
      date: ['Wed, 30 May 2018 15:05:04 GMT']
      status: [200 OK]
      vary: [Accept-Encoding]
      via: [1.1 varnish, 1.1 varnish]
      x-cache: ['MISS, MISS']
      x-cache-hits: ['0, 0']
      x-served-by: ['app-slwdc9051-SL, cache-fra19148-FRA']
      x-timer: ['S1527692704.652341,VS0,VE456']
    status: {code: 200, message: OK}
- request:
    body: null
    headers:
      Content-Type: [application/json]
    method: GET
    uri: https://api.fastly.com/service/6QtbuNzxWZQy6sItdrPtLS/version/2/director
  response:
    body: {string: !!python/unicode '[]'}
    headers:
      accept-ranges: [bytes]
      age: ['0']
      cache-control: [no-cache]
      connection: [keep-alive]
      content-length: ['2']
      content-type: [application/json]
      date: ['Wed, 30 May 2018 15:05:04 GMT']
      status: [200 OK]
      vary: [Accept-Encoding]
      via: [1.1 varnish, 1.1 varnish]
      x-cache: ['MISS, MISS']
      x-cache-hits: ['0, 0']
      x-served-by: ['app-slwdc9051-SL, cache-fra19125-FRA']
      x-timer: ['S1527692704.164676,VS0,VE139']
    status: {code: 200, message: OK}
- request:
    body: null
    headers:
      Content-Type: [application/json]
    method: GET
    uri: https://api.fastly.com/service/6QtbuNzxWZQy6sItdrPtLS/version/2/cache_settings
  response:
    body: {string: !!python/unicode '[]'}
    headers:
      accept-ranges: [bytes]
      age: ['0']
      cache-control: [no-cache]
      connection: [keep-alive]
      content-length: ['2']
      content-type: [application/json]
      date: ['Wed, 30 May 2018 15:05:04 GMT']
      status: [200 OK]
      vary: [Accept-Encoding]
      via: [1.1 varnish, 1.1 varnish]
      x-cache: ['MISS, MISS']
      x-cache-hits: ['0, 0']
      x-served-by: ['app-slwdc9051-SL, cache-fra19129-FRA']
      x-timer: ['S1527692704.357943,VS0,VE125']
    status: {code: 200, message: OK}
- request:
    body: null
    headers:
      Content-Type: [application/json]
    method: GET
    uri: https://api.fastly.com/service/6QtbuNzxWZQy6sItdrPtLS/version/2/gzip
  response:
    body: {string: !!python/unicode '[]'}
    headers:
      accept-ranges: [bytes]
      age: ['0']
      cache-control: [no-cache]
      connection: [keep-alive]
      content-length: ['2']
      content-type: [application/json]
      date: ['Wed, 30 May 2018 15:05:04 GMT']
      status: [200 OK]
      vary: [Accept-Encoding]
      via: [1.1 varnish, 1.1 varnish]
      x-cache: ['MISS, MISS']
      x-cache-hits: ['0, 0']
      x-served-by: ['app-slwdc9051-SL, cache-fra19149-FRA']
      x-timer: ['S1527692705.541459,VS0,VE122']
    status: {code: 200, message: OK}
- request:
    body: null
    headers:
      Content-Type: [application/json]
    method: GET
    uri: https://api.fastly.com/service/6QtbuNzxWZQy6sItdrPtLS/version/2/header
  response:
    body: {string: !!python/unicode '[]'}
    headers:
      accept-ranges: [bytes]
      age: ['0']
      cache-control: [no-cache]
      connection: [keep-alive]
      content-length: ['2']
      content-type: [application/json]
      date: ['Wed, 30 May 2018 15:05:04 GMT']
      status: [200 OK]
      vary: [Accept-Encoding]
      via: [1.1 varnish, 1.1 varnish]
      x-cache: ['MISS, MISS']
      x-cache-hits: ['0, 0']
      x-served-by: ['app-slwdc9051-SL, cache-fra19142-FRA']
      x-timer: ['S1527692705.721940,VS0,VE126']
    status: {code: 200, message: OK}
- request:
    body: null
    headers:
      Content-Type: [application/json]
    method: GET
    uri: https://api.fastly.com/service/6QtbuNzxWZQy6sItdrPtLS/version/2/request_settings
  response:
    body: {string: !!python/unicode '[]'}
    headers:
      accept-ranges: [bytes]
      age: ['0']
      cache-control: [no-cache]
      connection: [keep-alive]
      content-length: ['2']
      content-type: [application/json]
      date: ['Wed, 30 May 2018 15:05:05 GMT']
      status: [200 OK]
      vary: [Accept-Encoding]
      via: [1.1 varnish, 1.1 varnish]
      x-cache: ['MISS, MISS']
      x-cache-hits: ['0, 0']
      x-served-by: ['app-slwdc9051-SL, cache-fra19150-FRA']
      x-timer: ['S1527692705.903776,VS0,VE129']
    status: {code: 200, message: OK}
- request:
    body: null
    headers:
      Content-Type: [application/json]
    method: GET
    uri: https://api.fastly.com/service/6QtbuNzxWZQy6sItdrPtLS/version/2/response_object
  response:
    body: {string: !!python/unicode '[]'}
    headers:
      accept-ranges: [bytes]
      age: ['0']
      cache-control: [no-cache]
      connection: [keep-alive]
      content-length: ['2']
      content-type: [application/json]
      date: ['Wed, 30 May 2018 15:05:05 GMT']
      status: [200 OK]
      vary: [Accept-Encoding]
      via: [1.1 varnish, 1.1 varnish]
      x-cache: ['MISS, MISS']
      x-cache-hits: ['0, 0']
      x-served-by: ['app-slwdc9051-SL, cache-fra19125-FRA']
      x-timer: ['S1527692705.091093,VS0,VE121']
    status: {code: 200, message: OK}
- request:
    body: null
    headers:
      Content-Type: [application/json]
    method: GET
    uri: https://api.fastly.com/service/6QtbuNzxWZQy6sItdrPtLS/version/2/snippet
  response:
    body: {string: !!python/unicode '[]'}
    headers:
      accept-ranges: [bytes]
      age: ['0']
      cache-control: [no-cache]
      connection: [keep-alive]
      content-length: ['2']
      content-type: [application/json]
      date: ['Wed, 30 May 2018 15:05:05 GMT']
      status: [200 OK]
      vary: [Accept-Encoding]
      via: [1.1 varnish, 1.1 varnish]
      x-cache: ['MISS, MISS']
      x-cache-hits: ['0, 0']
      x-served-by: ['app-slwdc9051-SL, cache-fra19123-FRA']
      x-timer: ['S1527692705.269962,VS0,VE133']
    status: {code: 200, message: OK}
- request:
    body: null
    headers:
      Content-Type: [application/json]
    method: GET
    uri: https://api.fastly.com/service/6QtbuNzxWZQy6sItdrPtLS/version/2/logging/s3
  response:
    body: {string: !!python/unicode '[]'}
    headers:
      accept-ranges: [bytes]
      age: ['0']
      cache-control: [no-cache]
      connection: [keep-alive]
      content-length: ['2']
      content-type: [application/json]
      date: ['Wed, 30 May 2018 15:05:05 GMT']
      status: [200 OK]
      vary: [Accept-Encoding]
      via: [1.1 varnish, 1.1 varnish]
      x-cache: ['MISS, MISS']
      x-cache-hits: ['0, 0']
      x-served-by: ['app-slwdc9051-SL, cache-fra19146-FRA']
      x-timer: ['S1527692705.458898,VS0,VE415']
    status: {code: 200, message: OK}
- request:
    body: null
    headers:
      Content-Type: [application/json]
    method: GET
    uri: https://api.fastly.com/service/6QtbuNzxWZQy6sItdrPtLS/version/2/logging/syslog
  response:
    body: {string: !!python/unicode '[]'}
    headers:
      accept-ranges: [bytes]
      age: ['0']
      cache-control: [no-cache]
      connection: [keep-alive]
      content-length: ['2']
      content-type: [application/json]
      date: ['Wed, 30 May 2018 15:05:06 GMT']
      status: [200 OK]
      vary: [Accept-Encoding]
      via: [1.1 varnish, 1.1 varnish]
      x-cache: ['MISS, MISS']
      x-cache-hits: ['0, 0']
      x-served-by: ['app-slwdc9051-SL, cache-fra19128-FRA']
      x-timer: ['S1527692706.932962,VS0,VE126']
    status: {code: 200, message: OK}
- request:
    body: !!python/unicode '{"comment": "", "name": "example8000.com"}'
    headers:
      Content-Type: [application/json]
    method: POST
    uri: https://api.fastly.com/service/6QtbuNzxWZQy6sItdrPtLS/version/2/domain
  response:
    body: {string: !!python/unicode '{"comment":"","name":"example8000.com","service_id":"6QtbuNzxWZQy6sItdrPtLS","version":2,"deleted_at":null,"created_at":"2018-05-30T15:05:06Z","updated_at":"2018-05-30T15:05:06Z"}'}
    headers:
      accept-ranges: [bytes]
      cache-control: [no-cache]
      connection: [keep-alive]
      content-length: ['179']
      content-type: [application/json]
      date: ['Wed, 30 May 2018 15:05:06 GMT']
      fastly-ratelimit-remaining: ['759']
      fastly-ratelimit-reset: ['1527696000']
      status: [200 OK]
      vary: [Accept-Encoding]
      via: [1.1 varnish, 1.1 varnish]
      x-cache: ['MISS, MISS']
      x-cache-hits: ['0, 0']
      x-served-by: ['app-slwdc9051-SL, cache-fra19148-FRA']
      x-timer: ['S1527692706.122964,VS0,VE485']
    status: {code: 200, message: OK}
- request:
    body: !!python/unicode '{"ssl_ca_cert": null, "request_condition": "", "name":
      "localhost", "weight": 100, "healthcheck": null, "first_byte_timeout": 15000,
      "error_threshold": 0, "port": 80, "ssl_cert_hostname": null, "address": "127.0.0.1",
      "between_bytes_timeout": 10000, "max_conn": 200, "connect_timeout": 1000, "ssl_hostname":
      null, "shield": null}'
    headers:
      Content-Type: [application/json]
    method: POST
    uri: https://api.fastly.com/service/6QtbuNzxWZQy6sItdrPtLS/version/2/backend
  response:
    body: {string: !!python/unicode '{"ssl_ca_cert":null,"request_condition":"","name":"localhost","weight":100,"healthcheck":null,"first_byte_timeout":15000,"error_threshold":0,"port":80,"ssl_cert_hostname":null,"address":"127.0.0.1","between_bytes_timeout":10000,"max_conn":200,"connect_timeout":1000,"ssl_hostname":null,"shield":null,"service_id":"6QtbuNzxWZQy6sItdrPtLS","version":2,"max_tls_version":null,"ssl_client_cert":null,"hostname":null,"client_cert":null,"updated_at":"2018-05-30T15:05:07Z","ipv4":"127.0.0.1","ssl_ciphers":null,"ssl_client_key":null,"auto_loadbalance":false,"ssl_check_cert":true,"ssl_sni_hostname":null,"min_tls_version":null,"ipv6":null,"deleted_at":null,"use_ssl":false,"created_at":"2018-05-30T15:05:07Z","comment":""}'}
    headers:
      accept-ranges: [bytes]
      cache-control: [no-cache]
      connection: [keep-alive]
      content-length: ['716']
      content-type: [application/json]
      date: ['Wed, 30 May 2018 15:05:07 GMT']
      fastly-ratelimit-remaining: ['758']
      fastly-ratelimit-reset: ['1527696000']
      status: [200 OK]
      vary: [Accept-Encoding]
      via: [1.1 varnish, 1.1 varnish]
      x-cache: ['MISS, MISS']
      x-cache-hits: ['0, 0']
      x-served-by: ['app-slwdc9051-SL, cache-fra19120-FRA']
      x-timer: ['S1527692707.662178,VS0,VE474']
    status: {code: 200, message: OK}
- request:
    body: !!python/unicode '{"ignore_if_set": "0", "regex": "", "request_condition":
      null, "name": "Set Location header", "src": "\"https://u.jimcdn.com\" req.url.path",
      "dst": "http.Location", "cache_condition": null, "priority": "100", "substitution":
      "", "action": "set", "type": "response", "response_condition": null}'
    headers:
      Content-Type: [application/json]
    method: POST
    uri: https://api.fastly.com/service/6QtbuNzxWZQy6sItdrPtLS/version/2/header
  response:
    body: {string: !!python/unicode '{"ignore_if_set":"0","regex":"","request_condition":null,"name":"Set
        Location header","src":"\"https://u.jimcdn.com\" req.url.path","dst":"http.Location","cache_condition":null,"priority":"100","substitution":"","action":"set","type":"response","response_condition":null,"service_id":"6QtbuNzxWZQy6sItdrPtLS","version":"2","updated_at":"2018-05-30T15:05:07Z","deleted_at":null,"created_at":"2018-05-30T15:05:07Z"}'}
    headers:
      accept-ranges: [bytes]
      cache-control: [no-cache]
      connection: [keep-alive]
      content-length: ['413']
      content-type: [application/json]
      date: ['Wed, 30 May 2018 15:05:07 GMT']
      fastly-ratelimit-remaining: ['757']
      fastly-ratelimit-reset: ['1527696000']
      status: [200 OK]
      vary: [Accept-Encoding]
      via: [1.1 varnish, 1.1 varnish]
      x-cache: ['MISS, MISS']
      x-cache-hits: ['0, 0']
      x-served-by: ['app-slwdc9051-SL, cache-fra19147-FRA']
      x-timer: ['S1527692707.194471,VS0,VE424']
    status: {code: 200, message: OK}
- request:
    body: !!python/unicode '{"status": "200", "request_condition": "", "name": "Set
      200 status code", "content": "", "content_type": "", "response": "Ok"}'
    headers:
      Content-Type: [application/json]
    method: POST
    uri: https://api.fastly.com/service/6QtbuNzxWZQy6sItdrPtLS/version/2/response_object
  response:
    body: {string: !!python/unicode '{"status":"200","request_condition":"","name":"Set
        200 status code","content":"","content_type":"","response":"Ok","service_id":"6QtbuNzxWZQy6sItdrPtLS","version":"2","deleted_at":null,"cache_condition":"","created_at":"2018-05-30T15:05:07Z","updated_at":"2018-05-30T15:05:07Z"}'}
    headers:
      accept-ranges: [bytes]
      cache-control: [no-cache]
      connection: [keep-alive]
      content-length: ['278']
      content-type: [application/json]
      date: ['Wed, 30 May 2018 15:05:07 GMT']
      fastly-ratelimit-remaining: ['756']
      fastly-ratelimit-reset: ['1527696000']
      status: [200 OK]
      vary: [Accept-Encoding]
      via: [1.1 varnish, 1.1 varnish]
      x-cache: ['MISS, MISS']
      x-cache-hits: ['0, 0']
      x-served-by: ['app-slwdc9051-SL, cache-fra19137-FRA']
      x-timer: ['S1527692708.745328,VS0,VE181']
    status: {code: 200, message: OK}
- request:
    body: !!python/unicode '{"general.default_ttl": 1000}'
    headers:
      Content-Type: [application/json]
    method: PUT
    uri: https://api.fastly.com/service/6QtbuNzxWZQy6sItdrPtLS/version/2/settings
  response:
    body: {string: !!python/unicode '{"general.stale_if_error_ttl":43200,"general.stale_if_error":false,"general.default_ttl":1000,"version":2,"general.default_host":"","general.default_pci":0,"service_id":"6QtbuNzxWZQy6sItdrPtLS"}'}
    headers:
      accept-ranges: [bytes]
      cache-control: [no-cache]
      connection: [keep-alive]
      content-length: ['194']
      content-type: [application/json]
      date: ['Wed, 30 May 2018 15:05:08 GMT']
      fastly-ratelimit-remaining: ['755']
      fastly-ratelimit-reset: ['1527696000']
      status: [200 OK]
      vary: [Accept-Encoding]
      via: [1.1 varnish, 1.1 varnish]
      x-cache: ['MISS, MISS']
      x-cache-hits: ['0, 0']
      x-served-by: ['app-slwdc9051-SL, cache-fra19148-FRA']
      x-timer: ['S1527692708.988361,VS0,VE184']
    status: {code: 200, message: OK}
- request:
    body: null
    headers:
      Content-Type: [application/json]
    method: PUT
    uri: https://api.fastly.com/service/6QtbuNzxWZQy6sItdrPtLS/version/2/activate
  response:
    body: {string: !!python/unicode '{"testing":false,"locked":true,"number":2,"active":true,"service_id":"6QtbuNzxWZQy6sItdrPtLS","staging":false,"created_at":"2018-05-30T15:05:02Z","deleted_at":null,"comment":"","updated_at":"2018-05-30T15:05:07Z","deployed":false,"msg":null}'}
    headers:
      accept-ranges: [bytes]
      cache-control: [no-cache]
      connection: [keep-alive]
      content-length: ['241']
      content-type: [application/json]
      date: ['Wed, 30 May 2018 15:05:08 GMT']
      fastly-ratelimit-remaining: ['754']
      fastly-ratelimit-reset: ['1527696000']
      status: [200 OK]
      vary: [Accept-Encoding]
      via: [1.1 varnish, 1.1 varnish]
      x-cache: ['MISS, MISS']
      x-cache-hits: ['0, 0']
      x-served-by: ['app-slwdc9051-SL, cache-fra19132-FRA']
      x-timer: ['S1527692708.227819,VS0,VE664']
    status: {code: 200, message: OK}
- request:
    body: null
    headers:
      Content-Type: [application/json]
    method: GET
    uri: https://api.fastly.com/service/6QtbuNzxWZQy6sItdrPtLS/details
  response:
    body: {string: !!python/unicode '{"name":"Fastly Ansible Module Test","deleted_at":null,"versions":[{"testing":false,"locked":false,"number":1,"active":false,"service_id":"6QtbuNzxWZQy6sItdrPtLS","staging":false,"created_at":"2018-05-30T15:05:01Z","deleted_at":null,"comment":"","updated_at":"2018-05-30T15:05:01Z","deployed":false},{"testing":false,"locked":true,"number":2,"active":true,"service_id":"6QtbuNzxWZQy6sItdrPtLS","staging":false,"created_at":"2018-05-30T15:05:02Z","deleted_at":null,"comment":"","updated_at":"2018-05-30T15:05:08Z","deployed":false}],"created_at":"2018-05-30T15:05:01Z","customer_id":"31RPDMBpiruA1yfGA2djLm","comment":"","updated_at":"2018-05-30T15:05:01Z","id":"6QtbuNzxWZQy6sItdrPtLS","version":{"testing":false,"staging":false,"updated_at":"2018-05-30T15:05:08Z","active":true,"number":2,"service_id":"6QtbuNzxWZQy6sItdrPtLS","deployed":false,"locked":true,"deleted_at":null,"created_at":"2018-05-30T15:05:02Z","comment":"","acls":[],"backends":[{"max_tls_version":null,"ssl_ca_cert":null,"auto_loadbalance":false,"ssl_check_cert":true,"shield":null,"hostname":null,"ssl_client_cert":null,"error_threshold":0,"request_condition":"","first_byte_timeout":15000,"ssl_cert_hostname":null,"weight":100,"client_cert":null,"address":"127.0.0.1","ssl_hostname":null,"ssl_sni_hostname":null,"min_tls_version":null,"ipv6":null,"ipv4":"127.0.0.1","connect_timeout":1000,"ssl_ciphers":null,"name":"localhost","healthcheck":null,"port":80,"max_conn":200,"use_ssl":false,"comment":"","between_bytes_timeout":10000,"ssl_client_key":null}],"cache_settings":[],"conditions":[],"dictionaries":[],"directors":[],"domains":[{"comment":"","name":"example8000.com"}],"gzips":[],"headers":[{"priority":"100","src":"\"https://u.jimcdn.com\"
        req.url.path","name":"Set Location header","substitution":"","ignore_if_set":"0","cache_condition":null,"request_condition":null,"regex":"","response_condition":null,"action":"set","type":"response","dst":"http.Location"}],"healthchecks":[],"request_settings":[],"response_objects":[{"request_condition":"","content_type":"","status":"200","response":"Ok","name":"Set
        200 status code","content":"","cache_condition":""}],"snippets":[],"vcls":[],"wordpress":[],"settings":{"general.stale_if_error_ttl":43200,"general.stale_if_error":false,"general.default_ttl":1000,"general.default_host":"","general.default_pci":0}},"active_version":{"testing":false,"staging":false,"updated_at":"2018-05-30T15:05:08Z","active":true,"number":2,"service_id":"6QtbuNzxWZQy6sItdrPtLS","deployed":false,"locked":true,"deleted_at":null,"created_at":"2018-05-30T15:05:02Z","comment":"","acls":[],"backends":[{"max_tls_version":null,"ssl_ca_cert":null,"auto_loadbalance":false,"ssl_check_cert":true,"shield":null,"hostname":null,"ssl_client_cert":null,"error_threshold":0,"request_condition":"","first_byte_timeout":15000,"ssl_cert_hostname":null,"weight":100,"client_cert":null,"address":"127.0.0.1","ssl_hostname":null,"ssl_sni_hostname":null,"min_tls_version":null,"ipv6":null,"ipv4":"127.0.0.1","connect_timeout":1000,"ssl_ciphers":null,"name":"localhost","healthcheck":null,"port":80,"max_conn":200,"use_ssl":false,"comment":"","between_bytes_timeout":10000,"ssl_client_key":null}],"cache_settings":[],"conditions":[],"dictionaries":[],"directors":[],"domains":[{"comment":"","name":"example8000.com"}],"gzips":[],"headers":[{"priority":"100","src":"\"https://u.jimcdn.com\"
        req.url.path","name":"Set Location header","substitution":"","ignore_if_set":"0","cache_condition":null,"request_condition":null,"regex":"","response_condition":null,"action":"set","type":"response","dst":"http.Location"}],"healthchecks":[],"request_settings":[],"response_objects":[{"request_condition":"","content_type":"","status":"200","response":"Ok","name":"Set
        200 status code","content":"","cache_condition":""}],"snippets":[],"vcls":[],"wordpress":[],"settings":{"general.stale_if_error_ttl":43200,"general.stale_if_error":false,"general.default_ttl":1000,"general.default_host":"","general.default_pci":0}}}'}
    headers:
      accept-ranges: [bytes]
      age: ['0']
      cache-control: [no-cache]
      connection: [keep-alive]
      content-length: ['3993']
      content-type: [application/json]
      date: ['Wed, 30 May 2018 15:05:09 GMT']
      status: [200 OK]
      vary: [Accept-Encoding]
      via: [1.1 varnish, 1.1 varnish]
      x-cache: ['MISS, MISS']
      x-cache-hits: ['0, 0']
      x-served-by: ['app-slwdc9051-SL, cache-fra19128-FRA']
      x-timer: ['S1527692709.950488,VS0,VE147']
    status: {code: 200, message: OK}
- request:
    body: null
    headers:
      Content-Type: [application/json]
    method: GET
    uri: https://api.fastly.com/service/search?name=Fastly%20Ansible%20Module%20Test
  response:
    body: {string: !!python/unicode '{"name":"Fastly Ansible Module Test","deleted_at":null,"versions":[{"testing":false,"locked":false,"number":1,"active":false,"service_id":"6QtbuNzxWZQy6sItdrPtLS","staging":false,"created_at":"2018-05-30T15:05:01Z","deleted_at":null,"comment":"","updated_at":"2018-05-30T15:05:01Z","deployed":false},{"testing":false,"staging":false,"updated_at":"2018-05-30T15:05:08Z","active":true,"number":2,"service_id":"6QtbuNzxWZQy6sItdrPtLS","deployed":false,"locked":true,"deleted_at":null,"created_at":"2018-05-30T15:05:02Z","comment":""}],"created_at":"2018-05-30T15:05:01Z","customer_id":"31RPDMBpiruA1yfGA2djLm","comment":"","updated_at":"2018-05-30T15:05:01Z","id":"6QtbuNzxWZQy6sItdrPtLS"}'}
    headers:
      accept-ranges: [bytes]
      cache-control: [no-cache]
      connection: [keep-alive]
      content-length: ['686']
      content-type: [application/json]
      date: ['Wed, 30 May 2018 15:05:09 GMT']
      status: [200 OK]
      vary: [Accept-Encoding]
      via: [1.1 varnish, 1.1 varnish]
      x-cache: ['MISS, MISS']
      x-cache-hits: ['0, 0']
      x-served-by: ['app-slwdc9051-SL, cache-fra19147-FRA']
      x-timer: ['S1527692709.156574,VS0,VE155']
    status: {code: 200, message: OK}
- request:
    body: null
    headers:
      Content-Type: [application/json]
    method: GET
    uri: https://api.fastly.com/service/6QtbuNzxWZQy6sItdrPtLS/details
  response:
    body: {string: !!python/unicode '{"name":"Fastly Ansible Module Test","deleted_at":null,"versions":[{"testing":false,"locked":false,"number":1,"active":false,"service_id":"6QtbuNzxWZQy6sItdrPtLS","staging":false,"created_at":"2018-05-30T15:05:01Z","deleted_at":null,"comment":"","updated_at":"2018-05-30T15:05:01Z","deployed":false},{"testing":false,"locked":true,"number":2,"active":true,"service_id":"6QtbuNzxWZQy6sItdrPtLS","staging":false,"created_at":"2018-05-30T15:05:02Z","deleted_at":null,"comment":"","updated_at":"2018-05-30T15:05:08Z","deployed":false}],"created_at":"2018-05-30T15:05:01Z","customer_id":"31RPDMBpiruA1yfGA2djLm","comment":"","updated_at":"2018-05-30T15:05:01Z","id":"6QtbuNzxWZQy6sItdrPtLS","version":{"testing":false,"staging":false,"updated_at":"2018-05-30T15:05:08Z","active":true,"number":2,"service_id":"6QtbuNzxWZQy6sItdrPtLS","deployed":false,"locked":true,"deleted_at":null,"created_at":"2018-05-30T15:05:02Z","comment":"","acls":[],"backends":[{"max_tls_version":null,"ssl_ca_cert":null,"auto_loadbalance":false,"ssl_check_cert":true,"shield":null,"hostname":null,"ssl_client_cert":null,"error_threshold":0,"request_condition":"","first_byte_timeout":15000,"ssl_cert_hostname":null,"weight":100,"client_cert":null,"address":"127.0.0.1","ssl_hostname":null,"ssl_sni_hostname":null,"min_tls_version":null,"ipv6":null,"ipv4":"127.0.0.1","connect_timeout":1000,"ssl_ciphers":null,"name":"localhost","healthcheck":null,"port":80,"max_conn":200,"use_ssl":false,"comment":"","between_bytes_timeout":10000,"ssl_client_key":null}],"cache_settings":[],"conditions":[],"dictionaries":[],"directors":[],"domains":[{"comment":"","name":"example8000.com"}],"gzips":[],"headers":[{"priority":"100","src":"\"https://u.jimcdn.com\"
        req.url.path","name":"Set Location header","substitution":"","ignore_if_set":"0","cache_condition":null,"request_condition":null,"regex":"","response_condition":null,"action":"set","type":"response","dst":"http.Location"}],"healthchecks":[],"request_settings":[],"response_objects":[{"request_condition":"","content_type":"","status":"200","response":"Ok","name":"Set
        200 status code","content":"","cache_condition":""}],"snippets":[],"vcls":[],"wordpress":[],"settings":{"general.stale_if_error_ttl":43200,"general.stale_if_error":false,"general.default_ttl":1000,"general.default_host":"","general.default_pci":0}},"active_version":{"testing":false,"staging":false,"updated_at":"2018-05-30T15:05:08Z","active":true,"number":2,"service_id":"6QtbuNzxWZQy6sItdrPtLS","deployed":false,"locked":true,"deleted_at":null,"created_at":"2018-05-30T15:05:02Z","comment":"","acls":[],"backends":[{"max_tls_version":null,"ssl_ca_cert":null,"auto_loadbalance":false,"ssl_check_cert":true,"shield":null,"hostname":null,"ssl_client_cert":null,"error_threshold":0,"request_condition":"","first_byte_timeout":15000,"ssl_cert_hostname":null,"weight":100,"client_cert":null,"address":"127.0.0.1","ssl_hostname":null,"ssl_sni_hostname":null,"min_tls_version":null,"ipv6":null,"ipv4":"127.0.0.1","connect_timeout":1000,"ssl_ciphers":null,"name":"localhost","healthcheck":null,"port":80,"max_conn":200,"use_ssl":false,"comment":"","between_bytes_timeout":10000,"ssl_client_key":null}],"cache_settings":[],"conditions":[],"dictionaries":[],"directors":[],"domains":[{"comment":"","name":"example8000.com"}],"gzips":[],"headers":[{"priority":"100","src":"\"https://u.jimcdn.com\"
        req.url.path","name":"Set Location header","substitution":"","ignore_if_set":"0","cache_condition":null,"request_condition":null,"regex":"","response_condition":null,"action":"set","type":"response","dst":"http.Location"}],"healthchecks":[],"request_settings":[],"response_objects":[{"request_condition":"","content_type":"","status":"200","response":"Ok","name":"Set
        200 status code","content":"","cache_condition":""}],"snippets":[],"vcls":[],"wordpress":[],"settings":{"general.stale_if_error_ttl":43200,"general.stale_if_error":false,"general.default_ttl":1000,"general.default_host":"","general.default_pci":0}}}'}
    headers:
      accept-ranges: [bytes]
      age: ['0']
      cache-control: [no-cache]
      connection: [keep-alive]
      content-length: ['3993']
      content-type: [application/json]
      date: ['Wed, 30 May 2018 15:05:09 GMT']
      status: [200 OK]
      vary: [Accept-Encoding]
      via: [1.1 varnish, 1.1 varnish]
      x-cache: ['MISS, MISS']
      x-cache-hits: ['0, 0']
      x-served-by: ['app-slwdc9051-SL, cache-fra19133-FRA']
      x-timer: ['S1527692709.368769,VS0,VE116']
    status: {code: 200, message: OK}
- request:
    body: null
    headers:
      Content-Type: [application/json]
    method: GET
    uri: https://api.fastly.com/service/6QtbuNzxWZQy6sItdrPtLS/details
  response:
    body: {string: !!python/unicode '{"name":"Fastly Ansible Module Test","deleted_at":null,"versions":[{"testing":false,"locked":false,"number":1,"active":false,"service_id":"6QtbuNzxWZQy6sItdrPtLS","staging":false,"created_at":"2018-05-30T15:05:01Z","deleted_at":null,"comment":"","updated_at":"2018-05-30T15:05:01Z","deployed":false},{"testing":false,"locked":true,"number":2,"active":true,"service_id":"6QtbuNzxWZQy6sItdrPtLS","staging":false,"created_at":"2018-05-30T15:05:02Z","deleted_at":null,"comment":"","updated_at":"2018-05-30T15:05:08Z","deployed":false}],"created_at":"2018-05-30T15:05:01Z","customer_id":"31RPDMBpiruA1yfGA2djLm","comment":"","updated_at":"2018-05-30T15:05:01Z","id":"6QtbuNzxWZQy6sItdrPtLS","version":{"testing":false,"staging":false,"updated_at":"2018-05-30T15:05:08Z","active":true,"number":2,"service_id":"6QtbuNzxWZQy6sItdrPtLS","deployed":false,"locked":true,"deleted_at":null,"created_at":"2018-05-30T15:05:02Z","comment":"","acls":[],"backends":[{"max_tls_version":null,"ssl_ca_cert":null,"auto_loadbalance":false,"ssl_check_cert":true,"shield":null,"hostname":null,"ssl_client_cert":null,"error_threshold":0,"request_condition":"","first_byte_timeout":15000,"ssl_cert_hostname":null,"weight":100,"client_cert":null,"address":"127.0.0.1","ssl_hostname":null,"ssl_sni_hostname":null,"min_tls_version":null,"ipv6":null,"ipv4":"127.0.0.1","connect_timeout":1000,"ssl_ciphers":null,"name":"localhost","healthcheck":null,"port":80,"max_conn":200,"use_ssl":false,"comment":"","between_bytes_timeout":10000,"ssl_client_key":null}],"cache_settings":[],"conditions":[],"dictionaries":[],"directors":[],"domains":[{"comment":"","name":"example8000.com"}],"gzips":[],"headers":[{"priority":"100","src":"\"https://u.jimcdn.com\"
        req.url.path","name":"Set Location header","substitution":"","ignore_if_set":"0","cache_condition":null,"request_condition":null,"regex":"","response_condition":null,"action":"set","type":"response","dst":"http.Location"}],"healthchecks":[],"request_settings":[],"response_objects":[{"request_condition":"","content_type":"","status":"200","response":"Ok","name":"Set
        200 status code","content":"","cache_condition":""}],"snippets":[],"vcls":[],"wordpress":[],"settings":{"general.stale_if_error_ttl":43200,"general.stale_if_error":false,"general.default_ttl":1000,"general.default_host":"","general.default_pci":0}},"active_version":{"testing":false,"staging":false,"updated_at":"2018-05-30T15:05:08Z","active":true,"number":2,"service_id":"6QtbuNzxWZQy6sItdrPtLS","deployed":false,"locked":true,"deleted_at":null,"created_at":"2018-05-30T15:05:02Z","comment":"","acls":[],"backends":[{"max_tls_version":null,"ssl_ca_cert":null,"auto_loadbalance":false,"ssl_check_cert":true,"shield":null,"hostname":null,"ssl_client_cert":null,"error_threshold":0,"request_condition":"","first_byte_timeout":15000,"ssl_cert_hostname":null,"weight":100,"client_cert":null,"address":"127.0.0.1","ssl_hostname":null,"ssl_sni_hostname":null,"min_tls_version":null,"ipv6":null,"ipv4":"127.0.0.1","connect_timeout":1000,"ssl_ciphers":null,"name":"localhost","healthcheck":null,"port":80,"max_conn":200,"use_ssl":false,"comment":"","between_bytes_timeout":10000,"ssl_client_key":null}],"cache_settings":[],"conditions":[],"dictionaries":[],"directors":[],"domains":[{"comment":"","name":"example8000.com"}],"gzips":[],"headers":[{"priority":"100","src":"\"https://u.jimcdn.com\"
        req.url.path","name":"Set Location header","substitution":"","ignore_if_set":"0","cache_condition":null,"request_condition":null,"regex":"","response_condition":null,"action":"set","type":"response","dst":"http.Location"}],"healthchecks":[],"request_settings":[],"response_objects":[{"request_condition":"","content_type":"","status":"200","response":"Ok","name":"Set
        200 status code","content":"","cache_condition":""}],"snippets":[],"vcls":[],"wordpress":[],"settings":{"general.stale_if_error_ttl":43200,"general.stale_if_error":false,"general.default_ttl":1000,"general.default_host":"","general.default_pci":0}}}'}
    headers:
      accept-ranges: [bytes]
      age: ['0']
      cache-control: [no-cache]
      connection: [keep-alive]
      content-length: ['3993']
      content-type: [application/json]
      date: ['Wed, 30 May 2018 15:05:09 GMT']
      status: [200 OK]
      vary: [Accept-Encoding]
      via: [1.1 varnish, 1.1 varnish]
      x-cache: ['MISS, MISS']
      x-cache-hits: ['0, 0']
      x-served-by: ['app-slwdc9051-SL, cache-fra19129-FRA']
      x-timer: ['S1527692710.546279,VS0,VE123']
    status: {code: 200, message: OK}
version: 1
