interactions:
- request:
    body: null
    headers:
      Content-Type: [application/json]
    method: GET
    uri: https://api.fastly.com/service/search?name=Fastly%20Ansible%20Module%20Test
  response:
    body: {string: !!python/unicode '{"name":"Fastly Ansible Module Test","deleted_at":null,"versions":[{"testing":false,"locked":false,"number":1,"active":false,"service_id":"6YjlkvnS6FxrLkXEB7bx2c","staging":false,"created_at":"2018-04-06T12:12:57Z","deleted_at":null,"comment":"","updated_at":"2018-04-06T12:12:57Z","deployed":false},{"testing":false,"number":2,"service_id":"6YjlkvnS6FxrLkXEB7bx2c","staging":false,"updated_at":"2018-04-06T12:13:01Z","deployed":false,"locked":true,"active":true,"deleted_at":null,"created_at":"2018-04-06T12:12:57Z","comment":""}],"created_at":"2018-04-06T12:12:57Z","customer_id":"31RPDMBpiruA1yfGA2djLm","comment":"","updated_at":"2018-04-06T12:12:57Z","id":"6YjlkvnS6FxrLkXEB7bx2c"}'}
    headers:
      accept-ranges: [bytes]
      age: ['0']
      cache-control: [no-cache]
      connection: [keep-alive]
      content-length: ['686']
      content-type: [application/json]
      date: ['Fri, 06 Apr 2018 12:13:02 GMT']
      status: [200 OK]
      vary: [Accept-Encoding]
      via: [1.1 varnish, 1.1 varnish]
      x-cache: ['MISS, MISS']
      x-cache-hits: ['0, 0']
      x-served-by: ['app-slwdc9051-SL, cache-fra19128-FRA']
      x-timer: ['S1523016782.395936,VS0,VE156']
    status: {code: 200, message: OK}
- request:
    body: null
    headers:
      Content-Type: [application/json]
    method: GET
    uri: https://api.fastly.com/service/6YjlkvnS6FxrLkXEB7bx2c/details
  response:
    body: {string: !!python/unicode '{"name":"Fastly Ansible Module Test","deleted_at":null,"versions":[{"testing":false,"locked":false,"number":1,"active":false,"service_id":"6YjlkvnS6FxrLkXEB7bx2c","staging":false,"created_at":"2018-04-06T12:12:57Z","deleted_at":null,"comment":"","updated_at":"2018-04-06T12:12:57Z","deployed":false},{"testing":false,"locked":true,"number":2,"active":true,"service_id":"6YjlkvnS6FxrLkXEB7bx2c","staging":false,"created_at":"2018-04-06T12:12:57Z","deleted_at":null,"comment":"","updated_at":"2018-04-06T12:13:01Z","deployed":false}],"created_at":"2018-04-06T12:12:57Z","customer_id":"31RPDMBpiruA1yfGA2djLm","comment":"","updated_at":"2018-04-06T12:12:57Z","id":"6YjlkvnS6FxrLkXEB7bx2c","version":{"testing":false,"number":2,"service_id":"6YjlkvnS6FxrLkXEB7bx2c","staging":false,"updated_at":"2018-04-06T12:13:01Z","deployed":false,"locked":true,"active":true,"deleted_at":null,"created_at":"2018-04-06T12:12:57Z","comment":"","acls":[],"backends":[{"max_tls_version":null,"ssl_ca_cert":null,"auto_loadbalance":false,"ssl_check_cert":true,"shield":null,"hostname":null,"ssl_client_cert":null,"error_threshold":0,"request_condition":"","first_byte_timeout":15000,"ssl_cert_hostname":null,"weight":100,"client_cert":null,"address":"127.0.0.1","ssl_hostname":null,"ssl_sni_hostname":null,"min_tls_version":null,"ipv6":null,"ipv4":"127.0.0.1","connect_timeout":1000,"ssl_ciphers":null,"name":"localhost","healthcheck":null,"port":80,"max_conn":200,"use_ssl":false,"comment":"","between_bytes_timeout":10000,"ssl_client_key":null}],"cache_settings":[{"stale_ttl":"10","ttl":null,"name":"cache-settings-config-name","action":"pass","cache_condition":""}],"conditions":[],"dictionaries":[],"directors":[],"domains":[{"comment":"","name":"example8000.com"}],"gzips":[],"headers":[{"priority":"100","src":"\"https://u.jimcdn.com\"
        req.url.path","name":"Set Location header","substitution":"","ignore_if_set":"0","cache_condition":null,"request_condition":null,"regex":"","response_condition":null,"action":"set","type":"response","dst":"http.Location"}],"healthchecks":[],"request_settings":[],"response_objects":[{"request_condition":"","content_type":"","status":"200","response":"Ok","name":"Set
        200 status code","content":"","cache_condition":""}],"snippets":[],"vcls":[],"wordpress":[],"settings":{"general.default_ttl":3600,"general.default_host":"","general.default_pci":0}},"active_version":{"testing":false,"number":2,"service_id":"6YjlkvnS6FxrLkXEB7bx2c","staging":false,"updated_at":"2018-04-06T12:13:01Z","deployed":false,"locked":true,"active":true,"deleted_at":null,"created_at":"2018-04-06T12:12:57Z","comment":"","acls":[],"backends":[{"max_tls_version":null,"ssl_ca_cert":null,"auto_loadbalance":false,"ssl_check_cert":true,"shield":null,"hostname":null,"ssl_client_cert":null,"error_threshold":0,"request_condition":"","first_byte_timeout":15000,"ssl_cert_hostname":null,"weight":100,"client_cert":null,"address":"127.0.0.1","ssl_hostname":null,"ssl_sni_hostname":null,"min_tls_version":null,"ipv6":null,"ipv4":"127.0.0.1","connect_timeout":1000,"ssl_ciphers":null,"name":"localhost","healthcheck":null,"port":80,"max_conn":200,"use_ssl":false,"comment":"","between_bytes_timeout":10000,"ssl_client_key":null}],"cache_settings":[{"stale_ttl":"10","ttl":null,"name":"cache-settings-config-name","action":"pass","cache_condition":""}],"conditions":[],"dictionaries":[],"directors":[],"domains":[{"comment":"","name":"example8000.com"}],"gzips":[],"headers":[{"priority":"100","src":"\"https://u.jimcdn.com\"
        req.url.path","name":"Set Location header","substitution":"","ignore_if_set":"0","cache_condition":null,"request_condition":null,"regex":"","response_condition":null,"action":"set","type":"response","dst":"http.Location"}],"healthchecks":[],"request_settings":[],"response_objects":[{"request_condition":"","content_type":"","status":"200","response":"Ok","name":"Set
        200 status code","content":"","cache_condition":""}],"snippets":[],"vcls":[],"wordpress":[],"settings":{"general.default_ttl":3600,"general.default_host":"","general.default_pci":0}}}'}
    headers:
      accept-ranges: [bytes]
      age: ['0']
      cache-control: [no-cache]
      connection: [keep-alive]
      content-length: ['4065']
      content-type: [application/json]
      date: ['Fri, 06 Apr 2018 12:13:02 GMT']
      status: [200 OK]
      vary: [Accept-Encoding]
      via: [1.1 varnish, 1.1 varnish]
      x-cache: ['MISS, MISS']
      x-cache-hits: ['0, 0']
      x-served-by: ['app-slwdc9051-SL, cache-fra19137-FRA']
      x-timer: ['S1523016783.616091,VS0,VE122']
    status: {code: 200, message: OK}
- request:
    body: null
    headers:
      Content-Type: [application/json]
    method: GET
    uri: https://api.fastly.com/service/6YjlkvnS6FxrLkXEB7bx2c/version/active
  response:
    body: {string: !!python/unicode '{"testing":false,"locked":true,"number":2,"active":true,"service_id":"6YjlkvnS6FxrLkXEB7bx2c","staging":false,"created_at":"2018-04-06T12:12:57Z","deleted_at":null,"comment":"","updated_at":"2018-04-06T12:13:01Z","deployed":false}'}
    headers:
      accept-ranges: [bytes]
      age: ['0']
      cache-control: [no-cache]
      connection: [keep-alive]
      content-length: ['230']
      content-type: [application/json]
      date: ['Fri, 06 Apr 2018 12:13:02 GMT']
      status: [200 OK]
      vary: [Accept-Encoding]
      via: [1.1 varnish, 1.1 varnish]
      x-cache: ['MISS, MISS']
      x-cache-hits: ['0, 0']
      x-served-by: ['app-slwdc9051-SL, cache-fra19140-FRA']
      x-timer: ['S1523016783.801736,VS0,VE119']
    status: {code: 200, message: OK}
- request:
    body: null
    headers:
      Content-Type: [application/json]
    method: PUT
    uri: https://api.fastly.com/service/6YjlkvnS6FxrLkXEB7bx2c/version/2/clone
  response:
    body: {string: !!python/unicode '{"testing":false,"locked":false,"number":3,"active":false,"service_id":"6YjlkvnS6FxrLkXEB7bx2c","staging":false,"created_at":"2018-04-06T12:12:57Z","deleted_at":null,"comment":"","updated_at":"2018-04-06T12:13:01Z","deployed":false}'}
    headers:
      accept-ranges: [bytes]
      cache-control: [no-cache]
      connection: [keep-alive]
      content-length: ['232']
      content-type: [application/json]
      date: ['Fri, 06 Apr 2018 12:13:03 GMT']
      fastly-ratelimit-remaining: ['979']
      fastly-ratelimit-reset: ['1523019600']
      status: [200 OK]
      vary: [Accept-Encoding]
      via: [1.1 varnish, 1.1 varnish]
      x-cache: ['MISS, MISS']
      x-cache-hits: ['0, 0']
      x-served-by: ['app-slwdc9051-SL, cache-fra19141-FRA']
      x-timer: ['S1523016783.984345,VS0,VE211']
    status: {code: 200, message: OK}
- request:
    body: null
    headers:
      Content-Type: [application/json]
    method: GET
    uri: https://api.fastly.com/service/6YjlkvnS6FxrLkXEB7bx2c/version/3/domain
  response:
    body: {string: !!python/unicode '[{"version":3,"name":"example8000.com","deleted_at":null,"service_id":"6YjlkvnS6FxrLkXEB7bx2c","created_at":"2018-04-06T12:12:58Z","comment":"","updated_at":"2018-04-06T12:12:58Z"}]'}
    headers:
      accept-ranges: [bytes]
      age: ['0']
      cache-control: [no-cache]
      connection: [keep-alive]
      content-length: ['181']
      content-type: [application/json]
      date: ['Fri, 06 Apr 2018 12:13:03 GMT']
      status: [200 OK]
      vary: [Accept-Encoding]
      via: [1.1 varnish, 1.1 varnish]
      x-cache: ['MISS, MISS']
      x-cache-hits: ['0, 0']
      x-served-by: ['app-slwdc9051-SL, cache-fra19126-FRA']
      x-timer: ['S1523016783.260876,VS0,VE386']
    status: {code: 200, message: OK}
- request:
    body: null
    headers:
      Content-Type: [application/json]
    method: GET
    uri: https://api.fastly.com/service/6YjlkvnS6FxrLkXEB7bx2c/version/3/healthcheck
  response:
    body: {string: !!python/unicode '[]'}
    headers:
      accept-ranges: [bytes]
      age: ['0']
      cache-control: [no-cache]
      connection: [keep-alive]
      content-length: ['2']
      content-type: [application/json]
      date: ['Fri, 06 Apr 2018 12:13:04 GMT']
      status: [200 OK]
      vary: [Accept-Encoding]
      via: [1.1 varnish, 1.1 varnish]
      x-cache: ['MISS, MISS']
      x-cache-hits: ['0, 0']
      x-served-by: ['app-slwdc9051-SL, cache-fra19147-FRA']
      x-timer: ['S1523016784.710059,VS0,VE416']
    status: {code: 200, message: OK}
- request:
    body: null
    headers:
      Content-Type: [application/json]
    method: GET
    uri: https://api.fastly.com/service/6YjlkvnS6FxrLkXEB7bx2c/version/3/condition
  response:
    body: {string: !!python/unicode '[]'}
    headers:
      accept-ranges: [bytes]
      age: ['0']
      cache-control: [no-cache]
      connection: [keep-alive]
      content-length: ['2']
      content-type: [application/json]
      date: ['Fri, 06 Apr 2018 12:13:04 GMT']
      status: [200 OK]
      vary: [Accept-Encoding]
      via: [1.1 varnish, 1.1 varnish]
      x-cache: ['MISS, MISS']
      x-cache-hits: ['0, 0']
      x-served-by: ['app-slwdc9051-SL, cache-fra19134-FRA']
      x-timer: ['S1523016784.280313,VS0,VE128']
    status: {code: 200, message: OK}
- request:
    body: null
    headers:
      Content-Type: [application/json]
    method: GET
    uri: https://api.fastly.com/service/6YjlkvnS6FxrLkXEB7bx2c/version/3/backend
  response:
    body: {string: !!python/unicode '[{"max_tls_version":null,"ssl_client_cert":null,"hostname":null,"error_threshold":0,"first_byte_timeout":15000,"client_cert":null,"weight":100,"address":"127.0.0.1","updated_at":"2018-04-06T12:12:58Z","connect_timeout":1000,"ipv4":"127.0.0.1","ssl_ciphers":null,"name":"localhost","port":80,"between_bytes_timeout":10000,"ssl_client_key":null,"ssl_ca_cert":null,"auto_loadbalance":false,"ssl_check_cert":true,"shield":null,"service_id":"6YjlkvnS6FxrLkXEB7bx2c","request_condition":"","ssl_cert_hostname":null,"ssl_hostname":null,"ssl_sni_hostname":null,"min_tls_version":null,"ipv6":null,"version":3,"deleted_at":null,"healthcheck":null,"max_conn":200,"use_ssl":false,"created_at":"2018-04-06T12:12:58Z","comment":""}]'}
    headers:
      accept-ranges: [bytes]
      age: ['0']
      cache-control: [no-cache]
      connection: [keep-alive]
      content-length: ['718']
      content-type: [application/json]
      date: ['Fri, 06 Apr 2018 12:13:04 GMT']
      status: [200 OK]
      vary: [Accept-Encoding]
      via: [1.1 varnish, 1.1 varnish]
      x-cache: ['MISS, MISS']
      x-cache-hits: ['0, 0']
      x-served-by: ['app-slwdc9051-SL, cache-fra19129-FRA']
      x-timer: ['S1523016785.509093,VS0,VE165']
    status: {code: 200, message: OK}
- request:
    body: null
    headers:
      Content-Type: [application/json]
    method: GET
    uri: https://api.fastly.com/service/6YjlkvnS6FxrLkXEB7bx2c/version/3/director
  response:
    body: {string: !!python/unicode '[]'}
    headers:
      accept-ranges: [bytes]
      age: ['0']
      cache-control: [no-cache]
      connection: [keep-alive]
      content-length: ['2']
      content-type: [application/json]
      date: ['Fri, 06 Apr 2018 12:13:05 GMT']
      status: [200 OK]
      vary: [Accept-Encoding]
      via: [1.1 varnish, 1.1 varnish]
      x-cache: ['MISS, MISS']
      x-cache-hits: ['0, 0']
      x-served-by: ['app-slwdc9051-SL, cache-fra19143-FRA']
      x-timer: ['S1523016785.813735,VS0,VE387']
    status: {code: 200, message: OK}
- request:
    body: null
    headers:
      Content-Type: [application/json]
    method: GET
    uri: https://api.fastly.com/service/6YjlkvnS6FxrLkXEB7bx2c/version/3/cache_settings
  response:
    body: {string: !!python/unicode '[{"stale_ttl":"10","version":"3","ttl":null,"name":"cache-settings-config-name","deleted_at":null,"service_id":"6YjlkvnS6FxrLkXEB7bx2c","cache_condition":"","created_at":"2018-04-06T12:12:58Z","action":"pass","updated_at":"2018-04-06T12:12:58Z"}]'}
    headers:
      accept-ranges: [bytes]
      age: ['0']
      cache-control: [no-cache]
      connection: [keep-alive]
      content-length: ['246']
      content-type: [application/json]
      date: ['Fri, 06 Apr 2018 12:13:05 GMT']
      status: [200 OK]
      vary: [Accept-Encoding]
      via: [1.1 varnish, 1.1 varnish]
      x-cache: ['MISS, MISS']
      x-cache-hits: ['0, 0']
      x-served-by: ['app-slwdc9051-SL, cache-fra19139-FRA']
      x-timer: ['S1523016785.365661,VS0,VE400']
    status: {code: 200, message: OK}
- request:
    body: null
    headers:
      Content-Type: [application/json]
    method: GET
    uri: https://api.fastly.com/service/6YjlkvnS6FxrLkXEB7bx2c/version/3/gzip
  response:
    body: {string: !!python/unicode '[]'}
    headers:
      accept-ranges: [bytes]
      age: ['0']
      cache-control: [no-cache]
      connection: [keep-alive]
      content-length: ['2']
      content-type: [application/json]
      date: ['Fri, 06 Apr 2018 12:13:06 GMT']
      status: [200 OK]
      vary: [Accept-Encoding]
      via: [1.1 varnish, 1.1 varnish]
      x-cache: ['MISS, MISS']
      x-cache-hits: ['0, 0']
      x-served-by: ['app-slwdc9051-SL, cache-fra19141-FRA']
      x-timer: ['S1523016786.059492,VS0,VE403']
    status: {code: 200, message: OK}
- request:
    body: null
    headers:
      Content-Type: [application/json]
    method: GET
    uri: https://api.fastly.com/service/6YjlkvnS6FxrLkXEB7bx2c/version/3/header
  response:
    body: {string: !!python/unicode '[{"priority":"100","service_id":"6YjlkvnS6FxrLkXEB7bx2c","ignore_if_set":"0","request_condition":null,"response_condition":null,"updated_at":"2018-04-06T12:12:59Z","src":"\"https://u.jimcdn.com\"
        req.url.path","version":"3","name":"Set Location header","deleted_at":null,"substitution":"","cache_condition":null,"created_at":"2018-04-06T12:12:59Z","regex":"","action":"set","type":"response","dst":"http.Location"}]'}
    headers:
      accept-ranges: [bytes]
      age: ['0']
      cache-control: [no-cache]
      connection: [keep-alive]
      content-length: ['415']
      content-type: [application/json]
      date: ['Fri, 06 Apr 2018 12:13:06 GMT']
      status: [200 OK]
      vary: [Accept-Encoding]
      via: [1.1 varnish, 1.1 varnish]
      x-cache: ['MISS, MISS']
      x-cache-hits: ['0, 0']
      x-served-by: ['app-slwdc9051-SL, cache-fra19128-FRA']
      x-timer: ['S1523016787.675970,VS0,VE125']
    status: {code: 200, message: OK}
- request:
    body: null
    headers:
      Content-Type: [application/json]
    method: GET
    uri: https://api.fastly.com/service/6YjlkvnS6FxrLkXEB7bx2c/version/3/request_settings
  response:
    body: {string: !!python/unicode '[]'}
    headers:
      accept-ranges: [bytes]
      age: ['0']
      cache-control: [no-cache]
      connection: [keep-alive]
      content-length: ['2']
      content-type: [application/json]
      date: ['Fri, 06 Apr 2018 12:13:07 GMT']
      status: [200 OK]
      vary: [Accept-Encoding]
      via: [1.1 varnish, 1.1 varnish]
      x-cache: ['MISS, MISS']
      x-cache-hits: ['0, 0']
      x-served-by: ['app-slwdc9051-SL, cache-fra19145-FRA']
      x-timer: ['S1523016787.993327,VS0,VE113']
    status: {code: 200, message: OK}
- request:
    body: null
    headers:
      Content-Type: [application/json]
    method: GET
    uri: https://api.fastly.com/service/6YjlkvnS6FxrLkXEB7bx2c/version/3/response_object
  response:
    body: {string: !!python/unicode '[{"response":"Ok","version":"3","status":"200","name":"Set
        200 status code","content":"","deleted_at":null,"service_id":"6YjlkvnS6FxrLkXEB7bx2c","cache_condition":"","created_at":"2018-04-06T12:12:59Z","content_type":"","request_condition":"","updated_at":"2018-04-06T12:12:59Z"}]'}
    headers:
      accept-ranges: [bytes]
      age: ['0']
      cache-control: [no-cache]
      connection: [keep-alive]
      content-length: ['280']
      content-type: [application/json]
      date: ['Fri, 06 Apr 2018 12:13:07 GMT']
      status: [200 OK]
      vary: [Accept-Encoding]
      via: [1.1 varnish, 1.1 varnish]
      x-cache: ['MISS, MISS']
      x-cache-hits: ['0, 0']
      x-served-by: ['app-slwdc9051-SL, cache-fra19126-FRA']
      x-timer: ['S1523016787.338700,VS0,VE403']
    status: {code: 200, message: OK}
- request:
    body: null
    headers:
      Content-Type: [application/json]
    method: GET
    uri: https://api.fastly.com/service/6YjlkvnS6FxrLkXEB7bx2c/version/3/vcl
  response:
    body: {string: !!python/unicode '[]'}
    headers:
      accept-ranges: [bytes]
      age: ['0']
      cache-control: [no-cache]
      connection: [keep-alive]
      content-length: ['2']
      content-type: [application/json]
      date: ['Fri, 06 Apr 2018 12:13:08 GMT']
      status: [200 OK]
      vary: [Accept-Encoding]
      via: [1.1 varnish, 1.1 varnish]
      x-cache: ['MISS, MISS']
      x-cache-hits: ['0, 0']
      x-served-by: ['app-slwdc9051-SL, cache-fra19151-FRA']
      x-timer: ['S1523016788.884656,VS0,VE121']
    status: {code: 200, message: OK}
- request:
    body: null
    headers:
      Content-Type: [application/json]
    method: GET
    uri: https://api.fastly.com/service/6YjlkvnS6FxrLkXEB7bx2c/version/3/snippet
  response:
    body: {string: !!python/unicode '[]'}
    headers:
      accept-ranges: [bytes]
      age: ['0']
      cache-control: [no-cache]
      connection: [keep-alive]
      content-length: ['2']
      content-type: [application/json]
      date: ['Fri, 06 Apr 2018 12:13:08 GMT']
      status: [200 OK]
      vary: [Accept-Encoding]
      via: [1.1 varnish, 1.1 varnish]
      x-cache: ['MISS, MISS']
      x-cache-hits: ['0, 0']
      x-served-by: ['app-slwdc9051-SL, cache-fra19127-FRA']
      x-timer: ['S1523016788.094522,VS0,VE116']
    status: {code: 200, message: OK}
- request:
    body: null
    headers:
      Content-Type: [application/json]
    method: GET
    uri: https://api.fastly.com/service/6YjlkvnS6FxrLkXEB7bx2c/version/3/syslog
  response:
    body: {string: !!python/unicode '[]'}
    headers:
      accept-ranges: [bytes]
      age: ['0']
      cache-control: [no-cache]
      connection: [keep-alive]
      content-length: ['2']
      content-type: [application/json]
      date: ['Fri, 06 Apr 2018 12:13:08 GMT']
      status: [200 OK]
      vary: [Accept-Encoding]
      via: [1.1 varnish, 1.1 varnish]
      x-cache: ['MISS, MISS']
      x-cache-hits: ['0, 0']
      x-served-by: ['app-slwdc9051-SL, cache-fra19124-FRA']
      x-timer: ['S1523016788.277749,VS0,VE379']
    status: {code: 200, message: OK}
- request:
    body: null
    headers:
      Content-Type: [application/json]
    method: DELETE
    uri: https://api.fastly.com/service/6YjlkvnS6FxrLkXEB7bx2c/version/3/domain/example8000.com
  response:
    body: {string: !!python/unicode '{"status":"ok"}'}
    headers:
      accept-ranges: [bytes]
      cache-control: [no-cache]
      connection: [keep-alive]
      content-length: ['15']
      content-type: [application/json]
      date: ['Fri, 06 Apr 2018 12:13:09 GMT']
      fastly-ratelimit-remaining: ['978']
      fastly-ratelimit-reset: ['1523019600']
      status: [200 OK]
      vary: [Accept-Encoding]
      via: [1.1 varnish, 1.1 varnish]
      x-cache: ['MISS, MISS']
      x-cache-hits: ['0, 0']
      x-served-by: ['app-slwdc9051-SL, cache-fra19140-FRA']
      x-timer: ['S1523016789.736389,VS0,VE424']
    status: {code: 200, message: OK}
- request:
    body: null
    headers:
      Content-Type: [application/json]
    method: DELETE
    uri: https://api.fastly.com/service/6YjlkvnS6FxrLkXEB7bx2c/version/3/backend/localhost
  response:
    body: {string: !!python/unicode '{"status":"ok"}'}
    headers:
      accept-ranges: [bytes]
      cache-control: [no-cache]
      connection: [keep-alive]
      content-length: ['15']
      content-type: [application/json]
      date: ['Fri, 06 Apr 2018 12:13:09 GMT']
      fastly-ratelimit-remaining: ['977']
      fastly-ratelimit-reset: ['1523019600']
      status: [200 OK]
      vary: [Accept-Encoding]
      via: [1.1 varnish, 1.1 varnish]
      x-cache: ['MISS, MISS']
      x-cache-hits: ['0, 0']
      x-served-by: ['app-slwdc9051-SL, cache-fra19121-FRA']
      x-timer: ['S1523016789.245891,VS0,VE186']
    status: {code: 200, message: OK}
- request:
    body: null
    headers:
      Content-Type: [application/json]
    method: DELETE
    uri: https://api.fastly.com/service/6YjlkvnS6FxrLkXEB7bx2c/version/3/cache_settings/cache-settings-config-name
  response:
    body: {string: !!python/unicode '{"status":"ok"}'}
    headers:
      accept-ranges: [bytes]
      cache-control: [no-cache]
      connection: [keep-alive]
      content-length: ['15']
      content-type: [application/json]
      date: ['Fri, 06 Apr 2018 12:13:09 GMT']
      fastly-ratelimit-remaining: ['976']
      fastly-ratelimit-reset: ['1523019600']
      status: [200 OK]
      vary: [Accept-Encoding]
      via: [1.1 varnish, 1.1 varnish]
      x-cache: ['MISS, MISS']
      x-cache-hits: ['0, 0']
      x-served-by: ['app-slwdc9051-SL, cache-fra19146-FRA']
      x-timer: ['S1523016790.552041,VS0,VE418']
    status: {code: 200, message: OK}
- request:
    body: null
    headers:
      Content-Type: [application/json]
    method: DELETE
    uri: https://api.fastly.com/service/6YjlkvnS6FxrLkXEB7bx2c/version/3/header/Set%20Location%20header
  response:
    body: {string: !!python/unicode '{"status":"ok"}'}
    headers:
      accept-ranges: [bytes]
      cache-control: [no-cache]
      connection: [keep-alive]
      content-length: ['15']
      content-type: [application/json]
      date: ['Fri, 06 Apr 2018 12:13:10 GMT']
      fastly-ratelimit-remaining: ['975']
      fastly-ratelimit-reset: ['1523019600']
      status: [200 OK]
      vary: [Accept-Encoding]
      via: [1.1 varnish, 1.1 varnish]
      x-cache: ['MISS, MISS']
      x-cache-hits: ['0, 0']
      x-served-by: ['app-slwdc9051-SL, cache-fra19129-FRA']
      x-timer: ['S1523016790.132907,VS0,VE427']
    status: {code: 200, message: OK}
- request:
    body: null
    headers:
      Content-Type: [application/json]
    method: DELETE
    uri: https://api.fastly.com/service/6YjlkvnS6FxrLkXEB7bx2c/version/3/response_object/Set%20200%20status%20code
  response:
    body: {string: !!python/unicode '{"status":"ok"}'}
    headers:
      accept-ranges: [bytes]
      cache-control: [no-cache]
      connection: [keep-alive]
      content-length: ['15']
      content-type: [application/json]
      date: ['Fri, 06 Apr 2018 12:13:11 GMT']
      fastly-ratelimit-remaining: ['974']
      fastly-ratelimit-reset: ['1523019600']
      status: [200 OK]
      vary: [Accept-Encoding]
      via: [1.1 varnish, 1.1 varnish]
      x-cache: ['MISS, MISS']
      x-cache-hits: ['0, 0']
      x-served-by: ['app-slwdc9051-SL, cache-fra19150-FRA']
      x-timer: ['S1523016791.831239,VS0,VE444']
    status: {code: 200, message: OK}
- request:
    body: !!python/unicode '{"comment": "", "name": "example8000.com"}'
    headers:
      Content-Type: [application/json]
    method: POST
    uri: https://api.fastly.com/service/6YjlkvnS6FxrLkXEB7bx2c/version/3/domain
  response:
    body: {string: !!python/unicode '{"comment":"","name":"example8000.com","service_id":"6YjlkvnS6FxrLkXEB7bx2c","version":3,"deleted_at":null,"created_at":"2018-04-06T12:13:11Z","updated_at":"2018-04-06T12:13:11Z"}'}
    headers:
      accept-ranges: [bytes]
      cache-control: [no-cache]
      connection: [keep-alive]
      content-length: ['179']
      content-type: [application/json]
      date: ['Fri, 06 Apr 2018 12:13:11 GMT']
      fastly-ratelimit-remaining: ['973']
      fastly-ratelimit-reset: ['1523019600']
      status: [200 OK]
      vary: [Accept-Encoding]
      via: [1.1 varnish, 1.1 varnish]
      x-cache: ['MISS, MISS']
      x-cache-hits: ['0, 0']
      x-served-by: ['app-slwdc9051-SL, cache-fra19149-FRA']
      x-timer: ['S1523016791.430438,VS0,VE479']
    status: {code: 200, message: OK}
- request:
    body: !!python/unicode '{"ssl_ca_cert": null, "request_condition": "", "name":
      "localhost", "weight": 100, "healthcheck": null, "first_byte_timeout": 15000,
      "connect_timeout": 1000, "error_threshold": 0, "ssl_cert_hostname": null, "address":
      "127.0.0.1", "between_bytes_timeout": 10000, "max_conn": 200, "port": 80, "ssl_hostname":
      null, "shield": null}'
    headers:
      Content-Type: [application/json]
    method: POST
    uri: https://api.fastly.com/service/6YjlkvnS6FxrLkXEB7bx2c/version/3/backend
  response:
    body: {string: !!python/unicode '{"ssl_ca_cert":null,"request_condition":"","name":"localhost","weight":100,"healthcheck":null,"first_byte_timeout":15000,"connect_timeout":1000,"error_threshold":0,"ssl_cert_hostname":null,"address":"127.0.0.1","between_bytes_timeout":10000,"max_conn":200,"port":80,"ssl_hostname":null,"shield":null,"service_id":"6YjlkvnS6FxrLkXEB7bx2c","version":3,"max_tls_version":null,"ssl_client_cert":null,"hostname":null,"client_cert":null,"updated_at":"2018-04-06T12:13:12Z","ipv4":"127.0.0.1","ssl_ciphers":null,"ssl_client_key":null,"auto_loadbalance":false,"ssl_check_cert":true,"ssl_sni_hostname":null,"min_tls_version":null,"ipv6":null,"deleted_at":null,"use_ssl":false,"created_at":"2018-04-06T12:13:12Z","comment":""}'}
    headers:
      accept-ranges: [bytes]
      cache-control: [no-cache]
      connection: [keep-alive]
      content-length: ['716']
      content-type: [application/json]
      date: ['Fri, 06 Apr 2018 12:13:12 GMT']
      fastly-ratelimit-remaining: ['972']
      fastly-ratelimit-reset: ['1523019600']
      status: [200 OK]
      vary: [Accept-Encoding]
      via: [1.1 varnish, 1.1 varnish]
      x-cache: ['MISS, MISS']
      x-cache-hits: ['0, 0']
      x-served-by: ['app-slwdc9051-SL, cache-fra19126-FRA']
      x-timer: ['S1523016792.011488,VS0,VE448']
    status: {code: 200, message: OK}
- request:
    body: !!python/unicode '{"action": null, "stale_ttl": 0, "name": "cache-settings-config-name",
      "cache_condition": ""}'
    headers:
      Content-Type: [application/json]
    method: POST
    uri: https://api.fastly.com/service/6YjlkvnS6FxrLkXEB7bx2c/version/3/cache_settings
  response:
    body: {string: !!python/unicode '{"action":null,"stale_ttl":0,"name":"cache-settings-config-name","cache_condition":"","service_id":"6YjlkvnS6FxrLkXEB7bx2c","version":"3","ttl":null,"deleted_at":null,"created_at":"2018-04-06T12:13:12Z","updated_at":"2018-04-06T12:13:12Z"}'}
    headers:
      accept-ranges: [bytes]
      cache-control: [no-cache]
      connection: [keep-alive]
      content-length: ['239']
      content-type: [application/json]
      date: ['Fri, 06 Apr 2018 12:13:13 GMT']
      fastly-ratelimit-remaining: ['971']
      fastly-ratelimit-reset: ['1523019600']
      status: [200 OK]
      vary: [Accept-Encoding]
      via: [1.1 varnish, 1.1 varnish]
      x-cache: ['MISS, MISS']
      x-cache-hits: ['0, 0']
      x-served-by: ['app-slwdc9051-SL, cache-fra19127-FRA']
      x-timer: ['S1523016793.644941,VS0,VE406']
    status: {code: 200, message: OK}
- request:
    body: !!python/unicode '{"ignore_if_set": "0", "regex": "", "request_condition":
      null, "name": "Set Location header", "src": "\"https://u.jimcdn.com\" req.url.path",
      "dst": "http.Location", "substitution": "", "priority": "100", "cache_condition":
      null, "action": "set", "type": "response", "response_condition": null}'
    headers:
      Content-Type: [application/json]
    method: POST
    uri: https://api.fastly.com/service/6YjlkvnS6FxrLkXEB7bx2c/version/3/header
  response:
    body: {string: !!python/unicode '{"ignore_if_set":"0","regex":"","request_condition":null,"name":"Set
        Location header","src":"\"https://u.jimcdn.com\" req.url.path","dst":"http.Location","substitution":"","priority":"100","cache_condition":null,"action":"set","type":"response","response_condition":null,"service_id":"6YjlkvnS6FxrLkXEB7bx2c","version":"3","updated_at":"2018-04-06T12:13:13Z","deleted_at":null,"created_at":"2018-04-06T12:13:13Z"}'}
    headers:
      accept-ranges: [bytes]
      cache-control: [no-cache]
      connection: [keep-alive]
      content-length: ['413']
      content-type: [application/json]
      date: ['Fri, 06 Apr 2018 12:13:13 GMT']
      fastly-ratelimit-remaining: ['970']
      fastly-ratelimit-reset: ['1523019600']
      status: [200 OK]
      vary: [Accept-Encoding]
      via: [1.1 varnish, 1.1 varnish]
      x-cache: ['MISS, MISS']
      x-cache-hits: ['0, 0']
      x-served-by: ['app-slwdc9051-SL, cache-fra19120-FRA']
      x-timer: ['S1523016793.309416,VS0,VE151']
    status: {code: 200, message: OK}
- request:
    body: !!python/unicode '{"status": "200", "request_condition": "", "name": "Set
      200 status code", "content": "", "content_type": "", "response": "Ok"}'
    headers:
      Content-Type: [application/json]
    method: POST
    uri: https://api.fastly.com/service/6YjlkvnS6FxrLkXEB7bx2c/version/3/response_object
  response:
    body: {string: !!python/unicode '{"status":"200","request_condition":"","name":"Set
        200 status code","content":"","content_type":"","response":"Ok","service_id":"6YjlkvnS6FxrLkXEB7bx2c","version":"3","deleted_at":null,"cache_condition":"","created_at":"2018-04-06T12:13:13Z","updated_at":"2018-04-06T12:13:13Z"}'}
    headers:
      accept-ranges: [bytes]
      cache-control: [no-cache]
      connection: [keep-alive]
      content-length: ['278']
      content-type: [application/json]
      date: ['Fri, 06 Apr 2018 12:13:14 GMT']
      fastly-ratelimit-remaining: ['969']
      fastly-ratelimit-reset: ['1523019600']
      status: [200 OK]
      vary: [Accept-Encoding]
      via: [1.1 varnish, 1.1 varnish]
      x-cache: ['MISS, MISS']
      x-cache-hits: ['0, 0']
      x-served-by: ['app-slwdc9051-SL, cache-fra19139-FRA']
      x-timer: ['S1523016794.596391,VS0,VE410']
    status: {code: 200, message: OK}
- request:
    body: !!python/unicode '{"general.default_ttl": 3600}'
    headers:
      Content-Type: [application/json]
    method: PUT
    uri: https://api.fastly.com/service/6YjlkvnS6FxrLkXEB7bx2c/version/3/settings
  response:
    body: {string: !!python/unicode '{"general.default_ttl":3600,"version":3,"general.default_host":"","general.default_pci":0,"service_id":"6YjlkvnS6FxrLkXEB7bx2c"}'}
    headers:
      accept-ranges: [bytes]
      cache-control: [no-cache]
      connection: [keep-alive]
      content-length: ['128']
      content-type: [application/json]
      date: ['Fri, 06 Apr 2018 12:13:14 GMT']
      fastly-ratelimit-remaining: ['968']
      fastly-ratelimit-reset: ['1523019600']
      status: [200 OK]
      vary: [Accept-Encoding]
      via: [1.1 varnish, 1.1 varnish]
      x-cache: ['MISS, MISS']
      x-cache-hits: ['0, 0']
      x-served-by: ['app-slwdc9051-SL, cache-fra19133-FRA']
      x-timer: ['S1523016794.155740,VS0,VE439']
    status: {code: 200, message: OK}
- request:
    body: null
    headers:
      Content-Type: [application/json]
    method: PUT
    uri: https://api.fastly.com/service/6YjlkvnS6FxrLkXEB7bx2c/version/3/activate
  response:
    body: {string: !!python/unicode '{"testing":false,"locked":true,"number":3,"active":true,"service_id":"6YjlkvnS6FxrLkXEB7bx2c","staging":false,"created_at":"2018-04-06T12:13:03Z","deleted_at":null,"comment":"","updated_at":"2018-04-06T12:13:13Z","deployed":false,"msg":null}'}
    headers:
      accept-ranges: [bytes]
      cache-control: [no-cache]
      connection: [keep-alive]
      content-length: ['241']
      content-type: [application/json]
      date: ['Fri, 06 Apr 2018 12:13:15 GMT']
      fastly-ratelimit-remaining: ['967']
      fastly-ratelimit-reset: ['1523019600']
      status: [200 OK]
      vary: [Accept-Encoding]
      via: [1.1 varnish, 1.1 varnish]
      x-cache: ['MISS, MISS']
      x-cache-hits: ['0, 0']
      x-served-by: ['app-slwdc9051-SL, cache-fra19151-FRA']
      x-timer: ['S1523016795.744396,VS0,VE848']
    status: {code: 200, message: OK}
- request:
    body: null
    headers:
      Content-Type: [application/json]
    method: GET
    uri: https://api.fastly.com/service/6YjlkvnS6FxrLkXEB7bx2c/details
  response:
    body: {string: !!python/unicode '{"name":"Fastly Ansible Module Test","deleted_at":null,"versions":[{"testing":false,"locked":false,"number":1,"active":false,"service_id":"6YjlkvnS6FxrLkXEB7bx2c","staging":false,"created_at":"2018-04-06T12:12:57Z","deleted_at":null,"comment":"","updated_at":"2018-04-06T12:12:57Z","deployed":false},{"testing":false,"locked":true,"number":2,"active":false,"service_id":"6YjlkvnS6FxrLkXEB7bx2c","staging":false,"created_at":"2018-04-06T12:12:57Z","deleted_at":null,"comment":"","updated_at":"2018-04-06T12:13:15Z","deployed":false},{"testing":false,"locked":true,"number":3,"active":true,"service_id":"6YjlkvnS6FxrLkXEB7bx2c","staging":false,"created_at":"2018-04-06T12:13:03Z","deleted_at":null,"comment":"","updated_at":"2018-04-06T12:13:15Z","deployed":false}],"created_at":"2018-04-06T12:12:57Z","customer_id":"31RPDMBpiruA1yfGA2djLm","comment":"","updated_at":"2018-04-06T12:12:57Z","id":"6YjlkvnS6FxrLkXEB7bx2c","version":{"testing":false,"number":3,"service_id":"6YjlkvnS6FxrLkXEB7bx2c","staging":false,"updated_at":"2018-04-06T12:13:15Z","deployed":false,"locked":true,"active":true,"deleted_at":null,"created_at":"2018-04-06T12:13:03Z","comment":"","acls":[],"backends":[{"max_tls_version":null,"ssl_ca_cert":null,"auto_loadbalance":false,"ssl_check_cert":true,"shield":null,"hostname":null,"ssl_client_cert":null,"error_threshold":0,"request_condition":"","first_byte_timeout":15000,"ssl_cert_hostname":null,"weight":100,"client_cert":null,"address":"127.0.0.1","ssl_hostname":null,"ssl_sni_hostname":null,"min_tls_version":null,"ipv6":null,"ipv4":"127.0.0.1","connect_timeout":1000,"ssl_ciphers":null,"name":"localhost","healthcheck":null,"port":80,"max_conn":200,"use_ssl":false,"comment":"","between_bytes_timeout":10000,"ssl_client_key":null}],"cache_settings":[{"stale_ttl":"0","ttl":null,"name":"cache-settings-config-name","action":null,"cache_condition":""}],"conditions":[],"dictionaries":[],"directors":[],"domains":[{"comment":"","name":"example8000.com"}],"gzips":[],"headers":[{"priority":"100","src":"\"https://u.jimcdn.com\"
        req.url.path","name":"Set Location header","substitution":"","ignore_if_set":"0","cache_condition":null,"request_condition":null,"regex":"","response_condition":null,"action":"set","type":"response","dst":"http.Location"}],"healthchecks":[],"request_settings":[],"response_objects":[{"request_condition":"","content_type":"","status":"200","response":"Ok","name":"Set
        200 status code","content":"","cache_condition":""}],"snippets":[],"vcls":[],"wordpress":[],"settings":{"general.default_ttl":3600,"general.default_host":"","general.default_pci":0}},"active_version":{"testing":false,"number":3,"service_id":"6YjlkvnS6FxrLkXEB7bx2c","staging":false,"updated_at":"2018-04-06T12:13:15Z","deployed":false,"locked":true,"active":true,"deleted_at":null,"created_at":"2018-04-06T12:13:03Z","comment":"","acls":[],"backends":[{"max_tls_version":null,"ssl_ca_cert":null,"auto_loadbalance":false,"ssl_check_cert":true,"shield":null,"hostname":null,"ssl_client_cert":null,"error_threshold":0,"request_condition":"","first_byte_timeout":15000,"ssl_cert_hostname":null,"weight":100,"client_cert":null,"address":"127.0.0.1","ssl_hostname":null,"ssl_sni_hostname":null,"min_tls_version":null,"ipv6":null,"ipv4":"127.0.0.1","connect_timeout":1000,"ssl_ciphers":null,"name":"localhost","healthcheck":null,"port":80,"max_conn":200,"use_ssl":false,"comment":"","between_bytes_timeout":10000,"ssl_client_key":null}],"cache_settings":[{"stale_ttl":"0","ttl":null,"name":"cache-settings-config-name","action":null,"cache_condition":""}],"conditions":[],"dictionaries":[],"directors":[],"domains":[{"comment":"","name":"example8000.com"}],"gzips":[],"headers":[{"priority":"100","src":"\"https://u.jimcdn.com\"
        req.url.path","name":"Set Location header","substitution":"","ignore_if_set":"0","cache_condition":null,"request_condition":null,"regex":"","response_condition":null,"action":"set","type":"response","dst":"http.Location"}],"healthchecks":[],"request_settings":[],"response_objects":[{"request_condition":"","content_type":"","status":"200","response":"Ok","name":"Set
        200 status code","content":"","cache_condition":""}],"snippets":[],"vcls":[],"wordpress":[],"settings":{"general.default_ttl":3600,"general.default_host":"","general.default_pci":0}}}'}
    headers:
      accept-ranges: [bytes]
      age: ['0']
      cache-control: [no-cache]
      connection: [keep-alive]
      content-length: ['4291']
      content-type: [application/json]
      date: ['Fri, 06 Apr 2018 12:13:16 GMT']
      status: [200 OK]
      vary: [Accept-Encoding]
      via: [1.1 varnish, 1.1 varnish]
      x-cache: ['MISS, MISS']
      x-cache-hits: ['0, 0']
      x-served-by: ['app-slwdc9051-SL, cache-fra19145-FRA']
      x-timer: ['S1523016796.656271,VS0,VE409']
    status: {code: 200, message: OK}
- request:
    body: null
    headers:
      Content-Type: [application/json]
    method: GET
    uri: https://api.fastly.com/service/search?name=Fastly%20Ansible%20Module%20Test
  response:
    body: {string: !!python/unicode '{"name":"Fastly Ansible Module Test","deleted_at":null,"versions":[{"testing":false,"locked":false,"number":1,"active":false,"service_id":"6YjlkvnS6FxrLkXEB7bx2c","staging":false,"created_at":"2018-04-06T12:12:57Z","deleted_at":null,"comment":"","updated_at":"2018-04-06T12:12:57Z","deployed":false},{"testing":false,"locked":true,"number":2,"active":false,"service_id":"6YjlkvnS6FxrLkXEB7bx2c","staging":false,"created_at":"2018-04-06T12:12:57Z","deleted_at":null,"comment":"","updated_at":"2018-04-06T12:13:15Z","deployed":false},{"testing":false,"number":3,"service_id":"6YjlkvnS6FxrLkXEB7bx2c","staging":false,"updated_at":"2018-04-06T12:13:15Z","deployed":false,"locked":true,"active":true,"deleted_at":null,"created_at":"2018-04-06T12:13:03Z","comment":""}],"created_at":"2018-04-06T12:12:57Z","customer_id":"31RPDMBpiruA1yfGA2djLm","comment":"","updated_at":"2018-04-06T12:12:57Z","id":"6YjlkvnS6FxrLkXEB7bx2c"}'}
    headers:
      accept-ranges: [bytes]
      cache-control: [no-cache]
      connection: [keep-alive]
      content-length: ['918']
      content-type: [application/json]
      date: ['Fri, 06 Apr 2018 12:13:16 GMT']
      status: [200 OK]
      vary: [Accept-Encoding]
      via: [1.1 varnish, 1.1 varnish]
      x-cache: ['MISS, MISS']
      x-cache-hits: ['0, 0']
      x-served-by: ['app-slwdc9051-SL, cache-fra19146-FRA']
      x-timer: ['S1523016796.176072,VS0,VE134']
    status: {code: 200, message: OK}
- request:
    body: null
    headers:
      Content-Type: [application/json]
    method: GET
    uri: https://api.fastly.com/service/6YjlkvnS6FxrLkXEB7bx2c/details
  response:
    body: {string: !!python/unicode '{"name":"Fastly Ansible Module Test","deleted_at":null,"versions":[{"testing":false,"locked":false,"number":1,"active":false,"service_id":"6YjlkvnS6FxrLkXEB7bx2c","staging":false,"created_at":"2018-04-06T12:12:57Z","deleted_at":null,"comment":"","updated_at":"2018-04-06T12:12:57Z","deployed":false},{"testing":false,"locked":true,"number":2,"active":false,"service_id":"6YjlkvnS6FxrLkXEB7bx2c","staging":false,"created_at":"2018-04-06T12:12:57Z","deleted_at":null,"comment":"","updated_at":"2018-04-06T12:13:15Z","deployed":false},{"testing":false,"locked":true,"number":3,"active":true,"service_id":"6YjlkvnS6FxrLkXEB7bx2c","staging":false,"created_at":"2018-04-06T12:13:03Z","deleted_at":null,"comment":"","updated_at":"2018-04-06T12:13:15Z","deployed":false}],"created_at":"2018-04-06T12:12:57Z","customer_id":"31RPDMBpiruA1yfGA2djLm","comment":"","updated_at":"2018-04-06T12:12:57Z","id":"6YjlkvnS6FxrLkXEB7bx2c","version":{"testing":false,"number":3,"service_id":"6YjlkvnS6FxrLkXEB7bx2c","staging":false,"updated_at":"2018-04-06T12:13:15Z","deployed":false,"locked":true,"active":true,"deleted_at":null,"created_at":"2018-04-06T12:13:03Z","comment":"","acls":[],"backends":[{"max_tls_version":null,"ssl_ca_cert":null,"auto_loadbalance":false,"ssl_check_cert":true,"shield":null,"hostname":null,"ssl_client_cert":null,"error_threshold":0,"request_condition":"","first_byte_timeout":15000,"ssl_cert_hostname":null,"weight":100,"client_cert":null,"address":"127.0.0.1","ssl_hostname":null,"ssl_sni_hostname":null,"min_tls_version":null,"ipv6":null,"ipv4":"127.0.0.1","connect_timeout":1000,"ssl_ciphers":null,"name":"localhost","healthcheck":null,"port":80,"max_conn":200,"use_ssl":false,"comment":"","between_bytes_timeout":10000,"ssl_client_key":null}],"cache_settings":[{"stale_ttl":"0","ttl":null,"name":"cache-settings-config-name","action":null,"cache_condition":""}],"conditions":[],"dictionaries":[],"directors":[],"domains":[{"comment":"","name":"example8000.com"}],"gzips":[],"headers":[{"priority":"100","src":"\"https://u.jimcdn.com\"
        req.url.path","name":"Set Location header","substitution":"","ignore_if_set":"0","cache_condition":null,"request_condition":null,"regex":"","response_condition":null,"action":"set","type":"response","dst":"http.Location"}],"healthchecks":[],"request_settings":[],"response_objects":[{"request_condition":"","content_type":"","status":"200","response":"Ok","name":"Set
        200 status code","content":"","cache_condition":""}],"snippets":[],"vcls":[],"wordpress":[],"settings":{"general.default_ttl":3600,"general.default_host":"","general.default_pci":0}},"active_version":{"testing":false,"number":3,"service_id":"6YjlkvnS6FxrLkXEB7bx2c","staging":false,"updated_at":"2018-04-06T12:13:15Z","deployed":false,"locked":true,"active":true,"deleted_at":null,"created_at":"2018-04-06T12:13:03Z","comment":"","acls":[],"backends":[{"max_tls_version":null,"ssl_ca_cert":null,"auto_loadbalance":false,"ssl_check_cert":true,"shield":null,"hostname":null,"ssl_client_cert":null,"error_threshold":0,"request_condition":"","first_byte_timeout":15000,"ssl_cert_hostname":null,"weight":100,"client_cert":null,"address":"127.0.0.1","ssl_hostname":null,"ssl_sni_hostname":null,"min_tls_version":null,"ipv6":null,"ipv4":"127.0.0.1","connect_timeout":1000,"ssl_ciphers":null,"name":"localhost","healthcheck":null,"port":80,"max_conn":200,"use_ssl":false,"comment":"","between_bytes_timeout":10000,"ssl_client_key":null}],"cache_settings":[{"stale_ttl":"0","ttl":null,"name":"cache-settings-config-name","action":null,"cache_condition":""}],"conditions":[],"dictionaries":[],"directors":[],"domains":[{"comment":"","name":"example8000.com"}],"gzips":[],"headers":[{"priority":"100","src":"\"https://u.jimcdn.com\"
        req.url.path","name":"Set Location header","substitution":"","ignore_if_set":"0","cache_condition":null,"request_condition":null,"regex":"","response_condition":null,"action":"set","type":"response","dst":"http.Location"}],"healthchecks":[],"request_settings":[],"response_objects":[{"request_condition":"","content_type":"","status":"200","response":"Ok","name":"Set
        200 status code","content":"","cache_condition":""}],"snippets":[],"vcls":[],"wordpress":[],"settings":{"general.default_ttl":3600,"general.default_host":"","general.default_pci":0}}}'}
    headers:
      accept-ranges: [bytes]
      age: ['0']
      cache-control: [no-cache]
      connection: [keep-alive]
      content-length: ['4291']
      content-type: [application/json]
      date: ['Fri, 06 Apr 2018 12:13:16 GMT']
      status: [200 OK]
      vary: [Accept-Encoding]
      via: [1.1 varnish, 1.1 varnish]
      x-cache: ['MISS, MISS']
      x-cache-hits: ['0, 0']
      x-served-by: ['app-slwdc9051-SL, cache-fra19122-FRA']
      x-timer: ['S1523016796.373667,VS0,VE109']
    status: {code: 200, message: OK}
- request:
    body: null
    headers:
      Content-Type: [application/json]
    method: GET
    uri: https://api.fastly.com/service/6YjlkvnS6FxrLkXEB7bx2c/details
  response:
    body: {string: !!python/unicode '{"name":"Fastly Ansible Module Test","deleted_at":null,"versions":[{"testing":false,"locked":false,"number":1,"active":false,"service_id":"6YjlkvnS6FxrLkXEB7bx2c","staging":false,"created_at":"2018-04-06T12:12:57Z","deleted_at":null,"comment":"","updated_at":"2018-04-06T12:12:57Z","deployed":false},{"testing":false,"locked":true,"number":2,"active":false,"service_id":"6YjlkvnS6FxrLkXEB7bx2c","staging":false,"created_at":"2018-04-06T12:12:57Z","deleted_at":null,"comment":"","updated_at":"2018-04-06T12:13:15Z","deployed":false},{"testing":false,"locked":true,"number":3,"active":true,"service_id":"6YjlkvnS6FxrLkXEB7bx2c","staging":false,"created_at":"2018-04-06T12:13:03Z","deleted_at":null,"comment":"","updated_at":"2018-04-06T12:13:15Z","deployed":false}],"created_at":"2018-04-06T12:12:57Z","customer_id":"31RPDMBpiruA1yfGA2djLm","comment":"","updated_at":"2018-04-06T12:12:57Z","id":"6YjlkvnS6FxrLkXEB7bx2c","version":{"testing":false,"number":3,"service_id":"6YjlkvnS6FxrLkXEB7bx2c","staging":false,"updated_at":"2018-04-06T12:13:15Z","deployed":false,"locked":true,"active":true,"deleted_at":null,"created_at":"2018-04-06T12:13:03Z","comment":"","acls":[],"backends":[{"max_tls_version":null,"ssl_ca_cert":null,"auto_loadbalance":false,"ssl_check_cert":true,"shield":null,"hostname":null,"ssl_client_cert":null,"error_threshold":0,"request_condition":"","first_byte_timeout":15000,"ssl_cert_hostname":null,"weight":100,"client_cert":null,"address":"127.0.0.1","ssl_hostname":null,"ssl_sni_hostname":null,"min_tls_version":null,"ipv6":null,"ipv4":"127.0.0.1","connect_timeout":1000,"ssl_ciphers":null,"name":"localhost","healthcheck":null,"port":80,"max_conn":200,"use_ssl":false,"comment":"","between_bytes_timeout":10000,"ssl_client_key":null}],"cache_settings":[{"stale_ttl":"0","ttl":null,"name":"cache-settings-config-name","action":null,"cache_condition":""}],"conditions":[],"dictionaries":[],"directors":[],"domains":[{"comment":"","name":"example8000.com"}],"gzips":[],"headers":[{"priority":"100","src":"\"https://u.jimcdn.com\"
        req.url.path","name":"Set Location header","substitution":"","ignore_if_set":"0","cache_condition":null,"request_condition":null,"regex":"","response_condition":null,"action":"set","type":"response","dst":"http.Location"}],"healthchecks":[],"request_settings":[],"response_objects":[{"request_condition":"","content_type":"","status":"200","response":"Ok","name":"Set
        200 status code","content":"","cache_condition":""}],"snippets":[],"vcls":[],"wordpress":[],"settings":{"general.default_ttl":3600,"general.default_host":"","general.default_pci":0}},"active_version":{"testing":false,"number":3,"service_id":"6YjlkvnS6FxrLkXEB7bx2c","staging":false,"updated_at":"2018-04-06T12:13:15Z","deployed":false,"locked":true,"active":true,"deleted_at":null,"created_at":"2018-04-06T12:13:03Z","comment":"","acls":[],"backends":[{"max_tls_version":null,"ssl_ca_cert":null,"auto_loadbalance":false,"ssl_check_cert":true,"shield":null,"hostname":null,"ssl_client_cert":null,"error_threshold":0,"request_condition":"","first_byte_timeout":15000,"ssl_cert_hostname":null,"weight":100,"client_cert":null,"address":"127.0.0.1","ssl_hostname":null,"ssl_sni_hostname":null,"min_tls_version":null,"ipv6":null,"ipv4":"127.0.0.1","connect_timeout":1000,"ssl_ciphers":null,"name":"localhost","healthcheck":null,"port":80,"max_conn":200,"use_ssl":false,"comment":"","between_bytes_timeout":10000,"ssl_client_key":null}],"cache_settings":[{"stale_ttl":"0","ttl":null,"name":"cache-settings-config-name","action":null,"cache_condition":""}],"conditions":[],"dictionaries":[],"directors":[],"domains":[{"comment":"","name":"example8000.com"}],"gzips":[],"headers":[{"priority":"100","src":"\"https://u.jimcdn.com\"
        req.url.path","name":"Set Location header","substitution":"","ignore_if_set":"0","cache_condition":null,"request_condition":null,"regex":"","response_condition":null,"action":"set","type":"response","dst":"http.Location"}],"healthchecks":[],"request_settings":[],"response_objects":[{"request_condition":"","content_type":"","status":"200","response":"Ok","name":"Set
        200 status code","content":"","cache_condition":""}],"snippets":[],"vcls":[],"wordpress":[],"settings":{"general.default_ttl":3600,"general.default_host":"","general.default_pci":0}}}'}
    headers:
      accept-ranges: [bytes]
      cache-control: [no-cache]
      connection: [keep-alive]
      content-length: ['4291']
      content-type: [application/json]
      date: ['Fri, 06 Apr 2018 12:13:16 GMT']
      status: [200 OK]
      vary: [Accept-Encoding]
      via: [1.1 varnish, 1.1 varnish]
      x-cache: ['MISS, MISS']
      x-cache-hits: ['0, 0']
      x-served-by: ['app-slwdc9051-SL, cache-fra19136-FRA']
      x-timer: ['S1523016797.548578,VS0,VE385']
    status: {code: 200, message: OK}
version: 1
