interactions:
- request:
    body: null
    headers:
      Content-Type:
      - application/json
    method: GET
    uri: https://api.fastly.com/service/search?name=Fastly%20Ansible%20Module%20Test
  response:
    body:
      string: !!python/unicode '{"name":"Fastly Ansible Module Test","deleted_at":null,"versions":[{"testing":false,"locked":false,"number":1,"active":false,"service_id":"7AG8FgHl3LQBBzv0C8iAS6","staging":false,"created_at":"2019-04-24T14:15:09Z","deleted_at":null,"comment":"","updated_at":"2019-04-24T14:15:09Z","deployed":false},{"testing":false,"locked":true,"number":2,"active":false,"service_id":"7AG8FgHl3LQBBzv0C8iAS6","staging":false,"created_at":"2019-04-24T14:15:10Z","deleted_at":null,"comment":"","updated_at":"2019-04-24T14:15:48Z","deployed":false},{"testing":false,"staging":false,"updated_at":"2019-04-24T14:15:48Z","active":true,"number":3,"service_id":"7AG8FgHl3LQBBzv0C8iAS6","deployed":false,"locked":true,"deleted_at":null,"created_at":"2019-04-24T14:15:26Z","comment":""}],"created_at":"2019-04-24T14:15:09Z","customer_id":"4NTmXUwFuuC5U0iJUrdEHr","comment":"","updated_at":"2019-04-24T14:15:09Z","id":"7AG8FgHl3LQBBzv0C8iAS6"}'
    headers:
      accept-ranges:
      - bytes
      - bytes
      - bytes
      age:
      - '0'
      cache-control:
      - no-cache
      connection:
      - keep-alive
      content-length:
      - '918'
      content-type:
      - application/json
      date:
      - Wed, 24 Apr 2019 14:15:51 GMT
      status:
      - 200 OK
      strict-transport-security:
      - max-age=31536000
      vary:
      - Accept-Encoding
      via:
      - 1.1 varnish
      - 1.1 varnish
      x-cache:
      - MISS, MISS
      x-cache-hits:
      - 0, 0
      x-served-by:
      - cache-control-slwdc9035-CONTROL-SLWDC, cache-hhn1535-HHN
      x-timer:
      - S1556115351.292708,VS0,VE228
    status:
      code: 200
      message: OK
- request:
    body: null
    headers:
      Content-Type:
      - application/json
    method: GET
    uri: https://api.fastly.com/service/7AG8FgHl3LQBBzv0C8iAS6/details
  response:
    body:
      string: !!python/unicode '{"deleted_at":null,"id":"7AG8FgHl3LQBBzv0C8iAS6","created_at":"2019-04-24T14:15:09Z","name":"Fastly
        Ansible Module Test","updated_at":"2019-04-24T14:15:09Z","versions":[{"testing":false,"locked":false,"number":1,"active":false,"service_id":"7AG8FgHl3LQBBzv0C8iAS6","staging":false,"created_at":"2019-04-24T14:15:09Z","deleted_at":null,"comment":"","updated_at":"2019-04-24T14:15:09Z","deployed":false},{"testing":false,"locked":true,"number":2,"active":false,"service_id":"7AG8FgHl3LQBBzv0C8iAS6","staging":false,"created_at":"2019-04-24T14:15:10Z","deleted_at":null,"comment":"","updated_at":"2019-04-24T14:15:48Z","deployed":false},{"testing":false,"locked":true,"number":3,"active":true,"service_id":"7AG8FgHl3LQBBzv0C8iAS6","staging":false,"created_at":"2019-04-24T14:15:26Z","deleted_at":null,"comment":"","updated_at":"2019-04-24T14:15:48Z","deployed":false}],"comment":"","customer_id":"4NTmXUwFuuC5U0iJUrdEHr","version":{"active":true,"locked":true,"deployed":false,"number":3,"updated_at":"2019-04-24T14:15:48Z","testing":false,"created_at":"2019-04-24T14:15:26Z","deleted_at":null,"service_id":"7AG8FgHl3LQBBzv0C8iAS6","staging":false,"comment":"","acls":[],"backends":[{"ssl_hostname":null,"ssl_client_cert":null,"client_cert":null,"between_bytes_timeout":10000,"connect_timeout":1000,"min_tls_version":null,"max_tls_version":null,"weight":100,"hostname":null,"ssl_client_key":null,"max_conn":200,"ssl_sni_hostname":null,"healthcheck":null,"ssl_ciphers":null,"use_ssl":false,"ipv6":null,"name":"localhost","port":80,"request_condition":"","first_byte_timeout":15000,"comment":"","auto_loadbalance":false,"shield":null,"error_threshold":0,"ipv4":"127.0.0.1","ssl_cert_hostname":null,"address":"127.0.0.1","ssl_ca_cert":null,"override_host":null,"ssl_check_cert":true}],"cache_settings":[{"ttl":null,"stale_ttl":"0","cache_condition":"","action":null,"name":"cache-settings-config-name"}],"conditions":[],"dictionaries":[],"directors":[],"domains":[{"comment":"","name":"example8000.com"}],"gzips":[],"headers":[{"substitution":"","name":"Set
        Location header","response_condition":null,"dst":"http.Location","action":"set","regex":"","cache_condition":null,"ignore_if_set":"0","src":"\"https://u.jimcdn.com\"
        req.url.path","priority":"100","type":"response","request_condition":null}],"healthchecks":[],"request_settings":[],"response_objects":[{"request_condition":"","content":"","response":"Ok","cache_condition":"","content_type":"","name":"Set
        200 status code","status":"200"}],"snippets":[],"vcls":[],"wordpress":[],"settings":{"general.default_host":"","general.stale_if_error":false,"general.stale_if_error_ttl":43200,"general.default_pci":0,"general.default_ttl":3600}},"active_version":{"active":true,"locked":true,"deployed":false,"number":3,"updated_at":"2019-04-24T14:15:48Z","testing":false,"created_at":"2019-04-24T14:15:26Z","deleted_at":null,"service_id":"7AG8FgHl3LQBBzv0C8iAS6","staging":false,"comment":"","acls":[],"backends":[{"ssl_hostname":null,"ssl_client_cert":null,"client_cert":null,"between_bytes_timeout":10000,"connect_timeout":1000,"min_tls_version":null,"max_tls_version":null,"weight":100,"hostname":null,"ssl_client_key":null,"max_conn":200,"ssl_sni_hostname":null,"healthcheck":null,"ssl_ciphers":null,"use_ssl":false,"ipv6":null,"name":"localhost","port":80,"request_condition":"","first_byte_timeout":15000,"comment":"","auto_loadbalance":false,"shield":null,"error_threshold":0,"ipv4":"127.0.0.1","ssl_cert_hostname":null,"address":"127.0.0.1","ssl_ca_cert":null,"override_host":null,"ssl_check_cert":true}],"cache_settings":[{"ttl":null,"stale_ttl":"0","cache_condition":"","action":null,"name":"cache-settings-config-name"}],"conditions":[],"dictionaries":[],"directors":[],"domains":[{"comment":"","name":"example8000.com"}],"gzips":[],"headers":[{"substitution":"","name":"Set
        Location header","response_condition":null,"dst":"http.Location","action":"set","regex":"","cache_condition":null,"ignore_if_set":"0","src":"\"https://u.jimcdn.com\"
        req.url.path","priority":"100","type":"response","request_condition":null}],"healthchecks":[],"request_settings":[],"response_objects":[{"request_condition":"","content":"","response":"Ok","cache_condition":"","content_type":"","name":"Set
        200 status code","status":"200"}],"snippets":[],"vcls":[],"wordpress":[],"settings":{"general.default_host":"","general.stale_if_error":false,"general.stale_if_error_ttl":43200,"general.default_pci":0,"general.default_ttl":3600}}}'
    headers:
      accept-ranges:
      - bytes
      - bytes
      cache-control:
      - no-cache
      connection:
      - keep-alive
      content-length:
      - '4445'
      content-type:
      - application/json
      date:
      - Wed, 24 Apr 2019 14:15:51 GMT
      status:
      - 200 OK
      strict-transport-security:
      - max-age=31536000
      vary:
      - Accept-Encoding
      via:
      - 1.1 varnish
      - 1.1 varnish
      x-cache:
      - MISS, MISS
      x-cache-hits:
      - 0, 0
      x-served-by:
      - cache-control-slwdc9035-CONTROL-SLWDC, cache-hhn1530-HHN
      x-timer:
      - S1556115352.629955,VS0,VE224
    status:
      code: 200
      message: OK
- request:
    body: null
    headers:
      Content-Type:
      - application/json
    method: PUT
    uri: https://api.fastly.com/service/7AG8FgHl3LQBBzv0C8iAS6/version/3/clone
  response:
    body:
      string: !!python/unicode '{"comment":"","deployed":false,"number":4,"testing":false,"deleted_at":null,"service_id":"7AG8FgHl3LQBBzv0C8iAS6","staging":false,"locked":false,"created_at":"2019-04-24T14:15:26Z","updated_at":"2019-04-24T14:15:48Z","active":false}'
    headers:
      accept-ranges:
      - bytes
      - bytes
      cache-control:
      - no-cache
      connection:
      - keep-alive
      content-length:
      - '232'
      content-type:
      - application/json
      date:
      - Wed, 24 Apr 2019 14:15:52 GMT
      fastly-ratelimit-remaining:
      - '794'
      fastly-ratelimit-reset:
      - '1556118000'
      status:
      - 200 OK
      strict-transport-security:
      - max-age=31536000
      vary:
      - Accept-Encoding
      via:
      - 1.1 varnish
      - 1.1 varnish
      x-cache:
      - MISS, MISS
      x-cache-hits:
      - 0, 0
      x-served-by:
      - cache-control-slwdc9036-CONTROL-SLWDC, cache-hhn1539-HHN
      x-timer:
      - S1556115352.064347,VS0,VE334
    status:
      code: 200
      message: OK
- request:
    body: null
    headers:
      Content-Type:
      - application/json
    method: GET
    uri: https://api.fastly.com/service/7AG8FgHl3LQBBzv0C8iAS6/version/4/domain
  response:
    body:
      string: !!python/unicode '[{"version":4,"name":"example8000.com","service_id":"7AG8FgHl3LQBBzv0C8iAS6","deleted_at":null,"created_at":"2019-04-24T14:15:38Z","comment":"","updated_at":"2019-04-24T14:15:52Z"}]'
    headers:
      accept-ranges:
      - bytes
      - bytes
      - bytes
      age:
      - '0'
      - '0'
      cache-control:
      - no-cache
      connection:
      - keep-alive
      content-length:
      - '171'
      content-type:
      - application/json
      date:
      - Wed, 24 Apr 2019 14:15:52 GMT
      status:
      - 200 OK
      strict-transport-security:
      - max-age=31536000
      vary:
      - Accept-Encoding
      via:
      - 1.1 varnish
      - 1.1 varnish
      x-cache:
      - MISS, MISS
      x-cache-hits:
      - 0, 0
      x-served-by:
      - cache-control-slwdc9036-CONTROL-SLWDC, cache-hhn1527-HHN
      x-timer:
      - S1556115353.504493,VS0,VE495
    status:
      code: 200
      message: OK
- request:
    body: null
    headers:
      Content-Type:
      - application/json
    method: GET
    uri: https://api.fastly.com/service/7AG8FgHl3LQBBzv0C8iAS6/version/4/healthcheck
  response:
    body:
      string: !!python/unicode '[]'
    headers:
      accept-ranges:
      - bytes
      - bytes
      - bytes
      age:
      - '0'
      - '0'
      cache-control:
      - no-cache
      connection:
      - keep-alive
      content-length:
      - '2'
      content-type:
      - application/json
      date:
      - Wed, 24 Apr 2019 14:15:53 GMT
      status:
      - 200 OK
      strict-transport-security:
      - max-age=31536000
      vary:
      - Accept-Encoding
      via:
      - 1.1 varnish
      - 1.1 varnish
      x-cache:
      - MISS, MISS
      x-cache-hits:
      - 0, 0
      x-served-by:
      - cache-control-slwdc9037-CONTROL-SLWDC, cache-hhn1547-HHN
      x-timer:
      - S1556115353.194591,VS0,VE482
    status:
      code: 200
      message: OK
- request:
    body: null
    headers:
      Content-Type:
      - application/json
    method: GET
    uri: https://api.fastly.com/service/7AG8FgHl3LQBBzv0C8iAS6/version/4/condition
  response:
    body:
      string: !!python/unicode '[]'
    headers:
      accept-ranges:
      - bytes
      - bytes
      - bytes
      age:
      - '0'
      - '0'
      cache-control:
      - no-cache
      connection:
      - keep-alive
      content-length:
      - '2'
      content-type:
      - application/json
      date:
      - Wed, 24 Apr 2019 14:15:54 GMT
      status:
      - 200 OK
      strict-transport-security:
      - max-age=31536000
      vary:
      - Accept-Encoding
      via:
      - 1.1 varnish
      - 1.1 varnish
      x-cache:
      - MISS, MISS
      x-cache-hits:
      - 0, 0
      x-served-by:
      - cache-control-slwdc9037-CONTROL-SLWDC, cache-hhn1529-HHN
      x-timer:
      - S1556115354.809819,VS0,VE483
    status:
      code: 200
      message: OK
- request:
    body: null
    headers:
      Content-Type:
      - application/json
    method: GET
    uri: https://api.fastly.com/service/7AG8FgHl3LQBBzv0C8iAS6/version/4/backend
  response:
    body:
      string: !!python/unicode '[{"max_tls_version":null,"ssl_client_cert":null,"hostname":null,"error_threshold":0,"first_byte_timeout":15000,"weight":100,"client_cert":null,"address":"127.0.0.1","updated_at":"2019-04-24T14:15:52Z","ipv4":"127.0.0.1","connect_timeout":1000,"ssl_ciphers":null,"name":"localhost","port":80,"between_bytes_timeout":10000,"ssl_client_key":null,"ssl_ca_cert":null,"auto_loadbalance":false,"ssl_check_cert":true,"shield":null,"override_host":null,"service_id":"7AG8FgHl3LQBBzv0C8iAS6","request_condition":"","ssl_cert_hostname":null,"ssl_hostname":null,"ssl_sni_hostname":null,"min_tls_version":null,"ipv6":null,"version":4,"deleted_at":null,"healthcheck":null,"max_conn":200,"use_ssl":false,"created_at":"2019-04-24T14:15:39Z","comment":""}]'
    headers:
      accept-ranges:
      - bytes
      - bytes
      - bytes
      age:
      - '0'
      - '0'
      cache-control:
      - no-cache
      connection:
      - keep-alive
      content-length:
      - '739'
      content-type:
      - application/json
      date:
      - Wed, 24 Apr 2019 14:15:54 GMT
      status:
      - 200 OK
      strict-transport-security:
      - max-age=31536000
      vary:
      - Accept-Encoding
      via:
      - 1.1 varnish
      - 1.1 varnish
      x-cache:
      - MISS, MISS
      x-cache-hits:
      - 0, 0
      x-served-by:
      - cache-control-slwdc9037-CONTROL-SLWDC, cache-hhn1549-HHN
      x-timer:
      - S1556115354.400360,VS0,VE195
    status:
      code: 200
      message: OK
- request:
    body: null
    headers:
      Content-Type:
      - application/json
    method: GET
    uri: https://api.fastly.com/service/7AG8FgHl3LQBBzv0C8iAS6/version/4/director
  response:
    body:
      string: !!python/unicode '[]'
    headers:
      accept-ranges:
      - bytes
      - bytes
      - bytes
      age:
      - '0'
      - '0'
      cache-control:
      - no-cache
      connection:
      - keep-alive
      content-length:
      - '2'
      content-type:
      - application/json
      date:
      - Wed, 24 Apr 2019 14:15:54 GMT
      status:
      - 200 OK
      strict-transport-security:
      - max-age=31536000
      vary:
      - Accept-Encoding
      via:
      - 1.1 varnish
      - 1.1 varnish
      x-cache:
      - MISS, MISS
      x-cache-hits:
      - 0, 0
      x-served-by:
      - cache-control-slwdc9036-CONTROL-SLWDC, cache-hhn1522-HHN
      x-timer:
      - S1556115355.728552,VS0,VE173
    status:
      code: 200
      message: OK
- request:
    body: null
    headers:
      Content-Type:
      - application/json
    method: GET
    uri: https://api.fastly.com/service/7AG8FgHl3LQBBzv0C8iAS6/version/4/cache_settings
  response:
    body:
      string: !!python/unicode '[{"stale_ttl":"0","ttl":null,"version":"4","name":"cache-settings-config-name","service_id":"7AG8FgHl3LQBBzv0C8iAS6","deleted_at":null,"cache_condition":"","created_at":"2019-04-24T14:15:44Z","action":null,"updated_at":"2019-04-24T14:15:52Z"}]'
    headers:
      accept-ranges:
      - bytes
      - bytes
      - bytes
      age:
      - '0'
      - '0'
      cache-control:
      - no-cache
      connection:
      - keep-alive
      content-length:
      - '243'
      content-type:
      - application/json
      date:
      - Wed, 24 Apr 2019 14:15:55 GMT
      status:
      - 200 OK
      strict-transport-security:
      - max-age=31536000
      vary:
      - Accept-Encoding
      via:
      - 1.1 varnish
      - 1.1 varnish
      x-cache:
      - MISS, MISS
      x-cache-hits:
      - 0, 0
      x-served-by:
      - cache-control-slwdc9035-CONTROL-SLWDC, cache-hhn1521-HHN
      x-timer:
      - S1556115355.009950,VS0,VE238
    status:
      code: 200
      message: OK
- request:
    body: null
    headers:
      Content-Type:
      - application/json
    method: GET
    uri: https://api.fastly.com/service/7AG8FgHl3LQBBzv0C8iAS6/version/4/gzip
  response:
    body:
      string: !!python/unicode '[]'
    headers:
      accept-ranges:
      - bytes
      - bytes
      - bytes
      age:
      - '0'
      - '0'
      cache-control:
      - no-cache
      connection:
      - keep-alive
      content-length:
      - '2'
      content-type:
      - application/json
      date:
      - Wed, 24 Apr 2019 14:15:55 GMT
      status:
      - 200 OK
      strict-transport-security:
      - max-age=31536000
      vary:
      - Accept-Encoding
      via:
      - 1.1 varnish
      - 1.1 varnish
      x-cache:
      - MISS, MISS
      x-cache-hits:
      - 0, 0
      x-served-by:
      - cache-control-slwdc9037-CONTROL-SLWDC, cache-hhn1551-HHN
      x-timer:
      - S1556115355.436764,VS0,VE496
    status:
      code: 200
      message: OK
- request:
    body: null
    headers:
      Content-Type:
      - application/json
    method: GET
    uri: https://api.fastly.com/service/7AG8FgHl3LQBBzv0C8iAS6/version/4/header
  response:
    body:
      string: !!python/unicode '[{"priority":"100","service_id":"7AG8FgHl3LQBBzv0C8iAS6","ignore_if_set":"0","request_condition":null,"response_condition":null,"updated_at":"2019-04-24T14:15:52Z","version":"4","src":"\"https://u.jimcdn.com\"
        req.url.path","name":"Set Location header","deleted_at":null,"substitution":"","cache_condition":null,"created_at":"2019-04-24T14:15:44Z","regex":"","action":"set","type":"response","dst":"http.Location"}]'
    headers:
      accept-ranges:
      - bytes
      - bytes
      - bytes
      age:
      - '0'
      - '0'
      cache-control:
      - no-cache
      connection:
      - keep-alive
      content-length:
      - '415'
      content-type:
      - application/json
      date:
      - Wed, 24 Apr 2019 14:15:56 GMT
      status:
      - 200 OK
      strict-transport-security:
      - max-age=31536000
      vary:
      - Accept-Encoding
      via:
      - 1.1 varnish
      - 1.1 varnish
      x-cache:
      - MISS, MISS
      x-cache-hits:
      - 0, 0
      x-served-by:
      - cache-control-slwdc9036-CONTROL-SLWDC, cache-hhn1527-HHN
      x-timer:
      - S1556115356.049975,VS0,VE489
    status:
      code: 200
      message: OK
- request:
    body: null
    headers:
      Content-Type:
      - application/json
    method: GET
    uri: https://api.fastly.com/service/7AG8FgHl3LQBBzv0C8iAS6/version/4/request_settings
  response:
    body:
      string: !!python/unicode '[]'
    headers:
      accept-ranges:
      - bytes
      - bytes
      - bytes
      age:
      - '0'
      - '0'
      cache-control:
      - no-cache
      connection:
      - keep-alive
      content-length:
      - '2'
      content-type:
      - application/json
      date:
      - Wed, 24 Apr 2019 14:15:56 GMT
      status:
      - 200 OK
      strict-transport-security:
      - max-age=31536000
      vary:
      - Accept-Encoding
      via:
      - 1.1 varnish
      - 1.1 varnish
      x-cache:
      - MISS, MISS
      x-cache-hits:
      - 0, 0
      x-served-by:
      - cache-control-slwdc9035-CONTROL-SLWDC, cache-hhn1547-HHN
      x-timer:
      - S1556115357.676720,VS0,VE182
    status:
      code: 200
      message: OK
- request:
    body: null
    headers:
      Content-Type:
      - application/json
    method: GET
    uri: https://api.fastly.com/service/7AG8FgHl3LQBBzv0C8iAS6/version/4/response_object
  response:
    body:
      string: !!python/unicode '[{"response":"Ok","status":"200","version":"4","name":"Set
        200 status code","content":"","service_id":"7AG8FgHl3LQBBzv0C8iAS6","deleted_at":null,"cache_condition":"","created_at":"2019-04-24T14:15:45Z","content_type":"","request_condition":"","updated_at":"2019-04-24T14:15:52Z"}]'
    headers:
      accept-ranges:
      - bytes
      - bytes
      - bytes
      age:
      - '0'
      - '0'
      cache-control:
      - no-cache
      connection:
      - keep-alive
      content-length:
      - '280'
      content-type:
      - application/json
      date:
      - Wed, 24 Apr 2019 14:15:57 GMT
      status:
      - 200 OK
      strict-transport-security:
      - max-age=31536000
      vary:
      - Accept-Encoding
      via:
      - 1.1 varnish
      - 1.1 varnish
      x-cache:
      - MISS, MISS
      x-cache-hits:
      - 0, 0
      x-served-by:
      - cache-control-slwdc9035-CONTROL-SLWDC, cache-hhn1528-HHN
      x-timer:
      - S1556115357.091157,VS0,VE183
    status:
      code: 200
      message: OK
- request:
    body: null
    headers:
      Content-Type:
      - application/json
    method: GET
    uri: https://api.fastly.com/service/7AG8FgHl3LQBBzv0C8iAS6/version/4/snippet
  response:
    body:
      string: !!python/unicode '[]'
    headers:
      accept-ranges:
      - bytes
      - bytes
      - bytes
      age:
      - '0'
      - '0'
      cache-control:
      - no-cache
      connection:
      - keep-alive
      content-length:
      - '2'
      content-type:
      - application/json
      date:
      - Wed, 24 Apr 2019 14:15:57 GMT
      status:
      - 200 OK
      strict-transport-security:
      - max-age=31536000
      vary:
      - Accept-Encoding
      via:
      - 1.1 varnish
      - 1.1 varnish
      x-cache:
      - MISS, MISS
      x-cache-hits:
      - 0, 0
      x-served-by:
      - cache-control-slwdc9035-CONTROL-SLWDC, cache-hhn1539-HHN
      x-timer:
      - S1556115357.444971,VS0,VE185
    status:
      code: 200
      message: OK
- request:
    body: null
    headers:
      Content-Type:
      - application/json
    method: GET
    uri: https://api.fastly.com/service/7AG8FgHl3LQBBzv0C8iAS6/version/4/logging/s3
  response:
    body:
      string: !!python/unicode '[]'
    headers:
      accept-ranges:
      - bytes
      - bytes
      - bytes
      age:
      - '0'
      - '0'
      cache-control:
      - no-cache
      connection:
      - keep-alive
      content-length:
      - '2'
      content-type:
      - application/json
      date:
      - Wed, 24 Apr 2019 14:15:58 GMT
      status:
      - 200 OK
      strict-transport-security:
      - max-age=31536000
      vary:
      - Accept-Encoding
      via:
      - 1.1 varnish
      - 1.1 varnish
      x-cache:
      - MISS, MISS
      x-cache-hits:
      - 0, 0
      x-served-by:
      - cache-control-slwdc9035-CONTROL-SLWDC, cache-hhn1520-HHN
      x-timer:
      - S1556115358.803421,VS0,VE490
    status:
      code: 200
      message: OK
- request:
    body: null
    headers:
      Content-Type:
      - application/json
    method: GET
    uri: https://api.fastly.com/service/7AG8FgHl3LQBBzv0C8iAS6/version/4/logging/syslog
  response:
    body:
      string: !!python/unicode '[]'
    headers:
      accept-ranges:
      - bytes
      - bytes
      - bytes
      age:
      - '0'
      - '0'
      cache-control:
      - no-cache
      connection:
      - keep-alive
      content-length:
      - '2'
      content-type:
      - application/json
      date:
      - Wed, 24 Apr 2019 14:15:58 GMT
      status:
      - 200 OK
      strict-transport-security:
      - max-age=31536000
      vary:
      - Accept-Encoding
      via:
      - 1.1 varnish
      - 1.1 varnish
      x-cache:
      - MISS, MISS
      x-cache-hits:
      - 0, 0
      x-served-by:
      - cache-control-slwdc9036-CONTROL-SLWDC, cache-hhn1548-HHN
      x-timer:
      - S1556115358.408040,VS0,VE486
    status:
      code: 200
      message: OK
- request:
    body: null
    headers:
      Content-Type:
      - application/json
    method: GET
    uri: https://api.fastly.com/service/7AG8FgHl3LQBBzv0C8iAS6/version/4/logging/cloudfiles
  response:
    body:
      string: !!python/unicode '[]'
    headers:
      accept-ranges:
      - bytes
      - bytes
      - bytes
      age:
      - '0'
      - '0'
      cache-control:
      - no-cache
      connection:
      - keep-alive
      content-length:
      - '2'
      content-type:
      - application/json
      date:
      - Wed, 24 Apr 2019 14:15:59 GMT
      status:
      - 200 OK
      strict-transport-security:
      - max-age=31536000
      vary:
      - Accept-Encoding
      via:
      - 1.1 varnish
      - 1.1 varnish
      x-cache:
      - MISS, MISS
      x-cache-hits:
      - 0, 0
      x-served-by:
      - cache-control-slwdc9035-CONTROL-SLWDC, cache-hhn1520-HHN
      x-timer:
      - S1556115359.006941,VS0,VE488
    status:
      code: 200
      message: OK
- request:
    body: null
    headers:
      Content-Type:
      - application/json
    method: DELETE
    uri: https://api.fastly.com/service/7AG8FgHl3LQBBzv0C8iAS6/version/4/domain/example8000.com
  response:
    body:
      string: !!python/unicode '{"status":"ok"}'
    headers:
      accept-ranges:
      - bytes
      - bytes
      cache-control:
      - no-cache
      connection:
      - keep-alive
      content-length:
      - '15'
      content-type:
      - application/json
      date:
      - Wed, 24 Apr 2019 14:16:00 GMT
      fastly-ratelimit-remaining:
      - '793'
      fastly-ratelimit-reset:
      - '1556118000'
      status:
      - 200 OK
      strict-transport-security:
      - max-age=31536000
      vary:
      - Accept-Encoding
      via:
      - 1.1 varnish
      - 1.1 varnish
      x-cache:
      - MISS, MISS
      x-cache-hits:
      - 0, 0
      x-served-by:
      - cache-control-slwdc9037-CONTROL-SLWDC, cache-hhn1523-HHN
      x-timer:
      - S1556115360.646492,VS0,VE629
    status:
      code: 200
      message: OK
- request:
    body: null
    headers:
      Content-Type:
      - application/json
    method: DELETE
    uri: https://api.fastly.com/service/7AG8FgHl3LQBBzv0C8iAS6/version/4/backend/localhost
  response:
    body:
      string: !!python/unicode '{"status":"ok"}'
    headers:
      accept-ranges:
      - bytes
      - bytes
      cache-control:
      - no-cache
      connection:
      - keep-alive
      content-length:
      - '15'
      content-type:
      - application/json
      date:
      - Wed, 24 Apr 2019 14:16:00 GMT
      fastly-ratelimit-remaining:
      - '792'
      fastly-ratelimit-reset:
      - '1556118000'
      status:
      - 200 OK
      strict-transport-security:
      - max-age=31536000
      vary:
      - Accept-Encoding
      via:
      - 1.1 varnish
      - 1.1 varnish
      x-cache:
      - MISS, MISS
      x-cache-hits:
      - 0, 0
      x-served-by:
      - cache-control-slwdc9035-CONTROL-SLWDC, cache-hhn1529-HHN
      x-timer:
      - S1556115360.390333,VS0,VE284
    status:
      code: 200
      message: OK
- request:
    body: null
    headers:
      Content-Type:
      - application/json
    method: DELETE
    uri: https://api.fastly.com/service/7AG8FgHl3LQBBzv0C8iAS6/version/4/cache_settings/cache-settings-config-name
  response:
    body:
      string: !!python/unicode '{"status":"ok"}'
    headers:
      accept-ranges:
      - bytes
      - bytes
      cache-control:
      - no-cache
      connection:
      - keep-alive
      content-length:
      - '15'
      content-type:
      - application/json
      date:
      - Wed, 24 Apr 2019 14:16:01 GMT
      fastly-ratelimit-remaining:
      - '791'
      fastly-ratelimit-reset:
      - '1556118000'
      status:
      - 200 OK
      strict-transport-security:
      - max-age=31536000
      vary:
      - Accept-Encoding
      via:
      - 1.1 varnish
      - 1.1 varnish
      x-cache:
      - MISS, MISS
      x-cache-hits:
      - 0, 0
      x-served-by:
      - cache-control-slwdc9037-CONTROL-SLWDC, cache-hhn1542-HHN
      x-timer:
      - S1556115361.876726,VS0,VE627
    status:
      code: 200
      message: OK
- request:
    body: null
    headers:
      Content-Type:
      - application/json
    method: DELETE
    uri: https://api.fastly.com/service/7AG8FgHl3LQBBzv0C8iAS6/version/4/header/Set%20Location%20header
  response:
    body:
      string: !!python/unicode '{"status":"ok"}'
    headers:
      accept-ranges:
      - bytes
      - bytes
      cache-control:
      - no-cache
      connection:
      - keep-alive
      content-length:
      - '15'
      content-type:
      - application/json
      date:
      - Wed, 24 Apr 2019 14:16:02 GMT
      fastly-ratelimit-remaining:
      - '790'
      fastly-ratelimit-reset:
      - '1556118000'
      status:
      - 200 OK
      strict-transport-security:
      - max-age=31536000
      vary:
      - Accept-Encoding
      via:
      - 1.1 varnish
      - 1.1 varnish
      x-cache:
      - MISS, MISS
      x-cache-hits:
      - 0, 0
      x-served-by:
      - cache-control-slwdc9037-CONTROL-SLWDC, cache-hhn1524-HHN
      x-timer:
      - S1556115362.696318,VS0,VE558
    status:
      code: 200
      message: OK
- request:
    body: null
    headers:
      Content-Type:
      - application/json
    method: DELETE
    uri: https://api.fastly.com/service/7AG8FgHl3LQBBzv0C8iAS6/version/4/response_object/Set%20200%20status%20code
  response:
    body:
      string: !!python/unicode '{"status":"ok"}'
    headers:
      accept-ranges:
      - bytes
      - bytes
      cache-control:
      - no-cache
      connection:
      - keep-alive
      content-length:
      - '15'
      content-type:
      - application/json
      date:
      - Wed, 24 Apr 2019 14:16:02 GMT
      fastly-ratelimit-remaining:
      - '789'
      fastly-ratelimit-reset:
      - '1556118000'
      status:
      - 200 OK
      strict-transport-security:
      - max-age=31536000
      vary:
      - Accept-Encoding
      via:
      - 1.1 varnish
      - 1.1 varnish
      x-cache:
      - MISS, MISS
      x-cache-hits:
      - 0, 0
      x-served-by:
      - cache-control-slwdc9036-CONTROL-SLWDC, cache-hhn1546-HHN
      x-timer:
      - S1556115362.403616,VS0,VE586
    status:
      code: 200
      message: OK
- request:
    body: !!python/unicode '{"comment": "", "name": "example8000.com"}'
    headers:
      Content-Type:
      - application/json
    method: POST
    uri: https://api.fastly.com/service/7AG8FgHl3LQBBzv0C8iAS6/version/4/domain
  response:
    body:
      string: !!python/unicode '{"comment":"","name":"example8000.com","service_id":"7AG8FgHl3LQBBzv0C8iAS6","version":4,"deleted_at":null,"created_at":"2019-04-24T14:16:03Z","updated_at":"2019-04-24T14:16:03Z"}'
    headers:
      accept-ranges:
      - bytes
      - bytes
      cache-control:
      - no-cache
      connection:
      - keep-alive
      content-length:
      - '169'
      content-type:
      - application/json
      date:
      - Wed, 24 Apr 2019 14:16:03 GMT
      fastly-ratelimit-remaining:
      - '788'
      fastly-ratelimit-reset:
      - '1556118000'
      status:
      - 200 OK
      strict-transport-security:
      - max-age=31536000
      vary:
      - Accept-Encoding
      via:
      - 1.1 varnish
      - 1.1 varnish
      x-cache:
      - MISS, MISS
      x-cache-hits:
      - 0, 0
      x-served-by:
      - cache-control-slwdc9036-CONTROL-SLWDC, cache-hhn1545-HHN
      x-timer:
      - S1556115363.097243,VS0,VE591
    status:
      code: 200
      message: OK
- request:
    body: !!python/unicode '{"ssl_ca_cert": null, "request_condition": "", "name":
      "localhost", "weight": 100, "healthcheck": null, "first_byte_timeout": 15000,
      "error_threshold": 0, "port": 80, "ssl_cert_hostname": null, "address": "127.0.0.1",
      "between_bytes_timeout": 10000, "max_conn": 200, "connect_timeout": 1000, "ssl_hostname":
      null, "shield": null}'
    headers:
      Content-Type:
      - application/json
    method: POST
    uri: https://api.fastly.com/service/7AG8FgHl3LQBBzv0C8iAS6/version/4/backend
  response:
    body:
      string: !!python/unicode '{"ssl_ca_cert":null,"request_condition":"","name":"localhost","weight":100,"healthcheck":null,"first_byte_timeout":15000,"error_threshold":0,"port":80,"ssl_cert_hostname":null,"address":"127.0.0.1","between_bytes_timeout":10000,"max_conn":200,"connect_timeout":1000,"ssl_hostname":null,"shield":null,"service_id":"7AG8FgHl3LQBBzv0C8iAS6","version":4,"ssl_client_cert":null,"max_tls_version":null,"min_tls_version":null,"ssl_client_key":null,"use_ssl":false,"ssl_ciphers":null,"override_host":null,"updated_at":"2019-04-24T14:16:04Z","client_cert":null,"ssl_sni_hostname":null,"deleted_at":null,"hostname":null,"created_at":"2019-04-24T14:16:04Z","ipv6":null,"ipv4":"127.0.0.1","auto_loadbalance":false,"comment":"","ssl_check_cert":true}'
    headers:
      accept-ranges:
      - bytes
      - bytes
      cache-control:
      - no-cache
      connection:
      - keep-alive
      content-length:
      - '737'
      content-type:
      - application/json
      date:
      - Wed, 24 Apr 2019 14:16:04 GMT
      fastly-ratelimit-remaining:
      - '787'
      fastly-ratelimit-reset:
      - '1556118000'
      status:
      - 200 OK
      strict-transport-security:
      - max-age=31536000
      vary:
      - Accept-Encoding
      via:
      - 1.1 varnish
      - 1.1 varnish
      x-cache:
      - MISS, MISS
      x-cache-hits:
      - 0, 0
      x-served-by:
      - cache-control-slwdc9036-CONTROL-SLWDC, cache-hhn1533-HHN
      x-timer:
      - S1556115364.805402,VS0,VE581
    status:
      code: 200
      message: OK
- request:
    body: !!python/unicode '{"comment": "", "retries": 5, "capacity": 100, "shield":
      null, "name": "client_director", "backends": ["localhost"], "type": 4, "quorum":
      75}'
    headers:
      Content-Type:
      - application/json
    method: POST
    uri: https://api.fastly.com/service/7AG8FgHl3LQBBzv0C8iAS6/version/4/director
  response:
    body:
      string: !!python/unicode '{"comment":"","retries":5,"capacity":100,"shield":null,"name":"client_director","backends":[],"type":4,"quorum":75,"service_id":"7AG8FgHl3LQBBzv0C8iAS6","version":4,"deleted_at":null,"created_at":"2019-04-24T14:16:05Z","updated_at":"2019-04-24T14:16:05Z"}'
    headers:
      accept-ranges:
      - bytes
      - bytes
      cache-control:
      - no-cache
      connection:
      - keep-alive
      content-length:
      - '255'
      content-type:
      - application/json
      date:
      - Wed, 24 Apr 2019 14:16:05 GMT
      fastly-ratelimit-remaining:
      - '786'
      fastly-ratelimit-reset:
      - '1556118000'
      status:
      - 200 OK
      strict-transport-security:
      - max-age=31536000
      vary:
      - Accept-Encoding
      via:
      - 1.1 varnish
      - 1.1 varnish
      x-cache:
      - MISS, MISS
      x-cache-hits:
      - 0, 0
      x-served-by:
      - cache-control-slwdc9035-CONTROL-SLWDC, cache-hhn1535-HHN
      x-timer:
      - S1556115365.581525,VS0,VE581
    status:
      code: 200
      message: OK
- request:
    body: null
    headers:
      Content-Type:
      - application/json
    method: POST
    uri: https://api.fastly.com/service/7AG8FgHl3LQBBzv0C8iAS6/version/4/director/client_director/backend/localhost
  response:
    body:
      string: !!python/unicode '{"service_id":"7AG8FgHl3LQBBzv0C8iAS6","version":4,"director_name":"client_director","backend_name":"localhost","created_at":"2019-04-24T14:16:05Z","updated_at":"2019-04-24T14:16:05Z","deleted_at":null}'
    headers:
      accept-ranges:
      - bytes
      - bytes
      cache-control:
      - no-cache
      connection:
      - keep-alive
      content-length:
      - '202'
      content-type:
      - application/json
      date:
      - Wed, 24 Apr 2019 14:16:05 GMT
      fastly-ratelimit-remaining:
      - '785'
      fastly-ratelimit-reset:
      - '1556118000'
      status:
      - 200 OK
      strict-transport-security:
      - max-age=31536000
      vary:
      - Accept-Encoding
      via:
      - 1.1 varnish
      - 1.1 varnish
      x-cache:
      - MISS, MISS
      x-cache-hits:
      - 0, 0
      x-served-by:
      - cache-control-slwdc9035-CONTROL-SLWDC, cache-hhn1539-HHN
      x-timer:
      - S1556115365.382711,VS0,VE562
    status:
      code: 200
      message: OK
- request:
    body: !!python/unicode '{"ignore_if_set": "0", "regex": "", "request_condition":
      null, "name": "Set Location header", "src": "\"https://u.jimcdn.com\" req.url.path",
      "dst": "http.Location", "cache_condition": null, "priority": "100", "substitution":
      "", "action": "set", "type": "response", "response_condition": null}'
    headers:
      Content-Type:
      - application/json
    method: POST
    uri: https://api.fastly.com/service/7AG8FgHl3LQBBzv0C8iAS6/version/4/header
  response:
    body:
      string: !!python/unicode '{"ignore_if_set":"0","regex":"","request_condition":null,"name":"Set
        Location header","src":"\"https://u.jimcdn.com\" req.url.path","dst":"http.Location","cache_condition":null,"priority":"100","substitution":"","action":"set","type":"response","response_condition":null,"service_id":"7AG8FgHl3LQBBzv0C8iAS6","version":"4","updated_at":"2019-04-24T14:16:06Z","deleted_at":null,"created_at":"2019-04-24T14:16:06Z"}'
    headers:
      accept-ranges:
      - bytes
      - bytes
      cache-control:
      - no-cache
      connection:
      - keep-alive
      content-length:
      - '413'
      content-type:
      - application/json
      date:
      - Wed, 24 Apr 2019 14:16:06 GMT
      fastly-ratelimit-remaining:
      - '784'
      fastly-ratelimit-reset:
      - '1556118000'
      status:
      - 200 OK
      strict-transport-security:
      - max-age=31536000
      vary:
      - Accept-Encoding
      via:
      - 1.1 varnish
      - 1.1 varnish
      x-cache:
      - MISS, MISS
      x-cache-hits:
      - 0, 0
      x-served-by:
      - cache-control-slwdc9037-CONTROL-SLWDC, cache-hhn1548-HHN
      x-timer:
      - S1556115366.060551,VS0,VE553
    status:
      code: 200
      message: OK
- request:
    body: !!python/unicode '{"status": "200", "request_condition": "", "name": "Set
      200 status code", "content": "", "content_type": "", "response": "Ok"}'
    headers:
      Content-Type:
      - application/json
    method: POST
    uri: https://api.fastly.com/service/7AG8FgHl3LQBBzv0C8iAS6/version/4/response_object
  response:
    body:
      string: !!python/unicode '{"status":"200","request_condition":"","name":"Set
        200 status code","content":"","content_type":"","response":"Ok","service_id":"7AG8FgHl3LQBBzv0C8iAS6","version":"4","deleted_at":null,"cache_condition":"","created_at":"2019-04-24T14:16:07Z","updated_at":"2019-04-24T14:16:07Z"}'
    headers:
      accept-ranges:
      - bytes
      - bytes
      cache-control:
      - no-cache
      connection:
      - keep-alive
      content-length:
      - '278'
      content-type:
      - application/json
      date:
      - Wed, 24 Apr 2019 14:16:07 GMT
      fastly-ratelimit-remaining:
      - '783'
      fastly-ratelimit-reset:
      - '1556118000'
      status:
      - 200 OK
      strict-transport-security:
      - max-age=31536000
      vary:
      - Accept-Encoding
      via:
      - 1.1 varnish
      - 1.1 varnish
      x-cache:
      - MISS, MISS
      x-cache-hits:
      - 0, 0
      x-served-by:
      - cache-control-slwdc9035-CONTROL-SLWDC, cache-hhn1526-HHN
      x-timer:
      - S1556115367.749950,VS0,VE555
    status:
      code: 200
      message: OK
- request:
    body: !!python/unicode '{"general.default_ttl": 3600}'
    headers:
      Content-Type:
      - application/json
    method: PUT
    uri: https://api.fastly.com/service/7AG8FgHl3LQBBzv0C8iAS6/version/4/settings
  response:
    body:
      string: !!python/unicode '{"general.stale_if_error_ttl":43200,"general.stale_if_error":false,"general.default_ttl":3600,"version":4,"general.default_host":"","general.default_pci":0,"service_id":"7AG8FgHl3LQBBzv0C8iAS6"}'
    headers:
      accept-ranges:
      - bytes
      - bytes
      cache-control:
      - no-cache
      connection:
      - keep-alive
      content-length:
      - '194'
      content-type:
      - application/json
      date:
      - Wed, 24 Apr 2019 14:16:08 GMT
      fastly-ratelimit-remaining:
      - '782'
      fastly-ratelimit-reset:
      - '1556118000'
      status:
      - 200 OK
      strict-transport-security:
      - max-age=31536000
      vary:
      - Accept-Encoding
      via:
      - 1.1 varnish
      - 1.1 varnish
      x-cache:
      - MISS, MISS
      x-cache-hits:
      - 0, 0
      x-served-by:
      - cache-control-slwdc9037-CONTROL-SLWDC, cache-hhn1528-HHN
      x-timer:
      - S1556115368.510349,VS0,VE524
    status:
      code: 200
      message: OK
- request:
    body: null
    headers:
      Content-Type:
      - application/json
    method: PUT
    uri: https://api.fastly.com/service/7AG8FgHl3LQBBzv0C8iAS6/version/4/activate
  response:
    body:
      string: !!python/unicode '{"testing":false,"locked":true,"number":4,"active":true,"service_id":"7AG8FgHl3LQBBzv0C8iAS6","staging":false,"created_at":"2019-04-24T14:15:52Z","deleted_at":null,"comment":"","updated_at":"2019-04-24T14:16:07Z","deployed":false,"msg":null}'
    headers:
      accept-ranges:
      - bytes
      - bytes
      cache-control:
      - no-cache
      connection:
      - keep-alive
      content-length:
      - '241'
      content-type:
      - application/json
      date:
      - Wed, 24 Apr 2019 14:16:10 GMT
      fastly-ratelimit-remaining:
      - '781'
      fastly-ratelimit-reset:
      - '1556118000'
      status:
      - 200 OK
      strict-transport-security:
      - max-age=31536000
      vary:
      - Accept-Encoding
      via:
      - 1.1 varnish
      - 1.1 varnish
      x-cache:
      - MISS, MISS
      x-cache-hits:
      - 0, 0
      x-served-by:
      - cache-control-slwdc9035-CONTROL-SLWDC, cache-hhn1537-HHN
      x-timer:
      - S1556115368.250708,VS0,VE1761
    status:
      code: 200
      message: OK
- request:
    body: null
    headers:
      Content-Type:
      - application/json
    method: GET
    uri: https://api.fastly.com/service/7AG8FgHl3LQBBzv0C8iAS6/details
  response:
    body:
      string: !!python/unicode '{"customer_id":"4NTmXUwFuuC5U0iJUrdEHr","comment":"","versions":[{"testing":false,"locked":false,"number":1,"active":false,"service_id":"7AG8FgHl3LQBBzv0C8iAS6","staging":false,"created_at":"2019-04-24T14:15:09Z","deleted_at":null,"comment":"","updated_at":"2019-04-24T14:15:09Z","deployed":false},{"testing":false,"locked":true,"number":2,"active":false,"service_id":"7AG8FgHl3LQBBzv0C8iAS6","staging":false,"created_at":"2019-04-24T14:15:10Z","deleted_at":null,"comment":"","updated_at":"2019-04-24T14:15:48Z","deployed":false},{"testing":false,"locked":true,"number":3,"active":false,"service_id":"7AG8FgHl3LQBBzv0C8iAS6","staging":false,"created_at":"2019-04-24T14:15:26Z","deleted_at":null,"comment":"","updated_at":"2019-04-24T14:16:09Z","deployed":false},{"testing":false,"locked":true,"number":4,"active":true,"service_id":"7AG8FgHl3LQBBzv0C8iAS6","staging":false,"created_at":"2019-04-24T14:15:52Z","deleted_at":null,"comment":"","updated_at":"2019-04-24T14:16:09Z","deployed":false}],"updated_at":"2019-04-24T14:15:09Z","name":"Fastly
        Ansible Module Test","created_at":"2019-04-24T14:15:09Z","id":"7AG8FgHl3LQBBzv0C8iAS6","deleted_at":null,"version":{"created_at":"2019-04-24T14:15:52Z","deleted_at":null,"service_id":"7AG8FgHl3LQBBzv0C8iAS6","staging":false,"comment":"","active":true,"locked":true,"deployed":false,"number":4,"updated_at":"2019-04-24T14:16:09Z","testing":false,"acls":[],"backends":[{"connect_timeout":1000,"weight":100,"min_tls_version":null,"max_tls_version":null,"ssl_hostname":null,"client_cert":null,"between_bytes_timeout":10000,"ssl_client_cert":null,"ssl_ciphers":null,"ipv6":null,"name":"localhost","use_ssl":false,"ssl_client_key":null,"max_conn":200,"hostname":null,"healthcheck":null,"ssl_sni_hostname":null,"auto_loadbalance":false,"shield":null,"comment":"","first_byte_timeout":15000,"ipv4":"127.0.0.1","error_threshold":0,"port":80,"request_condition":"","ssl_check_cert":true,"override_host":null,"ssl_cert_hostname":null,"address":"127.0.0.1","ssl_ca_cert":null}],"cache_settings":[],"conditions":[],"dictionaries":[],"directors":[{"capacity":100,"location":null,"comment":"","retries":5,"type":4,"quorum":75,"name":"client_director","updated_at":"2019-04-24T14:16:05Z","deleted_at":null,"created_at":"2019-04-24T14:16:05Z","backends":["localhost"]}],"domains":[{"name":"example8000.com","comment":""}],"gzips":[],"headers":[{"src":"\"https://u.jimcdn.com\"
        req.url.path","priority":"100","cache_condition":null,"regex":"","action":"set","ignore_if_set":"0","name":"Set
        Location header","response_condition":null,"dst":"http.Location","substitution":"","request_condition":null,"type":"response"}],"healthchecks":[],"request_settings":[],"response_objects":[{"response":"Ok","cache_condition":"","content_type":"","content":"","request_condition":"","status":"200","name":"Set
        200 status code"}],"snippets":[],"vcls":[],"wordpress":[],"settings":{"general.default_pci":0,"general.default_ttl":3600,"general.stale_if_error":false,"general.stale_if_error_ttl":43200,"general.default_host":""}},"active_version":{"created_at":"2019-04-24T14:15:52Z","deleted_at":null,"service_id":"7AG8FgHl3LQBBzv0C8iAS6","staging":false,"comment":"","active":true,"locked":true,"deployed":false,"number":4,"updated_at":"2019-04-24T14:16:09Z","testing":false,"acls":[],"backends":[{"connect_timeout":1000,"weight":100,"min_tls_version":null,"max_tls_version":null,"ssl_hostname":null,"client_cert":null,"between_bytes_timeout":10000,"ssl_client_cert":null,"ssl_ciphers":null,"ipv6":null,"name":"localhost","use_ssl":false,"ssl_client_key":null,"max_conn":200,"hostname":null,"healthcheck":null,"ssl_sni_hostname":null,"auto_loadbalance":false,"shield":null,"comment":"","first_byte_timeout":15000,"ipv4":"127.0.0.1","error_threshold":0,"port":80,"request_condition":"","ssl_check_cert":true,"override_host":null,"ssl_cert_hostname":null,"address":"127.0.0.1","ssl_ca_cert":null}],"cache_settings":[],"conditions":[],"dictionaries":[],"directors":[{"capacity":100,"location":null,"comment":"","retries":5,"type":4,"quorum":75,"name":"client_director","updated_at":"2019-04-24T14:16:05Z","deleted_at":null,"created_at":"2019-04-24T14:16:05Z","backends":["localhost"]}],"domains":[{"name":"example8000.com","comment":""}],"gzips":[],"headers":[{"src":"\"https://u.jimcdn.com\"
        req.url.path","priority":"100","cache_condition":null,"regex":"","action":"set","ignore_if_set":"0","name":"Set
        Location header","response_condition":null,"dst":"http.Location","substitution":"","request_condition":null,"type":"response"}],"healthchecks":[],"request_settings":[],"response_objects":[{"response":"Ok","cache_condition":"","content_type":"","content":"","request_condition":"","status":"200","name":"Set
        200 status code"}],"snippets":[],"vcls":[],"wordpress":[],"settings":{"general.default_pci":0,"general.default_ttl":3600,"general.stale_if_error":false,"general.stale_if_error_ttl":43200,"general.default_host":""}}}'
    headers:
      accept-ranges:
      - bytes
      - bytes
      - bytes
      age:
      - '0'
      cache-control:
      - no-cache
      connection:
      - keep-alive
      content-length:
      - '4915'
      content-type:
      - application/json
      date:
      - Wed, 24 Apr 2019 14:16:10 GMT
      status:
      - 200 OK
      strict-transport-security:
      - max-age=31536000
      vary:
      - Accept-Encoding
      via:
      - 1.1 varnish
      - 1.1 varnish
      x-cache:
      - MISS, MISS
      x-cache-hits:
      - 0, 0
      x-served-by:
      - cache-control-slwdc9036-CONTROL-SLWDC, cache-hhn1538-HHN
      x-timer:
      - S1556115370.197256,VS0,VE547
    status:
      code: 200
      message: OK
- request:
    body: null
    headers:
      Content-Type:
      - application/json
    method: GET
    uri: https://api.fastly.com/service/search?name=Fastly%20Ansible%20Module%20Test
  response:
    body:
      string: !!python/unicode '{"versions":[{"deployed":false,"number":1,"testing":false,"comment":"","service_id":"7AG8FgHl3LQBBzv0C8iAS6","deleted_at":null,"staging":false,"locked":false,"updated_at":"2019-04-24T14:15:09Z","created_at":"2019-04-24T14:15:09Z","active":false},{"active":false,"locked":true,"created_at":"2019-04-24T14:15:10Z","service_id":"7AG8FgHl3LQBBzv0C8iAS6","updated_at":"2019-04-24T14:15:48Z","staging":false,"comment":"","testing":false,"number":2,"deployed":false,"deleted_at":null},{"testing":false,"deployed":false,"number":3,"comment":"","deleted_at":null,"service_id":"7AG8FgHl3LQBBzv0C8iAS6","staging":false,"locked":true,"updated_at":"2019-04-24T14:16:09Z","created_at":"2019-04-24T14:15:26Z","active":false},{"locked":true,"active":true,"number":4,"deployed":false,"updated_at":"2019-04-24T14:16:09Z","testing":false,"deleted_at":null,"created_at":"2019-04-24T14:15:52Z","service_id":"7AG8FgHl3LQBBzv0C8iAS6","comment":"","staging":false}],"customer_id":"4NTmXUwFuuC5U0iJUrdEHr","comment":"","deleted_at":null,"id":"7AG8FgHl3LQBBzv0C8iAS6","created_at":"2019-04-24T14:15:09Z","name":"Fastly
        Ansible Module Test","updated_at":"2019-04-24T14:15:09Z"}'
    headers:
      accept-ranges:
      - bytes
      - bytes
      cache-control:
      - no-cache
      connection:
      - keep-alive
      content-length:
      - '1150'
      content-type:
      - application/json
      date:
      - Wed, 24 Apr 2019 14:16:11 GMT
      status:
      - 200 OK
      strict-transport-security:
      - max-age=31536000
      vary:
      - Accept-Encoding
      via:
      - 1.1 varnish
      - 1.1 varnish
      x-cache:
      - MISS, MISS
      x-cache-hits:
      - 0, 0
      x-served-by:
      - cache-control-slwdc9036-CONTROL-SLWDC, cache-hhn1525-HHN
      x-timer:
      - S1556115371.865011,VS0,VE543
    status:
      code: 200
      message: OK
- request:
    body: null
    headers:
      Content-Type:
      - application/json
    method: GET
    uri: https://api.fastly.com/service/7AG8FgHl3LQBBzv0C8iAS6/details
  response:
    body:
      string: !!python/unicode '{"customer_id":"4NTmXUwFuuC5U0iJUrdEHr","comment":"","versions":[{"testing":false,"locked":false,"number":1,"active":false,"service_id":"7AG8FgHl3LQBBzv0C8iAS6","staging":false,"created_at":"2019-04-24T14:15:09Z","deleted_at":null,"comment":"","updated_at":"2019-04-24T14:15:09Z","deployed":false},{"testing":false,"locked":true,"number":2,"active":false,"service_id":"7AG8FgHl3LQBBzv0C8iAS6","staging":false,"created_at":"2019-04-24T14:15:10Z","deleted_at":null,"comment":"","updated_at":"2019-04-24T14:15:48Z","deployed":false},{"testing":false,"locked":true,"number":3,"active":false,"service_id":"7AG8FgHl3LQBBzv0C8iAS6","staging":false,"created_at":"2019-04-24T14:15:26Z","deleted_at":null,"comment":"","updated_at":"2019-04-24T14:16:09Z","deployed":false},{"testing":false,"locked":true,"number":4,"active":true,"service_id":"7AG8FgHl3LQBBzv0C8iAS6","staging":false,"created_at":"2019-04-24T14:15:52Z","deleted_at":null,"comment":"","updated_at":"2019-04-24T14:16:09Z","deployed":false}],"updated_at":"2019-04-24T14:15:09Z","name":"Fastly
        Ansible Module Test","created_at":"2019-04-24T14:15:09Z","id":"7AG8FgHl3LQBBzv0C8iAS6","deleted_at":null,"version":{"created_at":"2019-04-24T14:15:52Z","deleted_at":null,"service_id":"7AG8FgHl3LQBBzv0C8iAS6","staging":false,"comment":"","active":true,"locked":true,"deployed":false,"number":4,"updated_at":"2019-04-24T14:16:09Z","testing":false,"acls":[],"backends":[{"connect_timeout":1000,"weight":100,"min_tls_version":null,"max_tls_version":null,"ssl_hostname":null,"client_cert":null,"between_bytes_timeout":10000,"ssl_client_cert":null,"ssl_ciphers":null,"ipv6":null,"name":"localhost","use_ssl":false,"ssl_client_key":null,"max_conn":200,"hostname":null,"healthcheck":null,"ssl_sni_hostname":null,"auto_loadbalance":false,"shield":null,"comment":"","first_byte_timeout":15000,"ipv4":"127.0.0.1","error_threshold":0,"port":80,"request_condition":"","ssl_check_cert":true,"override_host":null,"ssl_cert_hostname":null,"address":"127.0.0.1","ssl_ca_cert":null}],"cache_settings":[],"conditions":[],"dictionaries":[],"directors":[{"capacity":100,"location":null,"comment":"","retries":5,"type":4,"quorum":75,"name":"client_director","updated_at":"2019-04-24T14:16:05Z","deleted_at":null,"created_at":"2019-04-24T14:16:05Z","backends":["localhost"]}],"domains":[{"name":"example8000.com","comment":""}],"gzips":[],"headers":[{"src":"\"https://u.jimcdn.com\"
        req.url.path","priority":"100","cache_condition":null,"regex":"","action":"set","ignore_if_set":"0","name":"Set
        Location header","response_condition":null,"dst":"http.Location","substitution":"","request_condition":null,"type":"response"}],"healthchecks":[],"request_settings":[],"response_objects":[{"response":"Ok","cache_condition":"","content_type":"","content":"","request_condition":"","status":"200","name":"Set
        200 status code"}],"snippets":[],"vcls":[],"wordpress":[],"settings":{"general.default_pci":0,"general.default_ttl":3600,"general.stale_if_error":false,"general.stale_if_error_ttl":43200,"general.default_host":""}},"active_version":{"created_at":"2019-04-24T14:15:52Z","deleted_at":null,"service_id":"7AG8FgHl3LQBBzv0C8iAS6","staging":false,"comment":"","active":true,"locked":true,"deployed":false,"number":4,"updated_at":"2019-04-24T14:16:09Z","testing":false,"acls":[],"backends":[{"connect_timeout":1000,"weight":100,"min_tls_version":null,"max_tls_version":null,"ssl_hostname":null,"client_cert":null,"between_bytes_timeout":10000,"ssl_client_cert":null,"ssl_ciphers":null,"ipv6":null,"name":"localhost","use_ssl":false,"ssl_client_key":null,"max_conn":200,"hostname":null,"healthcheck":null,"ssl_sni_hostname":null,"auto_loadbalance":false,"shield":null,"comment":"","first_byte_timeout":15000,"ipv4":"127.0.0.1","error_threshold":0,"port":80,"request_condition":"","ssl_check_cert":true,"override_host":null,"ssl_cert_hostname":null,"address":"127.0.0.1","ssl_ca_cert":null}],"cache_settings":[],"conditions":[],"dictionaries":[],"directors":[{"capacity":100,"location":null,"comment":"","retries":5,"type":4,"quorum":75,"name":"client_director","updated_at":"2019-04-24T14:16:05Z","deleted_at":null,"created_at":"2019-04-24T14:16:05Z","backends":["localhost"]}],"domains":[{"name":"example8000.com","comment":""}],"gzips":[],"headers":[{"src":"\"https://u.jimcdn.com\"
        req.url.path","priority":"100","cache_condition":null,"regex":"","action":"set","ignore_if_set":"0","name":"Set
        Location header","response_condition":null,"dst":"http.Location","substitution":"","request_condition":null,"type":"response"}],"healthchecks":[],"request_settings":[],"response_objects":[{"response":"Ok","cache_condition":"","content_type":"","content":"","request_condition":"","status":"200","name":"Set
        200 status code"}],"snippets":[],"vcls":[],"wordpress":[],"settings":{"general.default_pci":0,"general.default_ttl":3600,"general.stale_if_error":false,"general.stale_if_error_ttl":43200,"general.default_host":""}}}'
    headers:
      accept-ranges:
      - bytes
      - bytes
      - bytes
      age:
      - '0'
      cache-control:
      - no-cache
      connection:
      - keep-alive
      content-length:
      - '4915'
      content-type:
      - application/json
      date:
      - Wed, 24 Apr 2019 14:16:12 GMT
      status:
      - 200 OK
      strict-transport-security:
      - max-age=31536000
      vary:
      - Accept-Encoding
      via:
      - 1.1 varnish
      - 1.1 varnish
      x-cache:
      - MISS, MISS
      x-cache-hits:
      - 0, 0
      x-served-by:
      - cache-control-slwdc9037-CONTROL-SLWDC, cache-hhn1521-HHN
      x-timer:
      - S1556115372.626619,VS0,VE508
    status:
      code: 200
      message: OK
- request:
    body: null
    headers:
      Content-Type:
      - application/json
    method: GET
    uri: https://api.fastly.com/service/7AG8FgHl3LQBBzv0C8iAS6/details
  response:
    body:
      string: !!python/unicode '{"customer_id":"4NTmXUwFuuC5U0iJUrdEHr","comment":"","versions":[{"testing":false,"locked":false,"number":1,"active":false,"service_id":"7AG8FgHl3LQBBzv0C8iAS6","staging":false,"created_at":"2019-04-24T14:15:09Z","deleted_at":null,"comment":"","updated_at":"2019-04-24T14:15:09Z","deployed":false},{"testing":false,"locked":true,"number":2,"active":false,"service_id":"7AG8FgHl3LQBBzv0C8iAS6","staging":false,"created_at":"2019-04-24T14:15:10Z","deleted_at":null,"comment":"","updated_at":"2019-04-24T14:15:48Z","deployed":false},{"testing":false,"locked":true,"number":3,"active":false,"service_id":"7AG8FgHl3LQBBzv0C8iAS6","staging":false,"created_at":"2019-04-24T14:15:26Z","deleted_at":null,"comment":"","updated_at":"2019-04-24T14:16:09Z","deployed":false},{"testing":false,"locked":true,"number":4,"active":true,"service_id":"7AG8FgHl3LQBBzv0C8iAS6","staging":false,"created_at":"2019-04-24T14:15:52Z","deleted_at":null,"comment":"","updated_at":"2019-04-24T14:16:09Z","deployed":false}],"updated_at":"2019-04-24T14:15:09Z","name":"Fastly
        Ansible Module Test","created_at":"2019-04-24T14:15:09Z","id":"7AG8FgHl3LQBBzv0C8iAS6","deleted_at":null,"version":{"created_at":"2019-04-24T14:15:52Z","deleted_at":null,"service_id":"7AG8FgHl3LQBBzv0C8iAS6","staging":false,"comment":"","active":true,"locked":true,"deployed":false,"number":4,"updated_at":"2019-04-24T14:16:09Z","testing":false,"acls":[],"backends":[{"connect_timeout":1000,"weight":100,"min_tls_version":null,"max_tls_version":null,"ssl_hostname":null,"client_cert":null,"between_bytes_timeout":10000,"ssl_client_cert":null,"ssl_ciphers":null,"ipv6":null,"name":"localhost","use_ssl":false,"ssl_client_key":null,"max_conn":200,"hostname":null,"healthcheck":null,"ssl_sni_hostname":null,"auto_loadbalance":false,"shield":null,"comment":"","first_byte_timeout":15000,"ipv4":"127.0.0.1","error_threshold":0,"port":80,"request_condition":"","ssl_check_cert":true,"override_host":null,"ssl_cert_hostname":null,"address":"127.0.0.1","ssl_ca_cert":null}],"cache_settings":[],"conditions":[],"dictionaries":[],"directors":[{"capacity":100,"location":null,"comment":"","retries":5,"type":4,"quorum":75,"name":"client_director","updated_at":"2019-04-24T14:16:05Z","deleted_at":null,"created_at":"2019-04-24T14:16:05Z","backends":["localhost"]}],"domains":[{"name":"example8000.com","comment":""}],"gzips":[],"headers":[{"src":"\"https://u.jimcdn.com\"
        req.url.path","priority":"100","cache_condition":null,"regex":"","action":"set","ignore_if_set":"0","name":"Set
        Location header","response_condition":null,"dst":"http.Location","substitution":"","request_condition":null,"type":"response"}],"healthchecks":[],"request_settings":[],"response_objects":[{"response":"Ok","cache_condition":"","content_type":"","content":"","request_condition":"","status":"200","name":"Set
        200 status code"}],"snippets":[],"vcls":[],"wordpress":[],"settings":{"general.default_pci":0,"general.default_ttl":3600,"general.stale_if_error":false,"general.stale_if_error_ttl":43200,"general.default_host":""}},"active_version":{"created_at":"2019-04-24T14:15:52Z","deleted_at":null,"service_id":"7AG8FgHl3LQBBzv0C8iAS6","staging":false,"comment":"","active":true,"locked":true,"deployed":false,"number":4,"updated_at":"2019-04-24T14:16:09Z","testing":false,"acls":[],"backends":[{"connect_timeout":1000,"weight":100,"min_tls_version":null,"max_tls_version":null,"ssl_hostname":null,"client_cert":null,"between_bytes_timeout":10000,"ssl_client_cert":null,"ssl_ciphers":null,"ipv6":null,"name":"localhost","use_ssl":false,"ssl_client_key":null,"max_conn":200,"hostname":null,"healthcheck":null,"ssl_sni_hostname":null,"auto_loadbalance":false,"shield":null,"comment":"","first_byte_timeout":15000,"ipv4":"127.0.0.1","error_threshold":0,"port":80,"request_condition":"","ssl_check_cert":true,"override_host":null,"ssl_cert_hostname":null,"address":"127.0.0.1","ssl_ca_cert":null}],"cache_settings":[],"conditions":[],"dictionaries":[],"directors":[{"capacity":100,"location":null,"comment":"","retries":5,"type":4,"quorum":75,"name":"client_director","updated_at":"2019-04-24T14:16:05Z","deleted_at":null,"created_at":"2019-04-24T14:16:05Z","backends":["localhost"]}],"domains":[{"name":"example8000.com","comment":""}],"gzips":[],"headers":[{"src":"\"https://u.jimcdn.com\"
        req.url.path","priority":"100","cache_condition":null,"regex":"","action":"set","ignore_if_set":"0","name":"Set
        Location header","response_condition":null,"dst":"http.Location","substitution":"","request_condition":null,"type":"response"}],"healthchecks":[],"request_settings":[],"response_objects":[{"response":"Ok","cache_condition":"","content_type":"","content":"","request_condition":"","status":"200","name":"Set
        200 status code"}],"snippets":[],"vcls":[],"wordpress":[],"settings":{"general.default_pci":0,"general.default_ttl":3600,"general.stale_if_error":false,"general.stale_if_error_ttl":43200,"general.default_host":""}}}'
    headers:
      accept-ranges:
      - bytes
      - bytes
      - bytes
      age:
      - '0'
      cache-control:
      - no-cache
      connection:
      - keep-alive
      content-length:
      - '4915'
      content-type:
      - application/json
      date:
      - Wed, 24 Apr 2019 14:16:12 GMT
      status:
      - 200 OK
      strict-transport-security:
      - max-age=31536000
      vary:
      - Accept-Encoding
      via:
      - 1.1 varnish
      - 1.1 varnish
      x-cache:
      - MISS, MISS
      x-cache-hits:
      - 0, 0
      x-served-by:
      - cache-control-slwdc9037-CONTROL-SLWDC, cache-hhn1549-HHN
      x-timer:
      - S1556115372.249748,VS0,VE166
    status:
      code: 200
      message: OK
version: 1
